[62619:0x102004600]        7 ms: Scavenge 2.1 (37.0) -> 2.1 (37.0) MB, 0.6 / 0 ms [allocation failure].
[62619:0x102004600]        8 ms: Scavenge 2.1 (37.0) -> 2.1 (38.0) MB, 0.6 / 0 ms [allocation failure].
[62619:0x102004600]       40 ms: Scavenge 3.9 (41.0) -> 3.5 (41.0) MB, 0.4 / 0 ms [allocation failure].
[62619:0x102004600]       42 ms: Scavenge 4.9 (41.0) -> 4.5 (42.0) MB, 1.5 / 0 ms [allocation failure].
[62619:0x102004600]       45 ms: Scavenge 5.5 (42.0) -> 5.5 (43.0) MB, 2.2 / 0 ms [allocation failure].
[62619:0x102004600]       50 ms: Scavenge 8.5 (43.0) -> 8.5 (43.0) MB, 4.1 / 0 ms [allocation failure].
[62619:0x102004600]       56 ms: Scavenge 9.4 (43.0) -> 9.4 (47.0) MB, 5.4 / 0 ms [allocation failure].
[62619:0x102004600]       66 ms: Scavenge 16.3 (47.0) -> 16.3 (47.0) MB, 8.3 / 0 ms [allocation failure].
[62619:0x102004600]       78 ms: Scavenge 17.3 (47.0) -> 17.3 (55.0) MB, 11.5 / 0 ms [allocation failure].
[62619:0x102004600]      103 ms: Scavenge 32.1 (55.0) -> 32.1 (55.0) MB, 20.9 / 0 ms [allocation failure].
[62619:0x102004600]      133 ms: Scavenge 42.6 (65.0) -> 42.3 (80.0) MB, 24.3 / 0 ms [allocation failure].
[62619:0x102004600]      387 ms: Mark-sweep 395.4 (438.0) -> 128.0 (176.0) MB, 0.8 / 0 ms (+ 65.3 ms in 107 steps since start of marking, biggest step 1.3 ms) [GC interrupt] [GC in old space requested].
[62619:0x102004600]      779 ms: Mark-sweep 742.2 (792.0) -> 55.4 (101.0) MB, 1.3 / 0 ms (+ 39.2 ms in 19 steps since start of marking, biggest step 6.1 ms) [GC interrupt] [GC in old space requested].
[62619:0x102004600]      812 ms: Scavenge 71.2 (101.0) -> 67.2 (101.0) MB, 24.2 / 0 ms [allocation failure].
[62619:0x102004600]     1044 ms: Mark-sweep 462.4 (495.0) -> 42.4 (88.0) MB, 1.0 / 0 ms (+ 22.4 ms in 17 steps since start of marking, biggest step 3.9 ms) [GC interrupt] [GC in old space requested].
[62619:0x102004600]     1075 ms: Scavenge 58.1 (88.0) -> 58.1 (88.0) MB, 26.9 / 0 ms [allocation failure].
[62619:0x102004600]     1099 ms: Scavenge 58.1 (88.0) -> 58.1 (97.0) MB, 24.8 / 0 ms [allocation failure].
[62619:0x102004600]     1120 ms: Scavenge 73.9 (97.0) -> 73.9 (97.0) MB, 18.3 / 0 ms [allocation failure].
[62619:0x102004600]     1149 ms: Scavenge 73.9 (97.0) -> 73.9 (113.0) MB, 28.7 / 0 ms [allocation failure].
[62619:0x102004600]     1169 ms: Scavenge 89.6 (113.0) -> 89.6 (113.0) MB, 18.0 / 0 ms [allocation failure].
[62619:0x102004600]     1199 ms: Scavenge 89.6 (113.0) -> 89.6 (129.0) MB, 30.2 / 0 ms [allocation failure].
[62619:0x102004600]     1219 ms: Scavenge 105.4 (129.0) -> 105.4 (129.0) MB, 18.2 / 0 ms [allocation failure].
[62619:0x102004600]     1247 ms: Scavenge 105.4 (129.0) -> 105.4 (145.0) MB, 28.0 / 0 ms [allocation failure].
[62619:0x102004600]     1267 ms: Scavenge 121.1 (145.0) -> 121.1 (145.0) MB, 18.3 / 0 ms [allocation failure].
[62619:0x102004600]     1298 ms: Scavenge 121.1 (145.0) -> 121.1 (161.0) MB, 30.4 / 0 ms [allocation failure].
[62619:0x102004600]     1317 ms: Scavenge 136.9 (161.0) -> 136.9 (161.0) MB, 18.1 / 0 ms [allocation failure].
[62619:0x102004600]     1350 ms: Scavenge 136.9 (161.0) -> 136.9 (177.0) MB, 33.0 / 0 ms [allocation failure].
[62619:0x102004600]     1374 ms: Scavenge 152.6 (177.0) -> 152.6 (177.0) MB, 21.8 / 0 ms [allocation failure].
[62619:0x102004600]     1403 ms: Scavenge 152.6 (177.0) -> 152.6 (193.0) MB, 29.1 / 0 ms [allocation failure].
[62619:0x102004600]     1431 ms: Scavenge 168.3 (193.0) -> 168.3 (193.0) MB, 25.9 / 0 ms [allocation failure].
[62619:0x102004600]     1464 ms: Scavenge 168.3 (193.0) -> 168.3 (209.0) MB, 33.1 / 0 ms [allocation failure].
[62619:0x102004600]     1489 ms: Scavenge 184.1 (209.0) -> 184.1 (209.0) MB, 21.5 / 0 ms [allocation failure].
[62619:0x102004600]     1522 ms: Scavenge 184.1 (209.0) -> 184.1 (225.0) MB, 33.4 / 0 ms [allocation failure].
[62619:0x102004600] Increasing marking speed to 3 due to high promotion rate
[62619:0x102004600]     1554 ms: Scavenge 199.8 (225.0) -> 199.8 (225.0) MB, 21.9 / 0 ms (+ 8.2 ms in 252 steps since last GC) [allocation failure].
[62619:0x102004600]     1591 ms: Scavenge 199.8 (225.0) -> 199.8 (241.0) MB, 36.3 / 0 ms [allocation failure].
[62619:0x102004600]     1650 ms: Mark-sweep 215.3 (241.0) -> 62.6 (94.0) MB, 24.2 / 0 ms (+ 41.1 ms in 499 steps since start of marking, biggest step 0.3 ms) [GC interrupt] [GC in old space requested].
[62619:0x102004600]     1675 ms: Scavenge 62.8 (94.0) -> 62.7 (102.0) MB, 24.6 / 0 ms [allocation failure].
[62619:0x102004600]     1695 ms: Scavenge 78.2 (102.0) -> 78.2 (102.0) MB, 18.3 / 0 ms [allocation failure].
[62619:0x102004600]     1724 ms: Scavenge 78.4 (102.0) -> 78.4 (118.0) MB, 28.5 / 0 ms [allocation failure].
[62619:0x102004600]     1744 ms: Scavenge 94.0 (118.0) -> 94.0 (118.0) MB, 18.3 / 0 ms [allocation failure].
[62619:0x102004600]     1777 ms: Scavenge 94.2 (118.0) -> 94.2 (134.0) MB, 33.3 / 0 ms [allocation failure].
[62619:0x102004600]     1798 ms: Scavenge 109.7 (134.0) -> 109.7 (134.0) MB, 19.0 / 0 ms [allocation failure].
[62619:0x102004600]     1825 ms: Scavenge 109.9 (134.0) -> 109.9 (150.0) MB, 27.4 / 0 ms [allocation failure].
[62619:0x102004600]     1845 ms: Scavenge 125.5 (150.0) -> 125.5 (150.0) MB, 17.8 / 0 ms [allocation failure].
[62619:0x102004600]     1877 ms: Scavenge 125.7 (150.0) -> 125.7 (166.0) MB, 32.2 / 0 ms [allocation failure].
[62619:0x102004600]     1910 ms: Scavenge 141.2 (166.0) -> 141.2 (166.0) MB, 30.0 / 0 ms [allocation failure].
[62619:0x102004600]     1955 ms: Scavenge 141.4 (166.0) -> 141.4 (182.0) MB, 44.5 / 0 ms [allocation failure].
[62619:0x102004600]     1978 ms: Scavenge 157.0 (182.0) -> 157.0 (182.0) MB, 20.5 / 0 ms [allocation failure].
[62619:0x102004600]     2008 ms: Scavenge 157.2 (182.0) -> 157.2 (198.0) MB, 30.3 / 0 ms [allocation failure].
[62619:0x102004600]     2028 ms: Scavenge 172.7 (198.0) -> 172.7 (198.0) MB, 18.4 / 0 ms [allocation failure].
[62619:0x102004600]     2056 ms: Scavenge 172.9 (198.0) -> 172.9 (214.0) MB, 27.4 / 0 ms [allocation failure].
[62619:0x102004600]     2077 ms: Scavenge 188.4 (214.0) -> 188.4 (214.0) MB, 18.8 / 0 ms [allocation failure].
[62619:0x102004600]     2107 ms: Scavenge 188.7 (214.0) -> 188.7 (230.0) MB, 30.3 / 0 ms [allocation failure].
[62619:0x102004600] Increasing marking speed to 3 due to high promotion rate
[62619:0x102004600]     2139 ms: Scavenge 204.2 (230.0) -> 204.2 (230.0) MB, 21.9 / 0 ms (+ 8.6 ms in 248 steps since last GC) [allocation failure].
[62619:0x102004600]     2172 ms: Scavenge 204.4 (230.0) -> 204.4 (246.0) MB, 31.4 / 0 ms (+ 1.1 ms in 3 steps since last GC) [allocation failure].
[62619:0x102004600]     2231 ms: Scavenge 219.9 (246.0) -> 219.9 (246.0) MB, 26.1 / 0 ms (+ 30.6 ms in 249 steps since last GC) [allocation failure].
[62619:0x102004600]     2263 ms: Scavenge 220.1 (246.0) -> 220.1 (262.0) MB, 31.7 / 0 ms (+ 0.4 ms in 3 steps since last GC) [allocation failure].
[62619:0x102004600]     2270 ms: Mark-sweep 222.0 (262.0) -> 69.5 (117.0) MB, 3.2 / 0 ms (+ 44.4 ms in 534 steps since start of marking, biggest step 0.5 ms) [GC interrupt] [GC in old space requested].
[62619:0x102004600]     2294 ms: Scavenge 83.3 (117.0) -> 83.3 (117.0) MB, 20.5 / 0 ms [allocation failure].
[62619:0x102004600]     2318 ms: Scavenge 85.2 (117.0) -> 85.2 (123.0) MB, 24.3 / 0 ms [allocation failure].
[62619:0x102004600]     2338 ms: Scavenge 99.0 (123.0) -> 99.0 (125.0) MB, 18.1 / 0 ms [allocation failure].
[62619:0x102004600]     2362 ms: Scavenge 100.9 (125.0) -> 100.9 (139.0) MB, 23.6 / 0 ms [allocation failure].
[62619:0x102004600]     2381 ms: Scavenge 114.8 (139.0) -> 114.8 (141.0) MB, 17.8 / 0 ms [allocation failure].
[62619:0x102004600]     2408 ms: Scavenge 116.7 (141.0) -> 116.7 (155.0) MB, 26.7 / 0 ms [allocation failure].
[62619:0x102004600]     2429 ms: Scavenge 130.5 (155.0) -> 130.5 (157.0) MB, 19.0 / 0 ms [allocation failure].
[62619:0x102004600]     2457 ms: Scavenge 132.4 (157.0) -> 132.4 (171.0) MB, 27.4 / 0 ms [allocation failure].
[62619:0x102004600]     2477 ms: Scavenge 146.3 (171.0) -> 146.3 (173.0) MB, 18.6 / 0 ms [allocation failure].
[62619:0x102004600]     2502 ms: Scavenge 148.2 (173.0) -> 148.2 (187.0) MB, 24.9 / 0 ms [allocation failure].
[62619:0x102004600]     2523 ms: Scavenge 162.0 (187.0) -> 162.0 (189.0) MB, 18.7 / 0 ms [allocation failure].
[62619:0x102004600]     2549 ms: Scavenge 163.9 (189.0) -> 163.9 (203.0) MB, 26.6 / 0 ms [allocation failure].
[62619:0x102004600]     2569 ms: Scavenge 177.8 (203.0) -> 177.8 (205.0) MB, 17.4 / 0 ms [allocation failure].
[62619:0x102004600]     2592 ms: Scavenge 179.7 (205.0) -> 179.7 (219.0) MB, 23.7 / 0 ms [allocation failure].
[62619:0x102004600]     2609 ms: Scavenge 193.5 (219.0) -> 193.5 (221.0) MB, 15.2 / 0 ms [allocation failure].
[62619:0x102004600]     2634 ms: Scavenge 195.4 (221.0) -> 195.4 (235.0) MB, 25.1 / 0 ms [allocation failure].
[62619:0x102004600]     2655 ms: Scavenge 209.3 (235.0) -> 209.3 (237.0) MB, 18.5 / 0 ms [allocation failure].
[62619:0x102004600]     2682 ms: Scavenge 211.2 (237.0) -> 211.2 (251.0) MB, 26.7 / 0 ms [allocation failure].
[62619:0x102004600]     2704 ms: Scavenge 225.0 (251.0) -> 225.0 (253.0) MB, 20.4 / 0 ms [allocation failure].
[62619:0x102004600]     2728 ms: Scavenge 226.9 (253.0) -> 226.9 (267.0) MB, 24.2 / 0 ms [allocation failure].
[62619:0x102004600]     2743 ms: Scavenge 240.7 (267.0) -> 240.7 (269.0) MB, 12.8 / 0 ms [allocation failure].
[62619:0x102004600]     2774 ms: Scavenge 242.7 (269.0) -> 242.7 (283.0) MB, 30.4 / 0 ms [allocation failure].
[62619:0x102004600]     2792 ms: Scavenge 256.5 (283.0) -> 256.5 (285.0) MB, 16.8 / 0 ms [allocation failure].
[62619:0x102004600]     2820 ms: Scavenge 258.4 (285.0) -> 258.4 (299.0) MB, 27.5 / 0 ms [allocation failure].
[62619:0x102004600]     2839 ms: Scavenge 272.2 (299.0) -> 272.2 (301.0) MB, 17.2 / 0 ms [allocation failure].
[62619:0x102004600]     2863 ms: Scavenge 274.1 (301.0) -> 274.1 (315.0) MB, 23.6 / 0 ms [allocation failure].
[62619:0x102004600] Increasing marking speed to 3 due to high promotion rate
[62619:0x102004600]     2892 ms: Scavenge 288.0 (315.0) -> 288.0 (317.0) MB, 20.6 / 0 ms (+ 7.1 ms in 221 steps since last GC) [allocation failure].
[62619:0x102004600]     2924 ms: Scavenge 289.9 (317.0) -> 289.9 (331.0) MB, 27.4 / 0 ms (+ 5.0 ms in 30 steps since last GC) [allocation failure].
[62619:0x102004600]     2931 ms: Mark-sweep 291.3 (331.0) -> 24.3 (69.0) MB, 3.9 / 0 ms (+ 14.9 ms in 275 steps since start of marking, biggest step 0.3 ms) [GC interrupt] [GC in old space requested].
[62619:0x102004600]     2955 ms: Scavenge 38.6 (69.0) -> 38.6 (69.0) MB, 21.5 / 0 ms [allocation failure].
[62619:0x102004600]     2978 ms: Scavenge 40.1 (69.0) -> 40.1 (77.0) MB, 23.5 / 0 ms [allocation failure].
[62619:0x102004600]     2999 ms: Scavenge 54.4 (77.0) -> 54.4 (79.0) MB, 19.0 / 0 ms [allocation failure].
[62619:0x102004600]     3028 ms: Scavenge 55.8 (79.0) -> 55.8 (93.0) MB, 28.3 / 0 ms [allocation failure].
[62619:0x102004600]     3048 ms: Scavenge 70.1 (93.0) -> 70.1 (95.0) MB, 18.4 / 0 ms [allocation failure].
[62619:0x102004600]     3074 ms: Scavenge 71.6 (95.0) -> 71.6 (109.0) MB, 26.1 / 0 ms [allocation failure].
[62619:0x102004600]     3094 ms: Scavenge 85.9 (109.0) -> 85.9 (111.0) MB, 18.4 / 0 ms [allocation failure].
[62619:0x102004600]     3121 ms: Scavenge 87.3 (111.0) -> 87.3 (125.0) MB, 26.4 / 0 ms [allocation failure].
[62619:0x102004600]     3142 ms: Scavenge 101.6 (125.0) -> 101.6 (127.0) MB, 19.5 / 0 ms [allocation failure].
[62619:0x102004600]     3170 ms: Scavenge 103.1 (127.0) -> 103.1 (141.0) MB, 27.6 / 0 ms [allocation failure].
[62619:0x102004600] Increasing marking speed to 3 due to high promotion rate
[62619:0x102004600]     3201 ms: Scavenge 117.3 (141.0) -> 117.3 (143.0) MB, 21.5 / 0 ms (+ 7.6 ms in 228 steps since last GC) [allocation failure].
[62619:0x102004600]     3234 ms: Scavenge 118.8 (143.0) -> 118.8 (157.0) MB, 29.7 / 0 ms (+ 3.9 ms in 23 steps since last GC) [allocation failure].
[62619:0x102004600]     3282 ms: Mark-sweep 130.6 (157.0) -> 54.4 (87.0) MB, 23.4 / 0 ms (+ 33.7 ms in 441 steps since start of marking, biggest step 0.3 ms) [GC interrupt] [GC in old space requested].
[62619:0x102004600]     3304 ms: Scavenge 58.3 (87.0) -> 58.2 (93.0) MB, 21.4 / 0 ms [allocation failure].
[62619:0x102004600]     3321 ms: Scavenge 70.1 (93.0) -> 70.1 (97.0) MB, 15.9 / 0 ms [allocation failure].
[62619:0x102004600]     3343 ms: Scavenge 73.9 (97.0) -> 73.9 (109.0) MB, 22.1 / 0 ms [allocation failure].
[62619:0x102004600]     3358 ms: Scavenge 85.8 (109.0) -> 85.8 (113.0) MB, 13.3 / 0 ms [allocation failure].
[62619:0x102004600]     3381 ms: Scavenge 89.7 (113.0) -> 89.7 (125.0) MB, 22.5 / 0 ms [allocation failure].
[62619:0x102004600]     3396 ms: Scavenge 101.6 (125.0) -> 101.6 (129.0) MB, 13.8 / 0 ms [allocation failure].
[62619:0x102004600]     3418 ms: Scavenge 105.4 (129.0) -> 105.4 (141.0) MB, 21.7 / 0 ms [allocation failure].
[62619:0x102004600]     3434 ms: Scavenge 117.3 (141.0) -> 117.3 (145.0) MB, 14.5 / 0 ms [allocation failure].
[62619:0x102004600]     3470 ms: Scavenge 121.2 (145.0) -> 121.2 (157.0) MB, 35.5 / 0 ms [allocation failure].
[62619:0x102004600]     3493 ms: Scavenge 133.1 (157.0) -> 133.1 (161.0) MB, 20.3 / 0 ms [allocation failure].
[62619:0x102004600]     3529 ms: Scavenge 136.9 (161.0) -> 136.9 (173.0) MB, 35.3 / 0 ms [allocation failure].
[62619:0x102004600]     3545 ms: Scavenge 148.8 (173.0) -> 148.8 (177.0) MB, 14.4 / 0 ms [allocation failure].
[62619:0x102004600]     3568 ms: Scavenge 152.6 (177.0) -> 152.6 (189.0) MB, 23.0 / 0 ms [allocation failure].
[62619:0x102004600]     3584 ms: Scavenge 164.6 (189.0) -> 164.6 (193.0) MB, 14.2 / 0 ms [allocation failure].
[62619:0x102004600]     3606 ms: Scavenge 168.4 (193.0) -> 168.4 (205.0) MB, 21.6 / 0 ms [allocation failure].
[62619:0x102004600]     3621 ms: Scavenge 180.3 (205.0) -> 180.3 (209.0) MB, 13.5 / 0 ms [allocation failure].
[62619:0x102004600]     3645 ms: Scavenge 184.1 (209.0) -> 184.1 (221.0) MB, 23.8 / 0 ms [allocation failure].
[62619:0x102004600] Increasing marking speed to 3 due to high promotion rate
[62619:0x102004600]     3672 ms: Scavenge 196.0 (221.0) -> 196.0 (225.0) MB, 18.8 / 0 ms (+ 6.6 ms in 190 steps since last GC) [allocation failure].
[62619:0x102004600]     3709 ms: Scavenge 199.9 (225.0) -> 199.9 (237.0) MB, 26.8 / 0 ms (+ 9.9 ms in 61 steps since last GC) [allocation failure].
[62619:0x102004600]     3763 ms: Mark-sweep 211.7 (237.0) -> 59.2 (91.0) MB, 26.8 / 0 ms (+ 42.0 ms in 441 steps since start of marking, biggest step 0.3 ms) [GC interrupt] [GC in old space requested].
[62619:0x102004600]     3787 ms: Scavenge 63.0 (91.0) -> 63.0 (98.0) MB, 23.1 / 0 ms [allocation failure].
[62619:0x102004600]     3803 ms: Scavenge 74.9 (98.0) -> 74.9 (102.0) MB, 14.1 / 0 ms [allocation failure].
[62619:0x102004600]     3828 ms: Scavenge 78.7 (102.0) -> 78.7 (114.0) MB, 24.6 / 0 ms [allocation failure].
[62619:0x102004600]     3844 ms: Scavenge 90.6 (114.0) -> 90.6 (118.0) MB, 15.2 / 0 ms [allocation failure].
[62619:0x102004600]     3869 ms: Scavenge 94.4 (118.0) -> 94.4 (130.0) MB, 24.2 / 0 ms [allocation failure].
[62619:0x102004600]     3886 ms: Scavenge 106.4 (130.0) -> 106.4 (134.0) MB, 15.2 / 0 ms [allocation failure].
[62619:0x102004600]     3911 ms: Scavenge 110.2 (134.0) -> 110.2 (146.0) MB, 25.1 / 0 ms [allocation failure].
[62619:0x102004600]     3927 ms: Scavenge 122.1 (146.0) -> 122.1 (150.0) MB, 14.3 / 0 ms [allocation failure].
[62619:0x102004600]     3952 ms: Scavenge 125.9 (150.0) -> 125.9 (162.0) MB, 24.7 / 0 ms [allocation failure].
[62619:0x102004600]     3968 ms: Scavenge 137.9 (162.0) -> 137.9 (166.0) MB, 14.7 / 0 ms [allocation failure].
[62619:0x102004600]     3992 ms: Scavenge 141.7 (166.0) -> 141.7 (178.0) MB, 22.9 / 0 ms [allocation failure].
[62619:0x102004600]     4011 ms: Scavenge 153.6 (178.0) -> 153.6 (182.0) MB, 17.3 / 0 ms [allocation failure].
[62619:0x102004600]     4038 ms: Scavenge 157.4 (182.0) -> 157.4 (194.0) MB, 26.9 / 0 ms [allocation failure].
[62619:0x102004600]     4053 ms: Scavenge 169.3 (194.0) -> 169.3 (198.0) MB, 13.8 / 0 ms [allocation failure].
[62619:0x102004600]     4078 ms: Scavenge 173.2 (198.0) -> 173.2 (210.0) MB, 24.4 / 0 ms [allocation failure].
[62619:0x102004600]     4094 ms: Scavenge 185.1 (210.0) -> 185.1 (214.0) MB, 14.5 / 0 ms [allocation failure].
[62619:0x102004600]     4123 ms: Scavenge 188.9 (214.0) -> 188.9 (226.0) MB, 28.4 / 0 ms [allocation failure].
[62619:0x102004600]     4142 ms: Scavenge 200.8 (226.0) -> 200.8 (230.0) MB, 17.8 / 0 ms [allocation failure].
[62619:0x102004600]     4177 ms: Scavenge 204.7 (230.0) -> 204.7 (242.0) MB, 33.7 / 0 ms [allocation failure].
[62619:0x102004600] Increasing marking speed to 3 due to high promotion rate
[62619:0x102004600]     4209 ms: Scavenge 216.6 (242.0) -> 216.6 (246.0) MB, 21.5 / 0 ms (+ 9.0 ms in 190 steps since last GC) [allocation failure].
[62619:0x102004600]     4248 ms: Scavenge 220.4 (246.0) -> 220.4 (258.0) MB, 27.9 / 0 ms (+ 10.7 ms in 61 steps since last GC) [allocation failure].
[62619:0x102004600]     4263 ms: Mark-sweep 223.4 (258.0) -> 32.7 (74.0) MB, 8.3 / 0 ms (+ 25.8 ms in 299 steps since start of marking, biggest step 0.7 ms) [GC interrupt] [GC in old space requested].
[62619:0x102004600]     4285 ms: Scavenge 45.4 (74.0) -> 45.4 (74.0) MB, 19.7 / 0 ms [allocation failure].
[62619:0x102004600]     4314 ms: Scavenge 48.4 (74.0) -> 48.4 (84.0) MB, 28.8 / 0 ms [allocation failure].
[62619:0x102004600]     4331 ms: Scavenge 61.1 (84.0) -> 61.1 (87.0) MB, 15.6 / 0 ms [allocation failure].
[62619:0x102004600]     4360 ms: Scavenge 64.1 (87.0) -> 64.1 (100.0) MB, 28.5 / 0 ms [allocation failure].
[62619:0x102004600]     4379 ms: Scavenge 76.9 (100.0) -> 76.9 (103.0) MB, 16.5 / 0 ms [allocation failure].
[62619:0x102004600]     4403 ms: Scavenge 79.9 (103.0) -> 79.9 (116.0) MB, 23.8 / 0 ms [allocation failure].
[62619:0x102004600]     4422 ms: Scavenge 92.6 (116.0) -> 92.6 (119.0) MB, 18.0 / 0 ms [allocation failure].
[62619:0x102004600]     4447 ms: Scavenge 95.6 (119.0) -> 95.6 (132.0) MB, 24.2 / 0 ms [allocation failure].
[62619:0x102004600]     4478 ms: Scavenge 108.4 (132.0) -> 108.4 (135.0) MB, 29.5 / 0 ms [allocation failure].
[62619:0x102004600]     4505 ms: Scavenge 111.4 (135.0) -> 111.4 (148.0) MB, 26.8 / 0 ms [allocation failure].
[62619:0x102004600]     4521 ms: Scavenge 124.1 (148.0) -> 124.1 (151.0) MB, 14.0 / 0 ms [allocation failure].
[62619:0x102004600]     4546 ms: Scavenge 127.1 (151.0) -> 127.1 (164.0) MB, 24.4 / 0 ms [allocation failure].
[62619:0x102004600] Increasing marking speed to 3 due to high promotion rate
[62619:0x102004600]     4575 ms: Scavenge 139.9 (164.0) -> 139.9 (167.0) MB, 21.0 / 0 ms (+ 6.7 ms in 204 steps since last GC) [allocation failure].
[62619:0x102004600]     4608 ms: Scavenge 142.9 (167.0) -> 142.9 (180.0) MB, 26.0 / 0 ms (+ 6.4 ms in 47 steps since last GC) [allocation failure].
[62619:0x102004600]     4622 ms: Mark-sweep 146.1 (180.0) -> 31.7 (71.0) MB, 8.3 / 0 ms (+ 18.2 ms in 304 steps since start of marking, biggest step 0.2 ms) [GC interrupt] [GC in old space requested].
[62619:0x102004600]     4638 ms: Scavenge 44.2 (71.0) -> 44.1 (71.0) MB, 14.3 / 0 ms [allocation failure].
[62619:0x102004600]     4661 ms: Scavenge 47.4 (71.0) -> 47.4 (83.0) MB, 22.9 / 0 ms [allocation failure].
[62619:0x102004600]     4678 ms: Scavenge 59.9 (83.0) -> 59.9 (86.0) MB, 14.6 / 0 ms [allocation failure].
[62619:0x102004600]     4701 ms: Scavenge 63.2 (86.0) -> 63.2 (99.0) MB, 22.9 / 0 ms [allocation failure].
[62619:0x102004600]     4717 ms: Scavenge 75.6 (99.0) -> 75.6 (102.0) MB, 14.3 / 0 ms [allocation failure].
[62619:0x102004600]     4741 ms: Scavenge 78.9 (102.0) -> 78.9 (115.0) MB, 23.5 / 0 ms [allocation failure].
[62619:0x102004600]     4757 ms: Scavenge 91.4 (115.0) -> 91.4 (118.0) MB, 15.0 / 0 ms [allocation failure].
[62619:0x102004600]     4783 ms: Scavenge 94.7 (118.0) -> 94.7 (131.0) MB, 25.0 / 0 ms [allocation failure].
[62619:0x102004600]     4799 ms: Scavenge 107.1 (131.0) -> 107.1 (134.0) MB, 14.0 / 0 ms [allocation failure].
[62619:0x102004600]     4822 ms: Scavenge 110.4 (134.0) -> 110.4 (147.0) MB, 23.4 / 0 ms [allocation failure].
[62619:0x102004600]     4840 ms: Scavenge 122.9 (147.0) -> 122.9 (150.0) MB, 16.0 / 0 ms [allocation failure].
[62619:0x102004600]     4864 ms: Scavenge 126.2 (150.0) -> 126.2 (163.0) MB, 24.2 / 0 ms [allocation failure].
[62619:0x102004600] Increasing marking speed to 3 due to high promotion rate
[62619:0x102004600]     4894 ms: Scavenge 138.6 (163.0) -> 138.6 (166.0) MB, 21.1 / 0 ms (+ 6.5 ms in 199 steps since last GC) [allocation failure].
[62619:0x102004600]     4940 ms: Scavenge 141.9 (166.0) -> 141.9 (179.0) MB, 38.3 / 0 ms (+ 7.4 ms in 52 steps since last GC) [allocation failure].
[62619:0x102004600]     4950 ms: Mark-sweep 144.3 (179.0) -> 29.9 (70.0) MB, 6.3 / 0 ms (+ 17.9 ms in 291 steps since start of marking, biggest step 0.2 ms) [GC interrupt] [GC in old space requested].
[62619:0x102004600]     4966 ms: Scavenge 43.2 (70.0) -> 43.2 (70.0) MB, 14.1 / 0 ms [allocation failure].
[62619:0x102004600]     4990 ms: Scavenge 45.7 (70.0) -> 45.7 (82.0) MB, 23.5 / 0 ms [allocation failure].
[62619:0x102004600]     5008 ms: Scavenge 58.9 (82.0) -> 58.9 (85.0) MB, 16.0 / 0 ms [allocation failure].
[62619:0x102004600]     5032 ms: Scavenge 61.4 (85.0) -> 61.4 (98.0) MB, 24.1 / 0 ms [allocation failure].
[62619:0x102004600]     5051 ms: Scavenge 74.7 (98.0) -> 74.7 (101.0) MB, 16.9 / 0 ms [allocation failure].
[62619:0x102004600]     5075 ms: Scavenge 77.1 (101.0) -> 77.1 (114.0) MB, 24.0 / 0 ms [allocation failure].
[62619:0x102004600]     5097 ms: Scavenge 90.4 (114.0) -> 90.4 (117.0) MB, 20.3 / 0 ms [allocation failure].
[62619:0x102004600]     5124 ms: Scavenge 92.9 (117.0) -> 92.9 (130.0) MB, 27.5 / 0 ms [allocation failure].
[62619:0x102004600]     5142 ms: Scavenge 106.2 (130.0) -> 106.2 (133.0) MB, 15.8 / 0 ms [allocation failure].
[62619:0x102004600]     5166 ms: Scavenge 108.6 (133.0) -> 108.6 (146.0) MB, 24.3 / 0 ms [allocation failure].
[62619:0x102004600]     5190 ms: Scavenge 121.9 (146.0) -> 121.9 (149.0) MB, 22.0 / 0 ms [allocation failure].
[62619:0x102004600]     5217 ms: Scavenge 124.4 (149.0) -> 124.4 (162.0) MB, 26.8 / 0 ms [allocation failure].
[62619:0x102004600] Increasing marking speed to 3 due to high promotion rate
[62619:0x102004600]     5248 ms: Scavenge 137.7 (162.0) -> 137.7 (165.0) MB, 21.2 / 0 ms (+ 7.7 ms in 212 steps since last GC) [allocation failure].
[62619:0x102004600]     5284 ms: Scavenge 140.1 (165.0) -> 140.1 (178.0) MB, 28.3 / 0 ms (+ 7.0 ms in 39 steps since last GC) [allocation failure].
[62619:0x102004600]     5295 ms: Mark-sweep 142.5 (178.0) -> 28.1 (72.0) MB, 5.6 / 0 ms (+ 19.7 ms in 290 steps since start of marking, biggest step 0.4 ms) [GC interrupt] [GC in old space requested].
[62619:0x102004600]     5313 ms: Scavenge 41.4 (72.0) -> 41.4 (72.0) MB, 16.6 / 0 ms [allocation failure].
[62619:0x102004600]     5342 ms: Scavenge 43.8 (72.0) -> 43.8 (80.0) MB, 28.6 / 0 ms [allocation failure].
[62619:0x102004600]     5374 ms: Scavenge 57.2 (80.0) -> 57.2 (83.0) MB, 30.4 / 0 ms [allocation failure].
[62619:0x102004600]     5404 ms: Scavenge 59.6 (83.0) -> 59.6 (96.0) MB, 29.9 / 0 ms [allocation failure].
[62619:0x102004600]     5428 ms: Scavenge 72.9 (96.0) -> 72.9 (99.0) MB, 22.0 / 0 ms [allocation failure].
[62619:0x102004600]     5455 ms: Scavenge 75.3 (99.0) -> 75.3 (112.0) MB, 26.5 / 0 ms [allocation failure].
[62619:0x102004600]     5480 ms: Scavenge 88.7 (112.0) -> 88.7 (115.0) MB, 23.2 / 0 ms [allocation failure].
[62619:0x102004600]     5513 ms: Scavenge 91.1 (115.0) -> 91.1 (128.0) MB, 32.1 / 0 ms [allocation failure].
[62619:0x102004600]     5535 ms: Scavenge 104.4 (128.0) -> 104.4 (131.0) MB, 19.8 / 0 ms [allocation failure].
[62619:0x102004600]     5566 ms: Scavenge 106.8 (131.0) -> 106.8 (144.0) MB, 30.6 / 0 ms [allocation failure].
[62619:0x102004600] Increasing marking speed to 3 due to high promotion rate
[62619:0x102004600]     5603 ms: Scavenge 120.2 (144.0) -> 120.2 (147.0) MB, 26.7 / 0 ms (+ 8.2 ms in 213 steps since last GC) [allocation failure].
[62619:0x102004600]     5640 ms: Scavenge 122.6 (147.0) -> 122.6 (160.0) MB, 30.0 / 0 ms (+ 7.2 ms in 38 steps since last GC) [allocation failure].
[62619:0x102004600]     5697 ms: Mark-sweep 135.3 (160.0) -> 59.1 (90.0) MB, 27.4 / 0 ms (+ 43.1 ms in 455 steps since start of marking, biggest step 0.4 ms) [GC interrupt] [GC in old space requested].
[62619:0x102004600]     5722 ms: Scavenge 62.0 (90.0) -> 61.9 (98.0) MB, 23.6 / 0 ms [allocation failure].
[62619:0x102004600]     5737 ms: Scavenge 74.7 (98.0) -> 74.7 (101.0) MB, 13.6 / 0 ms [allocation failure].
[62619:0x102004600]     5762 ms: Scavenge 77.7 (101.0) -> 77.7 (114.0) MB, 24.9 / 0 ms [allocation failure].
[62619:0x102004600]     5784 ms: Scavenge 90.5 (114.0) -> 90.5 (117.0) MB, 20.1 / 0 ms [allocation failure].
[62619:0x102004600]     5811 ms: Scavenge 93.4 (117.0) -> 93.4 (130.0) MB, 26.7 / 0 ms [allocation failure].
[62619:0x102004600]     5841 ms: Scavenge 106.2 (130.0) -> 106.2 (133.0) MB, 27.3 / 0 ms [allocation failure].
[62619:0x102004600]     5875 ms: Scavenge 109.1 (133.0) -> 109.1 (146.0) MB, 34.2 / 0 ms [allocation failure].
[62619:0x102004600]     5890 ms: Scavenge 122.0 (146.0) -> 122.0 (149.0) MB, 13.4 / 0 ms [allocation failure].
[62619:0x102004600]     5920 ms: Scavenge 124.9 (149.0) -> 124.9 (162.0) MB, 29.2 / 0 ms [allocation failure].
[62619:0x102004600]     5937 ms: Scavenge 137.7 (162.0) -> 137.7 (165.0) MB, 15.0 / 0 ms [allocation failure].
[62619:0x102004600]     5961 ms: Scavenge 140.6 (165.0) -> 140.6 (178.0) MB, 24.2 / 0 ms [allocation failure].
[62619:0x102004600]     5979 ms: Scavenge 153.4 (178.0) -> 153.4 (181.0) MB, 15.8 / 0 ms [allocation failure].
[62619:0x102004600]     6004 ms: Scavenge 156.4 (181.0) -> 156.4 (194.0) MB, 25.1 / 0 ms [allocation failure].
[62619:0x102004600]     6026 ms: Scavenge 169.2 (194.0) -> 169.2 (197.0) MB, 20.4 / 0 ms [allocation failure].
[62619:0x102004600]     6052 ms: Scavenge 172.1 (197.0) -> 172.1 (210.0) MB, 25.4 / 0 ms [allocation failure].
[62619:0x102004600]     6074 ms: Scavenge 184.9 (210.0) -> 184.9 (213.0) MB, 18.5 / 0 ms [allocation failure].
[62619:0x102004600]     6098 ms: Scavenge 187.9 (213.0) -> 187.9 (226.0) MB, 22.8 / 0 ms [allocation failure].
[62619:0x102004600]     6112 ms: Scavenge 200.7 (226.0) -> 200.7 (229.0) MB, 12.6 / 0 ms [allocation failure].
[62619:0x102004600] Increasing marking speed to 3 due to high promotion rate
[62619:0x102004600]     6138 ms: Scavenge 203.6 (229.0) -> 203.6 (242.0) MB, 24.3 / 0 ms (+ 1.7 ms in 47 steps since last GC) [allocation failure].
[62619:0x102004600]     6154 ms: Mark-sweep 208.5 (242.0) -> 17.8 (56.0) MB, 7.6 / 0 ms (+ 9.5 ms in 125 steps since start of marking, biggest step 0.2 ms) [GC interrupt] [GC in old space requested].
[62619:0x102004600]     6170 ms: Scavenge 28.6 (56.0) -> 28.6 (56.0) MB, 14.0 / 0 ms [allocation failure].
[62619:0x102004600]     6191 ms: Scavenge 33.5 (56.0) -> 33.5 (67.0) MB, 20.9 / 0 ms [allocation failure].
[62619:0x102004600]     6208 ms: Scavenge 44.4 (67.0) -> 44.4 (72.0) MB, 15.5 / 0 ms [allocation failure].
[62619:0x102004600]     6237 ms: Scavenge 49.3 (72.0) -> 49.3 (83.0) MB, 28.0 / 0 ms [allocation failure].
[62619:0x102004600]     6252 ms: Scavenge 60.1 (83.0) -> 60.1 (88.0) MB, 14.6 / 0 ms [allocation failure].
[62619:0x102004600]     6285 ms: Scavenge 65.0 (88.0) -> 65.0 (99.0) MB, 31.5 / 0 ms [allocation failure].
[62619:0x102004600] Increasing marking speed to 3 due to high promotion rate
[62619:0x102004600]     6315 ms: Scavenge 75.9 (99.0) -> 75.9 (104.0) MB, 23.1 / 0 ms (+ 6.1 ms in 173 steps since last GC) [allocation failure].
[62619:0x102004600]     6352 ms: Scavenge 80.8 (104.0) -> 80.8 (115.0) MB, 25.6 / 0 ms (+ 10.7 ms in 78 steps since last GC) [allocation failure].
[62619:0x102004600]     6387 ms: Mark-sweep 89.1 (115.0) -> 51.1 (84.0) MB, 16.3 / 0 ms (+ 33.8 ms in 386 steps since start of marking, biggest step 0.3 ms) [GC interrupt] [GC in old space requested].
[62619:0x102004600]     6406 ms: Scavenge 58.4 (84.0) -> 58.3 (90.0) MB, 17.4 / 0 ms [allocation failure].
[62619:0x102004600]     6426 ms: Scavenge 66.7 (90.0) -> 66.7 (97.0) MB, 18.6 / 0 ms [allocation failure].
[62619:0x102004600]     6446 ms: Scavenge 74.0 (97.0) -> 74.0 (106.0) MB, 19.5 / 0 ms [allocation failure].
[62619:0x102004600]     6466 ms: Scavenge 82.5 (106.0) -> 82.5 (113.0) MB, 19.0 / 0 ms [allocation failure].
[62619:0x102004600]     6487 ms: Scavenge 89.8 (113.0) -> 89.8 (122.0) MB, 19.8 / 0 ms [allocation failure].
[62619:0x102004600]     6509 ms: Scavenge 98.2 (122.0) -> 98.2 (129.0) MB, 21.2 / 0 ms [allocation failure].
[62619:0x102004600]     6529 ms: Scavenge 105.5 (129.0) -> 105.5 (138.0) MB, 19.3 / 0 ms [allocation failure].
[62619:0x102004600]     6549 ms: Scavenge 114.0 (138.0) -> 114.0 (145.0) MB, 18.7 / 0 ms [allocation failure].
[62619:0x102004600]     6571 ms: Scavenge 121.3 (145.0) -> 121.3 (154.0) MB, 20.6 / 0 ms [allocation failure].
[62619:0x102004600]     6590 ms: Scavenge 129.7 (154.0) -> 129.7 (161.0) MB, 18.1 / 0 ms [allocation failure].
[62619:0x102004600]     6609 ms: Scavenge 137.0 (161.0) -> 137.0 (170.0) MB, 18.7 / 0 ms [allocation failure].
[62619:0x102004600]     6632 ms: Scavenge 145.5 (170.0) -> 145.5 (177.0) MB, 21.5 / 0 ms [allocation failure].
[62619:0x102004600]     6653 ms: Scavenge 152.8 (177.0) -> 152.8 (186.0) MB, 19.8 / 0 ms [allocation failure].
[62619:0x102004600]     6671 ms: Scavenge 161.2 (186.0) -> 161.2 (193.0) MB, 17.0 / 0 ms [allocation failure].
[62619:0x102004600]     6690 ms: Scavenge 168.5 (193.0) -> 168.5 (202.0) MB, 18.6 / 0 ms [allocation failure].
[62619:0x102004600]     6709 ms: Scavenge 177.0 (202.0) -> 177.0 (209.0) MB, 17.3 / 0 ms [allocation failure].
[62619:0x102004600]     6728 ms: Scavenge 184.3 (209.0) -> 184.3 (218.0) MB, 18.6 / 0 ms [allocation failure].
[62619:0x102004600] Increasing marking speed to 3 due to high promotion rate
[62619:0x102004600]     6766 ms: Scavenge 192.7 (218.0) -> 192.7 (225.0) MB, 32.0 / 0 ms (+ 4.4 ms in 135 steps since last GC) [allocation failure].
[62619:0x102004600]     6804 ms: Scavenge 200.0 (225.0) -> 200.0 (234.0) MB, 21.6 / 0 ms (+ 15.9 ms in 116 steps since last GC) [allocation failure].
[62619:0x102004600]     6843 ms: Scavenge 208.5 (234.0) -> 208.5 (241.0) MB, 19.3 / 0 ms (+ 18.2 ms in 135 steps since last GC) [allocation failure].
[62619:0x102004600]     6853 ms: Mark-sweep 208.5 (241.0) -> 55.9 (98.0) MB, 10.1 / 0 ms (+ 38.5 ms in 387 steps since start of marking, biggest step 0.3 ms) [GC interrupt] [GC in old space requested].
[62619:0x102004600]     6879 ms: Scavenge 71.6 (98.0) -> 71.6 (98.0) MB, 23.3 / 0 ms [allocation failure].
[62619:0x102004600]     6907 ms: Scavenge 71.6 (98.0) -> 71.6 (111.0) MB, 28.1 / 0 ms [allocation failure].
[62619:0x102004600]     6928 ms: Scavenge 87.4 (111.0) -> 87.4 (111.0) MB, 18.1 / 0 ms [allocation failure].
[62619:0x102004600]     6957 ms: Scavenge 87.4 (111.0) -> 87.4 (127.0) MB, 29.6 / 0 ms [allocation failure].
[62619:0x102004600]     6977 ms: Scavenge 103.1 (127.0) -> 103.1 (127.0) MB, 18.4 / 0 ms [allocation failure].
[62619:0x102004600]     7008 ms: Scavenge 103.1 (127.0) -> 103.1 (143.0) MB, 30.0 / 0 ms [allocation failure].
[62619:0x102004600]     7030 ms: Scavenge 118.9 (143.0) -> 118.9 (143.0) MB, 19.8 / 0 ms [allocation failure].
[62619:0x102004600]     7059 ms: Scavenge 118.9 (143.0) -> 118.9 (159.0) MB, 29.4 / 0 ms [allocation failure].
[62619:0x102004600]     7080 ms: Scavenge 134.6 (159.0) -> 134.6 (159.0) MB, 19.1 / 0 ms [allocation failure].
[62619:0x102004600]     7111 ms: Scavenge 134.6 (159.0) -> 134.6 (175.0) MB, 30.3 / 0 ms [allocation failure].
[62619:0x102004600]     7137 ms: Scavenge 150.3 (175.0) -> 150.3 (175.0) MB, 22.3 / 0 ms [allocation failure].
[62619:0x102004600]     7163 ms: Scavenge 150.3 (175.0) -> 150.3 (191.0) MB, 26.7 / 0 ms [allocation failure].
[62619:0x102004600]     7195 ms: Scavenge 166.1 (191.0) -> 166.1 (191.0) MB, 29.7 / 0 ms [allocation failure].
[62619:0x102004600]     7223 ms: Scavenge 166.1 (191.0) -> 166.1 (207.0) MB, 27.8 / 0 ms [allocation failure].
[62619:0x102004600]     7252 ms: Scavenge 181.8 (207.0) -> 181.8 (207.0) MB, 27.1 / 0 ms [allocation failure].
[62619:0x102004600]     7279 ms: Scavenge 181.8 (207.0) -> 181.8 (223.0) MB, 26.8 / 0 ms [allocation failure].
[62619:0x102004600]     7298 ms: Scavenge 197.6 (223.0) -> 197.6 (223.0) MB, 17.8 / 0 ms [allocation failure].
[62619:0x102004600]     7325 ms: Scavenge 197.6 (223.0) -> 197.6 (239.0) MB, 26.0 / 0 ms [allocation failure].
[62619:0x102004600]     7352 ms: Scavenge 213.3 (239.0) -> 213.3 (239.0) MB, 25.9 / 0 ms [allocation failure].
[62619:0x102004600]     7384 ms: Scavenge 213.3 (239.0) -> 213.3 (255.0) MB, 31.4 / 0 ms [allocation failure].
[62619:0x102004600]     7407 ms: Scavenge 229.1 (255.0) -> 229.1 (255.0) MB, 20.9 / 0 ms [allocation failure].
[62619:0x102004600]     7434 ms: Scavenge 229.1 (255.0) -> 229.1 (271.0) MB, 27.2 / 0 ms [allocation failure].
[62619:0x102004600] Increasing marking speed to 3 due to high promotion rate
[62619:0x102004600]     7471 ms: Scavenge 244.8 (271.0) -> 244.8 (271.0) MB, 27.1 / 0 ms (+ 8.2 ms in 251 steps since last GC) [allocation failure].
[62619:0x102004600]     7502 ms: Scavenge 244.8 (271.0) -> 244.8 (287.0) MB, 30.8 / 0 ms [allocation failure].
[62619:0x102004600]     7565 ms: Scavenge 260.6 (287.0) -> 260.6 (287.0) MB, 30.0 / 0 ms (+ 31.1 ms in 252 steps since last GC) [allocation failure].
[62619:0x102004600]     7593 ms: Scavenge 260.6 (287.0) -> 260.6 (303.0) MB, 28.1 / 0 ms [allocation failure].
[62619:0x102004600]     7606 ms: Mark-sweep 263.8 (303.0) -> 73.1 (119.0) MB, 5.8 / 0 ms (+ 45.5 ms in 556 steps since start of marking, biggest step 0.3 ms) [GC interrupt] [GC in old space requested].
[62619:0x102004600]     7628 ms: Scavenge 85.6 (119.0) -> 85.6 (119.0) MB, 19.9 / 0 ms [allocation failure].
[62619:0x102004600]     7650 ms: Scavenge 88.9 (119.0) -> 88.9 (125.0) MB, 21.5 / 0 ms [allocation failure].
[62619:0x102004600]     7668 ms: Scavenge 101.3 (125.0) -> 101.3 (128.0) MB, 16.3 / 0 ms [allocation failure].
[62619:0x102004600]     7694 ms: Scavenge 104.6 (128.0) -> 104.6 (141.0) MB, 25.7 / 0 ms [allocation failure].
[62619:0x102004600]     7709 ms: Scavenge 117.1 (141.0) -> 117.1 (144.0) MB, 13.9 / 0 ms [allocation failure].
[62619:0x102004600]     7741 ms: Scavenge 120.4 (144.0) -> 120.4 (157.0) MB, 31.9 / 0 ms [allocation failure].
[62619:0x102004600]     7759 ms: Scavenge 132.8 (157.0) -> 132.8 (160.0) MB, 16.3 / 0 ms [allocation failure].
[62619:0x102004600]     7783 ms: Scavenge 136.1 (160.0) -> 136.1 (173.0) MB, 23.2 / 0 ms [allocation failure].
[62619:0x102004600]     7802 ms: Scavenge 148.5 (173.0) -> 148.5 (176.0) MB, 18.0 / 0 ms [allocation failure].
[62619:0x102004600]     7825 ms: Scavenge 151.8 (176.0) -> 151.8 (189.0) MB, 22.7 / 0 ms [allocation failure].
[62619:0x102004600]     7840 ms: Scavenge 164.3 (189.0) -> 164.3 (192.0) MB, 13.2 / 0 ms [allocation failure].
[62619:0x102004600]     7862 ms: Scavenge 167.6 (192.0) -> 167.6 (205.0) MB, 21.8 / 0 ms [allocation failure].
[62619:0x102004600]     7877 ms: Scavenge 180.0 (205.0) -> 180.0 (208.0) MB, 13.3 / 0 ms [allocation failure].
[62619:0x102004600]     7898 ms: Scavenge 183.3 (208.0) -> 183.3 (221.0) MB, 21.5 / 0 ms [allocation failure].
[62619:0x102004600]     7914 ms: Scavenge 195.8 (221.0) -> 195.8 (224.0) MB, 13.6 / 0 ms [allocation failure].
[62619:0x102004600]     7937 ms: Scavenge 199.1 (224.0) -> 199.1 (237.0) MB, 22.8 / 0 ms [allocation failure].
[62619:0x102004600]     7952 ms: Scavenge 211.5 (237.0) -> 211.5 (240.0) MB, 14.5 / 0 ms [allocation failure].
[62619:0x102004600]     7980 ms: Scavenge 214.8 (240.0) -> 214.8 (253.0) MB, 26.7 / 0 ms [allocation failure].
[62619:0x102004600]     7995 ms: Scavenge 227.3 (253.0) -> 227.3 (256.0) MB, 13.5 / 0 ms [allocation failure].
[62619:0x102004600]     8021 ms: Scavenge 230.6 (256.0) -> 230.6 (269.0) MB, 25.9 / 0 ms [allocation failure].
[62619:0x102004600]     8047 ms: Scavenge 243.0 (269.0) -> 243.0 (272.0) MB, 24.7 / 0 ms [allocation failure].
[62619:0x102004600]     8073 ms: Scavenge 246.3 (272.0) -> 246.3 (285.0) MB, 24.8 / 0 ms [allocation failure].
[62619:0x102004600]     8088 ms: Scavenge 258.8 (285.0) -> 258.8 (288.0) MB, 14.0 / 0 ms [allocation failure].
[62619:0x102004600]     8113 ms: Scavenge 262.1 (288.0) -> 262.1 (301.0) MB, 24.6 / 0 ms [allocation failure].
[62619:0x102004600]     8128 ms: Scavenge 274.5 (301.0) -> 274.5 (304.0) MB, 13.6 / 0 ms [allocation failure].
[62619:0x102004600]     8153 ms: Scavenge 277.8 (304.0) -> 277.8 (317.0) MB, 25.0 / 0 ms [allocation failure].
[62619:0x102004600]     8168 ms: Scavenge 290.3 (317.0) -> 290.3 (320.0) MB, 13.5 / 0 ms [allocation failure].
[62619:0x102004600]     8195 ms: Scavenge 293.6 (320.0) -> 293.6 (333.0) MB, 26.4 / 0 ms [allocation failure].
[62619:0x102004600] Increasing marking speed to 3 due to high promotion rate
[62619:0x102004600]     8222 ms: Scavenge 306.0 (333.0) -> 306.0 (336.0) MB, 18.5 / 0 ms (+ 6.4 ms in 199 steps since last GC) [allocation failure].
[62619:0x102004600]     8254 ms: Scavenge 309.3 (336.0) -> 309.3 (349.0) MB, 23.8 / 0 ms (+ 7.8 ms in 52 steps since last GC) [allocation failure].
[62619:0x102004600]     8293 ms: Mark-sweep 319.1 (349.0) -> 52.2 (85.0) MB, 17.2 / 0 ms (+ 34.6 ms in 409 steps since start of marking, biggest step 0.4 ms) [GC interrupt] [GC in old space requested].
[62619:0x102004600]     8319 ms: Scavenge 58.0 (85.0) -> 58.0 (91.0) MB, 25.0 / 0 ms [allocation failure].
[62619:0x102004600]     8335 ms: Scavenge 67.9 (91.0) -> 67.9 (97.0) MB, 15.5 / 0 ms [allocation failure].
[62619:0x102004600]     8354 ms: Scavenge 73.7 (97.0) -> 73.7 (107.0) MB, 18.7 / 0 ms [allocation failure].
[62619:0x102004600]     8370 ms: Scavenge 83.6 (107.0) -> 83.6 (113.0) MB, 14.5 / 0 ms [allocation failure].
[62619:0x102004600]     8389 ms: Scavenge 89.4 (113.0) -> 89.4 (123.0) MB, 18.9 / 0 ms [allocation failure].
[62619:0x102004600]     8409 ms: Scavenge 99.3 (123.0) -> 99.3 (129.0) MB, 19.0 / 0 ms [allocation failure].
[62619:0x102004600]     8430 ms: Scavenge 105.2 (129.0) -> 105.2 (139.0) MB, 20.3 / 0 ms [allocation failure].
[62619:0x102004600]     8448 ms: Scavenge 115.1 (139.0) -> 115.1 (145.0) MB, 16.1 / 0 ms [allocation failure].
[62619:0x102004600]     8469 ms: Scavenge 120.9 (145.0) -> 120.9 (155.0) MB, 20.2 / 0 ms [allocation failure].
[62619:0x102004600]     8489 ms: Scavenge 130.8 (155.0) -> 130.8 (161.0) MB, 18.4 / 0 ms [allocation failure].
[62619:0x102004600]     8512 ms: Scavenge 136.7 (161.0) -> 136.7 (171.0) MB, 21.4 / 0 ms [allocation failure].
[62619:0x102004600]     8530 ms: Scavenge 146.6 (171.0) -> 146.6 (177.0) MB, 17.3 / 0 ms [allocation failure].
[62619:0x102004600]     8553 ms: Scavenge 152.4 (177.0) -> 152.4 (187.0) MB, 22.6 / 0 ms [allocation failure].
[62619:0x102004600]     8571 ms: Scavenge 162.3 (187.0) -> 162.3 (193.0) MB, 16.7 / 0 ms [allocation failure].
[62619:0x102004600]     8593 ms: Scavenge 168.2 (193.0) -> 168.2 (203.0) MB, 21.6 / 0 ms [allocation failure].
[62619:0x102004600]     8610 ms: Scavenge 178.1 (203.0) -> 178.1 (209.0) MB, 16.0 / 0 ms [allocation failure].
[62619:0x102004600]     8633 ms: Scavenge 183.9 (209.0) -> 183.9 (219.0) MB, 21.5 / 0 ms [allocation failure].
[62619:0x102004600] Increasing marking speed to 3 due to high promotion rate
[62619:0x102004600]     8657 ms: Scavenge 193.8 (219.0) -> 193.8 (225.0) MB, 17.6 / 0 ms (+ 5.6 ms in 158 steps since last GC) [allocation failure].
[62619:0x102004600]     8709 ms: Scavenge 199.7 (225.0) -> 199.7 (235.0) MB, 36.5 / 0 ms (+ 13.9 ms in 93 steps since last GC) [allocation failure].
[62619:0x102004600]     8751 ms: Mark-sweep 209.3 (235.0) -> 56.8 (88.0) MB, 20.7 / 0 ms (+ 39.0 ms in 406 steps since start of marking, biggest step 0.3 ms) [GC interrupt] [GC in old space requested].
[62619:0x102004600]     8773 ms: Scavenge 62.8 (88.0) -> 62.8 (96.0) MB, 21.1 / 0 ms [allocation failure].
[62619:0x102004600]     8790 ms: Scavenge 72.5 (96.0) -> 72.5 (102.0) MB, 15.8 / 0 ms [allocation failure].
[62619:0x102004600]     8812 ms: Scavenge 78.5 (102.0) -> 78.5 (112.0) MB, 21.4 / 0 ms [allocation failure].
[62619:0x102004600]     8829 ms: Scavenge 88.2 (112.0) -> 88.2 (118.0) MB, 16.1 / 0 ms [allocation failure].
[62619:0x102004600]     8853 ms: Scavenge 94.3 (118.0) -> 94.3 (128.0) MB, 23.1 / 0 ms [allocation failure].
[62619:0x102004600]     8870 ms: Scavenge 104.0 (128.0) -> 104.0 (134.0) MB, 16.4 / 0 ms [allocation failure].
[62619:0x102004600]     8891 ms: Scavenge 110.0 (134.0) -> 110.0 (144.0) MB, 19.6 / 0 ms [allocation failure].
[62619:0x102004600]     8908 ms: Scavenge 119.7 (144.0) -> 119.7 (150.0) MB, 16.2 / 0 ms [allocation failure].
[62619:0x102004600]     8931 ms: Scavenge 125.7 (150.0) -> 125.7 (160.0) MB, 22.6 / 0 ms [allocation failure].
[62619:0x102004600]     8947 ms: Scavenge 135.5 (160.0) -> 135.5 (166.0) MB, 15.2 / 0 ms [allocation failure].
[62619:0x102004600]     8970 ms: Scavenge 141.5 (166.0) -> 141.5 (176.0) MB, 22.0 / 0 ms [allocation failure].
[62619:0x102004600]     8986 ms: Scavenge 151.2 (176.0) -> 151.2 (182.0) MB, 15.4 / 0 ms [allocation failure].
[62619:0x102004600]     9005 ms: Scavenge 157.2 (182.0) -> 157.2 (192.0) MB, 18.1 / 0 ms [allocation failure].
[62619:0x102004600]     9022 ms: Scavenge 166.9 (192.0) -> 166.9 (198.0) MB, 15.8 / 0 ms [allocation failure].
[62619:0x102004600]     9041 ms: Scavenge 173.0 (198.0) -> 173.0 (208.0) MB, 18.6 / 0 ms [allocation failure].
[62619:0x102004600]     9059 ms: Scavenge 182.7 (208.0) -> 182.7 (214.0) MB, 16.6 / 0 ms [allocation failure].
[62619:0x102004600]     9079 ms: Scavenge 188.7 (214.0) -> 188.7 (224.0) MB, 19.1 / 0 ms [allocation failure].
[62619:0x102004600]     9094 ms: Scavenge 198.4 (224.0) -> 198.4 (230.0) MB, 14.7 / 0 ms [allocation failure].
[62619:0x102004600] Increasing marking speed to 3 due to high promotion rate
[62619:0x102004600]     9130 ms: Scavenge 204.5 (230.0) -> 204.5 (240.0) MB, 31.7 / 0 ms (+ 3.0 ms in 96 steps since last GC) [allocation failure].
[62619:0x102004600]     9149 ms: Mark-sweep 208.1 (240.0) -> 17.4 (54.0) MB, 10.0 / 0 ms (+ 11.8 ms in 155 steps since start of marking, biggest step 0.4 ms) [GC interrupt] [GC in old space requested].
[62619:0x102004600]     9165 ms: Scavenge 29.5 (54.0) -> 29.5 (56.0) MB, 14.0 / 0 ms [allocation failure].
[62619:0x102004600]     9188 ms: Scavenge 33.2 (56.0) -> 33.2 (68.0) MB, 22.7 / 0 ms [allocation failure].
[62619:0x102004600]     9203 ms: Scavenge 45.2 (68.0) -> 45.2 (72.0) MB, 13.3 / 0 ms [allocation failure].
[62619:0x102004600]     9225 ms: Scavenge 48.9 (72.0) -> 48.9 (84.0) MB, 21.8 / 0 ms [allocation failure].
[62619:0x102004600]     9240 ms: Scavenge 61.0 (84.0) -> 61.0 (88.0) MB, 13.5 / 0 ms [allocation failure].
[62619:0x102004600]     9262 ms: Scavenge 64.6 (88.0) -> 64.6 (100.0) MB, 21.4 / 0 ms [allocation failure].
[62619:0x102004600] Increasing marking speed to 3 due to high promotion rate
[62619:0x102004600]     9285 ms: Scavenge 76.7 (100.0) -> 76.7 (104.0) MB, 16.5 / 0 ms (+ 6.1 ms in 192 steps since last GC) [allocation failure].
[62619:0x102004600]     9318 ms: Scavenge 80.4 (104.0) -> 80.4 (116.0) MB, 25.2 / 0 ms (+ 7.4 ms in 59 steps since last GC) [allocation failure].
[62619:0x102004600]     9353 ms: Mark-sweep 89.8 (116.0) -> 51.7 (85.0) MB, 16.1 / 0 ms (+ 30.8 ms in 402 steps since start of marking, biggest step 0.3 ms) [GC interrupt] [GC in old space requested].
[62619:0x102004600]     9370 ms: Scavenge 58.0 (85.0) -> 57.9 (91.0) MB, 16.4 / 0 ms [allocation failure].
[62619:0x102004600]     9387 ms: Scavenge 67.4 (91.0) -> 67.4 (97.0) MB, 15.4 / 0 ms [allocation failure].
[62619:0x102004600]     9405 ms: Scavenge 73.7 (97.0) -> 73.7 (107.0) MB, 17.9 / 0 ms [allocation failure].
[62619:0x102004600]     9421 ms: Scavenge 83.1 (107.0) -> 83.1 (113.0) MB, 15.0 / 0 ms [allocation failure].
[62619:0x102004600]     9440 ms: Scavenge 89.4 (113.0) -> 89.4 (123.0) MB, 18.2 / 0 ms [allocation failure].
[62619:0x102004600]     9456 ms: Scavenge 98.9 (123.0) -> 98.9 (129.0) MB, 15.1 / 0 ms [allocation failure].
[62619:0x102004600]     9480 ms: Scavenge 105.1 (129.0) -> 105.1 (139.0) MB, 23.2 / 0 ms [allocation failure].
[62619:0x102004600]     9500 ms: Scavenge 114.6 (139.0) -> 114.6 (145.0) MB, 18.8 / 0 ms [allocation failure].
[62619:0x102004600]     9527 ms: Scavenge 120.9 (145.0) -> 120.9 (155.0) MB, 26.0 / 0 ms [allocation failure].
[62619:0x102004600]     9555 ms: Scavenge 130.4 (155.0) -> 130.4 (161.0) MB, 25.9 / 0 ms [allocation failure].
[62619:0x102004600]     9574 ms: Scavenge 136.6 (161.0) -> 136.6 (171.0) MB, 18.7 / 0 ms [allocation failure].
[62619:0x102004600]     9590 ms: Scavenge 146.1 (171.0) -> 146.1 (177.0) MB, 15.2 / 0 ms [allocation failure].
[62619:0x102004600]     9609 ms: Scavenge 152.4 (177.0) -> 152.4 (187.0) MB, 17.9 / 0 ms [allocation failure].
[62619:0x102004600]     9625 ms: Scavenge 161.9 (187.0) -> 161.8 (193.0) MB, 15.1 / 0 ms [allocation failure].
[62619:0x102004600]     9644 ms: Scavenge 168.1 (193.0) -> 168.1 (203.0) MB, 18.7 / 0 ms [allocation failure].
[62619:0x102004600]     9660 ms: Scavenge 177.6 (203.0) -> 177.6 (209.0) MB, 15.1 / 0 ms [allocation failure].
[62619:0x102004600]     9679 ms: Scavenge 183.9 (209.0) -> 183.9 (219.0) MB, 17.9 / 0 ms [allocation failure].
[62619:0x102004600] Increasing marking speed to 3 due to high promotion rate
[62619:0x102004600]     9702 ms: Scavenge 193.3 (219.0) -> 193.3 (225.0) MB, 16.8 / 0 ms (+ 4.8 ms in 151 steps since last GC) [allocation failure].
[62619:0x102004600]     9735 ms: Scavenge 199.6 (225.0) -> 199.6 (235.0) MB, 20.1 / 0 ms (+ 12.2 ms in 100 steps since last GC) [allocation failure].
[62619:0x102004600]     9771 ms: Mark-sweep 208.8 (235.0) -> 56.3 (88.0) MB, 18.1 / 0 ms (+ 34.0 ms in 399 steps since start of marking, biggest step 0.4 ms) [GC interrupt] [GC in old space requested].
[62619:0x102004600]     9792 ms: Scavenge 62.8 (88.0) -> 62.7 (95.0) MB, 20.7 / 0 ms [allocation failure].
[62619:0x102004600]     9810 ms: Scavenge 72.0 (95.0) -> 72.0 (102.0) MB, 16.2 / 0 ms [allocation failure].
[62619:0x102004600]     9829 ms: Scavenge 78.5 (102.0) -> 78.5 (111.0) MB, 18.3 / 0 ms [allocation failure].
[62619:0x102004600]     9845 ms: Scavenge 87.7 (111.0) -> 87.7 (118.0) MB, 15.3 / 0 ms [allocation failure].
[62619:0x102004600]     9864 ms: Scavenge 94.2 (118.0) -> 94.2 (127.0) MB, 18.7 / 0 ms [allocation failure].
[62619:0x102004600]     9881 ms: Scavenge 103.5 (127.0) -> 103.5 (134.0) MB, 15.6 / 0 ms [allocation failure].
[62619:0x102004600]     9904 ms: Scavenge 110.0 (134.0) -> 109.9 (143.0) MB, 22.9 / 0 ms [allocation failure].
[62619:0x102004600]     9924 ms: Scavenge 119.2 (143.0) -> 119.2 (150.0) MB, 18.3 / 0 ms [allocation failure].
[62619:0x102004600]     9943 ms: Scavenge 125.7 (150.0) -> 125.7 (159.0) MB, 18.0 / 0 ms [allocation failure].
[62619:0x102004600]     9969 ms: Scavenge 135.0 (159.0) -> 135.0 (166.0) MB, 25.3 / 0 ms [allocation failure].
[62619:0x102004600]     9989 ms: Scavenge 141.4 (166.0) -> 141.4 (175.0) MB, 19.0 / 0 ms [allocation failure].
[62619:0x102004600]    10005 ms: Scavenge 150.7 (175.0) -> 150.7 (182.0) MB, 15.5 / 0 ms [allocation failure].
[62619:0x102004600]    10024 ms: Scavenge 157.2 (182.0) -> 157.2 (191.0) MB, 18.3 / 0 ms [allocation failure].
[62619:0x102004600]    10041 ms: Scavenge 166.5 (191.0) -> 166.5 (198.0) MB, 16.0 / 0 ms [allocation failure].
[62619:0x102004600]    10062 ms: Scavenge 172.9 (198.0) -> 172.9 (207.0) MB, 19.9 / 0 ms [allocation failure].
[62619:0x102004600]    10078 ms: Scavenge 182.2 (207.0) -> 182.2 (214.0) MB, 15.4 / 0 ms [allocation failure].
[62619:0x102004600]    10097 ms: Scavenge 188.7 (214.0) -> 188.7 (223.0) MB, 17.9 / 0 ms [allocation failure].
[62619:0x102004600]    10113 ms: Scavenge 198.0 (223.0) -> 198.0 (230.0) MB, 15.2 / 0 ms [allocation failure].
[62619:0x102004600] Increasing marking speed to 3 due to high promotion rate
[62619:0x102004600]    10135 ms: Scavenge 204.4 (230.0) -> 204.4 (239.0) MB, 18.4 / 0 ms (+ 3.5 ms in 103 steps since last GC) [allocation failure].
[62619:0x102004600]    10152 ms: Mark-sweep 207.9 (239.0) -> 17.2 (54.0) MB, 10.1 / 0 ms (+ 9.3 ms in 159 steps since start of marking, biggest step 0.2 ms) [GC interrupt] [GC in old space requested].
[62619:0x102004600]    10169 ms: Scavenge 29.4 (54.0) -> 29.4 (56.0) MB, 15.8 / 0 ms [allocation failure].
[62619:0x102004600]    10202 ms: Scavenge 32.9 (56.0) -> 32.9 (68.0) MB, 32.3 / 0 ms [allocation failure].
[62619:0x102004600]    10219 ms: Scavenge 45.2 (68.0) -> 45.2 (72.0) MB, 16.0 / 0 ms [allocation failure].
[62619:0x102004600]    10252 ms: Scavenge 48.7 (72.0) -> 48.7 (84.0) MB, 32.1 / 0 ms [allocation failure].
[62619:0x102004600]    10269 ms: Scavenge 60.9 (84.0) -> 60.9 (88.0) MB, 15.6 / 0 ms [allocation failure].
[62619:0x102004600]    10292 ms: Scavenge 64.4 (88.0) -> 64.4 (100.0) MB, 22.9 / 0 ms [allocation failure].
[62619:0x102004600] Increasing marking speed to 3 due to high promotion rate
[62619:0x102004600]    10319 ms: Scavenge 76.7 (100.0) -> 76.7 (104.0) MB, 18.5 / 0 ms (+ 6.3 ms in 195 steps since last GC) [allocation failure].
[62619:0x102004600]    10353 ms: Scavenge 80.2 (104.0) -> 80.2 (116.0) MB, 25.1 / 0 ms (+ 8.7 ms in 56 steps since last GC) [allocation failure].
[62619:0x102004600]    10396 ms: Mark-sweep 89.5 (116.0) -> 51.5 (85.0) MB, 18.0 / 0 ms (+ 37.8 ms in 402 steps since start of marking, biggest step 0.5 ms) [GC interrupt] [GC in old space requested].
[62619:0x102004600]    10413 ms: Scavenge 57.8 (85.0) -> 57.7 (90.0) MB, 16.3 / 0 ms [allocation failure].
[62619:0x102004600]    10429 ms: Scavenge 67.1 (90.0) -> 67.1 (97.0) MB, 15.4 / 0 ms [allocation failure].
[62619:0x102004600]    10448 ms: Scavenge 73.4 (97.0) -> 73.4 (106.0) MB, 17.9 / 0 ms [allocation failure].
[62619:0x102004600]    10465 ms: Scavenge 82.9 (106.0) -> 82.9 (113.0) MB, 16.1 / 0 ms [allocation failure].
[62619:0x102004600]    10487 ms: Scavenge 89.2 (113.0) -> 89.2 (122.0) MB, 21.2 / 0 ms [allocation failure].
[62619:0x102004600]    10504 ms: Scavenge 98.6 (122.0) -> 98.6 (129.0) MB, 15.9 / 0 ms [allocation failure].
[62619:0x102004600]    10523 ms: Scavenge 104.9 (129.0) -> 104.9 (138.0) MB, 18.4 / 0 ms [allocation failure].
[62619:0x102004600]    10540 ms: Scavenge 114.4 (138.0) -> 114.4 (145.0) MB, 16.0 / 0 ms [allocation failure].
[62619:0x102004600]    10559 ms: Scavenge 120.7 (145.0) -> 120.7 (154.0) MB, 18.3 / 0 ms [allocation failure].
[62619:0x102004600]    10575 ms: Scavenge 130.1 (154.0) -> 130.1 (161.0) MB, 15.2 / 0 ms [allocation failure].
[62619:0x102004600]    10593 ms: Scavenge 136.4 (161.0) -> 136.4 (170.0) MB, 18.0 / 0 ms [allocation failure].
[62619:0x102004600]    10610 ms: Scavenge 145.9 (170.0) -> 145.9 (177.0) MB, 15.3 / 0 ms [allocation failure].
[62619:0x102004600]    10628 ms: Scavenge 152.2 (177.0) -> 152.2 (186.0) MB, 18.0 / 0 ms [allocation failure].
[62619:0x102004600]    10644 ms: Scavenge 161.6 (186.0) -> 161.6 (193.0) MB, 15.1 / 0 ms [allocation failure].
[62619:0x102004600]    10663 ms: Scavenge 167.9 (193.0) -> 167.9 (202.0) MB, 18.4 / 0 ms [allocation failure].
[62619:0x102004600]    10679 ms: Scavenge 177.4 (202.0) -> 177.4 (209.0) MB, 15.2 / 0 ms [allocation failure].
[62619:0x102004600]    10698 ms: Scavenge 183.6 (209.0) -> 183.6 (218.0) MB, 18.1 / 0 ms [allocation failure].
[62619:0x102004600] Increasing marking speed to 3 due to high promotion rate
[62619:0x102004600]    10721 ms: Scavenge 193.1 (218.0) -> 193.1 (225.0) MB, 16.7 / 0 ms (+ 4.9 ms in 151 steps since last GC) [allocation failure].
[62619:0x102004600]    10752 ms: Scavenge 199.4 (225.0) -> 199.4 (234.0) MB, 19.0 / 0 ms (+ 12.0 ms in 100 steps since last GC) [allocation failure].
[62619:0x102004600]    10796 ms: Mark-sweep 208.5 (234.0) -> 56.0 (87.0) MB, 26.0 / 0 ms (+ 33.7 ms in 397 steps since start of marking, biggest step 0.4 ms) [GC interrupt] [GC in old space requested].
[62619:0x102004600]    10820 ms: Scavenge 62.6 (87.0) -> 62.5 (95.0) MB, 22.3 / 0 ms [allocation failure].
[62619:0x102004600]    10837 ms: Scavenge 71.6 (95.0) -> 71.6 (102.0) MB, 16.3 / 0 ms [allocation failure].
[62619:0x102004600]    10856 ms: Scavenge 78.2 (102.0) -> 78.2 (111.0) MB, 18.0 / 0 ms [allocation failure].
[62619:0x102004600]    10875 ms: Scavenge 87.4 (111.0) -> 87.4 (118.0) MB, 18.2 / 0 ms [allocation failure].
[62619:0x102004600]    10900 ms: Scavenge 94.0 (118.0) -> 94.0 (127.0) MB, 24.1 / 0 ms [allocation failure].
[62619:0x102004600]    10917 ms: Scavenge 103.1 (127.0) -> 103.1 (134.0) MB, 16.2 / 0 ms [allocation failure].
[62619:0x102004600]    10936 ms: Scavenge 109.7 (134.0) -> 109.7 (143.0) MB, 18.0 / 0 ms [allocation failure].
[62619:0x102004600]    10952 ms: Scavenge 118.9 (143.0) -> 118.9 (150.0) MB, 15.4 / 0 ms [allocation failure].
[62619:0x102004600]    10971 ms: Scavenge 125.5 (150.0) -> 125.5 (159.0) MB, 17.8 / 0 ms [allocation failure].
[62619:0x102004600]    10987 ms: Scavenge 134.6 (159.0) -> 134.6 (166.0) MB, 15.4 / 0 ms [allocation failure].
[62619:0x102004600]    11007 ms: Scavenge 141.2 (166.0) -> 141.2 (175.0) MB, 19.8 / 0 ms [allocation failure].
[62619:0x102004600]    11025 ms: Scavenge 150.4 (175.0) -> 150.4 (182.0) MB, 16.6 / 0 ms [allocation failure].
[62619:0x102004600]    11044 ms: Scavenge 157.0 (182.0) -> 157.0 (191.0) MB, 17.8 / 0 ms [allocation failure].
[62619:0x102004600]    11060 ms: Scavenge 166.1 (191.0) -> 166.1 (198.0) MB, 15.2 / 0 ms [allocation failure].
[62619:0x102004600]    11079 ms: Scavenge 172.7 (198.0) -> 172.7 (207.0) MB, 17.6 / 0 ms [allocation failure].
[62619:0x102004600]    11095 ms: Scavenge 181.9 (207.0) -> 181.9 (214.0) MB, 15.3 / 0 ms [allocation failure].
[62619:0x102004600]    11114 ms: Scavenge 188.5 (214.0) -> 188.5 (223.0) MB, 18.3 / 0 ms [allocation failure].
[62619:0x102004600]    11130 ms: Scavenge 197.6 (223.0) -> 197.6 (230.0) MB, 15.2 / 0 ms [allocation failure].
[62619:0x102004600] Increasing marking speed to 3 due to high promotion rate
[62619:0x102004600]    11152 ms: Scavenge 204.2 (230.0) -> 204.2 (239.0) MB, 18.1 / 0 ms (+ 3.3 ms in 105 steps since last GC) [allocation failure].
[62619:0x102004600]    11165 ms: Mark-sweep 207.4 (239.0) -> 16.7 (54.0) MB, 7.6 / 0 ms (+ 9.0 ms in 157 steps since start of marking, biggest step 0.2 ms) [GC interrupt] [GC in old space requested].
[62619:0x102004600]    11182 ms: Scavenge 29.2 (54.0) -> 29.2 (55.0) MB, 14.8 / 0 ms [allocation failure].
[62619:0x102004600]    11210 ms: Scavenge 32.4 (55.0) -> 32.4 (68.0) MB, 28.2 / 0 ms [allocation failure].
[62619:0x102004600]    11226 ms: Scavenge 45.0 (68.0) -> 45.0 (71.0) MB, 14.0 / 0 ms [allocation failure].
[62619:0x102004600]    11249 ms: Scavenge 48.2 (71.0) -> 48.2 (84.0) MB, 22.9 / 0 ms [allocation failure].
[62619:0x102004600]    11265 ms: Scavenge 60.7 (84.0) -> 60.7 (87.0) MB, 14.6 / 0 ms [allocation failure].
[62619:0x102004600]    11294 ms: Scavenge 63.9 (87.0) -> 63.9 (100.0) MB, 28.4 / 0 ms [allocation failure].
[62619:0x102004600] Increasing marking speed to 3 due to high promotion rate
[62619:0x102004600]    11326 ms: Scavenge 76.4 (100.0) -> 76.4 (103.0) MB, 24.1 / 0 ms (+ 6.8 ms in 200 steps since last GC) [allocation failure].
[62619:0x102004600]    11359 ms: Scavenge 79.7 (103.0) -> 79.7 (116.0) MB, 24.4 / 0 ms (+ 7.6 ms in 51 steps since last GC) [allocation failure].
[62619:0x102004600]    11395 ms: Mark-sweep 89.2 (116.0) -> 51.1 (86.0) MB, 17.3 / 0 ms (+ 31.9 ms in 404 steps since start of marking, biggest step 0.4 ms) [GC interrupt] [GC in old space requested].
[62619:0x102004600]    11412 ms: Scavenge 57.3 (86.0) -> 57.2 (90.0) MB, 15.8 / 0 ms [allocation failure].
[62619:0x102004600]    11428 ms: Scavenge 66.8 (90.0) -> 66.8 (96.0) MB, 15.0 / 0 ms [allocation failure].
[62619:0x102004600]    11446 ms: Scavenge 72.9 (96.0) -> 72.9 (106.0) MB, 18.0 / 0 ms [allocation failure].
[62619:0x102004600]    11462 ms: Scavenge 82.5 (106.0) -> 82.5 (112.0) MB, 14.7 / 0 ms [allocation failure].
[62619:0x102004600]    11480 ms: Scavenge 88.7 (112.0) -> 88.7 (122.0) MB, 17.7 / 0 ms [allocation failure].
[62619:0x102004600]    11496 ms: Scavenge 98.3 (122.0) -> 98.3 (128.0) MB, 15.1 / 0 ms [allocation failure].
[62619:0x102004600]    11515 ms: Scavenge 104.4 (128.0) -> 104.4 (138.0) MB, 18.2 / 0 ms [allocation failure].
[62619:0x102004600]    11532 ms: Scavenge 114.0 (138.0) -> 114.0 (144.0) MB, 16.0 / 0 ms [allocation failure].
[62619:0x102004600]    11551 ms: Scavenge 120.2 (144.0) -> 120.2 (154.0) MB, 18.4 / 0 ms [allocation failure].
[62619:0x102004600]    11566 ms: Scavenge 129.8 (154.0) -> 129.8 (160.0) MB, 14.7 / 0 ms [allocation failure].
[62619:0x102004600]    11586 ms: Scavenge 135.9 (160.0) -> 135.9 (170.0) MB, 19.3 / 0 ms [allocation failure].
[62619:0x102004600]    11604 ms: Scavenge 145.5 (170.0) -> 145.5 (176.0) MB, 16.7 / 0 ms [allocation failure].
[62619:0x102004600]    11632 ms: Scavenge 151.7 (176.0) -> 151.7 (186.0) MB, 26.7 / 0 ms [allocation failure].
[62619:0x102004600]    11648 ms: Scavenge 161.3 (186.0) -> 161.3 (192.0) MB, 15.0 / 0 ms [allocation failure].
[62619:0x102004600]    11667 ms: Scavenge 167.4 (192.0) -> 167.4 (202.0) MB, 18.5 / 0 ms [allocation failure].
[62619:0x102004600]    11683 ms: Scavenge 177.0 (202.0) -> 177.0 (208.0) MB, 15.3 / 0 ms [allocation failure].
[62619:0x102004600] Increasing marking speed to 3 due to high promotion rate
[62619:0x102004600]    11706 ms: Scavenge 183.2 (208.0) -> 183.2 (218.0) MB, 19.4 / 0 ms (+ 3.2 ms in 98 steps since last GC) [allocation failure].
[62619:0x102004600]    11744 ms: Scavenge 192.8 (218.0) -> 192.8 (224.0) MB, 18.1 / 0 ms (+ 18.7 ms in 153 steps since last GC) [allocation failure].
[62619:0x102004600]    11760 ms: Mark-sweep 195.2 (224.0) -> 42.6 (81.0) MB, 11.7 / 0 ms (+ 26.0 ms in 291 steps since start of marking, biggest step 0.2 ms) [GC interrupt] [GC in old space requested].
[62619:0x102004600]    11785 ms: Scavenge 55.9 (81.0) -> 55.9 (82.0) MB, 22.3 / 0 ms [allocation failure].
[62619:0x102004600]    11812 ms: Scavenge 58.4 (82.0) -> 58.4 (95.0) MB, 26.8 / 0 ms [allocation failure].
[62619:0x102004600]    11832 ms: Scavenge 71.6 (95.0) -> 71.6 (98.0) MB, 18.2 / 0 ms [allocation failure].
[62619:0x102004600]    11859 ms: Scavenge 74.1 (98.0) -> 74.1 (111.0) MB, 26.6 / 0 ms [allocation failure].
[62619:0x102004600]    11874 ms: Scavenge 87.4 (111.0) -> 87.4 (114.0) MB, 13.0 / 0 ms [allocation failure].
[62619:0x102004600]    11902 ms: Scavenge 89.9 (114.0) -> 89.9 (127.0) MB, 27.4 / 0 ms [allocation failure].
[62619:0x102004600]    11923 ms: Scavenge 103.1 (127.0) -> 103.1 (130.0) MB, 19.3 / 0 ms [allocation failure].
[62619:0x102004600]    11949 ms: Scavenge 105.6 (130.0) -> 105.6 (143.0) MB, 26.2 / 0 ms [allocation failure].
[62619:0x102004600]    11967 ms: Scavenge 118.9 (143.0) -> 118.9 (146.0) MB, 16.0 / 0 ms [allocation failure].
[62619:0x102004600]    11990 ms: Scavenge 121.4 (146.0) -> 121.4 (159.0) MB, 23.1 / 0 ms [allocation failure].
[62619:0x102004600]    12010 ms: Scavenge 134.6 (159.0) -> 134.6 (162.0) MB, 18.0 / 0 ms [allocation failure].
[62619:0x102004600]    12044 ms: Scavenge 137.1 (162.0) -> 137.1 (175.0) MB, 33.8 / 0 ms [allocation failure].
[62619:0x102004600]    12074 ms: Scavenge 150.4 (175.0) -> 150.4 (178.0) MB, 28.3 / 0 ms [allocation failure].
[62619:0x102004600]    12104 ms: Scavenge 152.8 (178.0) -> 152.8 (191.0) MB, 28.8 / 0 ms [allocation failure].
[62619:0x102004600]    12124 ms: Scavenge 166.1 (191.0) -> 166.1 (194.0) MB, 19.1 / 0 ms [allocation failure].
[62619:0x102004600]    12149 ms: Scavenge 168.6 (194.0) -> 168.6 (207.0) MB, 24.3 / 0 ms [allocation failure].
[62619:0x102004600] Increasing marking speed to 3 due to high promotion rate
[62619:0x102004600]    12181 ms: Scavenge 181.9 (207.0) -> 181.9 (210.0) MB, 24.4 / 0 ms (+ 6.9 ms in 212 steps since last GC) [allocation failure].
[62619:0x102004600]    12213 ms: Scavenge 184.3 (210.0) -> 184.3 (223.0) MB, 25.1 / 0 ms (+ 6.4 ms in 39 steps since last GC) [allocation failure].
[62619:0x102004600]    12237 ms: Mark-sweep 189.7 (223.0) -> 37.2 (77.0) MB, 11.8 / 0 ms (+ 24.1 ms in 338 steps since start of marking, biggest step 0.4 ms) [GC interrupt] [GC in old space requested].
[62619:0x102004600]    12251 ms: Scavenge 47.5 (77.0) -> 47.5 (77.0) MB, 13.0 / 0 ms [allocation failure].
[62619:0x102004600]    12275 ms: Scavenge 52.9 (77.0) -> 52.9 (86.0) MB, 23.0 / 0 ms [allocation failure].
[62619:0x102004600]    12291 ms: Scavenge 63.2 (86.0) -> 63.2 (92.0) MB, 15.1 / 0 ms [allocation failure].
[62619:0x102004600]    12312 ms: Scavenge 68.6 (92.0) -> 68.6 (102.0) MB, 20.0 / 0 ms [allocation failure].
[62619:0x102004600]    12328 ms: Scavenge 79.0 (102.0) -> 79.0 (108.0) MB, 14.9 / 0 ms [allocation failure].
[62619:0x102004600]    12347 ms: Scavenge 84.4 (108.0) -> 84.4 (118.0) MB, 19.1 / 0 ms [allocation failure].
[62619:0x102004600]    12363 ms: Scavenge 94.7 (118.0) -> 94.7 (124.0) MB, 14.6 / 0 ms [allocation failure].
[62619:0x102004600]    12384 ms: Scavenge 100.1 (124.0) -> 100.1 (134.0) MB, 20.0 / 0 ms [allocation failure].
[62619:0x102004600]    12399 ms: Scavenge 110.4 (134.0) -> 110.4 (140.0) MB, 14.4 / 0 ms [allocation failure].
[62619:0x102004600]    12419 ms: Scavenge 115.9 (140.0) -> 115.9 (150.0) MB, 18.9 / 0 ms [allocation failure].
[62619:0x102004600]    12434 ms: Scavenge 126.2 (150.0) -> 126.2 (156.0) MB, 14.3 / 0 ms [allocation failure].
[62619:0x102004600]    12453 ms: Scavenge 131.6 (156.0) -> 131.6 (166.0) MB, 18.5 / 0 ms [allocation failure].
[62619:0x102004600]    12477 ms: Scavenge 141.9 (166.0) -> 141.9 (172.0) MB, 23.5 / 0 ms [allocation failure].
[62619:0x102004600] Increasing marking speed to 3 due to high promotion rate
[62619:0x102004600]    12502 ms: Scavenge 147.4 (172.0) -> 147.4 (182.0) MB, 21.1 / 0 ms (+ 2.7 ms in 86 steps since last GC) [allocation failure].
[62619:0x102004600]    12549 ms: Scavenge 157.7 (182.0) -> 157.7 (188.0) MB, 22.4 / 0 ms (+ 23.7 ms in 165 steps since last GC) [allocation failure].
[62619:0x102004600]    12570 ms: Mark-sweep 160.9 (188.0) -> 46.5 (85.0) MB, 13.3 / 0 ms (+ 34.0 ms in 303 steps since start of marking, biggest step 0.4 ms) [GC interrupt] [GC in old space requested].
[62619:0x102004600]    12589 ms: Scavenge 59.0 (85.0) -> 59.0 (86.0) MB, 16.5 / 0 ms [allocation failure].
[62619:0x102004600]    12611 ms: Scavenge 62.2 (86.0) -> 62.2 (99.0) MB, 22.3 / 0 ms [allocation failure].
[62619:0x102004600]    12629 ms: Scavenge 74.7 (99.0) -> 74.7 (102.0) MB, 15.6 / 0 ms [allocation failure].
[62619:0x102004600]    12656 ms: Scavenge 77.9 (102.0) -> 77.9 (115.0) MB, 26.7 / 0 ms [allocation failure].
[62619:0x102004600]    12671 ms: Scavenge 90.5 (115.0) -> 90.5 (118.0) MB, 13.2 / 0 ms [allocation failure].
[62619:0x102004600]    12694 ms: Scavenge 93.7 (118.0) -> 93.7 (131.0) MB, 22.9 / 0 ms [allocation failure].
[62619:0x102004600]    12709 ms: Scavenge 106.2 (131.0) -> 106.2 (134.0) MB, 13.1 / 0 ms [allocation failure].
[62619:0x102004600]    12737 ms: Scavenge 109.4 (134.0) -> 109.4 (147.0) MB, 28.3 / 0 ms [allocation failure].
[62619:0x102004600]    12756 ms: Scavenge 121.9 (147.0) -> 121.9 (150.0) MB, 17.0 / 0 ms [allocation failure].
[62619:0x102004600]    12793 ms: Scavenge 125.2 (150.0) -> 125.2 (163.0) MB, 37.0 / 0 ms [allocation failure].
[62619:0x102004600]    12812 ms: Scavenge 137.7 (163.0) -> 137.7 (166.0) MB, 16.9 / 0 ms [allocation failure].
[62619:0x102004600]    12838 ms: Scavenge 140.9 (166.0) -> 140.9 (179.0) MB, 25.6 / 0 ms [allocation failure].
[62619:0x102004600]    12862 ms: Scavenge 153.4 (179.0) -> 153.4 (182.0) MB, 21.7 / 0 ms [allocation failure].
[62619:0x102004600]    12884 ms: Scavenge 156.7 (182.0) -> 156.7 (195.0) MB, 21.8 / 0 ms [allocation failure].
[62619:0x102004600]    12900 ms: Scavenge 169.2 (195.0) -> 169.2 (198.0) MB, 14.3 / 0 ms [allocation failure].
[62619:0x102004600]    12923 ms: Scavenge 172.4 (198.0) -> 172.4 (211.0) MB, 23.1 / 0 ms [allocation failure].
[62619:0x102004600]    12941 ms: Scavenge 184.9 (211.0) -> 184.9 (214.0) MB, 15.9 / 0 ms [allocation failure].
[62619:0x102004600]    12964 ms: Scavenge 188.2 (214.0) -> 188.2 (227.0) MB, 23.3 / 0 ms [allocation failure].
[62619:0x102004600] Increasing marking speed to 3 due to high promotion rate
[62619:0x102004600]    12986 ms: Scavenge 200.7 (227.0) -> 200.7 (230.0) MB, 14.0 / 0 ms (+ 6.5 ms in 200 steps since last GC) [allocation failure].
[62619:0x102004600]    13021 ms: Scavenge 203.9 (230.0) -> 203.9 (243.0) MB, 25.2 / 0 ms (+ 8.7 ms in 51 steps since last GC) [allocation failure].
[62619:0x102004600]    13083 ms: Scavenge 216.4 (243.0) -> 216.4 (246.0) MB, 30.9 / 0 ms (+ 29.6 ms in 201 steps since last GC) [allocation failure].
[62619:0x102004600]    13100 ms: Mark-sweep 218.4 (246.0) -> 65.8 (105.0) MB, 12.4 / 0 ms (+ 48.8 ms in 483 steps since start of marking, biggest step 0.4 ms) [GC interrupt] [GC in old space requested].
[62619:0x102004600]    13122 ms: Scavenge 79.6 (105.0) -> 79.6 (105.0) MB, 20.1 / 0 ms [allocation failure].
[62619:0x102004600]    13164 ms: Scavenge 81.5 (105.0) -> 81.5 (119.0) MB, 41.6 / 0 ms [allocation failure].
[62619:0x102004600]    13189 ms: Scavenge 95.3 (119.0) -> 95.3 (121.0) MB, 23.0 / 0 ms [allocation failure].
[62619:0x102004600]    13222 ms: Scavenge 97.3 (121.0) -> 97.3 (135.0) MB, 33.0 / 0 ms [allocation failure].
[62619:0x102004600]    13245 ms: Scavenge 111.1 (135.0) -> 111.1 (137.0) MB, 20.9 / 0 ms [allocation failure].
[62619:0x102004600]    13276 ms: Scavenge 113.0 (137.0) -> 113.0 (151.0) MB, 31.1 / 0 ms [allocation failure].
[62619:0x102004600]    13293 ms: Scavenge 126.8 (151.0) -> 126.8 (153.0) MB, 15.8 / 0 ms [allocation failure].
[62619:0x102004600]    13321 ms: Scavenge 128.8 (153.0) -> 128.8 (167.0) MB, 27.6 / 0 ms [allocation failure].
[62619:0x102004600]    13346 ms: Scavenge 142.6 (167.0) -> 142.6 (169.0) MB, 22.9 / 0 ms [allocation failure].
[62619:0x102004600]    13378 ms: Scavenge 144.5 (169.0) -> 144.5 (183.0) MB, 31.9 / 0 ms [allocation failure].
[62619:0x102004600]    13400 ms: Scavenge 158.3 (183.0) -> 158.3 (185.0) MB, 19.8 / 0 ms [allocation failure].
[62619:0x102004600]    13433 ms: Scavenge 160.2 (185.0) -> 160.2 (199.0) MB, 33.2 / 0 ms [allocation failure].
[62619:0x102004600]    13455 ms: Scavenge 174.0 (199.0) -> 174.0 (201.0) MB, 21.1 / 0 ms [allocation failure].
[62619:0x102004600]    13482 ms: Scavenge 176.0 (201.0) -> 176.0 (215.0) MB, 26.7 / 0 ms [allocation failure].
[62619:0x102004600]    13502 ms: Scavenge 189.8 (215.0) -> 189.8 (217.0) MB, 18.5 / 0 ms [allocation failure].
[62619:0x102004600]    13531 ms: Scavenge 191.7 (217.0) -> 191.7 (231.0) MB, 28.0 / 0 ms [allocation failure].
[62619:0x102004600]    13561 ms: Scavenge 205.5 (231.0) -> 205.5 (233.0) MB, 28.7 / 0 ms [allocation failure].
[62619:0x102004600]    13592 ms: Scavenge 207.5 (233.0) -> 207.5 (247.0) MB, 30.8 / 0 ms [allocation failure].
[62619:0x102004600]    13616 ms: Scavenge 221.3 (247.0) -> 221.3 (249.0) MB, 21.8 / 0 ms [allocation failure].
[62619:0x102004600]    13645 ms: Scavenge 223.2 (249.0) -> 223.2 (263.0) MB, 28.8 / 0 ms [allocation failure].
[62619:0x102004600]    13665 ms: Scavenge 237.0 (263.0) -> 237.0 (265.0) MB, 18.7 / 0 ms [allocation failure].
[62619:0x102004600]    13702 ms: Scavenge 239.0 (265.0) -> 239.0 (279.0) MB, 36.3 / 0 ms [allocation failure].
[62619:0x102004600]    13722 ms: Scavenge 252.8 (279.0) -> 252.8 (281.0) MB, 18.4 / 0 ms [allocation failure].
[62619:0x102004600]    13750 ms: Scavenge 254.7 (281.0) -> 254.7 (295.0) MB, 27.3 / 0 ms [allocation failure].
[62619:0x102004600]    13771 ms: Scavenge 268.5 (295.0) -> 268.5 (297.0) MB, 19.3 / 0 ms [allocation failure].
[62619:0x102004600]    13799 ms: Scavenge 270.5 (297.0) -> 270.5 (311.0) MB, 28.2 / 0 ms [allocation failure].
[62619:0x102004600] Increasing marking speed to 3 due to high promotion rate
[62619:0x102004600]    13834 ms: Scavenge 284.3 (311.0) -> 284.3 (313.0) MB, 26.1 / 0 ms (+ 7.5 ms in 220 steps since last GC) [allocation failure].
[62619:0x102004600]    13852 ms: Mark-sweep 285.8 (313.0) -> 18.8 (59.0) MB, 12.5 / 0 ms (+ 12.1 ms in 246 steps since start of marking, biggest step 0.3 ms) [GC interrupt] [GC in old space requested].
[62619:0x102004600]    13873 ms: Scavenge 33.0 (59.0) -> 33.0 (59.0) MB, 19.9 / 0 ms [allocation failure].
[62619:0x102004600]    13901 ms: Scavenge 34.6 (59.0) -> 34.6 (72.0) MB, 27.0 / 0 ms [allocation failure].
[62619:0x102004600]    13921 ms: Scavenge 48.7 (72.0) -> 48.7 (73.0) MB, 18.4 / 0 ms [allocation failure].
[62619:0x102004600]    13952 ms: Scavenge 50.3 (73.0) -> 50.3 (88.0) MB, 30.7 / 0 ms [allocation failure].
[62619:0x102004600]    13980 ms: Scavenge 64.5 (88.0) -> 64.5 (89.0) MB, 26.8 / 0 ms [allocation failure].
[62619:0x102004600]    14013 ms: Scavenge 66.1 (89.0) -> 66.1 (104.0) MB, 33.0 / 0 ms [allocation failure].
[62619:0x102004600]    14036 ms: Scavenge 80.2 (104.0) -> 80.2 (105.0) MB, 20.8 / 0 ms [allocation failure].
[62619:0x102004600]    14070 ms: Scavenge 81.8 (105.0) -> 81.8 (120.0) MB, 33.0 / 0 ms [allocation failure].
[62619:0x102004600] Increasing marking speed to 3 due to high promotion rate
[62619:0x102004600]    14108 ms: Scavenge 96.0 (120.0) -> 96.0 (121.0) MB, 28.2 / 0 ms (+ 8.1 ms in 226 steps since last GC) [allocation failure].
[62619:0x102004600]    14147 ms: Scavenge 97.6 (121.0) -> 97.6 (136.0) MB, 33.9 / 0 ms (+ 5.2 ms in 25 steps since last GC) [allocation failure].
[62619:0x102004600]    14152 ms: Mark-sweep 98.6 (136.0) -> 22.4 (71.0) MB, 3.4 / 0 ms (+ 15.2 ms in 269 steps since start of marking, biggest step 0.4 ms) [GC interrupt] [GC in old space requested].
[62619:0x102004600]    14177 ms: Scavenge 37.0 (71.0) -> 37.0 (71.0) MB, 22.6 / 0 ms [allocation failure].
[62619:0x102004600]    14200 ms: Scavenge 38.1 (71.0) -> 38.1 (76.0) MB, 23.4 / 0 ms [allocation failure].
[62619:0x102004600]    14226 ms: Scavenge 52.7 (76.0) -> 52.7 (77.0) MB, 23.5 / 0 ms [allocation failure].
[62619:0x102004600]    14261 ms: Scavenge 53.8 (77.0) -> 53.8 (92.0) MB, 34.9 / 0 ms [allocation failure].
[62619:0x102004600]    14287 ms: Scavenge 68.5 (92.0) -> 68.5 (93.0) MB, 24.9 / 0 ms [allocation failure].
[62619:0x102004600]    14321 ms: Scavenge 69.6 (93.0) -> 69.6 (108.0) MB, 33.0 / 0 ms [allocation failure].
[62619:0x102004600]    14348 ms: Scavenge 84.2 (108.0) -> 84.2 (109.0) MB, 25.8 / 0 ms [allocation failure].
[62619:0x102004600]    14375 ms: Scavenge 85.3 (109.0) -> 85.3 (124.0) MB, 26.7 / 0 ms [allocation failure].
[62619:0x102004600]    14404 ms: Scavenge 100.0 (124.0) -> 100.0 (125.0) MB, 26.9 / 0 ms [allocation failure].
[62619:0x102004600] Increasing marking speed to 3 due to high promotion rate
[62619:0x102004600]    14446 ms: Scavenge 101.1 (125.0) -> 101.1 (140.0) MB, 40.7 / 0 ms (+ 1.0 ms in 17 steps since last GC) [allocation failure].
[62619:0x102004600]    14490 ms: Mark-sweep 112.8 (140.0) -> 36.6 (73.0) MB, 18.1 / 0 ms (+ 25.0 ms in 205 steps since start of marking, biggest step 0.2 ms) [GC interrupt] [GC in old space requested].
[62619:0x102004600]    14509 ms: Scavenge 40.5 (73.0) -> 40.4 (75.0) MB, 19.0 / 0 ms [allocation failure].
[62619:0x102004600]    14526 ms: Scavenge 52.3 (75.0) -> 52.3 (79.0) MB, 15.5 / 0 ms [allocation failure].
[62619:0x102004600]    14551 ms: Scavenge 56.2 (79.0) -> 56.2 (91.0) MB, 24.4 / 0 ms [allocation failure].
[62619:0x102004600]    14568 ms: Scavenge 68.0 (91.0) -> 68.0 (95.0) MB, 15.5 / 0 ms [allocation failure].
[62619:0x102004600]    14597 ms: Scavenge 71.9 (95.0) -> 71.9 (107.0) MB, 27.9 / 0 ms [allocation failure].
[62619:0x102004600]    14614 ms: Scavenge 83.8 (107.0) -> 83.8 (111.0) MB, 16.0 / 0 ms [allocation failure].
[62619:0x102004600]    14645 ms: Scavenge 87.7 (111.0) -> 87.7 (123.0) MB, 30.6 / 0 ms [allocation failure].
[62619:0x102004600]    14661 ms: Scavenge 99.5 (123.0) -> 99.5 (127.0) MB, 14.2 / 0 ms [allocation failure].
[62619:0x102004600]    14692 ms: Scavenge 103.4 (127.0) -> 103.4 (139.0) MB, 30.3 / 0 ms [allocation failure].
[62619:0x102004600] Increasing marking speed to 3 due to high promotion rate
[62619:0x102004600]    14718 ms: Scavenge 115.2 (139.0) -> 115.2 (143.0) MB, 17.8 / 0 ms (+ 7.0 ms in 189 steps since last GC) [allocation failure].
[62619:0x102004600]    14751 ms: Scavenge 119.2 (143.0) -> 119.2 (155.0) MB, 23.7 / 0 ms (+ 8.4 ms in 62 steps since last GC) [allocation failure].
[62619:0x102004600]    14790 ms: Mark-sweep 128.7 (155.0) -> 52.5 (86.0) MB, 17.9 / 0 ms (+ 35.1 ms in 404 steps since start of marking, biggest step 0.6 ms) [GC interrupt] [GC in old space requested].
[62619:0x102004600]    14808 ms: Scavenge 58.6 (86.0) -> 58.5 (91.0) MB, 16.9 / 0 ms [allocation failure].
[62619:0x102004600]    14826 ms: Scavenge 68.1 (91.0) -> 68.1 (98.0) MB, 16.9 / 0 ms [allocation failure].
[62619:0x102004600]    14847 ms: Scavenge 74.3 (98.0) -> 74.3 (107.0) MB, 20.2 / 0 ms [allocation failure].
[62619:0x102004600]    14865 ms: Scavenge 83.9 (107.0) -> 83.9 (114.0) MB, 17.6 / 0 ms [allocation failure].
[62619:0x102004600]    14885 ms: Scavenge 90.0 (114.0) -> 90.0 (123.0) MB, 19.2 / 0 ms [allocation failure].
[62619:0x102004600]    14902 ms: Scavenge 99.6 (123.0) -> 99.6 (130.0) MB, 16.2 / 0 ms [allocation failure].
[62619:0x102004600]    14922 ms: Scavenge 105.8 (130.0) -> 105.8 (139.0) MB, 19.2 / 0 ms [allocation failure].
[62619:0x102004600]    14941 ms: Scavenge 115.4 (139.0) -> 115.4 (146.0) MB, 17.7 / 0 ms [allocation failure].
[62619:0x102004600]    14962 ms: Scavenge 121.5 (146.0) -> 121.5 (155.0) MB, 19.8 / 0 ms [allocation failure].
[62619:0x102004600]    14979 ms: Scavenge 131.1 (155.0) -> 131.1 (162.0) MB, 16.6 / 0 ms [allocation failure].
[62619:0x102004600]    15000 ms: Scavenge 137.3 (162.0) -> 137.3 (171.0) MB, 20.2 / 0 ms [allocation failure].
[62619:0x102004600]    15018 ms: Scavenge 146.9 (171.0) -> 146.9 (178.0) MB, 16.6 / 0 ms [allocation failure].
[62619:0x102004600]    15038 ms: Scavenge 153.0 (178.0) -> 153.0 (187.0) MB, 19.4 / 0 ms [allocation failure].
[62619:0x102004600]    15054 ms: Scavenge 162.6 (187.0) -> 162.6 (194.0) MB, 15.4 / 0 ms [allocation failure].
[62619:0x102004600]    15075 ms: Scavenge 168.8 (194.0) -> 168.8 (203.0) MB, 20.8 / 0 ms [allocation failure].
[62619:0x102004600]    15093 ms: Scavenge 178.4 (203.0) -> 178.4 (210.0) MB, 16.4 / 0 ms [allocation failure].
[62619:0x102004600]    15118 ms: Scavenge 184.5 (210.0) -> 184.5 (219.0) MB, 24.7 / 0 ms [allocation failure].
[62619:0x102004600] Increasing marking speed to 3 due to high promotion rate
[62619:0x102004600]    15144 ms: Scavenge 194.1 (219.0) -> 194.1 (226.0) MB, 19.1 / 0 ms (+ 5.5 ms in 153 steps since last GC) [allocation failure].
[62619:0x102004600]    15179 ms: Scavenge 200.3 (226.0) -> 200.3 (235.0) MB, 21.4 / 0 ms (+ 13.2 ms in 98 steps since last GC) [allocation failure].
[62619:0x102004600]    15223 ms: Scavenge 209.8 (235.0) -> 209.8 (242.0) MB, 21.2 / 0 ms (+ 21.0 ms in 154 steps since last GC) [allocation failure].
[62619:0x102004600]    15232 ms: Mark-sweep 210.0 (242.0) -> 57.4 (99.0) MB, 9.0 / 0 ms (+ 40.0 ms in 407 steps since start of marking, biggest step 0.3 ms) [GC interrupt] [GC in old space requested].
[62619:0x102004600]    15254 ms: Scavenge 73.0 (99.0) -> 73.0 (99.0) MB, 20.1 / 0 ms [allocation failure].
[62619:0x102004600]    15287 ms: Scavenge 73.1 (99.0) -> 73.1 (112.0) MB, 33.0 / 0 ms [allocation failure].
[62619:0x102004600]    15312 ms: Scavenge 88.8 (112.0) -> 88.8 (113.0) MB, 22.1 / 0 ms [allocation failure].
[62619:0x102004600]    15338 ms: Scavenge 88.9 (113.0) -> 88.9 (128.0) MB, 26.5 / 0 ms [allocation failure].
[62619:0x102004600]    15363 ms: Scavenge 104.5 (128.0) -> 104.5 (129.0) MB, 22.7 / 0 ms [allocation failure].
[62619:0x102004600]    15403 ms: Scavenge 104.6 (129.0) -> 104.6 (144.0) MB, 40.0 / 0 ms [allocation failure].
[62619:0x102004600]    15429 ms: Scavenge 120.2 (144.0) -> 120.2 (145.0) MB, 23.3 / 0 ms [allocation failure].
[62619:0x102004600]    15460 ms: Scavenge 120.4 (145.0) -> 120.4 (160.0) MB, 30.7 / 0 ms [allocation failure].
[62619:0x102004600]    15486 ms: Scavenge 136.0 (160.0) -> 136.0 (161.0) MB, 23.8 / 0 ms [allocation failure].
[62619:0x102004600]    15522 ms: Scavenge 136.1 (161.0) -> 136.1 (176.0) MB, 36.4 / 0 ms [allocation failure].
[62619:0x102004600]    15553 ms: Scavenge 151.7 (176.0) -> 151.7 (177.0) MB, 29.2 / 0 ms [allocation failure].
[62619:0x102004600]    15595 ms: Scavenge 151.9 (177.0) -> 151.9 (192.0) MB, 42.0 / 0 ms [allocation failure].
[62619:0x102004600]    15620 ms: Scavenge 167.5 (192.0) -> 167.5 (193.0) MB, 22.3 / 0 ms [allocation failure].
[62619:0x102004600]    15652 ms: Scavenge 167.6 (193.0) -> 167.6 (208.0) MB, 32.2 / 0 ms [allocation failure].
[62619:0x102004600]    15673 ms: Scavenge 183.2 (208.0) -> 183.2 (209.0) MB, 19.5 / 0 ms [allocation failure].
[62619:0x102004600]    15711 ms: Scavenge 183.3 (209.0) -> 183.3 (224.0) MB, 38.0 / 0 ms [allocation failure].
[62619:0x102004600]    15740 ms: Scavenge 199.0 (224.0) -> 199.0 (225.0) MB, 26.5 / 0 ms [allocation failure].
[62619:0x102004600]    15770 ms: Scavenge 199.1 (225.0) -> 199.1 (240.0) MB, 30.5 / 0 ms [allocation failure].
[62619:0x102004600]    15794 ms: Scavenge 214.7 (240.0) -> 214.7 (241.0) MB, 22.2 / 0 ms [allocation failure].
[62619:0x102004600]    15830 ms: Scavenge 214.8 (241.0) -> 214.8 (256.0) MB, 35.3 / 0 ms [allocation failure].
[62619:0x102004600]    15855 ms: Scavenge 230.5 (256.0) -> 230.5 (257.0) MB, 23.8 / 0 ms [allocation failure].
[62619:0x102004600]    15890 ms: Scavenge 230.6 (257.0) -> 230.6 (272.0) MB, 34.7 / 0 ms [allocation failure].
[62619:0x102004600] Increasing marking speed to 3 due to high promotion rate
[62619:0x102004600]    15927 ms: Scavenge 246.2 (272.0) -> 246.2 (273.0) MB, 26.9 / 0 ms (+ 8.7 ms in 249 steps since last GC) [allocation failure].
[62619:0x102004600]    15973 ms: Scavenge 246.3 (273.0) -> 246.3 (288.0) MB, 45.3 / 0 ms (+ 0.6 ms in 2 steps since last GC) [allocation failure].
[62619:0x102004600]    15977 ms: Mark-sweep 247.0 (288.0) -> 18.3 (66.0) MB, 2.0 / 0 ms (+ 10.9 ms in 262 steps since start of marking, biggest step 0.4 ms) [GC interrupt] [GC in old space requested].
[62619:0x102004600]    16001 ms: Scavenge 33.4 (66.0) -> 33.4 (66.0) MB, 20.9 / 0 ms [allocation failure].
[62619:0x102004600]    16035 ms: Scavenge 34.0 (66.0) -> 34.0 (72.0) MB, 34.4 / 0 ms [allocation failure].
[62619:0x102004600]    16060 ms: Scavenge 49.1 (72.0) -> 49.1 (73.0) MB, 22.1 / 0 ms [allocation failure].
[62619:0x102004600]    16088 ms: Scavenge 49.8 (73.0) -> 49.8 (88.0) MB, 28.1 / 0 ms [allocation failure].
[62619:0x102004600]    16113 ms: Scavenge 64.9 (88.0) -> 64.9 (89.0) MB, 23.4 / 0 ms [allocation failure].
[62619:0x102004600]    16153 ms: Scavenge 65.5 (89.0) -> 65.5 (104.0) MB, 39.4 / 0 ms [allocation failure].
[62619:0x102004600]    16177 ms: Scavenge 80.6 (104.0) -> 80.6 (105.0) MB, 22.8 / 0 ms [allocation failure].
[62619:0x102004600]    16204 ms: Scavenge 81.3 (105.0) -> 81.3 (120.0) MB, 26.2 / 0 ms [allocation failure].
[62619:0x102004600] Increasing marking speed to 3 due to high promotion rate
[62619:0x102004600]    16244 ms: Scavenge 96.4 (120.0) -> 96.4 (121.0) MB, 29.4 / 0 ms (+ 8.7 ms in 241 steps since last GC) [allocation failure].
[62619:0x102004600]    16286 ms: Scavenge 97.0 (121.0) -> 97.0 (136.0) MB, 39.4 / 0 ms (+ 2.8 ms in 10 steps since last GC) [allocation failure].
[62619:0x102004600]    16293 ms: Mark-sweep 98.5 (136.0) -> 22.0 (71.0) MB, 3.4 / 0 ms (+ 14.7 ms in 276 steps since start of marking, biggest step 0.5 ms) [GC interrupt] [GC in old space requested].
[62619:0x102004600]    16314 ms: Scavenge 36.3 (71.0) -> 36.3 (71.0) MB, 19.2 / 0 ms [allocation failure].
[62619:0x102004600]    16351 ms: Scavenge 37.8 (71.0) -> 37.8 (75.0) MB, 36.3 / 0 ms [allocation failure].
[62619:0x102004600]    16377 ms: Scavenge 52.0 (75.0) -> 52.0 (77.0) MB, 23.8 / 0 ms [allocation failure].
[62619:0x102004600]    16411 ms: Scavenge 53.5 (77.0) -> 53.5 (91.0) MB, 33.5 / 0 ms [allocation failure].
[62619:0x102004600]    16436 ms: Scavenge 67.8 (91.0) -> 67.8 (93.0) MB, 23.3 / 0 ms [allocation failure].
[62619:0x102004600]    16468 ms: Scavenge 69.3 (93.0) -> 69.3 (107.0) MB, 32.1 / 0 ms [allocation failure].
[62619:0x102004600]    16491 ms: Scavenge 83.5 (107.0) -> 83.5 (109.0) MB, 21.1 / 0 ms [allocation failure].
[62619:0x102004600]    16524 ms: Scavenge 85.0 (109.0) -> 85.0 (123.0) MB, 33.2 / 0 ms [allocation failure].
[62619:0x102004600] Increasing marking speed to 3 due to high promotion rate
[62619:0x102004600]    16564 ms: Scavenge 99.3 (123.0) -> 99.3 (125.0) MB, 30.3 / 0 ms (+ 7.7 ms in 227 steps since last GC) [allocation failure].
[62619:0x102004600]    16613 ms: Scavenge 100.8 (125.0) -> 100.8 (139.0) MB, 42.6 / 0 ms (+ 6.8 ms in 24 steps since last GC) [allocation failure].
[62619:0x102004600]    16625 ms: Mark-sweep 103.5 (139.0) -> 27.3 (71.0) MB, 6.2 / 0 ms (+ 19.5 ms in 296 steps since start of marking, biggest step 0.5 ms) [GC interrupt] [GC in old space requested].
[62619:0x102004600]    16641 ms: Scavenge 40.2 (71.0) -> 40.2 (71.0) MB, 14.5 / 0 ms [allocation failure].
[62619:0x102004600]    16671 ms: Scavenge 43.0 (71.0) -> 43.0 (79.0) MB, 29.6 / 0 ms [allocation failure].
[62619:0x102004600]    16694 ms: Scavenge 56.0 (79.0) -> 56.0 (82.0) MB, 20.9 / 0 ms [allocation failure].
[62619:0x102004600]    16727 ms: Scavenge 58.7 (82.0) -> 58.7 (95.0) MB, 32.7 / 0 ms [allocation failure].
[62619:0x102004600]    16743 ms: Scavenge 71.7 (95.0) -> 71.7 (98.0) MB, 14.9 / 0 ms [allocation failure].
[62619:0x102004600]    16774 ms: Scavenge 74.5 (98.0) -> 74.5 (111.0) MB, 30.6 / 0 ms [allocation failure].
[62619:0x102004600]    16791 ms: Scavenge 87.4 (111.0) -> 87.4 (114.0) MB, 15.1 / 0 ms [allocation failure].
[62619:0x102004600]    16822 ms: Scavenge 90.2 (114.0) -> 90.2 (127.0) MB, 30.5 / 0 ms [allocation failure].
[62619:0x102004600]    16844 ms: Scavenge 103.2 (127.0) -> 103.2 (130.0) MB, 21.2 / 0 ms [allocation failure].
[62619:0x102004600]    16874 ms: Scavenge 106.0 (130.0) -> 106.0 (143.0) MB, 28.9 / 0 ms [allocation failure].
[62619:0x102004600] Increasing marking speed to 3 due to high promotion rate
[62619:0x102004600]    16915 ms: Scavenge 118.9 (143.0) -> 118.9 (146.0) MB, 30.5 / 0 ms (+ 8.6 ms in 207 steps since last GC) [allocation failure].
[62619:0x102004600]    16957 ms: Scavenge 121.7 (146.0) -> 121.7 (159.0) MB, 34.0 / 0 ms (+ 7.8 ms in 44 steps since last GC) [allocation failure].
[62619:0x102004600]    17009 ms: Mark-sweep 133.7 (159.0) -> 57.5 (91.0) MB, 23.3 / 0 ms (+ 43.7 ms in 443 steps since start of marking, biggest step 0.4 ms) [GC interrupt] [GC in old space requested].
[62619:0x102004600]    17033 ms: Scavenge 61.2 (91.0) -> 61.1 (97.0) MB, 22.7 / 0 ms [allocation failure].
[62619:0x102004600]    17051 ms: Scavenge 73.1 (97.0) -> 73.1 (100.0) MB, 16.5 / 0 ms [allocation failure].
[62619:0x102004600]    17076 ms: Scavenge 76.8 (100.0) -> 76.8 (113.0) MB, 24.9 / 0 ms [allocation failure].
[62619:0x102004600]    17095 ms: Scavenge 88.9 (113.0) -> 88.9 (116.0) MB, 17.7 / 0 ms [allocation failure].
[62619:0x102004600]    17120 ms: Scavenge 92.6 (116.0) -> 92.6 (129.0) MB, 24.7 / 0 ms [allocation failure].
[62619:0x102004600]    17140 ms: Scavenge 104.6 (129.0) -> 104.6 (132.0) MB, 18.1 / 0 ms [allocation failure].
[62619:0x102004600]    17173 ms: Scavenge 108.3 (132.0) -> 108.3 (145.0) MB, 32.8 / 0 ms [allocation failure].
[62619:0x102004600]    17193 ms: Scavenge 120.4 (145.0) -> 120.4 (148.0) MB, 17.6 / 0 ms [allocation failure].
[62619:0x102004600]    17217 ms: Scavenge 124.1 (148.0) -> 124.1 (161.0) MB, 23.7 / 0 ms [allocation failure].
[62619:0x102004600]    17236 ms: Scavenge 136.1 (161.0) -> 136.1 (164.0) MB, 17.0 / 0 ms [allocation failure].
[62619:0x102004600]    17268 ms: Scavenge 139.8 (164.0) -> 139.8 (177.0) MB, 31.5 / 0 ms [allocation failure].
[62619:0x102004600]    17284 ms: Scavenge 151.9 (177.0) -> 151.9 (180.0) MB, 14.9 / 0 ms [allocation failure].
[62619:0x102004600]    17319 ms: Scavenge 155.6 (180.0) -> 155.6 (193.0) MB, 34.5 / 0 ms [allocation failure].
[62619:0x102004600]    17339 ms: Scavenge 167.6 (193.0) -> 167.6 (196.0) MB, 18.6 / 0 ms [allocation failure].
[62619:0x102004600]    17367 ms: Scavenge 171.3 (196.0) -> 171.3 (209.0) MB, 26.6 / 0 ms [allocation failure].
[62619:0x102004600]    17382 ms: Scavenge 183.3 (209.0) -> 183.3 (212.0) MB, 14.1 / 0 ms [allocation failure].
[62619:0x102004600]    17411 ms: Scavenge 187.0 (212.0) -> 187.0 (225.0) MB, 28.2 / 0 ms [allocation failure].
[62619:0x102004600] Increasing marking speed to 3 due to high promotion rate
[62619:0x102004600]    17446 ms: Scavenge 199.1 (225.0) -> 199.1 (228.0) MB, 26.0 / 0 ms (+ 6.8 ms in 192 steps since last GC) [allocation failure].
[62619:0x102004600]    17486 ms: Scavenge 202.8 (228.0) -> 202.8 (241.0) MB, 29.9 / 0 ms (+ 10.2 ms in 59 steps since last GC) [allocation failure].
[62619:0x102004600]    17549 ms: Scavenge 214.8 (241.0) -> 214.8 (244.0) MB, 32.6 / 0 ms (+ 28.0 ms in 193 steps since last GC) [allocation failure].
[62619:0x102004600]    17565 ms: Mark-sweep 216.1 (244.0) -> 63.5 (105.0) MB, 13.2 / 0 ms (+ 47.9 ms in 465 steps since start of marking, biggest step 0.4 ms) [GC interrupt] [GC in old space requested].
[62619:0x102004600]    17588 ms: Scavenge 78.0 (105.0) -> 78.0 (105.0) MB, 20.1 / 0 ms [allocation failure].
[62619:0x102004600]    17618 ms: Scavenge 79.3 (105.0) -> 79.3 (118.0) MB, 30.2 / 0 ms [allocation failure].
[62619:0x102004600]    17649 ms: Scavenge 93.7 (118.0) -> 93.7 (119.0) MB, 28.2 / 0 ms [allocation failure].
[62619:0x102004600]    17689 ms: Scavenge 95.0 (119.0) -> 95.0 (134.0) MB, 40.3 / 0 ms [allocation failure].
[62619:0x102004600]    17715 ms: Scavenge 109.5 (134.0) -> 109.5 (135.0) MB, 23.8 / 0 ms [allocation failure].
[62619:0x102004600]    17752 ms: Scavenge 110.8 (135.0) -> 110.8 (150.0) MB, 36.6 / 0 ms [allocation failure].
[62619:0x102004600]    17774 ms: Scavenge 125.2 (150.0) -> 125.2 (151.0) MB, 19.9 / 0 ms [allocation failure].
[62619:0x102004600]    17811 ms: Scavenge 126.5 (151.0) -> 126.5 (166.0) MB, 36.6 / 0 ms [allocation failure].
[62619:0x102004600]    17838 ms: Scavenge 141.0 (166.0) -> 141.0 (167.0) MB, 24.9 / 0 ms [allocation failure].
[62619:0x102004600]    17875 ms: Scavenge 142.3 (167.0) -> 142.3 (182.0) MB, 36.1 / 0 ms [allocation failure].
[62619:0x102004600]    17904 ms: Scavenge 156.7 (182.0) -> 156.7 (183.0) MB, 28.4 / 0 ms [allocation failure].
[62619:0x102004600]    17943 ms: Scavenge 158.0 (183.0) -> 158.0 (198.0) MB, 38.1 / 0 ms [allocation failure].
[62619:0x102004600]    17971 ms: Scavenge 172.5 (198.0) -> 172.5 (199.0) MB, 26.9 / 0 ms [allocation failure].
[62619:0x102004600]    18007 ms: Scavenge 173.8 (199.0) -> 173.8 (214.0) MB, 35.3 / 0 ms [allocation failure].
[62619:0x102004600]    18029 ms: Scavenge 188.2 (214.0) -> 188.2 (215.0) MB, 20.7 / 0 ms [allocation failure].
[62619:0x102004600]    18067 ms: Scavenge 189.5 (215.0) -> 189.5 (230.0) MB, 37.0 / 0 ms [allocation failure].
[62619:0x102004600]    18091 ms: Scavenge 204.0 (230.0) -> 204.0 (231.0) MB, 22.8 / 0 ms [allocation failure].
[62619:0x102004600]    18129 ms: Scavenge 205.3 (231.0) -> 205.3 (246.0) MB, 38.1 / 0 ms [allocation failure].
[62619:0x102004600]    18155 ms: Scavenge 219.7 (246.0) -> 219.7 (247.0) MB, 23.9 / 0 ms [allocation failure].
[62619:0x102004600]    18194 ms: Scavenge 221.0 (247.0) -> 221.0 (262.0) MB, 39.0 / 0 ms [allocation failure].
[62619:0x102004600]    18222 ms: Scavenge 235.4 (262.0) -> 235.4 (263.0) MB, 24.5 / 0 ms [allocation failure].
[62619:0x102004600]    18261 ms: Scavenge 236.7 (263.0) -> 236.7 (278.0) MB, 38.8 / 0 ms [allocation failure].
[62619:0x102004600]    18284 ms: Scavenge 251.2 (278.0) -> 251.2 (279.0) MB, 20.8 / 0 ms [allocation failure].
[62619:0x102004600]    18318 ms: Scavenge 252.5 (279.0) -> 252.5 (294.0) MB, 33.8 / 0 ms [allocation failure].
[62619:0x102004600] Increasing marking speed to 3 due to high promotion rate
[62619:0x102004600]    18357 ms: Scavenge 266.9 (294.0) -> 266.9 (295.0) MB, 29.6 / 0 ms (+ 7.6 ms in 231 steps since last GC) [allocation failure].
[62619:0x102004600]    18396 ms: Scavenge 268.2 (295.0) -> 268.2 (310.0) MB, 33.9 / 0 ms (+ 5.6 ms in 20 steps since last GC) [allocation failure].
[62619:0x102004600]    18437 ms: Mark-sweep 278.6 (310.0) -> 49.8 (88.0) MB, 17.3 / 0 ms (+ 35.6 ms in 418 steps since start of marking, biggest step 0.5 ms) [GC interrupt] [GC in old space requested].
[62619:0x102004600]    18456 ms: Scavenge 55.1 (88.0) -> 55.0 (89.0) MB, 18.1 / 0 ms [allocation failure].
[62619:0x102004600]    18480 ms: Scavenge 65.5 (89.0) -> 65.5 (94.0) MB, 22.2 / 0 ms [allocation failure].
[62619:0x102004600]    18508 ms: Scavenge 70.8 (94.0) -> 70.8 (105.0) MB, 27.9 / 0 ms [allocation failure].
[62619:0x102004600]    18531 ms: Scavenge 81.2 (105.0) -> 81.2 (110.0) MB, 21.5 / 0 ms [allocation failure].
[62619:0x102004600]    18565 ms: Scavenge 86.5 (110.0) -> 86.5 (121.0) MB, 32.8 / 0 ms [allocation failure].
[62619:0x102004600]    18582 ms: Scavenge 97.0 (121.0) -> 97.0 (126.0) MB, 16.2 / 0 ms [allocation failure].
[62619:0x102004600]    18617 ms: Scavenge 102.3 (126.0) -> 102.3 (137.0) MB, 33.4 / 0 ms [allocation failure].
[62619:0x102004600]    18637 ms: Scavenge 112.7 (137.0) -> 112.7 (142.0) MB, 18.1 / 0 ms [allocation failure].
[62619:0x102004600]    18659 ms: Scavenge 118.0 (142.0) -> 118.0 (153.0) MB, 21.8 / 0 ms [allocation failure].
[62619:0x102004600]    18676 ms: Scavenge 128.5 (153.0) -> 128.5 (158.0) MB, 15.5 / 0 ms [allocation failure].
[62619:0x102004600]    18701 ms: Scavenge 133.8 (158.0) -> 133.8 (169.0) MB, 24.4 / 0 ms [allocation failure].
[62619:0x102004600]    18720 ms: Scavenge 144.2 (169.0) -> 144.2 (174.0) MB, 17.9 / 0 ms [allocation failure].
[62619:0x102004600]    18745 ms: Scavenge 149.5 (174.0) -> 149.5 (185.0) MB, 23.9 / 0 ms [allocation failure].
[62619:0x102004600]    18761 ms: Scavenge 160.0 (185.0) -> 160.0 (190.0) MB, 14.7 / 0 ms [allocation failure].
[62619:0x102004600]    18787 ms: Scavenge 165.3 (190.0) -> 165.3 (201.0) MB, 24.6 / 0 ms [allocation failure].
[62619:0x102004600] Increasing marking speed to 3 due to high promotion rate
[62619:0x102004600]    18809 ms: Scavenge 175.7 (201.0) -> 175.7 (206.0) MB, 16.2 / 0 ms (+ 5.3 ms in 167 steps since last GC) [allocation failure].
[62619:0x102004600]    18856 ms: Scavenge 181.0 (206.0) -> 181.0 (217.0) MB, 32.8 / 0 ms (+ 13.4 ms in 84 steps since last GC) [allocation failure].
[62619:0x102004600]    18864 ms: Mark-sweep 181.9 (217.0) -> 29.4 (71.0) MB, 6.0 / 0 ms (+ 20.5 ms in 267 steps since start of marking, biggest step 0.5 ms) [GC interrupt] [GC in old space requested].
[62619:0x102004600]    18887 ms: Scavenge 44.2 (71.0) -> 44.2 (71.0) MB, 21.0 / 0 ms [allocation failure].
[62619:0x102004600]    18920 ms: Scavenge 45.1 (71.0) -> 45.1 (83.0) MB, 32.9 / 0 ms [allocation failure].
[62619:0x102004600]    18947 ms: Scavenge 59.9 (83.0) -> 59.9 (84.0) MB, 25.2 / 0 ms [allocation failure].
[62619:0x102004600]    18978 ms: Scavenge 60.9 (84.0) -> 60.9 (99.0) MB, 31.4 / 0 ms [allocation failure].
[62619:0x102004600]    19010 ms: Scavenge 75.7 (99.0) -> 75.7 (100.0) MB, 29.2 / 0 ms [allocation failure].
[62619:0x102004600]    19038 ms: Scavenge 76.6 (100.0) -> 76.6 (115.0) MB, 28.5 / 0 ms [allocation failure].
[62619:0x102004600]    19062 ms: Scavenge 91.4 (115.0) -> 91.4 (116.0) MB, 22.4 / 0 ms [allocation failure].
[62619:0x102004600]    19094 ms: Scavenge 92.4 (116.0) -> 92.4 (131.0) MB, 31.7 / 0 ms [allocation failure].
[62619:0x102004600]    19120 ms: Scavenge 107.1 (131.0) -> 107.1 (132.0) MB, 23.3 / 0 ms [allocation failure].
[62619:0x102004600]    19146 ms: Scavenge 108.1 (132.0) -> 108.1 (147.0) MB, 25.4 / 0 ms [allocation failure].
[62619:0x102004600]    19171 ms: Scavenge 122.9 (147.0) -> 122.9 (148.0) MB, 23.7 / 0 ms [allocation failure].
[62619:0x102004600]    19207 ms: Scavenge 123.8 (148.0) -> 123.8 (163.0) MB, 35.5 / 0 ms [allocation failure].
[62619:0x102004600] Increasing marking speed to 3 due to high promotion rate
[62619:0x102004600]    19247 ms: Scavenge 138.6 (163.0) -> 138.6 (164.0) MB, 30.1 / 0 ms (+ 8.0 ms in 236 steps since last GC) [allocation failure].
[62619:0x102004600]    19282 ms: Scavenge 139.6 (164.0) -> 139.6 (179.0) MB, 30.1 / 0 ms (+ 5.0 ms in 15 steps since last GC) [allocation failure].
[62619:0x102004600]    19297 ms: Mark-sweep 143.2 (179.0) -> 28.8 (75.0) MB, 6.0 / 0 ms (+ 21.7 ms in 310 steps since start of marking, biggest step 0.5 ms) [GC interrupt] [GC in old space requested].
[62619:0x102004600]    19315 ms: Scavenge 40.9 (75.0) -> 40.9 (75.0) MB, 15.4 / 0 ms [allocation failure].
[62619:0x102004600]    19336 ms: Scavenge 44.5 (75.0) -> 44.5 (80.0) MB, 20.4 / 0 ms [allocation failure].
[62619:0x102004600]    19355 ms: Scavenge 56.6 (80.0) -> 56.6 (83.0) MB, 17.5 / 0 ms [allocation failure].
[62619:0x102004600]    19384 ms: Scavenge 60.3 (83.0) -> 60.3 (96.0) MB, 28.3 / 0 ms [allocation failure].
[62619:0x102004600]    19401 ms: Scavenge 72.4 (96.0) -> 72.4 (99.0) MB, 16.0 / 0 ms [allocation failure].
[62619:0x102004600]    19426 ms: Scavenge 76.0 (99.0) -> 76.0 (112.0) MB, 24.0 / 0 ms [allocation failure].
[62619:0x102004600]    19443 ms: Scavenge 88.1 (112.0) -> 88.1 (115.0) MB, 15.6 / 0 ms [allocation failure].
[62619:0x102004600]    19465 ms: Scavenge 91.8 (115.0) -> 91.8 (128.0) MB, 21.7 / 0 ms [allocation failure].
[62619:0x102004600]    19484 ms: Scavenge 103.9 (128.0) -> 103.9 (131.0) MB, 18.2 / 0 ms [allocation failure].
[62619:0x102004600]    19508 ms: Scavenge 107.5 (131.0) -> 107.5 (144.0) MB, 23.5 / 0 ms [allocation failure].
[62619:0x102004600] Increasing marking speed to 3 due to high promotion rate
[62619:0x102004600]    19542 ms: Scavenge 119.6 (144.0) -> 119.6 (147.0) MB, 24.4 / 0 ms (+ 7.3 ms in 193 steps since last GC) [allocation failure].
[62619:0x102004600]    19585 ms: Scavenge 123.3 (147.0) -> 123.3 (160.0) MB, 32.6 / 0 ms (+ 10.6 ms in 58 steps since last GC) [allocation failure].
[62619:0x102004600]    19638 ms: Mark-sweep 135.1 (160.0) -> 58.9 (94.0) MB, 21.5 / 0 ms (+ 47.7 ms in 441 steps since start of marking, biggest step 0.4 ms) [GC interrupt] [GC in old space requested].
[62619:0x102004600]    19657 ms: Scavenge 62.7 (94.0) -> 62.6 (98.0) MB, 18.3 / 0 ms [allocation failure].
[62619:0x102004600]    19673 ms: Scavenge 74.5 (98.0) -> 74.5 (102.0) MB, 14.5 / 0 ms [allocation failure].
[62619:0x102004600]    19707 ms: Scavenge 78.4 (102.0) -> 78.4 (114.0) MB, 33.6 / 0 ms [allocation failure].
[62619:0x102004600]    19725 ms: Scavenge 90.3 (114.0) -> 90.3 (118.0) MB, 16.5 / 0 ms [allocation failure].
[62619:0x102004600]    19753 ms: Scavenge 94.1 (118.0) -> 94.1 (130.0) MB, 27.5 / 0 ms [allocation failure].
[62619:0x102004600]    19773 ms: Scavenge 106.0 (130.0) -> 106.0 (134.0) MB, 18.3 / 0 ms [allocation failure].
[62619:0x102004600]    19805 ms: Scavenge 109.9 (134.0) -> 109.9 (146.0) MB, 31.6 / 0 ms [allocation failure].
[62619:0x102004600]    19822 ms: Scavenge 121.8 (146.0) -> 121.8 (150.0) MB, 14.9 / 0 ms [allocation failure].
[62619:0x102004600]    19857 ms: Scavenge 125.6 (150.0) -> 125.6 (162.0) MB, 34.7 / 0 ms [allocation failure].
[62619:0x102004600]    19875 ms: Scavenge 137.5 (162.0) -> 137.5 (166.0) MB, 16.5 / 0 ms [allocation failure].
[62619:0x102004600]    19910 ms: Scavenge 141.4 (166.0) -> 141.4 (178.0) MB, 33.6 / 0 ms [allocation failure].
[62619:0x102004600]    19929 ms: Scavenge 153.3 (178.0) -> 153.3 (182.0) MB, 18.4 / 0 ms [allocation failure].
[62619:0x102004600]    19954 ms: Scavenge 157.1 (182.0) -> 157.1 (194.0) MB, 23.7 / 0 ms [allocation failure].
[62619:0x102004600]    19971 ms: Scavenge 169.0 (194.0) -> 169.0 (198.0) MB, 15.9 / 0 ms [allocation failure].
[62619:0x102004600]    20000 ms: Scavenge 172.8 (198.0) -> 172.8 (210.0) MB, 28.3 / 0 ms [allocation failure].
[62619:0x102004600]    20020 ms: Scavenge 184.8 (210.0) -> 184.8 (214.0) MB, 18.0 / 0 ms [allocation failure].
[62619:0x102004600]    20046 ms: Scavenge 188.6 (214.0) -> 188.6 (226.0) MB, 24.9 / 0 ms [allocation failure].
[62619:0x102004600]    20061 ms: Scavenge 200.5 (226.0) -> 200.5 (230.0) MB, 14.3 / 0 ms [allocation failure].
[62619:0x102004600] Increasing marking speed to 3 due to high promotion rate
[62619:0x102004600]    20092 ms: Scavenge 204.3 (230.0) -> 204.3 (242.0) MB, 27.6 / 0 ms (+ 2.4 ms in 61 steps since last GC) [allocation failure].
[62619:0x102004600]    20111 ms: Mark-sweep 209.1 (242.0) -> 18.4 (57.0) MB, 10.0 / 0 ms (+ 11.2 ms in 137 steps since start of marking, biggest step 0.2 ms) [GC interrupt] [GC in old space requested].
[62619:0x102004600]    20127 ms: Scavenge 29.4 (57.0) -> 29.3 (57.0) MB, 13.6 / 0 ms [allocation failure].
[62619:0x102004600]    20149 ms: Scavenge 34.1 (57.0) -> 34.1 (68.0) MB, 21.7 / 0 ms [allocation failure].
[62619:0x102004600]    20165 ms: Scavenge 45.1 (68.0) -> 45.1 (73.0) MB, 14.8 / 0 ms [allocation failure].
[62619:0x102004600]    20188 ms: Scavenge 49.8 (73.0) -> 49.8 (84.0) MB, 23.0 / 0 ms [allocation failure].
[62619:0x102004600]    20205 ms: Scavenge 60.8 (84.0) -> 60.8 (89.0) MB, 15.5 / 0 ms [allocation failure].
[62619:0x102004600]    20232 ms: Scavenge 65.6 (89.0) -> 65.6 (100.0) MB, 26.3 / 0 ms [allocation failure].
[62619:0x102004600] Increasing marking speed to 3 due to high promotion rate
[62619:0x102004600]    20259 ms: Scavenge 76.6 (100.0) -> 76.6 (105.0) MB, 19.6 / 0 ms (+ 6.0 ms in 175 steps since last GC) [allocation failure].
[62619:0x102004600]    20302 ms: Scavenge 81.3 (105.0) -> 81.3 (116.0) MB, 30.5 / 0 ms (+ 12.0 ms in 76 steps since last GC) [allocation failure].
[62619:0x102004600]    20337 ms: Mark-sweep 90.2 (116.0) -> 52.1 (86.0) MB, 17.1 / 0 ms (+ 35.0 ms in 393 steps since start of marking, biggest step 0.3 ms) [GC interrupt] [GC in old space requested].
[62619:0x102004600]    20355 ms: Scavenge 58.9 (86.0) -> 58.9 (91.0) MB, 16.7 / 0 ms [allocation failure].
[62619:0x102004600]    20377 ms: Scavenge 67.8 (91.0) -> 67.8 (98.0) MB, 20.9 / 0 ms [allocation failure].
[62619:0x102004600]    20400 ms: Scavenge 74.6 (98.0) -> 74.6 (107.0) MB, 22.1 / 0 ms [allocation failure].
[62619:0x102004600]    20423 ms: Scavenge 83.5 (107.0) -> 83.5 (114.0) MB, 21.3 / 0 ms [allocation failure].
[62619:0x102004600]    20447 ms: Scavenge 90.4 (114.0) -> 90.4 (123.0) MB, 23.6 / 0 ms [allocation failure].
[62619:0x102004600]    20471 ms: Scavenge 99.3 (123.0) -> 99.3 (130.0) MB, 21.9 / 0 ms [allocation failure].
[62619:0x102004600]    20494 ms: Scavenge 106.1 (130.0) -> 106.1 (139.0) MB, 22.9 / 0 ms [allocation failure].
[62619:0x102004600]    20512 ms: Scavenge 115.0 (139.0) -> 115.0 (146.0) MB, 16.4 / 0 ms [allocation failure].
[62619:0x102004600]    20538 ms: Scavenge 121.9 (146.0) -> 121.8 (155.0) MB, 24.6 / 0 ms [allocation failure].
[62619:0x102004600]    20560 ms: Scavenge 130.7 (155.0) -> 130.7 (162.0) MB, 20.8 / 0 ms [allocation failure].
[62619:0x102004600]    20587 ms: Scavenge 137.6 (162.0) -> 137.6 (171.0) MB, 25.3 / 0 ms [allocation failure].
[62619:0x102004600]    20607 ms: Scavenge 146.5 (171.0) -> 146.5 (178.0) MB, 19.7 / 0 ms [allocation failure].
[62619:0x102004600]    20633 ms: Scavenge 153.3 (178.0) -> 153.3 (187.0) MB, 24.5 / 0 ms [allocation failure].
[62619:0x102004600]    20658 ms: Scavenge 162.2 (187.0) -> 162.2 (194.0) MB, 24.4 / 0 ms [allocation failure].
[62619:0x102004600]    20680 ms: Scavenge 169.1 (194.0) -> 169.1 (203.0) MB, 21.0 / 0 ms [allocation failure].
[62619:0x102004600]    20699 ms: Scavenge 178.0 (203.0) -> 178.0 (210.0) MB, 17.2 / 0 ms [allocation failure].
[62619:0x102004600]    20722 ms: Scavenge 184.8 (210.0) -> 184.8 (219.0) MB, 22.3 / 0 ms [allocation failure].
[62619:0x102004600] Increasing marking speed to 3 due to high promotion rate
[62619:0x102004600]    20746 ms: Scavenge 193.7 (219.0) -> 193.7 (226.0) MB, 18.3 / 0 ms (+ 4.8 ms in 142 steps since last GC) [allocation failure].
[62619:0x102004600]    20790 ms: Scavenge 200.6 (226.0) -> 200.6 (235.0) MB, 25.7 / 0 ms (+ 17.9 ms in 109 steps since last GC) [allocation failure].
[62619:0x102004600]    20834 ms: Scavenge 209.5 (235.0) -> 209.5 (242.0) MB, 21.4 / 0 ms (+ 21.1 ms in 143 steps since last GC) [allocation failure].
[62619:0x102004600]    20843 ms: Mark-sweep 209.7 (242.0) -> 57.1 (99.0) MB, 8.4 / 0 ms (+ 44.0 ms in 398 steps since start of marking, biggest step 0.4 ms) [GC interrupt] [GC in old space requested].
[62619:0x102004600]    20863 ms: Scavenge 72.6 (99.0) -> 72.6 (99.0) MB, 18.2 / 0 ms [allocation failure].
[62619:0x102004600]    20898 ms: Scavenge 72.9 (99.0) -> 72.9 (112.0) MB, 34.7 / 0 ms [allocation failure].
[62619:0x102004600]    20922 ms: Scavenge 88.4 (112.0) -> 88.4 (112.0) MB, 21.9 / 0 ms [allocation failure].
[62619:0x102004600]    20952 ms: Scavenge 88.6 (112.0) -> 88.6 (128.0) MB, 29.7 / 0 ms [allocation failure].
[62619:0x102004600]    20979 ms: Scavenge 104.1 (128.0) -> 104.1 (128.0) MB, 25.0 / 0 ms [allocation failure].
[62619:0x102004600]    21016 ms: Scavenge 104.4 (128.0) -> 104.4 (144.0) MB, 37.2 / 0 ms [allocation failure].
[62619:0x102004600]    21040 ms: Scavenge 119.9 (144.0) -> 119.9 (144.0) MB, 21.4 / 0 ms [allocation failure].
[62619:0x102004600]    21079 ms: Scavenge 120.1 (144.0) -> 120.1 (160.0) MB, 38.9 / 0 ms [allocation failure].
[62619:0x102004600]    21104 ms: Scavenge 135.6 (160.0) -> 135.6 (160.0) MB, 23.6 / 0 ms [allocation failure].
[62619:0x102004600]    21140 ms: Scavenge 135.9 (160.0) -> 135.9 (176.0) MB, 35.9 / 0 ms [allocation failure].
[62619:0x102004600]    21164 ms: Scavenge 151.4 (176.0) -> 151.4 (176.0) MB, 22.5 / 0 ms [allocation failure].
[62619:0x102004600]    21205 ms: Scavenge 151.6 (176.0) -> 151.6 (192.0) MB, 41.3 / 0 ms [allocation failure].
[62619:0x102004600]    21228 ms: Scavenge 167.1 (192.0) -> 167.1 (192.0) MB, 20.5 / 0 ms [allocation failure].
[62619:0x102004600]    21258 ms: Scavenge 167.4 (192.0) -> 167.4 (208.0) MB, 30.1 / 0 ms [allocation failure].
[62619:0x102004600]    21282 ms: Scavenge 182.9 (208.0) -> 182.9 (208.0) MB, 20.9 / 0 ms [allocation failure].
[62619:0x102004600]    21318 ms: Scavenge 183.1 (208.0) -> 183.1 (224.0) MB, 36.6 / 0 ms [allocation failure].
[62619:0x102004600]    21343 ms: Scavenge 198.6 (224.0) -> 198.6 (224.0) MB, 22.8 / 0 ms [allocation failure].
[62619:0x102004600]    21386 ms: Scavenge 198.8 (224.0) -> 198.8 (240.0) MB, 42.4 / 0 ms [allocation failure].
[62619:0x102004600]    21409 ms: Scavenge 214.3 (240.0) -> 214.3 (240.0) MB, 21.3 / 0 ms [allocation failure].
[62619:0x102004600]    21445 ms: Scavenge 214.6 (240.0) -> 214.6 (256.0) MB, 36.0 / 0 ms [allocation failure].
[62619:0x102004600]    21471 ms: Scavenge 230.1 (256.0) -> 230.1 (256.0) MB, 24.1 / 0 ms [allocation failure].
[62619:0x102004600]    21505 ms: Scavenge 230.3 (256.0) -> 230.3 (272.0) MB, 34.6 / 0 ms [allocation failure].
[62619:0x102004600] Increasing marking speed to 3 due to high promotion rate
[62619:0x102004600]    21545 ms: Scavenge 245.8 (272.0) -> 245.8 (272.0) MB, 29.8 / 0 ms (+ 8.3 ms in 247 steps since last GC) [allocation failure].
[62619:0x102004600]    21584 ms: Scavenge 246.1 (272.0) -> 246.1 (288.0) MB, 37.1 / 0 ms (+ 1.5 ms in 4 steps since last GC) [allocation failure].
[62619:0x102004600]    21587 ms: Mark-sweep 246.6 (288.0) -> 18.1 (67.0) MB, 1.5 / 0 ms (+ 10.6 ms in 260 steps since start of marking, biggest step 0.5 ms) [GC interrupt] [GC in old space requested].
[62619:0x102004600]    21610 ms: Scavenge 33.3 (67.0) -> 33.3 (67.0) MB, 21.6 / 0 ms [allocation failure].
[62619:0x102004600]    21641 ms: Scavenge 33.8 (67.0) -> 33.8 (72.0) MB, 31.0 / 0 ms [allocation failure].
[62619:0x102004600]    21665 ms: Scavenge 49.0 (72.0) -> 49.0 (73.0) MB, 22.1 / 0 ms [allocation failure].
[62619:0x102004600]    21697 ms: Scavenge 49.5 (73.0) -> 49.5 (88.0) MB, 31.8 / 0 ms [allocation failure].
[62619:0x102004600]    21720 ms: Scavenge 64.8 (88.0) -> 64.8 (89.0) MB, 20.7 / 0 ms [allocation failure].
[62619:0x102004600]    21752 ms: Scavenge 65.3 (89.0) -> 65.3 (104.0) MB, 32.6 / 0 ms [allocation failure].
[62619:0x102004600]    21777 ms: Scavenge 80.5 (104.0) -> 80.5 (105.0) MB, 23.5 / 0 ms [allocation failure].
[62619:0x102004600]    21811 ms: Scavenge 81.0 (105.0) -> 81.0 (120.0) MB, 33.7 / 0 ms [allocation failure].
[62619:0x102004600] Increasing marking speed to 3 due to high promotion rate
[62619:0x102004600]    21855 ms: Scavenge 96.3 (120.0) -> 96.3 (121.0) MB, 33.8 / 0 ms (+ 8.1 ms in 243 steps since last GC) [allocation failure].
[62619:0x102004600]    21900 ms: Scavenge 96.8 (121.0) -> 96.8 (136.0) MB, 41.4 / 0 ms (+ 3.2 ms in 8 steps since last GC) [allocation failure].
[62619:0x102004600]    21906 ms: Mark-sweep 98.4 (136.0) -> 21.7 (70.0) MB, 2.5 / 0 ms (+ 14.1 ms in 277 steps since start of marking, biggest step 0.5 ms) [GC interrupt] [GC in old space requested].
[62619:0x102004600]    21932 ms: Scavenge 35.9 (70.0) -> 35.9 (70.0) MB, 24.4 / 0 ms [allocation failure].
[62619:0x102004600]    21958 ms: Scavenge 37.5 (70.0) -> 37.5 (75.0) MB, 26.1 / 0 ms [allocation failure].
[62619:0x102004600]    21985 ms: Scavenge 51.6 (75.0) -> 51.6 (76.0) MB, 24.8 / 0 ms [allocation failure].
[62619:0x102004600]    22020 ms: Scavenge 53.2 (76.0) -> 53.2 (91.0) MB, 35.0 / 0 ms [allocation failure].
[62619:0x102004600]    22047 ms: Scavenge 67.4 (91.0) -> 67.4 (92.0) MB, 25.1 / 0 ms [allocation failure].
[62619:0x102004600]    22080 ms: Scavenge 69.0 (92.0) -> 69.0 (107.0) MB, 33.1 / 0 ms [allocation failure].
[62619:0x102004600]    22105 ms: Scavenge 83.1 (107.0) -> 83.1 (108.0) MB, 22.3 / 0 ms [allocation failure].
[62619:0x102004600]    22143 ms: Scavenge 84.7 (108.0) -> 84.7 (123.0) MB, 38.0 / 0 ms [allocation failure].
[62619:0x102004600] Increasing marking speed to 3 due to high promotion rate
[62619:0x102004600]    22178 ms: Scavenge 98.9 (123.0) -> 98.9 (124.0) MB, 26.2 / 0 ms (+ 7.6 ms in 226 steps since last GC) [allocation failure].
[62619:0x102004600]    22225 ms: Scavenge 100.5 (124.0) -> 100.5 (139.0) MB, 39.8 / 0 ms (+ 6.5 ms in 25 steps since last GC) [allocation failure].
[62619:0x102004600]    22236 ms: Mark-sweep 102.9 (139.0) -> 26.6 (72.0) MB, 5.1 / 0 ms (+ 19.4 ms in 291 steps since start of marking, biggest step 0.5 ms) [GC interrupt] [GC in old space requested].
[62619:0x102004600]    22253 ms: Scavenge 39.9 (72.0) -> 39.9 (72.0) MB, 15.3 / 0 ms [allocation failure].
[62619:0x102004600]    22277 ms: Scavenge 42.4 (72.0) -> 42.4 (79.0) MB, 24.1 / 0 ms [allocation failure].
[62619:0x102004600]    22307 ms: Scavenge 55.6 (79.0) -> 55.6 (81.0) MB, 27.5 / 0 ms [allocation failure].
[62619:0x102004600]    22347 ms: Scavenge 58.1 (81.0) -> 58.1 (95.0) MB, 39.6 / 0 ms [allocation failure].
[62619:0x102004600]    22371 ms: Scavenge 71.4 (95.0) -> 71.4 (97.0) MB, 22.1 / 0 ms [allocation failure].
[62619:0x102004600]    22397 ms: Scavenge 73.9 (97.0) -> 73.9 (111.0) MB, 26.0 / 0 ms [allocation failure].
[62619:0x102004600]    22416 ms: Scavenge 87.1 (111.0) -> 87.1 (113.0) MB, 16.6 / 0 ms [allocation failure].
[62619:0x102004600]    22442 ms: Scavenge 89.6 (113.0) -> 89.6 (127.0) MB, 25.7 / 0 ms [allocation failure].
[62619:0x102004600]    22459 ms: Scavenge 102.9 (127.0) -> 102.9 (129.0) MB, 16.2 / 0 ms [allocation failure].
[62619:0x102004600]    22487 ms: Scavenge 105.4 (129.0) -> 105.4 (143.0) MB, 26.8 / 0 ms [allocation failure].
[62619:0x102004600] Increasing marking speed to 3 due to high promotion rate
[62619:0x102004600]    22523 ms: Scavenge 118.6 (143.0) -> 118.6 (145.0) MB, 26.9 / 0 ms (+ 8.0 ms in 212 steps since last GC) [allocation failure].
[62619:0x102004600]    22577 ms: Scavenge 121.1 (145.0) -> 121.1 (159.0) MB, 45.3 / 0 ms (+ 8.2 ms in 39 steps since last GC) [allocation failure].
[62619:0x102004600]    22629 ms: Mark-sweep 133.0 (159.0) -> 56.8 (92.0) MB, 21.1 / 0 ms (+ 45.0 ms in 442 steps since start of marking, biggest step 0.4 ms) [GC interrupt] [GC in old space requested].
[62619:0x102004600]    22647 ms: Scavenge 60.6 (92.0) -> 60.5 (96.0) MB, 18.4 / 0 ms [allocation failure].
[62619:0x102004600]    22663 ms: Scavenge 72.4 (96.0) -> 72.4 (100.0) MB, 13.8 / 0 ms [allocation failure].
[62619:0x102004600]    22692 ms: Scavenge 76.2 (100.0) -> 76.2 (112.0) MB, 28.7 / 0 ms [allocation failure].
[62619:0x102004600]    22707 ms: Scavenge 88.2 (112.0) -> 88.2 (116.0) MB, 13.2 / 0 ms [allocation failure].
[62619:0x102004600]    22734 ms: Scavenge 91.9 (116.0) -> 91.9 (128.0) MB, 27.0 / 0 ms [allocation failure].
[62619:0x102004600]    22751 ms: Scavenge 103.9 (128.0) -> 103.9 (132.0) MB, 15.7 / 0 ms [allocation failure].
[62619:0x102004600]    22780 ms: Scavenge 107.7 (132.0) -> 107.7 (144.0) MB, 27.8 / 0 ms [allocation failure].
[62619:0x102004600]    22798 ms: Scavenge 119.7 (144.0) -> 119.7 (148.0) MB, 17.0 / 0 ms [allocation failure].
[62619:0x102004600]    22830 ms: Scavenge 123.4 (148.0) -> 123.4 (160.0) MB, 31.8 / 0 ms [allocation failure].
[62619:0x102004600]    22847 ms: Scavenge 135.4 (160.0) -> 135.4 (164.0) MB, 14.8 / 0 ms [allocation failure].
[62619:0x102004600]    22872 ms: Scavenge 139.2 (164.0) -> 139.2 (176.0) MB, 25.1 / 0 ms [allocation failure].
[62619:0x102004600]    22890 ms: Scavenge 151.2 (176.0) -> 151.2 (180.0) MB, 16.1 / 0 ms [allocation failure].
[62619:0x102004600]    22915 ms: Scavenge 154.9 (180.0) -> 154.9 (192.0) MB, 24.4 / 0 ms [allocation failure].
[62619:0x102004600]    22934 ms: Scavenge 166.9 (192.0) -> 166.9 (196.0) MB, 17.5 / 0 ms [allocation failure].
[62619:0x102004600]    22958 ms: Scavenge 170.7 (196.0) -> 170.7 (208.0) MB, 23.5 / 0 ms [allocation failure].
[62619:0x102004600]    22975 ms: Scavenge 182.7 (208.0) -> 182.7 (212.0) MB, 15.5 / 0 ms [allocation failure].
[62619:0x102004600]    23006 ms: Scavenge 186.4 (212.0) -> 186.4 (224.0) MB, 30.6 / 0 ms [allocation failure].
[62619:0x102004600] Increasing marking speed to 3 due to high promotion rate
[62619:0x102004600]    23041 ms: Scavenge 198.4 (224.0) -> 198.4 (228.0) MB, 25.8 / 0 ms (+ 7.3 ms in 191 steps since last GC) [allocation failure].
[62619:0x102004600]    23090 ms: Scavenge 202.2 (228.0) -> 202.2 (240.0) MB, 38.1 / 0 ms (+ 10.3 ms in 60 steps since last GC) [allocation failure].
[62619:0x102004600]    23146 ms: Scavenge 214.2 (240.0) -> 214.2 (244.0) MB, 26.6 / 0 ms (+ 28.1 ms in 192 steps since last GC) [allocation failure].
[62619:0x102004600]    23164 ms: Mark-sweep 215.2 (244.0) -> 62.6 (102.0) MB, 13.7 / 0 ms (+ 49.2 ms in 460 steps since start of marking, biggest step 0.5 ms) [GC interrupt] [GC in old space requested].
[62619:0x102004600]    23185 ms: Scavenge 77.3 (102.0) -> 77.3 (102.0) MB, 19.4 / 0 ms [allocation failure].
[62619:0x102004600]    23220 ms: Scavenge 78.3 (102.0) -> 78.3 (117.0) MB, 35.0 / 0 ms [allocation failure].
[62619:0x102004600]    23243 ms: Scavenge 93.1 (117.0) -> 93.1 (118.0) MB, 21.4 / 0 ms [allocation failure].
[62619:0x102004600]    23284 ms: Scavenge 94.1 (118.0) -> 94.1 (133.0) MB, 40.7 / 0 ms [allocation failure].
[62619:0x102004600]    23311 ms: Scavenge 108.8 (133.0) -> 108.8 (134.0) MB, 25.1 / 0 ms [allocation failure].
[62619:0x102004600]    23345 ms: Scavenge 109.8 (134.0) -> 109.8 (149.0) MB, 33.3 / 0 ms [allocation failure].
[62619:0x102004600]    23368 ms: Scavenge 124.5 (149.0) -> 124.5 (150.0) MB, 21.7 / 0 ms [allocation failure].
[62619:0x102004600]    23404 ms: Scavenge 125.6 (150.0) -> 125.6 (165.0) MB, 35.3 / 0 ms [allocation failure].
[62619:0x102004600]    23434 ms: Scavenge 140.3 (165.0) -> 140.3 (166.0) MB, 28.7 / 0 ms [allocation failure].
[62619:0x102004600]    23470 ms: Scavenge 141.3 (166.0) -> 141.3 (181.0) MB, 35.3 / 0 ms [allocation failure].
[62619:0x102004600]    23493 ms: Scavenge 156.0 (181.0) -> 156.0 (182.0) MB, 21.2 / 0 ms [allocation failure].
[62619:0x102004600]    23527 ms: Scavenge 157.1 (182.0) -> 157.1 (197.0) MB, 33.6 / 0 ms [allocation failure].
[62619:0x102004600]    23548 ms: Scavenge 171.8 (197.0) -> 171.8 (198.0) MB, 20.3 / 0 ms [allocation failure].
[62619:0x102004600]    23584 ms: Scavenge 172.8 (198.0) -> 172.8 (213.0) MB, 35.2 / 0 ms [allocation failure].
[62619:0x102004600]    23611 ms: Scavenge 187.5 (213.0) -> 187.5 (214.0) MB, 24.7 / 0 ms [allocation failure].
[62619:0x102004600]    23655 ms: Scavenge 188.6 (214.0) -> 188.6 (229.0) MB, 43.6 / 0 ms [allocation failure].
[62619:0x102004600]    23679 ms: Scavenge 203.3 (229.0) -> 203.3 (230.0) MB, 22.7 / 0 ms [allocation failure].
[62619:0x102004600]    23715 ms: Scavenge 204.3 (230.0) -> 204.3 (245.0) MB, 35.9 / 0 ms [allocation failure].
[62619:0x102004600]    23740 ms: Scavenge 219.0 (245.0) -> 219.0 (246.0) MB, 22.3 / 0 ms [allocation failure].
[62619:0x102004600]    23775 ms: Scavenge 220.1 (246.0) -> 220.1 (261.0) MB, 35.3 / 0 ms [allocation failure].
[62619:0x102004600]    23800 ms: Scavenge 234.8 (261.0) -> 234.8 (262.0) MB, 23.0 / 0 ms [allocation failure].
[62619:0x102004600]    23834 ms: Scavenge 235.8 (262.0) -> 235.8 (277.0) MB, 34.3 / 0 ms [allocation failure].
[62619:0x102004600]    23859 ms: Scavenge 250.5 (277.0) -> 250.5 (278.0) MB, 23.4 / 0 ms [allocation failure].
[62619:0x102004600]    23895 ms: Scavenge 251.6 (278.0) -> 251.6 (293.0) MB, 35.8 / 0 ms [allocation failure].
[62619:0x102004600] Increasing marking speed to 3 due to high promotion rate
[62619:0x102004600]    23936 ms: Scavenge 266.3 (293.0) -> 266.3 (294.0) MB, 29.9 / 0 ms (+ 8.7 ms in 235 steps since last GC) [allocation failure].
[62619:0x102004600]    23981 ms: Scavenge 267.3 (294.0) -> 267.3 (309.0) MB, 39.4 / 0 ms (+ 4.9 ms in 16 steps since last GC) [allocation failure].
[62619:0x102004600]    24023 ms: Mark-sweep 277.5 (309.0) -> 48.7 (87.0) MB, 18.8 / 0 ms (+ 35.3 ms in 415 steps since start of marking, biggest step 0.5 ms) [GC interrupt] [GC in old space requested].
[62619:0x102004600]    24042 ms: Scavenge 54.2 (87.0) -> 54.1 (88.0) MB, 18.9 / 0 ms [allocation failure].
[62619:0x102004600]    24060 ms: Scavenge 64.4 (88.0) -> 64.4 (93.0) MB, 16.8 / 0 ms [allocation failure].
[62619:0x102004600]    24090 ms: Scavenge 69.8 (93.0) -> 69.8 (104.0) MB, 28.8 / 0 ms [allocation failure].
[62619:0x102004600]    24112 ms: Scavenge 80.1 (104.0) -> 80.1 (109.0) MB, 20.4 / 0 ms [allocation failure].
[62619:0x102004600]    24135 ms: Scavenge 85.6 (109.0) -> 85.6 (120.0) MB, 22.7 / 0 ms [allocation failure].
[62619:0x102004600]    24156 ms: Scavenge 95.9 (120.0) -> 95.9 (125.0) MB, 19.1 / 0 ms [allocation failure].
[62619:0x102004600]    24186 ms: Scavenge 101.3 (125.0) -> 101.3 (136.0) MB, 29.1 / 0 ms [allocation failure].
[62619:0x102004600]    24208 ms: Scavenge 111.6 (136.0) -> 111.6 (141.0) MB, 21.5 / 0 ms [allocation failure].
[62619:0x102004600]    24234 ms: Scavenge 117.1 (141.0) -> 117.1 (152.0) MB, 25.3 / 0 ms [allocation failure].
[62619:0x102004600]    24252 ms: Scavenge 127.4 (152.0) -> 127.4 (157.0) MB, 16.9 / 0 ms [allocation failure].
[62619:0x102004600]    24278 ms: Scavenge 132.8 (157.0) -> 132.8 (168.0) MB, 24.7 / 0 ms [allocation failure].
[62619:0x102004600]    24297 ms: Scavenge 143.1 (168.0) -> 143.1 (173.0) MB, 18.5 / 0 ms [allocation failure].
[62619:0x102004600]    24322 ms: Scavenge 148.6 (173.0) -> 148.6 (184.0) MB, 23.7 / 0 ms [allocation failure].
[62619:0x102004600]    24339 ms: Scavenge 158.8 (184.0) -> 158.8 (189.0) MB, 15.4 / 0 ms [allocation failure].
[62619:0x102004600]    24359 ms: Scavenge 164.3 (189.0) -> 164.3 (200.0) MB, 19.4 / 0 ms [allocation failure].
[62619:0x102004600] Increasing marking speed to 3 due to high promotion rate
[62619:0x102004600]    24381 ms: Scavenge 174.6 (200.0) -> 174.6 (205.0) MB, 15.7 / 0 ms (+ 5.1 ms in 164 steps since last GC) [allocation failure].
[62619:0x102004600]    24420 ms: Scavenge 180.1 (205.0) -> 180.1 (216.0) MB, 27.2 / 0 ms (+ 11.6 ms in 87 steps since last GC) [allocation failure].
[62619:0x102004600]    24426 ms: Mark-sweep 180.3 (216.0) -> 27.7 (70.0) MB, 5.3 / 0 ms (+ 17.2 ms in 256 steps since start of marking, biggest step 0.5 ms) [GC interrupt] [GC in old space requested].
[62619:0x102004600]    24449 ms: Scavenge 43.2 (70.0) -> 43.2 (70.0) MB, 21.4 / 0 ms [allocation failure].
[62619:0x102004600]    24480 ms: Scavenge 43.5 (70.0) -> 43.5 (82.0) MB, 30.4 / 0 ms [allocation failure].
[62619:0x102004600]    24510 ms: Scavenge 59.0 (82.0) -> 59.0 (82.0) MB, 28.7 / 0 ms [allocation failure].
[62619:0x102004600]    24543 ms: Scavenge 59.2 (82.0) -> 59.2 (98.0) MB, 32.5 / 0 ms [allocation failure].
[62619:0x102004600]    24564 ms: Scavenge 74.7 (98.0) -> 74.7 (98.0) MB, 18.8 / 0 ms [allocation failure].
[62619:0x102004600]    24591 ms: Scavenge 75.0 (98.0) -> 75.0 (114.0) MB, 26.8 / 0 ms [allocation failure].
[62619:0x102004600]    24620 ms: Scavenge 90.5 (114.0) -> 90.5 (114.0) MB, 28.1 / 0 ms [allocation failure].
[62619:0x102004600]    24660 ms: Scavenge 90.7 (114.0) -> 90.7 (130.0) MB, 39.7 / 0 ms [allocation failure].
[62619:0x102004600]    24683 ms: Scavenge 106.2 (130.0) -> 106.2 (130.0) MB, 20.3 / 0 ms [allocation failure].
[62619:0x102004600]    24711 ms: Scavenge 106.5 (130.0) -> 106.5 (146.0) MB, 28.3 / 0 ms [allocation failure].
[62619:0x102004600]    24738 ms: Scavenge 122.0 (146.0) -> 122.0 (146.0) MB, 24.8 / 0 ms [allocation failure].
[62619:0x102004600]    24766 ms: Scavenge 122.2 (146.0) -> 122.2 (162.0) MB, 28.2 / 0 ms [allocation failure].
[62619:0x102004600] Increasing marking speed to 3 due to high promotion rate
[62619:0x102004600]    24800 ms: Scavenge 137.7 (162.0) -> 137.7 (162.0) MB, 24.4 / 0 ms (+ 7.8 ms in 247 steps since last GC) [allocation failure].
[62619:0x102004600]    24828 ms: Scavenge 138.0 (162.0) -> 138.0 (178.0) MB, 26.8 / 0 ms (+ 1.0 ms in 4 steps since last GC) [allocation failure].
[62619:0x102004600]    24839 ms: Mark-sweep 141.4 (178.0) -> 27.0 (72.0) MB, 4.6 / 0 ms (+ 15.3 ms in 307 steps since start of marking, biggest step 0.4 ms) [GC interrupt] [GC in old space requested].
[62619:0x102004600]    24855 ms: Scavenge 39.3 (72.0) -> 39.3 (72.0) MB, 13.8 / 0 ms [allocation failure].
[62619:0x102004600]    24877 ms: Scavenge 42.7 (72.0) -> 42.7 (78.0) MB, 22.0 / 0 ms [allocation failure].
[62619:0x102004600]    24896 ms: Scavenge 55.0 (78.0) -> 55.0 (82.0) MB, 17.5 / 0 ms [allocation failure].
[62619:0x102004600]    24919 ms: Scavenge 58.5 (82.0) -> 58.5 (94.0) MB, 22.0 / 0 ms [allocation failure].
[62619:0x102004600]    24933 ms: Scavenge 70.7 (94.0) -> 70.7 (98.0) MB, 13.1 / 0 ms [allocation failure].
[62619:0x102004600]    24959 ms: Scavenge 74.2 (98.0) -> 74.2 (110.0) MB, 25.9 / 0 ms [allocation failure].
[62619:0x102004600]    24977 ms: Scavenge 86.5 (110.0) -> 86.5 (114.0) MB, 15.9 / 0 ms [allocation failure].
[62619:0x102004600]    24999 ms: Scavenge 90.0 (114.0) -> 90.0 (126.0) MB, 21.8 / 0 ms [allocation failure].
[62619:0x102004600]    25014 ms: Scavenge 102.2 (126.0) -> 102.2 (130.0) MB, 13.7 / 0 ms [allocation failure].
[62619:0x102004600]    25049 ms: Scavenge 105.7 (130.0) -> 105.7 (142.0) MB, 34.0 / 0 ms [allocation failure].
[62619:0x102004600] Increasing marking speed to 3 due to high promotion rate
[62619:0x102004600]    25074 ms: Scavenge 118.0 (142.0) -> 118.0 (146.0) MB, 16.7 / 0 ms (+ 6.9 ms in 196 steps since last GC) [allocation failure].
[62619:0x102004600]    25122 ms: Scavenge 121.5 (146.0) -> 121.5 (158.0) MB, 36.7 / 0 ms (+ 10.3 ms in 55 steps since last GC) [allocation failure].
[62619:0x102004600]    25168 ms: Mark-sweep 132.5 (158.0) -> 56.3 (90.0) MB, 22.1 / 0 ms (+ 39.9 ms in 429 steps since start of marking, biggest step 0.4 ms) [GC interrupt] [GC in old space requested].
[62619:0x102004600]    25191 ms: Scavenge 60.9 (90.0) -> 60.8 (95.0) MB, 21.6 / 0 ms [allocation failure].
[62619:0x102004600]    25206 ms: Scavenge 72.0 (95.0) -> 72.0 (100.0) MB, 14.5 / 0 ms [allocation failure].
[62619:0x102004600]    25235 ms: Scavenge 76.6 (100.0) -> 76.6 (111.0) MB, 27.9 / 0 ms [allocation failure].
[62619:0x102004600]    25253 ms: Scavenge 87.7 (111.0) -> 87.7 (116.0) MB, 16.4 / 0 ms [allocation failure].
[62619:0x102004600]    25275 ms: Scavenge 92.3 (116.0) -> 92.3 (127.0) MB, 21.5 / 0 ms [allocation failure].
[62619:0x102004600]    25292 ms: Scavenge 103.5 (127.0) -> 103.5 (132.0) MB, 16.2 / 0 ms [allocation failure].
[62619:0x102004600]    25317 ms: Scavenge 108.1 (132.0) -> 108.1 (143.0) MB, 24.1 / 0 ms [allocation failure].
[62619:0x102004600]    25336 ms: Scavenge 119.2 (143.0) -> 119.2 (148.0) MB, 17.4 / 0 ms [allocation failure].
[62619:0x102004600]    25360 ms: Scavenge 123.8 (148.0) -> 123.8 (159.0) MB, 23.6 / 0 ms [allocation failure].
[62619:0x102004600]    25378 ms: Scavenge 135.0 (159.0) -> 135.0 (164.0) MB, 17.4 / 0 ms [allocation failure].
[62619:0x102004600]    25405 ms: Scavenge 139.6 (164.0) -> 139.6 (175.0) MB, 26.5 / 0 ms [allocation failure].
[62619:0x102004600]    25423 ms: Scavenge 150.7 (175.0) -> 150.7 (180.0) MB, 16.4 / 0 ms [allocation failure].
[62619:0x102004600]    25450 ms: Scavenge 155.3 (180.0) -> 155.3 (191.0) MB, 25.8 / 0 ms [allocation failure].
[62619:0x102004600]    25466 ms: Scavenge 166.5 (191.0) -> 166.5 (196.0) MB, 15.6 / 0 ms [allocation failure].
[62619:0x102004600]    25499 ms: Scavenge 171.0 (196.0) -> 171.0 (207.0) MB, 32.7 / 0 ms [allocation failure].
[62619:0x102004600]    25518 ms: Scavenge 182.2 (207.0) -> 182.2 (212.0) MB, 17.0 / 0 ms [allocation failure].
[62619:0x102004600]    25545 ms: Scavenge 186.8 (212.0) -> 186.8 (223.0) MB, 26.1 / 0 ms [allocation failure].
[62619:0x102004600] Increasing marking speed to 3 due to high promotion rate
[62619:0x102004600]    25577 ms: Scavenge 198.0 (223.0) -> 198.0 (228.0) MB, 22.8 / 0 ms (+ 7.8 ms in 178 steps since last GC) [allocation failure].
[62619:0x102004600]    25626 ms: Scavenge 202.5 (228.0) -> 202.5 (239.0) MB, 32.3 / 0 ms (+ 15.8 ms in 73 steps since last GC) [allocation failure].
[62619:0x102004600]    25671 ms: Scavenge 213.7 (239.0) -> 213.7 (244.0) MB, 19.0 / 0 ms (+ 24.9 ms in 179 steps since last GC) [allocation failure].
[62619:0x102004600]    25686 ms: Mark-sweep 214.9 (244.0) -> 62.4 (103.0) MB, 11.6 / 0 ms (+ 51.2 ms in 450 steps since start of marking, biggest step 0.5 ms) [GC interrupt] [GC in old space requested].
[62619:0x102004600]    25706 ms: Scavenge 76.9 (103.0) -> 76.9 (103.0) MB, 17.8 / 0 ms [allocation failure].
[62619:0x102004600]    25746 ms: Scavenge 78.1 (103.0) -> 78.1 (116.0) MB, 39.9 / 0 ms [allocation failure].
[62619:0x102004600]    25766 ms: Scavenge 92.6 (116.0) -> 92.6 (118.0) MB, 18.7 / 0 ms [allocation failure].
[62619:0x102004600]    25805 ms: Scavenge 93.8 (118.0) -> 93.8 (132.0) MB, 38.5 / 0 ms [allocation failure].
[62619:0x102004600]    25830 ms: Scavenge 108.3 (132.0) -> 108.3 (134.0) MB, 22.6 / 0 ms [allocation failure].
[62619:0x102004600]    25870 ms: Scavenge 109.6 (134.0) -> 109.6 (148.0) MB, 40.0 / 0 ms [allocation failure].
[62619:0x102004600]    25889 ms: Scavenge 124.1 (148.0) -> 124.1 (150.0) MB, 17.7 / 0 ms [allocation failure].
[62619:0x102004600]    25918 ms: Scavenge 125.3 (150.0) -> 125.3 (164.0) MB, 28.5 / 0 ms [allocation failure].
[62619:0x102004600]    25939 ms: Scavenge 139.8 (164.0) -> 139.8 (166.0) MB, 18.9 / 0 ms [allocation failure].
[62619:0x102004600]    25964 ms: Scavenge 141.1 (166.0) -> 141.1 (180.0) MB, 25.1 / 0 ms [allocation failure].
[62619:0x102004600]    25989 ms: Scavenge 155.6 (180.0) -> 155.6 (182.0) MB, 22.9 / 0 ms [allocation failure].
[62619:0x102004600]    26027 ms: Scavenge 156.8 (182.0) -> 156.8 (196.0) MB, 38.3 / 0 ms [allocation failure].
[62619:0x102004600]    26053 ms: Scavenge 171.3 (196.0) -> 171.3 (198.0) MB, 23.6 / 0 ms [allocation failure].
[62619:0x102004600]    26077 ms: Scavenge 172.6 (198.0) -> 172.6 (212.0) MB, 24.5 / 0 ms [allocation failure].
[62619:0x102004600]    26100 ms: Scavenge 187.1 (212.0) -> 187.1 (214.0) MB, 20.5 / 0 ms [allocation failure].
[62619:0x102004600]    26136 ms: Scavenge 188.3 (214.0) -> 188.3 (228.0) MB, 35.9 / 0 ms [allocation failure].
[62619:0x102004600]    26149 ms: Scavenge 202.8 (228.0) -> 202.8 (230.0) MB, 11.2 / 0 ms [allocation failure].
[62619:0x102004600]    26176 ms: Scavenge 204.1 (230.0) -> 204.1 (244.0) MB, 27.2 / 0 ms [allocation failure].
[62619:0x102004600]    26201 ms: Scavenge 218.6 (244.0) -> 218.6 (246.0) MB, 23.5 / 0 ms [allocation failure].
[62619:0x102004600]    26225 ms: Scavenge 219.8 (246.0) -> 219.8 (260.0) MB, 24.3 / 0 ms [allocation failure].
[62619:0x102004600]    26253 ms: Scavenge 234.3 (260.0) -> 234.3 (262.0) MB, 25.3 / 0 ms [allocation failure].
[62619:0x102004600]    26278 ms: Scavenge 235.5 (262.0) -> 235.5 (276.0) MB, 25.1 / 0 ms [allocation failure].
[62619:0x102004600]    26309 ms: Scavenge 250.1 (276.0) -> 250.1 (278.0) MB, 29.3 / 0 ms [allocation failure].
[62619:0x102004600]    26334 ms: Scavenge 251.3 (278.0) -> 251.3 (292.0) MB, 24.3 / 0 ms [allocation failure].
[62619:0x102004600] Increasing marking speed to 3 due to high promotion rate
[62619:0x102004600]    26371 ms: Scavenge 265.8 (292.0) -> 265.8 (294.0) MB, 27.8 / 0 ms (+ 7.5 ms in 232 steps since last GC) [allocation failure].
[62619:0x102004600]    26414 ms: Scavenge 267.0 (294.0) -> 267.0 (308.0) MB, 39.3 / 0 ms (+ 4.3 ms in 19 steps since last GC) [allocation failure].
[62619:0x102004600]    26450 ms: Mark-sweep 276.9 (308.0) -> 48.1 (86.0) MB, 14.2 / 0 ms (+ 32.2 ms in 409 steps since start of marking, biggest step 0.4 ms) [GC interrupt] [GC in old space requested].
[62619:0x102004600]    26469 ms: Scavenge 53.9 (86.0) -> 53.8 (87.0) MB, 17.7 / 0 ms [allocation failure].
[62619:0x102004600]    26489 ms: Scavenge 63.7 (87.0) -> 63.7 (93.0) MB, 18.3 / 0 ms [allocation failure].
[62619:0x102004600]    26516 ms: Scavenge 69.6 (93.0) -> 69.6 (103.0) MB, 26.6 / 0 ms [allocation failure].
[62619:0x102004600]    26532 ms: Scavenge 79.5 (103.0) -> 79.5 (109.0) MB, 15.1 / 0 ms [allocation failure].
[62619:0x102004600]    26552 ms: Scavenge 85.3 (109.0) -> 85.3 (119.0) MB, 19.4 / 0 ms [allocation failure].
[62619:0x102004600]    26571 ms: Scavenge 95.2 (119.0) -> 95.2 (125.0) MB, 17.9 / 0 ms [allocation failure].
[62619:0x102004600]    26601 ms: Scavenge 101.1 (125.0) -> 101.1 (135.0) MB, 29.0 / 0 ms [allocation failure].
[62619:0x102004600]    26622 ms: Scavenge 111.0 (135.0) -> 111.0 (141.0) MB, 19.2 / 0 ms [allocation failure].
[62619:0x102004600]    26642 ms: Scavenge 116.8 (141.0) -> 116.8 (151.0) MB, 19.3 / 0 ms [allocation failure].
[62619:0x102004600]    26658 ms: Scavenge 126.7 (151.0) -> 126.7 (157.0) MB, 14.5 / 0 ms [allocation failure].
[62619:0x102004600]    26683 ms: Scavenge 132.6 (157.0) -> 132.6 (167.0) MB, 24.0 / 0 ms [allocation failure].
[62619:0x102004600]    26702 ms: Scavenge 142.5 (167.0) -> 142.5 (173.0) MB, 17.4 / 0 ms [allocation failure].
[62619:0x102004600]    26725 ms: Scavenge 148.3 (173.0) -> 148.3 (183.0) MB, 22.4 / 0 ms [allocation failure].
[62619:0x102004600]    26741 ms: Scavenge 158.2 (183.0) -> 158.2 (189.0) MB, 15.6 / 0 ms [allocation failure].
[62619:0x102004600]    26765 ms: Scavenge 164.1 (189.0) -> 164.1 (199.0) MB, 23.4 / 0 ms [allocation failure].
[62619:0x102004600] Increasing marking speed to 3 due to high promotion rate
[62619:0x102004600]    26791 ms: Scavenge 174.0 (199.0) -> 174.0 (205.0) MB, 18.5 / 0 ms (+ 5.6 ms in 158 steps since last GC) [allocation failure].
[62619:0x102004600]    26817 ms: Mark-sweep 179.6 (205.0) -> 27.0 (62.0) MB, 13.9 / 0 ms (+ 17.1 ms in 248 steps since start of marking, biggest step 0.3 ms) [GC interrupt] [GC in old space requested].
[62619:0x102004600]    26835 ms: Scavenge 37.1 (62.0) -> 37.1 (66.0) MB, 17.4 / 0 ms [allocation failure].
[62619:0x102004600]    26854 ms: Scavenge 42.7 (66.0) -> 42.7 (76.0) MB, 17.9 / 0 ms [allocation failure].
[62619:0x102004600]    26869 ms: Scavenge 52.8 (76.0) -> 52.8 (82.0) MB, 14.1 / 0 ms [allocation failure].
[62619:0x102004600]    26888 ms: Scavenge 58.5 (82.0) -> 58.5 (92.0) MB, 18.1 / 0 ms [allocation failure].
[62619:0x102004600]    26903 ms: Scavenge 68.6 (92.0) -> 68.6 (98.0) MB, 14.2 / 0 ms [allocation failure].
[62619:0x102004600]    26921 ms: Scavenge 74.2 (98.0) -> 74.2 (108.0) MB, 17.9 / 0 ms [allocation failure].
[62619:0x102004600]    26936 ms: Scavenge 84.3 (108.0) -> 84.3 (114.0) MB, 13.8 / 0 ms [allocation failure].
[62619:0x102004600]    26954 ms: Scavenge 90.0 (114.0) -> 90.0 (124.0) MB, 18.2 / 0 ms [allocation failure].
[62619:0x102004600]    26970 ms: Scavenge 100.1 (124.0) -> 100.1 (130.0) MB, 14.3 / 0 ms [allocation failure].
[62619:0x102004600] Increasing marking speed to 3 due to high promotion rate
[62619:0x102004600]    26992 ms: Scavenge 105.7 (130.0) -> 105.7 (140.0) MB, 18.9 / 0 ms (+ 2.9 ms in 90 steps since last GC) [allocation failure].
[62619:0x102004600]    27030 ms: Scavenge 115.8 (140.0) -> 115.8 (146.0) MB, 19.0 / 0 ms (+ 17.9 ms in 161 steps since last GC) [allocation failure].
[62619:0x102004600]    27043 ms: Mark-sweep 117.5 (146.0) -> 41.2 (81.0) MB, 9.9 / 0 ms (+ 23.5 ms in 279 steps since start of marking, biggest step 0.2 ms) [GC interrupt] [GC in old space requested].
[62619:0x102004600]    27065 ms: Scavenge 55.3 (81.0) -> 55.3 (81.0) MB, 20.4 / 0 ms [allocation failure].
[62619:0x102004600]    27093 ms: Scavenge 57.0 (81.0) -> 57.0 (94.0) MB, 27.4 / 0 ms [allocation failure].
[62619:0x102004600]    27119 ms: Scavenge 71.0 (94.0) -> 71.0 (96.0) MB, 25.3 / 0 ms [allocation failure].
[62619:0x102004600]    27148 ms: Scavenge 72.7 (96.0) -> 72.7 (110.0) MB, 28.0 / 0 ms [allocation failure].
[62619:0x102004600]    27167 ms: Scavenge 86.7 (110.0) -> 86.7 (112.0) MB, 18.4 / 0 ms [allocation failure].
[62619:0x102004600]    27196 ms: Scavenge 88.5 (112.0) -> 88.5 (126.0) MB, 28.7 / 0 ms [allocation failure].
[62619:0x102004600]    27221 ms: Scavenge 102.5 (126.0) -> 102.5 (128.0) MB, 22.4 / 0 ms [allocation failure].
[62619:0x102004600]    27257 ms: Scavenge 104.2 (128.0) -> 104.2 (142.0) MB, 35.7 / 0 ms [allocation failure].
[62619:0x102004600]    27272 ms: Scavenge 118.2 (142.0) -> 118.2 (144.0) MB, 13.5 / 0 ms [allocation failure].
[62619:0x102004600]    27300 ms: Scavenge 119.9 (144.0) -> 119.9 (158.0) MB, 28.4 / 0 ms [allocation failure].
[62619:0x102004600]    27328 ms: Scavenge 134.0 (158.0) -> 134.0 (160.0) MB, 25.4 / 0 ms [allocation failure].
[62619:0x102004600]    27355 ms: Scavenge 135.7 (160.0) -> 135.7 (174.0) MB, 26.7 / 0 ms [allocation failure].
[62619:0x102004600]    27383 ms: Scavenge 149.7 (174.0) -> 149.7 (176.0) MB, 26.7 / 0 ms [allocation failure].
[62619:0x102004600]    27417 ms: Scavenge 151.4 (176.0) -> 151.4 (190.0) MB, 33.5 / 0 ms [allocation failure].
[62619:0x102004600]    27437 ms: Scavenge 165.5 (190.0) -> 165.5 (192.0) MB, 18.7 / 0 ms [allocation failure].
[62619:0x102004600]    27469 ms: Scavenge 167.2 (192.0) -> 167.2 (206.0) MB, 31.1 / 0 ms [allocation failure].
[62619:0x102004600] Increasing marking speed to 3 due to high promotion rate
[62619:0x102004600]    27505 ms: Scavenge 181.2 (206.0) -> 181.2 (208.0) MB, 27.1 / 0 ms (+ 7.3 ms in 224 steps since last GC) [allocation failure].
[62619:0x102004600]    27545 ms: Scavenge 182.9 (208.0) -> 182.9 (222.0) MB, 35.4 / 0 ms (+ 4.9 ms in 27 steps since last GC) [allocation failure].
[62619:0x102004600]    27566 ms: Mark-sweep 188.3 (222.0) -> 35.8 (76.0) MB, 9.8 / 0 ms (+ 22.5 ms in 338 steps since start of marking, biggest step 0.4 ms) [GC interrupt] [GC in old space requested].
[62619:0x102004600]    27581 ms: Scavenge 46.1 (76.0) -> 46.1 (76.0) MB, 13.1 / 0 ms [allocation failure].
[62619:0x102004600]    27606 ms: Scavenge 51.5 (76.0) -> 51.5 (85.0) MB, 24.5 / 0 ms [allocation failure].
[62619:0x102004600]    27624 ms: Scavenge 61.8 (85.0) -> 61.8 (91.0) MB, 17.4 / 0 ms [allocation failure].
[62619:0x102004600]    27649 ms: Scavenge 67.2 (91.0) -> 67.2 (101.0) MB, 24.1 / 0 ms [allocation failure].
[62619:0x102004600]    27669 ms: Scavenge 77.5 (101.0) -> 77.5 (107.0) MB, 17.9 / 0 ms [allocation failure].
[62619:0x102004600]    27691 ms: Scavenge 83.0 (107.0) -> 83.0 (117.0) MB, 21.1 / 0 ms [allocation failure].
[62619:0x102004600]    27712 ms: Scavenge 93.3 (117.0) -> 93.3 (123.0) MB, 19.1 / 0 ms [allocation failure].
[62619:0x102004600]    27736 ms: Scavenge 98.7 (123.0) -> 98.7 (133.0) MB, 23.3 / 0 ms [allocation failure].
[62619:0x102004600]    27753 ms: Scavenge 109.0 (133.0) -> 109.0 (139.0) MB, 16.0 / 0 ms [allocation failure].
[62619:0x102004600]    27773 ms: Scavenge 114.5 (139.0) -> 114.5 (149.0) MB, 19.8 / 0 ms [allocation failure].
[62619:0x102004600]    27792 ms: Scavenge 124.8 (149.0) -> 124.8 (155.0) MB, 17.0 / 0 ms [allocation failure].
[62619:0x102004600]    27811 ms: Scavenge 130.2 (155.0) -> 130.2 (165.0) MB, 18.6 / 0 ms [allocation failure].
[62619:0x102004600] Increasing marking speed to 3 due to high promotion rate
[62619:0x102004600]    27836 ms: Scavenge 140.5 (165.0) -> 140.5 (171.0) MB, 19.2 / 0 ms (+ 5.1 ms in 165 steps since last GC) [allocation failure].
[62619:0x102004600]    27873 ms: Scavenge 146.0 (171.0) -> 146.0 (181.0) MB, 21.8 / 0 ms (+ 14.0 ms in 86 steps since last GC) [allocation failure].
[62619:0x102004600]    27886 ms: Mark-sweep 148.3 (181.0) -> 33.9 (74.0) MB, 8.0 / 0 ms (+ 23.5 ms in 289 steps since start of marking, biggest step 0.4 ms) [GC interrupt] [GC in old space requested].
[62619:0x102004600]    27906 ms: Scavenge 47.3 (74.0) -> 47.2 (74.0) MB, 18.9 / 0 ms [allocation failure].
[62619:0x102004600]    27932 ms: Scavenge 49.6 (74.0) -> 49.6 (86.0) MB, 25.9 / 0 ms [allocation failure].
[62619:0x102004600]    27948 ms: Scavenge 63.0 (86.0) -> 63.0 (89.0) MB, 14.1 / 0 ms [allocation failure].
[62619:0x102004600]    27975 ms: Scavenge 65.3 (89.0) -> 65.3 (102.0) MB, 27.0 / 0 ms [allocation failure].
[62619:0x102004600]    27996 ms: Scavenge 78.7 (102.0) -> 78.7 (105.0) MB, 19.4 / 0 ms [allocation failure].
[62619:0x102004600]    28019 ms: Scavenge 81.1 (105.0) -> 81.1 (118.0) MB, 22.2 / 0 ms [allocation failure].
[62619:0x102004600]    28049 ms: Scavenge 94.5 (118.0) -> 94.5 (121.0) MB, 28.2 / 0 ms [allocation failure].
[62619:0x102004600]    28078 ms: Scavenge 96.8 (121.0) -> 96.8 (134.0) MB, 29.0 / 0 ms [allocation failure].
[62619:0x102004600]    28095 ms: Scavenge 110.2 (134.0) -> 110.2 (137.0) MB, 15.1 / 0 ms [allocation failure].
[62619:0x102004600]    28125 ms: Scavenge 112.6 (137.0) -> 112.6 (150.0) MB, 29.8 / 0 ms [allocation failure].
[62619:0x102004600]    28140 ms: Scavenge 126.0 (150.0) -> 126.0 (153.0) MB, 13.5 / 0 ms [allocation failure].
[62619:0x102004600]    28176 ms: Scavenge 128.3 (153.0) -> 128.3 (166.0) MB, 35.1 / 0 ms [allocation failure].
[62619:0x102004600]    28192 ms: Scavenge 141.7 (166.0) -> 141.7 (169.0) MB, 14.7 / 0 ms [allocation failure].
[62619:0x102004600] Increasing marking speed to 3 due to high promotion rate
[62619:0x102004600]    28218 ms: Scavenge 144.1 (169.0) -> 144.1 (182.0) MB, 23.9 / 0 ms (+ 1.5 ms in 37 steps since last GC) [allocation failure].
[62619:0x102004600]    28277 ms: Scavenge 157.5 (182.0) -> 157.5 (185.0) MB, 30.2 / 0 ms (+ 27.3 ms in 214 steps since last GC) [allocation failure].
[62619:0x102004600]    28289 ms: Mark-sweep 157.5 (185.0) -> 43.1 (85.0) MB, 10.9 / 0 ms (+ 29.2 ms in 253 steps since start of marking, biggest step 0.4 ms) [GC interrupt] [GC in old space requested].
[62619:0x102004600]    28310 ms: Scavenge 58.8 (85.0) -> 58.8 (85.0) MB, 19.8 / 0 ms [allocation failure].
[62619:0x102004600]    28342 ms: Scavenge 58.8 (85.0) -> 58.8 (98.0) MB, 31.1 / 0 ms [allocation failure].
[62619:0x102004600]    28368 ms: Scavenge 74.5 (98.0) -> 74.5 (98.0) MB, 24.1 / 0 ms [allocation failure].
[62619:0x102004600]    28402 ms: Scavenge 74.6 (98.0) -> 74.6 (114.0) MB, 34.3 / 0 ms [allocation failure].
[62619:0x102004600]    28430 ms: Scavenge 90.3 (114.0) -> 90.3 (114.0) MB, 26.4 / 0 ms [allocation failure].
[62619:0x102004600]    28456 ms: Scavenge 90.3 (114.0) -> 90.3 (130.0) MB, 25.2 / 0 ms [allocation failure].
[62619:0x102004600]    28481 ms: Scavenge 106.0 (130.0) -> 106.0 (130.0) MB, 23.8 / 0 ms [allocation failure].
[62619:0x102004600]    28507 ms: Scavenge 106.1 (130.0) -> 106.1 (146.0) MB, 26.0 / 0 ms [allocation failure].
[62619:0x102004600]    28533 ms: Scavenge 121.8 (146.0) -> 121.8 (146.0) MB, 23.9 / 0 ms [allocation failure].
[62619:0x102004600]    28558 ms: Scavenge 121.8 (146.0) -> 121.8 (162.0) MB, 25.7 / 0 ms [allocation failure].
[62619:0x102004600]    28580 ms: Scavenge 137.5 (162.0) -> 137.5 (162.0) MB, 20.3 / 0 ms [allocation failure].
[62619:0x102004600]    28609 ms: Scavenge 137.6 (162.0) -> 137.6 (178.0) MB, 28.3 / 0 ms [allocation failure].
[62619:0x102004600]    28630 ms: Scavenge 153.2 (178.0) -> 153.2 (178.0) MB, 20.1 / 0 ms [allocation failure].
[62619:0x102004600]    28665 ms: Scavenge 153.3 (178.0) -> 153.3 (194.0) MB, 34.6 / 0 ms [allocation failure].
[62619:0x102004600]    28688 ms: Scavenge 169.0 (194.0) -> 169.0 (194.0) MB, 20.8 / 0 ms [allocation failure].
[62619:0x102004600]    28717 ms: Scavenge 169.1 (194.0) -> 169.1 (210.0) MB, 29.3 / 0 ms [allocation failure].
[62619:0x102004600]    28747 ms: Scavenge 184.7 (210.0) -> 184.7 (210.0) MB, 28.0 / 0 ms [allocation failure].
[62619:0x102004600]    28775 ms: Scavenge 184.8 (210.0) -> 184.8 (226.0) MB, 27.2 / 0 ms [allocation failure].
[62619:0x102004600] Increasing marking speed to 3 due to high promotion rate
[62619:0x102004600]    28817 ms: Scavenge 200.5 (226.0) -> 200.5 (226.0) MB, 30.9 / 0 ms (+ 9.7 ms in 250 steps since last GC) [allocation failure].
[62619:0x102004600]    28845 ms: Scavenge 200.6 (226.0) -> 200.6 (242.0) MB, 27.2 / 0 ms (+ 0.4 ms in 1 steps since last GC) [allocation failure].
[62619:0x102004600]    28906 ms: Scavenge 216.2 (242.0) -> 216.2 (242.0) MB, 30.1 / 0 ms (+ 29.5 ms in 251 steps since last GC) [allocation failure].
[62619:0x102004600]    28947 ms: Scavenge 216.3 (242.0) -> 216.3 (258.0) MB, 41.0 / 0 ms (+ 0.1 ms in 1 steps since last GC) [allocation failure].
[62619:0x102004600]    28949 ms: Mark-sweep 216.5 (258.0) -> 63.9 (112.0) MB, 0.9 / 0 ms (+ 40.0 ms in 506 steps since start of marking, biggest step 0.4 ms) [GC interrupt] [GC in old space requested].
[62619:0x102004600]    28974 ms: Scavenge 79.5 (112.0) -> 79.5 (112.0) MB, 22.9 / 0 ms [allocation failure].
[62619:0x102004600]    28998 ms: Scavenge 79.6 (112.0) -> 79.6 (119.0) MB, 23.4 / 0 ms [allocation failure].
[62619:0x102004600]    29020 ms: Scavenge 95.2 (119.0) -> 95.2 (119.0) MB, 20.8 / 0 ms [allocation failure].
[62619:0x102004600]    29046 ms: Scavenge 95.4 (119.0) -> 95.4 (135.0) MB, 25.2 / 0 ms [allocation failure].
[62619:0x102004600]    29075 ms: Scavenge 111.0 (135.0) -> 111.0 (135.0) MB, 27.7 / 0 ms [allocation failure].
[62619:0x102004600]    29102 ms: Scavenge 111.1 (135.0) -> 111.1 (151.0) MB, 26.5 / 0 ms [allocation failure].
[62619:0x102004600]    29115 ms: Scavenge 126.7 (151.0) -> 126.7 (151.0) MB, 11.7 / 0 ms [allocation failure].
[62619:0x102004600]    29139 ms: Scavenge 126.9 (151.0) -> 126.9 (167.0) MB, 23.8 / 0 ms [allocation failure].
[62619:0x102004600]    29157 ms: Scavenge 142.5 (167.0) -> 142.5 (167.0) MB, 16.8 / 0 ms [allocation failure].
[62619:0x102004600]    29182 ms: Scavenge 142.6 (167.0) -> 142.6 (183.0) MB, 24.7 / 0 ms [allocation failure].
[62619:0x102004600]    29209 ms: Scavenge 158.2 (183.0) -> 158.2 (183.0) MB, 25.3 / 0 ms [allocation failure].
[62619:0x102004600]    29238 ms: Scavenge 158.3 (183.0) -> 158.3 (199.0) MB, 29.3 / 0 ms [allocation failure].
[62619:0x102004600]    29264 ms: Scavenge 173.9 (199.0) -> 173.9 (199.0) MB, 23.0 / 0 ms [allocation failure].
[62619:0x102004600]    29289 ms: Scavenge 174.1 (199.0) -> 174.1 (215.0) MB, 25.1 / 0 ms [allocation failure].
[62619:0x102004600]    29316 ms: Scavenge 189.7 (215.0) -> 189.7 (215.0) MB, 24.6 / 0 ms [allocation failure].
[62619:0x102004600]    29343 ms: Scavenge 189.8 (215.0) -> 189.8 (231.0) MB, 27.8 / 0 ms [allocation failure].
[62619:0x102004600]    29369 ms: Scavenge 205.4 (231.0) -> 205.4 (231.0) MB, 23.4 / 0 ms [allocation failure].
[62619:0x102004600]    29404 ms: Scavenge 205.6 (231.0) -> 205.6 (247.0) MB, 35.1 / 0 ms [allocation failure].
[62619:0x102004600]    29429 ms: Scavenge 221.2 (247.0) -> 221.2 (247.0) MB, 22.7 / 0 ms [allocation failure].
[62619:0x102004600]    29455 ms: Scavenge 221.3 (247.0) -> 221.3 (263.0) MB, 26.2 / 0 ms [allocation failure].
[62619:0x102004600]    29483 ms: Scavenge 236.9 (263.0) -> 236.9 (263.0) MB, 26.1 / 0 ms [allocation failure].
[62619:0x102004600]    29523 ms: Scavenge 237.1 (263.0) -> 237.1 (279.0) MB, 40.5 / 0 ms [allocation failure].
[62619:0x102004600]    29545 ms: Scavenge 252.7 (279.0) -> 252.7 (279.0) MB, 20.2 / 0 ms [allocation failure].
[62619:0x102004600]    29585 ms: Scavenge 252.8 (279.0) -> 252.8 (295.0) MB, 39.8 / 0 ms [allocation failure].
[62619:0x102004600]    29608 ms: Scavenge 268.4 (295.0) -> 268.4 (295.0) MB, 20.9 / 0 ms [allocation failure].
[62619:0x102004600]    29641 ms: Scavenge 268.6 (295.0) -> 268.6 (311.0) MB, 32.9 / 0 ms [allocation failure].
[62619:0x102004600] Increasing marking speed to 3 due to high promotion rate
[62619:0x102004600]    29676 ms: Scavenge 284.2 (311.0) -> 284.2 (311.0) MB, 25.4 / 0 ms (+ 7.7 ms in 249 steps since last GC) [allocation failure].
[62619:0x102004600]    29704 ms: Scavenge 284.3 (311.0) -> 284.3 (327.0) MB, 27.5 / 0 ms (+ 0.5 ms in 2 steps since last GC) [allocation failure].
[62619:0x102004600]    29706 ms: Mark-sweep 284.8 (327.0) -> 17.8 (65.0) MB, 1.5 / 0 ms (+ 9.0 ms in 260 steps since start of marking, biggest step 0.3 ms) [GC interrupt] [GC in old space requested].
[62619:0x102004600]    29731 ms: Scavenge 33.1 (65.0) -> 33.1 (65.0) MB, 23.3 / 0 ms [allocation failure].
[62619:0x102004600]    29753 ms: Scavenge 33.6 (65.0) -> 33.6 (72.0) MB, 21.8 / 0 ms [allocation failure].
[62619:0x102004600]    29773 ms: Scavenge 48.8 (72.0) -> 48.8 (73.0) MB, 17.7 / 0 ms [allocation failure].
[62619:0x102004600]    29798 ms: Scavenge 49.3 (73.0) -> 49.3 (88.0) MB, 25.6 / 0 ms [allocation failure].
[62619:0x102004600]    29827 ms: Scavenge 64.6 (88.0) -> 64.6 (89.0) MB, 26.5 / 0 ms [allocation failure].
[62619:0x102004600]    29851 ms: Scavenge 65.1 (89.0) -> 65.1 (104.0) MB, 24.4 / 0 ms [allocation failure].
[62619:0x102004600]    29879 ms: Scavenge 80.3 (104.0) -> 80.3 (105.0) MB, 25.4 / 0 ms [allocation failure].
[62619:0x102004600]    29905 ms: Scavenge 80.8 (105.0) -> 80.8 (120.0) MB, 26.1 / 0 ms [allocation failure].
[62619:0x102004600] Increasing marking speed to 3 due to high promotion rate
[62619:0x102004600]    29939 ms: Scavenge 96.0 (120.0) -> 96.0 (121.0) MB, 24.5 / 0 ms (+ 7.9 ms in 243 steps since last GC) [allocation failure].
[62619:0x102004600]    29974 ms: Scavenge 96.6 (121.0) -> 96.6 (136.0) MB, 32.0 / 0 ms (+ 3.2 ms in 8 steps since last GC) [allocation failure].
[62619:0x102004600]    29982 ms: Mark-sweep 98.2 (136.0) -> 21.9 (69.0) MB, 3.7 / 0 ms (+ 14.9 ms in 278 steps since start of marking, biggest step 0.5 ms) [GC interrupt] [GC in old space requested].
[62619:0x102004600]    30007 ms: Scavenge 36.0 (69.0) -> 36.0 (69.0) MB, 23.2 / 0 ms [allocation failure].
[62619:0x102004600]    30027 ms: Scavenge 37.6 (69.0) -> 37.6 (75.0) MB, 20.0 / 0 ms [allocation failure].
[62619:0x102004600]    30057 ms: Scavenge 51.7 (75.0) -> 51.7 (76.0) MB, 27.3 / 0 ms [allocation failure].
[62619:0x102004600]    30095 ms: Scavenge 53.4 (76.0) -> 53.4 (91.0) MB, 37.8 / 0 ms [allocation failure].
[62619:0x102004600]    30115 ms: Scavenge 67.5 (91.0) -> 67.5 (92.0) MB, 18.6 / 0 ms [allocation failure].
[62619:0x102004600]    30144 ms: Scavenge 69.1 (92.0) -> 69.1 (107.0) MB, 28.7 / 0 ms [allocation failure].
[62619:0x102004600]    30173 ms: Scavenge 83.2 (107.0) -> 83.2 (108.0) MB, 26.5 / 0 ms [allocation failure].
[62619:0x102004600]    30197 ms: Scavenge 84.9 (108.0) -> 84.9 (123.0) MB, 23.8 / 0 ms [allocation failure].
[62619:0x102004600] Increasing marking speed to 3 due to high promotion rate
[62619:0x102004600]    30230 ms: Scavenge 99.0 (123.0) -> 99.0 (124.0) MB, 24.5 / 0 ms (+ 6.9 ms in 225 steps since last GC) [allocation failure].
[62619:0x102004600]    30274 ms: Scavenge 100.6 (124.0) -> 100.6 (139.0) MB, 39.3 / 0 ms (+ 5.3 ms in 26 steps since last GC) [allocation failure].
[62619:0x102004600]    30287 ms: Mark-sweep 103.1 (139.0) -> 26.8 (74.0) MB, 5.4 / 0 ms (+ 18.6 ms in 292 steps since start of marking, biggest step 0.4 ms) [GC interrupt] [GC in old space requested].
[62619:0x102004600]    30302 ms: Scavenge 40.1 (74.0) -> 40.0 (74.0) MB, 13.3 / 0 ms [allocation failure].
[62619:0x102004600]    30321 ms: Scavenge 42.6 (74.0) -> 42.6 (79.0) MB, 19.1 / 0 ms [allocation failure].
[62619:0x102004600]    30347 ms: Scavenge 55.8 (79.0) -> 55.8 (81.0) MB, 24.2 / 0 ms [allocation failure].
[62619:0x102004600]    30370 ms: Scavenge 58.3 (81.0) -> 58.3 (95.0) MB, 22.6 / 0 ms [allocation failure].
[62619:0x102004600]    30392 ms: Scavenge 71.5 (95.0) -> 71.5 (97.0) MB, 20.5 / 0 ms [allocation failure].
[62619:0x102004600]    30415 ms: Scavenge 74.1 (97.0) -> 74.1 (111.0) MB, 22.5 / 0 ms [allocation failure].
[62619:0x102004600]    30429 ms: Scavenge 87.3 (111.0) -> 87.3 (113.0) MB, 12.6 / 0 ms [allocation failure].
[62619:0x102004600]    30455 ms: Scavenge 89.8 (113.0) -> 89.8 (127.0) MB, 25.2 / 0 ms [allocation failure].
[62619:0x102004600]    30471 ms: Scavenge 103.0 (127.0) -> 103.0 (129.0) MB, 14.8 / 0 ms [allocation failure].
[62619:0x102004600]    30495 ms: Scavenge 105.6 (129.0) -> 105.6 (143.0) MB, 24.1 / 0 ms [allocation failure].
[62619:0x102004600] Increasing marking speed to 3 due to high promotion rate
[62619:0x102004600]    30525 ms: Scavenge 118.8 (143.0) -> 118.8 (145.0) MB, 21.5 / 0 ms (+ 7.0 ms in 211 steps since last GC) [allocation failure].
[62619:0x102004600]    30557 ms: Scavenge 121.3 (145.0) -> 121.3 (159.0) MB, 24.8 / 0 ms (+ 6.6 ms in 40 steps since last GC) [allocation failure].
[62619:0x102004600]    30608 ms: Mark-sweep 133.3 (159.0) -> 57.1 (92.0) MB, 21.4 / 0 ms (+ 41.3 ms in 444 steps since start of marking, biggest step 0.4 ms) [GC interrupt] [GC in old space requested].
[62619:0x102004600]    30626 ms: Scavenge 60.8 (92.0) -> 60.7 (96.0) MB, 18.1 / 0 ms [allocation failure].
[62619:0x102004600]    30642 ms: Scavenge 72.8 (96.0) -> 72.8 (100.0) MB, 14.0 / 0 ms [allocation failure].
[62619:0x102004600]    30665 ms: Scavenge 76.4 (100.0) -> 76.4 (112.0) MB, 22.9 / 0 ms [allocation failure].
[62619:0x102004600]    30681 ms: Scavenge 88.5 (112.0) -> 88.5 (116.0) MB, 13.9 / 0 ms [allocation failure].
[62619:0x102004600]    30703 ms: Scavenge 92.2 (116.0) -> 92.2 (128.0) MB, 21.5 / 0 ms [allocation failure].
[62619:0x102004600]    30720 ms: Scavenge 104.3 (128.0) -> 104.3 (132.0) MB, 16.3 / 0 ms [allocation failure].
[62619:0x102004600]    30746 ms: Scavenge 107.9 (132.0) -> 107.9 (144.0) MB, 25.3 / 0 ms [allocation failure].
[62619:0x102004600]    30767 ms: Scavenge 120.0 (144.0) -> 120.0 (148.0) MB, 19.0 / 0 ms [allocation failure].
[62619:0x102004600]    30790 ms: Scavenge 123.6 (148.0) -> 123.6 (160.0) MB, 22.8 / 0 ms [allocation failure].
[62619:0x102004600]    30810 ms: Scavenge 135.8 (160.0) -> 135.8 (164.0) MB, 18.3 / 0 ms [allocation failure].
[62619:0x102004600]    30832 ms: Scavenge 139.4 (164.0) -> 139.4 (176.0) MB, 21.8 / 0 ms [allocation failure].
[62619:0x102004600]    30848 ms: Scavenge 151.5 (176.0) -> 151.5 (180.0) MB, 14.1 / 0 ms [allocation failure].
[62619:0x102004600]    30869 ms: Scavenge 155.1 (180.0) -> 155.1 (192.0) MB, 21.4 / 0 ms [allocation failure].
[62619:0x102004600]    30885 ms: Scavenge 167.2 (192.0) -> 167.2 (196.0) MB, 13.9 / 0 ms [allocation failure].
[62619:0x102004600]    30907 ms: Scavenge 170.9 (196.0) -> 170.9 (208.0) MB, 21.6 / 0 ms [allocation failure].
[62619:0x102004600]    30922 ms: Scavenge 183.0 (208.0) -> 183.0 (212.0) MB, 13.6 / 0 ms [allocation failure].
[62619:0x102004600]    30944 ms: Scavenge 186.6 (212.0) -> 186.6 (224.0) MB, 21.5 / 0 ms [allocation failure].
[62619:0x102004600] Increasing marking speed to 3 due to high promotion rate
[62619:0x102004600]    30975 ms: Scavenge 198.7 (224.0) -> 198.7 (228.0) MB, 23.6 / 0 ms (+ 6.1 ms in 193 steps since last GC) [allocation failure].
[62619:0x102004600]    31022 ms: Scavenge 202.4 (228.0) -> 202.4 (240.0) MB, 37.0 / 0 ms (+ 9.8 ms in 58 steps since last GC) [allocation failure].
[62619:0x102004600]    31072 ms: Scavenge 214.5 (240.0) -> 214.5 (244.0) MB, 24.6 / 0 ms (+ 23.7 ms in 194 steps since last GC) [allocation failure].
[62619:0x102004600]    31087 ms: Mark-sweep 215.6 (244.0) -> 63.0 (103.0) MB, 12.2 / 0 ms (+ 41.9 ms in 463 steps since start of marking, biggest step 0.4 ms) [GC interrupt] [GC in old space requested].
[62619:0x102004600]    31107 ms: Scavenge 77.6 (103.0) -> 77.6 (103.0) MB, 18.7 / 0 ms [allocation failure].
[62619:0x102004600]    31144 ms: Scavenge 78.7 (103.0) -> 78.7 (117.0) MB, 36.3 / 0 ms [allocation failure].
[62619:0x102004600]    31162 ms: Scavenge 93.4 (117.0) -> 93.4 (118.0) MB, 17.3 / 0 ms [allocation failure].
[62619:0x102004600]    31187 ms: Scavenge 94.5 (118.0) -> 94.5 (133.0) MB, 24.3 / 0 ms [allocation failure].
[62619:0x102004600]    31216 ms: Scavenge 109.1 (133.0) -> 109.1 (134.0) MB, 27.2 / 0 ms [allocation failure].
[62619:0x102004600]    31245 ms: Scavenge 110.2 (134.0) -> 110.2 (149.0) MB, 28.9 / 0 ms [allocation failure].
[62619:0x102004600]    31276 ms: Scavenge 124.9 (149.0) -> 124.9 (150.0) MB, 28.6 / 0 ms [allocation failure].
[62619:0x102004600]    31305 ms: Scavenge 126.0 (150.0) -> 126.0 (165.0) MB, 28.5 / 0 ms [allocation failure].
[62619:0x102004600]    31329 ms: Scavenge 140.6 (165.0) -> 140.6 (166.0) MB, 22.7 / 0 ms [allocation failure].
[62619:0x102004600]    31369 ms: Scavenge 141.7 (166.0) -> 141.7 (181.0) MB, 39.8 / 0 ms [allocation failure].
[62619:0x102004600]    31392 ms: Scavenge 156.4 (181.0) -> 156.4 (182.0) MB, 20.8 / 0 ms [allocation failure].
[62619:0x102004600]    31416 ms: Scavenge 157.5 (182.0) -> 157.5 (197.0) MB, 24.4 / 0 ms [allocation failure].
[62619:0x102004600]    31435 ms: Scavenge 172.1 (197.0) -> 172.1 (198.0) MB, 17.4 / 0 ms [allocation failure].
[62619:0x102004600]    31460 ms: Scavenge 173.2 (198.0) -> 173.2 (213.0) MB, 24.6 / 0 ms [allocation failure].
[62619:0x102004600]    31481 ms: Scavenge 187.9 (213.0) -> 187.9 (214.0) MB, 19.1 / 0 ms [allocation failure].
[62619:0x102004600]    31505 ms: Scavenge 189.0 (214.0) -> 189.0 (229.0) MB, 24.0 / 0 ms [allocation failure].
[62619:0x102004600]    31534 ms: Scavenge 203.6 (229.0) -> 203.6 (230.0) MB, 26.8 / 0 ms [allocation failure].
[62619:0x102004600]    31558 ms: Scavenge 204.7 (230.0) -> 204.7 (245.0) MB, 23.9 / 0 ms [allocation failure].
[62619:0x102004600]    31581 ms: Scavenge 219.4 (245.0) -> 219.4 (246.0) MB, 21.7 / 0 ms [allocation failure].
[62619:0x102004600]    31605 ms: Scavenge 220.5 (246.0) -> 220.4 (261.0) MB, 24.0 / 0 ms [allocation failure].
[62619:0x102004600]    31633 ms: Scavenge 235.1 (261.0) -> 235.1 (262.0) MB, 25.4 / 0 ms [allocation failure].
[62619:0x102004600]    31656 ms: Scavenge 236.2 (262.0) -> 236.2 (277.0) MB, 23.5 / 0 ms [allocation failure].
[62619:0x102004600]    31681 ms: Scavenge 250.8 (277.0) -> 250.8 (278.0) MB, 23.2 / 0 ms [allocation failure].
[62619:0x102004600]    31712 ms: Scavenge 251.9 (278.0) -> 251.9 (293.0) MB, 31.0 / 0 ms [allocation failure].
[62619:0x102004600] Increasing marking speed to 3 due to high promotion rate
[62619:0x102004600]    31750 ms: Scavenge 266.6 (293.0) -> 266.6 (294.0) MB, 28.2 / 0 ms (+ 7.5 ms in 234 steps since last GC) [allocation failure].
[62619:0x102004600]    31784 ms: Scavenge 267.7 (294.0) -> 267.7 (309.0) MB, 30.5 / 0 ms (+ 4.1 ms in 17 steps since last GC) [allocation failure].
[62619:0x102004600]    31820 ms: Mark-sweep 278.0 (309.0) -> 49.2 (89.0) MB, 15.3 / 0 ms (+ 30.6 ms in 416 steps since start of marking, biggest step 0.4 ms) [GC interrupt] [GC in old space requested].
[62619:0x102004600]    31837 ms: Scavenge 54.6 (89.0) -> 54.5 (89.0) MB, 16.5 / 0 ms [allocation failure].
[62619:0x102004600]    31852 ms: Scavenge 64.8 (89.0) -> 64.8 (94.0) MB, 13.9 / 0 ms [allocation failure].
[62619:0x102004600]    31873 ms: Scavenge 70.2 (94.0) -> 70.2 (104.0) MB, 19.7 / 0 ms [allocation failure].
[62619:0x102004600]    31901 ms: Scavenge 80.6 (104.0) -> 80.6 (110.0) MB, 27.4 / 0 ms [allocation failure].
[62619:0x102004600]    31925 ms: Scavenge 86.0 (110.0) -> 86.0 (120.0) MB, 23.2 / 0 ms [allocation failure].
[62619:0x102004600]    31944 ms: Scavenge 96.3 (120.0) -> 96.3 (126.0) MB, 17.5 / 0 ms [allocation failure].
[62619:0x102004600]    31973 ms: Scavenge 101.7 (126.0) -> 101.7 (136.0) MB, 28.3 / 0 ms [allocation failure].
[62619:0x102004600]    31992 ms: Scavenge 112.1 (136.0) -> 112.1 (142.0) MB, 17.7 / 0 ms [allocation failure].
[62619:0x102004600]    32013 ms: Scavenge 117.5 (142.0) -> 117.5 (152.0) MB, 19.7 / 0 ms [allocation failure].
[62619:0x102004600]    32029 ms: Scavenge 127.8 (152.0) -> 127.8 (158.0) MB, 14.8 / 0 ms [allocation failure].
[62619:0x102004600]    32048 ms: Scavenge 133.2 (158.0) -> 133.2 (168.0) MB, 19.2 / 0 ms [allocation failure].
[62619:0x102004600]    32065 ms: Scavenge 143.6 (168.0) -> 143.6 (174.0) MB, 15.3 / 0 ms [allocation failure].
[62619:0x102004600]    32085 ms: Scavenge 149.0 (174.0) -> 149.0 (184.0) MB, 19.4 / 0 ms [allocation failure].
[62619:0x102004600]    32101 ms: Scavenge 159.3 (184.0) -> 159.3 (190.0) MB, 14.9 / 0 ms [allocation failure].
[62619:0x102004600]    32127 ms: Scavenge 164.7 (190.0) -> 164.7 (200.0) MB, 25.2 / 0 ms [allocation failure].
[62619:0x102004600] Increasing marking speed to 3 due to high promotion rate
[62619:0x102004600]    32149 ms: Scavenge 175.0 (200.0) -> 175.0 (206.0) MB, 16.2 / 0 ms (+ 5.2 ms in 165 steps since last GC) [allocation failure].
[62619:0x102004600]    32183 ms: Scavenge 180.5 (206.0) -> 180.5 (216.0) MB, 21.3 / 0 ms (+ 11.6 ms in 86 steps since last GC) [allocation failure].
[62619:0x102004600]    32190 ms: Mark-sweep 181.0 (216.0) -> 28.4 (70.0) MB, 5.8 / 0 ms (+ 17.6 ms in 260 steps since start of marking, biggest step 0.3 ms) [GC interrupt] [GC in old space requested].
[62619:0x102004600]    32214 ms: Scavenge 43.6 (70.0) -> 43.6 (70.0) MB, 22.4 / 0 ms [allocation failure].
[62619:0x102004600]    32249 ms: Scavenge 44.1 (70.0) -> 44.1 (83.0) MB, 34.9 / 0 ms [allocation failure].
[62619:0x102004600]    32275 ms: Scavenge 59.4 (83.0) -> 59.4 (83.0) MB, 23.9 / 0 ms [allocation failure].
[62619:0x102004600]    32303 ms: Scavenge 59.9 (83.0) -> 59.9 (99.0) MB, 28.1 / 0 ms [allocation failure].
[62619:0x102004600]    32325 ms: Scavenge 75.1 (99.0) -> 75.1 (99.0) MB, 19.8 / 0 ms [allocation failure].
[62619:0x102004600]    32349 ms: Scavenge 75.6 (99.0) -> 75.6 (115.0) MB, 24.6 / 0 ms [allocation failure].
[62619:0x102004600]    32376 ms: Scavenge 90.9 (115.0) -> 90.9 (115.0) MB, 24.9 / 0 ms [allocation failure].
[62619:0x102004600]    32402 ms: Scavenge 91.4 (115.0) -> 91.4 (131.0) MB, 26.0 / 0 ms [allocation failure].
[62619:0x102004600]    32424 ms: Scavenge 106.6 (131.0) -> 106.6 (131.0) MB, 20.0 / 0 ms [allocation failure].
[62619:0x102004600]    32449 ms: Scavenge 107.1 (131.0) -> 107.1 (147.0) MB, 24.5 / 0 ms [allocation failure].
[62619:0x102004600]    32471 ms: Scavenge 122.3 (147.0) -> 122.3 (147.0) MB, 20.3 / 0 ms [allocation failure].
[62619:0x102004600]    32509 ms: Scavenge 122.9 (147.0) -> 122.9 (163.0) MB, 38.4 / 0 ms [allocation failure].
[62619:0x102004600] Increasing marking speed to 3 due to high promotion rate
[62619:0x102004600]    32543 ms: Scavenge 138.1 (163.0) -> 138.1 (163.0) MB, 24.5 / 0 ms (+ 7.7 ms in 243 steps since last GC) [allocation failure].
[62619:0x102004600]    32576 ms: Scavenge 138.6 (163.0) -> 138.6 (179.0) MB, 31.1 / 0 ms (+ 1.9 ms in 8 steps since last GC) [allocation failure].
[62619:0x102004600]    32590 ms: Mark-sweep 142.1 (179.0) -> 27.7 (75.0) MB, 6.1 / 0 ms (+ 16.8 ms in 308 steps since start of marking, biggest step 0.4 ms) [GC interrupt] [GC in old space requested].
[62619:0x102004600]    32604 ms: Scavenge 39.9 (75.0) -> 39.9 (75.0) MB, 12.9 / 0 ms [allocation failure].
[62619:0x102004600]    32623 ms: Scavenge 43.4 (75.0) -> 43.4 (79.0) MB, 18.3 / 0 ms [allocation failure].
[62619:0x102004600]    32638 ms: Scavenge 55.6 (79.0) -> 55.6 (82.0) MB, 13.4 / 0 ms [allocation failure].
[62619:0x102004600]    32659 ms: Scavenge 59.2 (82.0) -> 59.2 (95.0) MB, 21.2 / 0 ms [allocation failure].
[62619:0x102004600]    32679 ms: Scavenge 71.4 (95.0) -> 71.4 (98.0) MB, 17.9 / 0 ms [allocation failure].
[62619:0x102004600]    32700 ms: Scavenge 74.9 (98.0) -> 74.9 (111.0) MB, 20.9 / 0 ms [allocation failure].
[62619:0x102004600]    32714 ms: Scavenge 87.1 (111.0) -> 87.1 (114.0) MB, 12.9 / 0 ms [allocation failure].
[62619:0x102004600]    32736 ms: Scavenge 90.7 (114.0) -> 90.7 (127.0) MB, 21.6 / 0 ms [allocation failure].
[62619:0x102004600]    32751 ms: Scavenge 102.9 (127.0) -> 102.9 (130.0) MB, 13.2 / 0 ms [allocation failure].
[62619:0x102004600]    32772 ms: Scavenge 106.4 (130.0) -> 106.4 (143.0) MB, 21.0 / 0 ms [allocation failure].
[62619:0x102004600] Increasing marking speed to 3 due to high promotion rate
[62619:0x102004600]    32799 ms: Scavenge 118.6 (143.0) -> 118.6 (146.0) MB, 19.1 / 0 ms (+ 6.5 ms in 195 steps since last GC) [allocation failure].
[62619:0x102004600]    32849 ms: Scavenge 122.2 (146.0) -> 122.2 (159.0) MB, 38.8 / 0 ms (+ 10.8 ms in 56 steps since last GC) [allocation failure].
[62619:0x102004600]    32897 ms: Mark-sweep 133.5 (159.0) -> 57.3 (92.0) MB, 20.8 / 0 ms (+ 42.4 ms in 434 steps since start of marking, biggest step 0.5 ms) [GC interrupt] [GC in old space requested].
[62619:0x102004600]    32915 ms: Scavenge 61.6 (92.0) -> 61.5 (96.0) MB, 18.1 / 0 ms [allocation failure].
[62619:0x102004600]    32929 ms: Scavenge 73.0 (96.0) -> 73.0 (101.0) MB, 13.3 / 0 ms [allocation failure].
[62619:0x102004600]    32951 ms: Scavenge 77.3 (101.0) -> 77.3 (112.0) MB, 21.3 / 0 ms [allocation failure].
[62619:0x102004600]    32966 ms: Scavenge 88.7 (112.0) -> 88.7 (117.0) MB, 13.3 / 0 ms [allocation failure].
[62619:0x102004600]    32987 ms: Scavenge 93.0 (117.0) -> 93.0 (128.0) MB, 20.5 / 0 ms [allocation failure].
[62619:0x102004600]    33001 ms: Scavenge 104.5 (128.0) -> 104.5 (133.0) MB, 13.3 / 0 ms [allocation failure].
[62619:0x102004600]    33022 ms: Scavenge 108.8 (133.0) -> 108.8 (144.0) MB, 20.4 / 0 ms [allocation failure].
[62619:0x102004600]    33042 ms: Scavenge 120.2 (144.0) -> 120.2 (149.0) MB, 17.2 / 0 ms [allocation failure].
[62619:0x102004600]    33072 ms: Scavenge 124.5 (149.0) -> 124.5 (160.0) MB, 29.0 / 0 ms [allocation failure].
[62619:0x102004600]    33092 ms: Scavenge 136.0 (160.0) -> 136.0 (165.0) MB, 19.2 / 0 ms [allocation failure].
[62619:0x102004600]    33119 ms: Scavenge 140.2 (165.0) -> 140.2 (176.0) MB, 26.0 / 0 ms [allocation failure].
[62619:0x102004600]    33134 ms: Scavenge 151.7 (176.0) -> 151.7 (181.0) MB, 14.3 / 0 ms [allocation failure].
[62619:0x102004600]    33163 ms: Scavenge 156.0 (181.0) -> 156.0 (192.0) MB, 28.5 / 0 ms [allocation failure].
[62619:0x102004600]    33183 ms: Scavenge 167.5 (192.0) -> 167.5 (197.0) MB, 18.7 / 0 ms [allocation failure].
[62619:0x102004600]    33216 ms: Scavenge 171.7 (197.0) -> 171.7 (208.0) MB, 31.6 / 0 ms [allocation failure].
[62619:0x102004600]    33233 ms: Scavenge 183.2 (208.0) -> 183.2 (213.0) MB, 15.5 / 0 ms [allocation failure].
[62619:0x102004600]    33264 ms: Scavenge 187.5 (213.0) -> 187.5 (224.0) MB, 29.6 / 0 ms [allocation failure].
[62619:0x102004600]    33280 ms: Scavenge 199.0 (224.0) -> 199.0 (229.0) MB, 15.1 / 0 ms [allocation failure].
[62619:0x102004600] Increasing marking speed to 3 due to high promotion rate
[62619:0x102004600]    33317 ms: Scavenge 203.2 (229.0) -> 203.2 (240.0) MB, 31.1 / 0 ms (+ 4.0 ms in 68 steps since last GC) [allocation failure].
[62619:0x102004600]    33334 ms: Mark-sweep 207.3 (240.0) -> 16.6 (55.0) MB, 8.8 / 0 ms (+ 12.2 ms in 133 steps since start of marking, biggest step 0.4 ms) [GC interrupt] [GC in old space requested].
[62619:0x102004600]    33350 ms: Scavenge 28.3 (55.0) -> 28.2 (55.0) MB, 13.7 / 0 ms [allocation failure].
[62619:0x102004600]    33384 ms: Scavenge 32.3 (55.0) -> 32.3 (67.0) MB, 33.6 / 0 ms [allocation failure].
[62619:0x102004600]    33401 ms: Scavenge 44.0 (67.0) -> 44.0 (71.0) MB, 15.3 / 0 ms [allocation failure].
[62619:0x102004600]    33432 ms: Scavenge 48.0 (71.0) -> 48.0 (83.0) MB, 30.1 / 0 ms [allocation failure].
[62619:0x102004600]    33450 ms: Scavenge 59.7 (83.0) -> 59.7 (87.0) MB, 16.5 / 0 ms [allocation failure].
[62619:0x102004600]    33485 ms: Scavenge 63.8 (87.0) -> 63.8 (99.0) MB, 33.7 / 0 ms [allocation failure].
[62619:0x102004600] Increasing marking speed to 3 due to high promotion rate
[62619:0x102004600]    33515 ms: Scavenge 75.5 (99.0) -> 75.5 (103.0) MB, 19.6 / 0 ms (+ 8.3 ms in 186 steps since last GC) [allocation failure].
[62619:0x102004600]    33559 ms: Scavenge 79.5 (103.0) -> 79.5 (115.0) MB, 30.4 / 0 ms (+ 13.7 ms in 65 steps since last GC) [allocation failure].
[62619:0x102004600]    33598 ms: Mark-sweep 88.1 (115.0) -> 50.0 (88.0) MB, 16.3 / 0 ms (+ 43.2 ms in 389 steps since start of marking, biggest step 0.5 ms) [GC interrupt] [GC in old space requested].
[62619:0x102004600]    33615 ms: Scavenge 57.1 (88.0) -> 57.1 (89.0) MB, 15.6 / 0 ms [allocation failure].
[62619:0x102004600]    33632 ms: Scavenge 65.7 (89.0) -> 65.7 (96.0) MB, 16.4 / 0 ms [allocation failure].
[62619:0x102004600]    33652 ms: Scavenge 72.8 (96.0) -> 72.8 (105.0) MB, 18.8 / 0 ms [allocation failure].
[62619:0x102004600]    33669 ms: Scavenge 81.5 (105.0) -> 81.5 (112.0) MB, 16.3 / 0 ms [allocation failure].
[62619:0x102004600]    33693 ms: Scavenge 88.6 (112.0) -> 88.6 (121.0) MB, 23.3 / 0 ms [allocation failure].
[62619:0x102004600]    33718 ms: Scavenge 97.2 (121.0) -> 97.2 (128.0) MB, 24.5 / 0 ms [allocation failure].
[62619:0x102004600]    33743 ms: Scavenge 104.3 (128.0) -> 104.3 (137.0) MB, 24.0 / 0 ms [allocation failure].
[62619:0x102004600]    33768 ms: Scavenge 113.0 (137.0) -> 113.0 (144.0) MB, 24.0 / 0 ms [allocation failure].
[62619:0x102004600]    33793 ms: Scavenge 120.1 (144.0) -> 120.1 (153.0) MB, 24.0 / 0 ms [allocation failure].
[62619:0x102004600]    33815 ms: Scavenge 128.7 (153.0) -> 128.7 (160.0) MB, 20.5 / 0 ms [allocation failure].
[62619:0x102004600]    33844 ms: Scavenge 135.8 (160.0) -> 135.8 (169.0) MB, 28.7 / 0 ms [allocation failure].
[62619:0x102004600]    33867 ms: Scavenge 144.4 (169.0) -> 144.4 (176.0) MB, 21.5 / 0 ms [allocation failure].
[62619:0x102004600]    33891 ms: Scavenge 151.5 (176.0) -> 151.5 (185.0) MB, 22.2 / 0 ms [allocation failure].
[62619:0x102004600]    33918 ms: Scavenge 160.2 (185.0) -> 160.2 (192.0) MB, 26.1 / 0 ms [allocation failure].
[62619:0x102004600]    33946 ms: Scavenge 167.3 (192.0) -> 167.3 (201.0) MB, 26.4 / 0 ms [allocation failure].
[62619:0x102004600]    33963 ms: Scavenge 175.9 (201.0) -> 175.9 (208.0) MB, 16.7 / 0 ms [allocation failure].
[62619:0x102004600] Increasing marking speed to 3 due to high promotion rate
[62619:0x102004600]    33994 ms: Scavenge 183.0 (208.0) -> 183.0 (217.0) MB, 26.2 / 0 ms (+ 3.7 ms in 113 steps since last GC) [allocation failure].
[62619:0x102004600]    34042 ms: Scavenge 191.7 (217.0) -> 191.7 (224.0) MB, 27.0 / 0 ms (+ 20.0 ms in 138 steps since last GC) [allocation failure].
[62619:0x102004600]    34061 ms: Mark-sweep 194.6 (224.0) -> 42.0 (81.0) MB, 11.4 / 0 ms (+ 30.5 ms in 298 steps since start of marking, biggest step 0.4 ms) [GC interrupt] [GC in old space requested].
[62619:0x102004600]    34081 ms: Scavenge 54.8 (81.0) -> 54.8 (81.0) MB, 18.4 / 0 ms [allocation failure].
[62619:0x102004600]    34110 ms: Scavenge 57.7 (81.0) -> 57.7 (94.0) MB, 28.4 / 0 ms [allocation failure].
[62619:0x102004600]    34132 ms: Scavenge 70.6 (94.0) -> 70.6 (97.0) MB, 20.0 / 0 ms [allocation failure].
[62619:0x102004600]    34159 ms: Scavenge 73.5 (97.0) -> 73.5 (110.0) MB, 26.8 / 0 ms [allocation failure].
[62619:0x102004600]    34176 ms: Scavenge 86.3 (110.0) -> 86.3 (113.0) MB, 14.7 / 0 ms [allocation failure].
[62619:0x102004600]    34209 ms: Scavenge 89.2 (113.0) -> 89.2 (126.0) MB, 32.6 / 0 ms [allocation failure].
[62619:0x102004600]    34225 ms: Scavenge 102.1 (126.0) -> 102.1 (129.0) MB, 14.5 / 0 ms [allocation failure].
[62619:0x102004600]    34257 ms: Scavenge 105.0 (129.0) -> 105.0 (142.0) MB, 32.1 / 0 ms [allocation failure].
[62619:0x102004600]    34273 ms: Scavenge 117.8 (142.0) -> 117.8 (145.0) MB, 14.3 / 0 ms [allocation failure].
[62619:0x102004600]    34299 ms: Scavenge 120.7 (145.0) -> 120.7 (158.0) MB, 25.8 / 0 ms [allocation failure].
[62619:0x102004600]    34325 ms: Scavenge 133.6 (158.0) -> 133.6 (161.0) MB, 24.5 / 0 ms [allocation failure].
[62619:0x102004600]    34355 ms: Scavenge 136.5 (161.0) -> 136.5 (174.0) MB, 30.0 / 0 ms [allocation failure].
[62619:0x102004600]    34377 ms: Scavenge 149.3 (174.0) -> 149.3 (177.0) MB, 19.4 / 0 ms [allocation failure].
[62619:0x102004600]    34409 ms: Scavenge 152.2 (177.0) -> 152.2 (190.0) MB, 31.9 / 0 ms [allocation failure].
[62619:0x102004600]    34429 ms: Scavenge 165.0 (190.0) -> 165.0 (193.0) MB, 18.8 / 0 ms [allocation failure].
[62619:0x102004600]    34460 ms: Scavenge 167.9 (193.0) -> 167.9 (206.0) MB, 30.1 / 0 ms [allocation failure].
[62619:0x102004600] Increasing marking speed to 3 due to high promotion rate
[62619:0x102004600]    34499 ms: Scavenge 180.8 (206.0) -> 180.8 (209.0) MB, 29.8 / 0 ms (+ 7.1 ms in 205 steps since last GC) [allocation failure].
[62619:0x102004600]    34548 ms: Scavenge 183.7 (209.0) -> 183.7 (222.0) MB, 39.1 / 0 ms (+ 9.0 ms in 46 steps since last GC) [allocation failure].
[62619:0x102004600]    34566 ms: Mark-sweep 188.3 (222.0) -> 35.8 (76.0) MB, 8.0 / 0 ms (+ 25.7 ms in 326 steps since start of marking, biggest step 0.4 ms) [GC interrupt] [GC in old space requested].
[62619:0x102004600]    34580 ms: Scavenge 46.9 (76.0) -> 46.8 (76.0) MB, 13.3 / 0 ms [allocation failure].
[62619:0x102004600]    34607 ms: Scavenge 51.5 (76.0) -> 51.5 (86.0) MB, 25.8 / 0 ms [allocation failure].
[62619:0x102004600]    34628 ms: Scavenge 62.6 (86.0) -> 62.6 (91.0) MB, 19.7 / 0 ms [allocation failure].
[62619:0x102004600]    34655 ms: Scavenge 67.2 (91.0) -> 67.2 (102.0) MB, 26.1 / 0 ms [allocation failure].
[62619:0x102004600]    34677 ms: Scavenge 78.3 (102.0) -> 78.3 (107.0) MB, 19.3 / 0 ms [allocation failure].
[62619:0x102004600]    34703 ms: Scavenge 83.0 (107.0) -> 83.0 (118.0) MB, 25.8 / 0 ms [allocation failure].
[62619:0x102004600]    34723 ms: Scavenge 94.1 (118.0) -> 94.1 (123.0) MB, 18.2 / 0 ms [allocation failure].
[62619:0x102004600]    34753 ms: Scavenge 98.7 (123.0) -> 98.7 (134.0) MB, 29.5 / 0 ms [allocation failure].
[62619:0x102004600]    34774 ms: Scavenge 109.8 (134.0) -> 109.8 (139.0) MB, 19.0 / 0 ms [allocation failure].
[62619:0x102004600]    34799 ms: Scavenge 114.5 (139.0) -> 114.5 (150.0) MB, 24.7 / 0 ms [allocation failure].
[62619:0x102004600]    34817 ms: Scavenge 125.6 (150.0) -> 125.6 (155.0) MB, 16.2 / 0 ms [allocation failure].
[62619:0x102004600]    34850 ms: Scavenge 130.2 (155.0) -> 130.2 (166.0) MB, 31.1 / 0 ms [allocation failure].
[62619:0x102004600] Increasing marking speed to 3 due to high promotion rate
[62619:0x102004600]    34882 ms: Scavenge 141.3 (166.0) -> 141.3 (171.0) MB, 22.0 / 0 ms (+ 8.5 ms in 177 steps since last GC) [allocation failure].
[62619:0x102004600]    34930 ms: Scavenge 146.0 (171.0) -> 146.0 (182.0) MB, 36.5 / 0 ms (+ 11.1 ms in 74 steps since last GC) [allocation failure].
[62619:0x102004600]    34945 ms: Mark-sweep 149.0 (182.0) -> 34.6 (75.0) MB, 7.2 / 0 ms (+ 26.7 ms in 301 steps since start of marking, biggest step 0.4 ms) [GC interrupt] [GC in old space requested].
[62619:0x102004600]    34962 ms: Scavenge 47.3 (75.0) -> 47.3 (75.0) MB, 15.5 / 0 ms [allocation failure].
[62619:0x102004600]    34998 ms: Scavenge 50.4 (75.0) -> 50.4 (86.0) MB, 35.4 / 0 ms [allocation failure].
[62619:0x102004600]    35021 ms: Scavenge 63.0 (86.0) -> 63.0 (89.0) MB, 21.4 / 0 ms [allocation failure].
[62619:0x102004600]    35058 ms: Scavenge 66.1 (89.0) -> 66.1 (102.0) MB, 36.3 / 0 ms [allocation failure].
[62619:0x102004600]    35074 ms: Scavenge 78.7 (102.0) -> 78.7 (105.0) MB, 14.4 / 0 ms [allocation failure].
[62619:0x102004600]    35112 ms: Scavenge 81.8 (105.0) -> 81.8 (118.0) MB, 37.1 / 0 ms [allocation failure].
[62619:0x102004600]    35132 ms: Scavenge 94.5 (118.0) -> 94.5 (121.0) MB, 18.8 / 0 ms [allocation failure].
[62619:0x102004600]    35158 ms: Scavenge 97.6 (121.0) -> 97.6 (134.0) MB, 26.1 / 0 ms [allocation failure].
[62619:0x102004600]    35178 ms: Scavenge 110.2 (134.0) -> 110.2 (137.0) MB, 17.7 / 0 ms [allocation failure].
[62619:0x102004600]    35205 ms: Scavenge 113.3 (137.0) -> 113.3 (150.0) MB, 26.2 / 0 ms [allocation failure].
[62619:0x102004600]    35226 ms: Scavenge 126.0 (150.0) -> 126.0 (153.0) MB, 18.6 / 0 ms [allocation failure].
[62619:0x102004600]    35254 ms: Scavenge 129.1 (153.0) -> 129.1 (166.0) MB, 28.2 / 0 ms [allocation failure].
[62619:0x102004600]    35271 ms: Scavenge 141.7 (166.0) -> 141.7 (169.0) MB, 14.8 / 0 ms [allocation failure].
[62619:0x102004600] Increasing marking speed to 3 due to high promotion rate
[62619:0x102004600]    35304 ms: Scavenge 144.8 (169.0) -> 144.8 (182.0) MB, 31.0 / 0 ms (+ 1.8 ms in 49 steps since last GC) [allocation failure].
[62619:0x102004600]    35360 ms: Scavenge 157.5 (182.0) -> 157.5 (185.0) MB, 28.1 / 0 ms (+ 27.1 ms in 202 steps since last GC) [allocation failure].
[62619:0x102004600]    35374 ms: Mark-sweep 158.3 (185.0) -> 43.9 (85.0) MB, 11.2 / 0 ms (+ 30.7 ms in 265 steps since start of marking, biggest step 0.4 ms) [GC interrupt] [GC in old space requested].
[62619:0x102004600]    35395 ms: Scavenge 58.8 (85.0) -> 58.8 (85.0) MB, 19.7 / 0 ms [allocation failure].
[62619:0x102004600]    35434 ms: Scavenge 59.6 (85.0) -> 59.6 (98.0) MB, 38.3 / 0 ms [allocation failure].
[62619:0x102004600]    35459 ms: Scavenge 74.5 (98.0) -> 74.5 (99.0) MB, 22.9 / 0 ms [allocation failure].
[62619:0x102004600]    35490 ms: Scavenge 75.4 (99.0) -> 75.4 (114.0) MB, 30.8 / 0 ms [allocation failure].
[62619:0x102004600]    35511 ms: Scavenge 90.3 (114.0) -> 90.3 (115.0) MB, 19.4 / 0 ms [allocation failure].
[62619:0x102004600]    35545 ms: Scavenge 91.1 (115.0) -> 91.1 (130.0) MB, 33.6 / 0 ms [allocation failure].
[62619:0x102004600]    35574 ms: Scavenge 106.0 (130.0) -> 106.0 (131.0) MB, 27.4 / 0 ms [allocation failure].
[62619:0x102004600]    35619 ms: Scavenge 106.8 (131.0) -> 106.8 (146.0) MB, 44.8 / 0 ms [allocation failure].
[62619:0x102004600]    35645 ms: Scavenge 121.8 (146.0) -> 121.8 (147.0) MB, 24.1 / 0 ms [allocation failure].
[62619:0x102004600]    35684 ms: Scavenge 122.6 (147.0) -> 122.6 (162.0) MB, 38.9 / 0 ms [allocation failure].
[62619:0x102004600]    35711 ms: Scavenge 137.5 (162.0) -> 137.5 (163.0) MB, 24.5 / 0 ms [allocation failure].
[62619:0x102004600]    35737 ms: Scavenge 138.3 (163.0) -> 138.3 (178.0) MB, 26.4 / 0 ms [allocation failure].
[62619:0x102004600]    35764 ms: Scavenge 153.3 (178.0) -> 153.3 (179.0) MB, 24.6 / 0 ms [allocation failure].
[62619:0x102004600]    35801 ms: Scavenge 154.1 (179.0) -> 154.1 (194.0) MB, 36.6 / 0 ms [allocation failure].
[62619:0x102004600]    35825 ms: Scavenge 169.0 (194.0) -> 169.0 (195.0) MB, 22.6 / 0 ms [allocation failure].
[62619:0x102004600]    35868 ms: Scavenge 169.8 (195.0) -> 169.8 (210.0) MB, 42.2 / 0 ms [allocation failure].
[62619:0x102004600]    35894 ms: Scavenge 184.7 (210.0) -> 184.7 (211.0) MB, 24.5 / 0 ms [allocation failure].
[62619:0x102004600]    35926 ms: Scavenge 185.6 (211.0) -> 185.6 (226.0) MB, 30.9 / 0 ms [allocation failure].
[62619:0x102004600] Increasing marking speed to 3 due to high promotion rate
[62619:0x102004600]    35966 ms: Scavenge 200.5 (226.0) -> 200.5 (227.0) MB, 27.3 / 0 ms (+ 11.1 ms in 238 steps since last GC) [allocation failure].
[62619:0x102004600]    36008 ms: Scavenge 201.3 (227.0) -> 201.3 (242.0) MB, 37.3 / 0 ms (+ 4.4 ms in 13 steps since last GC) [allocation failure].
[62619:0x102004600]    36077 ms: Scavenge 216.2 (242.0) -> 216.2 (243.0) MB, 32.8 / 0 ms (+ 33.9 ms in 239 steps since last GC) [allocation failure].
[62619:0x102004600]    36093 ms: Mark-sweep 216.8 (243.0) -> 64.3 (106.0) MB, 14.7 / 0 ms (+ 50.8 ms in 500 steps since start of marking, biggest step 0.7 ms) [GC interrupt] [GC in old space requested].
[62619:0x102004600]    36118 ms: Scavenge 79.4 (106.0) -> 79.4 (106.0) MB, 22.4 / 0 ms [allocation failure].
[62619:0x102004600]    36159 ms: Scavenge 80.0 (106.0) -> 80.0 (119.0) MB, 41.2 / 0 ms [allocation failure].
[62619:0x102004600]    36191 ms: Scavenge 95.1 (119.0) -> 95.1 (120.0) MB, 29.1 / 0 ms [allocation failure].
[62619:0x102004600]    36223 ms: Scavenge 95.7 (120.0) -> 95.7 (135.0) MB, 32.0 / 0 ms [allocation failure].
[62619:0x102004600]    36249 ms: Scavenge 110.9 (135.0) -> 110.9 (136.0) MB, 24.8 / 0 ms [allocation failure].
[62619:0x102004600]    36285 ms: Scavenge 111.5 (136.0) -> 111.5 (151.0) MB, 36.0 / 0 ms [allocation failure].
[62619:0x102004600]    36299 ms: Scavenge 126.6 (151.0) -> 126.6 (152.0) MB, 12.1 / 0 ms [allocation failure].
[62619:0x102004600]    36334 ms: Scavenge 127.2 (152.0) -> 127.2 (167.0) MB, 34.3 / 0 ms [allocation failure].
[62619:0x102004600]    36357 ms: Scavenge 142.4 (167.0) -> 142.4 (168.0) MB, 21.6 / 0 ms [allocation failure].
[62619:0x102004600]    36388 ms: Scavenge 143.0 (168.0) -> 143.0 (183.0) MB, 30.3 / 0 ms [allocation failure].
[62619:0x102004600]    36412 ms: Scavenge 158.1 (183.0) -> 158.1 (184.0) MB, 22.4 / 0 ms [allocation failure].
[62619:0x102004600]    36448 ms: Scavenge 158.7 (184.0) -> 158.7 (199.0) MB, 36.3 / 0 ms [allocation failure].
[62619:0x102004600]    36474 ms: Scavenge 173.9 (199.0) -> 173.9 (200.0) MB, 24.2 / 0 ms [allocation failure].
[62619:0x102004600]    36516 ms: Scavenge 174.5 (200.0) -> 174.5 (215.0) MB, 42.2 / 0 ms [allocation failure].
[62619:0x102004600]    36541 ms: Scavenge 189.6 (215.0) -> 189.6 (216.0) MB, 23.1 / 0 ms [allocation failure].
[62619:0x102004600]    36581 ms: Scavenge 190.2 (216.0) -> 190.2 (231.0) MB, 39.8 / 0 ms [allocation failure].
[62619:0x102004600]    36605 ms: Scavenge 205.4 (231.0) -> 205.4 (232.0) MB, 21.3 / 0 ms [allocation failure].
[62619:0x102004600]    36639 ms: Scavenge 206.0 (232.0) -> 206.0 (247.0) MB, 34.0 / 0 ms [allocation failure].
[62619:0x102004600]    36664 ms: Scavenge 221.1 (247.0) -> 221.1 (248.0) MB, 23.6 / 0 ms [allocation failure].
[62619:0x102004600]    36696 ms: Scavenge 221.7 (248.0) -> 221.7 (263.0) MB, 31.5 / 0 ms [allocation failure].
[62619:0x102004600]    36721 ms: Scavenge 236.9 (263.0) -> 236.9 (264.0) MB, 23.4 / 0 ms [allocation failure].
[62619:0x102004600]    36758 ms: Scavenge 237.5 (264.0) -> 237.5 (279.0) MB, 37.1 / 0 ms [allocation failure].
[62619:0x102004600]    36779 ms: Scavenge 252.6 (279.0) -> 252.6 (280.0) MB, 19.3 / 0 ms [allocation failure].
[62619:0x102004600]    36818 ms: Scavenge 253.2 (280.0) -> 253.2 (295.0) MB, 38.6 / 0 ms [allocation failure].
[62619:0x102004600]    36842 ms: Scavenge 268.3 (295.0) -> 268.3 (296.0) MB, 21.8 / 0 ms [allocation failure].
[62619:0x102004600]    36873 ms: Scavenge 269.0 (296.0) -> 269.0 (311.0) MB, 30.9 / 0 ms [allocation failure].
[62619:0x102004600] Increasing marking speed to 3 due to high promotion rate
[62619:0x102004600]    36908 ms: Scavenge 284.1 (311.0) -> 284.1 (312.0) MB, 25.4 / 0 ms (+ 8.1 ms in 242 steps since last GC) [allocation failure].
[62619:0x102004600]    36948 ms: Scavenge 284.7 (312.0) -> 284.7 (327.0) MB, 37.2 / 0 ms (+ 2.8 ms in 9 steps since last GC) [allocation failure].
[62619:0x102004600]    36951 ms: Mark-sweep 285.0 (327.0) -> 18.0 (64.0) MB, 1.9 / 0 ms (+ 11.2 ms in 256 steps since start of marking, biggest step 0.4 ms) [GC interrupt] [GC in old space requested].
[62619:0x102004600]    36976 ms: Scavenge 33.5 (64.0) -> 33.5 (64.0) MB, 22.9 / 0 ms [allocation failure].
[62619:0x102004600]    37009 ms: Scavenge 33.7 (64.0) -> 33.7 (72.0) MB, 33.2 / 0 ms [allocation failure].
[62619:0x102004600]    37033 ms: Scavenge 49.2 (72.0) -> 49.2 (73.0) MB, 22.2 / 0 ms [allocation failure].
[62619:0x102004600]    37068 ms: Scavenge 49.5 (73.0) -> 49.5 (88.0) MB, 35.2 / 0 ms [allocation failure].
[62619:0x102004600]    37090 ms: Scavenge 64.9 (88.0) -> 64.9 (89.0) MB, 19.8 / 0 ms [allocation failure].
[62619:0x102004600]    37118 ms: Scavenge 65.2 (89.0) -> 65.2 (104.0) MB, 28.7 / 0 ms [allocation failure].
[62619:0x102004600]    37152 ms: Scavenge 80.7 (104.0) -> 80.7 (105.0) MB, 29.4 / 0 ms [allocation failure].
[62619:0x102004600]    37191 ms: Scavenge 81.0 (105.0) -> 81.0 (120.0) MB, 39.4 / 0 ms [allocation failure].
[62619:0x102004600] Increasing marking speed to 3 due to high promotion rate
[62619:0x102004600]    37228 ms: Scavenge 96.4 (120.0) -> 96.4 (121.0) MB, 26.6 / 0 ms (+ 8.5 ms in 247 steps since last GC) [allocation failure].
[62619:0x102004600]    37268 ms: Scavenge 96.7 (121.0) -> 96.7 (136.0) MB, 38.3 / 0 ms (+ 1.1 ms in 4 steps since last GC) [allocation failure].
[62619:0x102004600]    37276 ms: Mark-sweep 98.6 (136.0) -> 22.3 (69.0) MB, 3.4 / 0 ms (+ 13.8 ms in 283 steps since start of marking, biggest step 0.4 ms) [GC interrupt] [GC in old space requested].
[62619:0x102004600]    37293 ms: Scavenge 36.1 (69.0) -> 36.1 (69.0) MB, 16.1 / 0 ms [allocation failure].
[62619:0x102004600]    37326 ms: Scavenge 38.1 (69.0) -> 38.1 (75.0) MB, 31.8 / 0 ms [allocation failure].
[62619:0x102004600]    37346 ms: Scavenge 51.9 (75.0) -> 51.9 (77.0) MB, 19.2 / 0 ms [allocation failure].
[62619:0x102004600]    37374 ms: Scavenge 53.8 (77.0) -> 53.8 (91.0) MB, 27.6 / 0 ms [allocation failure].
[62619:0x102004600]    37396 ms: Scavenge 67.6 (91.0) -> 67.6 (93.0) MB, 20.4 / 0 ms [allocation failure].
[62619:0x102004600]    37423 ms: Scavenge 69.6 (93.0) -> 69.6 (107.0) MB, 27.1 / 0 ms [allocation failure].
[62619:0x102004600]    37448 ms: Scavenge 83.4 (107.0) -> 83.4 (109.0) MB, 22.9 / 0 ms [allocation failure].
[62619:0x102004600]    37473 ms: Scavenge 85.3 (109.0) -> 85.3 (123.0) MB, 25.1 / 0 ms [allocation failure].
[62619:0x102004600] Increasing marking speed to 3 due to high promotion rate
[62619:0x102004600]    37507 ms: Scavenge 99.1 (123.0) -> 99.1 (125.0) MB, 25.9 / 0 ms (+ 7.0 ms in 220 steps since last GC) [allocation failure].
[62619:0x102004600]    37538 ms: Scavenge 101.1 (125.0) -> 101.1 (139.0) MB, 24.9 / 0 ms (+ 5.4 ms in 31 steps since last GC) [allocation failure].
[62619:0x102004600]    37549 ms: Mark-sweep 103.5 (139.0) -> 27.2 (72.0) MB, 6.0 / 0 ms (+ 17.0 ms in 291 steps since start of marking, biggest step 0.4 ms) [GC interrupt] [GC in old space requested].
[62619:0x102004600]    37563 ms: Scavenge 40.5 (72.0) -> 40.5 (72.0) MB, 12.6 / 0 ms [allocation failure].
[62619:0x102004600]    37584 ms: Scavenge 43.0 (72.0) -> 43.0 (79.0) MB, 20.2 / 0 ms [allocation failure].
[62619:0x102004600]    37603 ms: Scavenge 56.2 (79.0) -> 56.2 (82.0) MB, 18.4 / 0 ms [allocation failure].
[62619:0x102004600]    37626 ms: Scavenge 58.7 (82.0) -> 58.7 (95.0) MB, 22.8 / 0 ms [allocation failure].
[62619:0x102004600]    37641 ms: Scavenge 72.0 (95.0) -> 72.0 (98.0) MB, 13.5 / 0 ms [allocation failure].
[62619:0x102004600]    37664 ms: Scavenge 74.5 (98.0) -> 74.5 (111.0) MB, 22.8 / 0 ms [allocation failure].
[62619:0x102004600]    37677 ms: Scavenge 87.7 (111.0) -> 87.7 (114.0) MB, 11.4 / 0 ms [allocation failure].
[62619:0x102004600]    37699 ms: Scavenge 90.2 (114.0) -> 90.2 (127.0) MB, 21.7 / 0 ms [allocation failure].
[62619:0x102004600]    37716 ms: Scavenge 103.5 (127.0) -> 103.5 (130.0) MB, 14.9 / 0 ms [allocation failure].
[62619:0x102004600]    37738 ms: Scavenge 105.9 (130.0) -> 105.9 (143.0) MB, 22.3 / 0 ms [allocation failure].
[62619:0x102004600] Increasing marking speed to 3 due to high promotion rate
[62619:0x102004600]    37771 ms: Scavenge 119.2 (143.0) -> 119.2 (146.0) MB, 24.8 / 0 ms (+ 6.8 ms in 212 steps since last GC) [allocation failure].
[62619:0x102004600]    37806 ms: Scavenge 121.7 (146.0) -> 121.7 (159.0) MB, 25.6 / 0 ms (+ 8.8 ms in 39 steps since last GC) [allocation failure].
[62619:0x102004600]    37853 ms: Mark-sweep 133.9 (159.0) -> 57.7 (91.0) MB, 19.7 / 0 ms (+ 41.4 ms in 447 steps since start of marking, biggest step 0.5 ms) [GC interrupt] [GC in old space requested].
[62619:0x102004600]    37873 ms: Scavenge 61.1 (91.0) -> 61.0 (97.0) MB, 19.6 / 0 ms [allocation failure].
[62619:0x102004600]    37888 ms: Scavenge 73.3 (97.0) -> 73.3 (100.0) MB, 13.8 / 0 ms [allocation failure].
[62619:0x102004600]    37910 ms: Scavenge 76.8 (100.0) -> 76.8 (113.0) MB, 21.6 / 0 ms [allocation failure].
[62619:0x102004600]    37926 ms: Scavenge 89.1 (113.0) -> 89.1 (116.0) MB, 14.5 / 0 ms [allocation failure].
[62619:0x102004600]    37949 ms: Scavenge 92.5 (116.0) -> 92.5 (129.0) MB, 22.9 / 0 ms [allocation failure].
[62619:0x102004600]    37965 ms: Scavenge 104.8 (129.0) -> 104.8 (132.0) MB, 14.4 / 0 ms [allocation failure].
[62619:0x102004600]    37988 ms: Scavenge 108.3 (132.0) -> 108.3 (145.0) MB, 22.4 / 0 ms [allocation failure].
[62619:0x102004600]    38002 ms: Scavenge 120.6 (145.0) -> 120.6 (148.0) MB, 13.2 / 0 ms [allocation failure].
[62619:0x102004600]    38024 ms: Scavenge 124.0 (148.0) -> 124.0 (161.0) MB, 21.4 / 0 ms [allocation failure].
[62619:0x102004600]    38039 ms: Scavenge 136.3 (161.0) -> 136.3 (164.0) MB, 14.1 / 0 ms [allocation failure].
[62619:0x102004600]    38061 ms: Scavenge 139.8 (164.0) -> 139.8 (177.0) MB, 21.2 / 0 ms [allocation failure].
[62619:0x102004600]    38075 ms: Scavenge 152.1 (177.0) -> 152.1 (180.0) MB, 13.1 / 0 ms [allocation failure].
[62619:0x102004600]    38097 ms: Scavenge 155.5 (180.0) -> 155.5 (193.0) MB, 21.4 / 0 ms [allocation failure].
[62619:0x102004600]    38112 ms: Scavenge 167.8 (193.0) -> 167.8 (196.0) MB, 13.9 / 0 ms [allocation failure].
[62619:0x102004600]    38136 ms: Scavenge 171.3 (196.0) -> 171.3 (209.0) MB, 23.4 / 0 ms [allocation failure].
[62619:0x102004600]    38152 ms: Scavenge 183.6 (209.0) -> 183.6 (212.0) MB, 14.4 / 0 ms [allocation failure].
[62619:0x102004600]    38177 ms: Scavenge 187.0 (212.0) -> 187.0 (225.0) MB, 24.8 / 0 ms [allocation failure].
[62619:0x102004600] Increasing marking speed to 3 due to high promotion rate
[62619:0x102004600]    38208 ms: Scavenge 199.3 (225.0) -> 199.3 (228.0) MB, 23.0 / 0 ms (+ 6.4 ms in 196 steps since last GC) [allocation failure].
[62619:0x102004600]    38245 ms: Scavenge 202.8 (228.0) -> 202.8 (241.0) MB, 27.8 / 0 ms (+ 8.3 ms in 55 steps since last GC) [allocation failure].
[62619:0x102004600]    38300 ms: Scavenge 215.1 (241.0) -> 215.1 (244.0) MB, 30.6 / 0 ms (+ 23.3 ms in 197 steps since last GC) [allocation failure].
[62619:0x102004600]    38316 ms: Mark-sweep 216.3 (244.0) -> 63.8 (105.0) MB, 12.1 / 0 ms (+ 41.9 ms in 469 steps since start of marking, biggest step 0.5 ms) [GC interrupt] [GC in old space requested].
[62619:0x102004600]    38336 ms: Scavenge 78.2 (105.0) -> 78.2 (105.0) MB, 18.1 / 0 ms [allocation failure].
[62619:0x102004600]    38364 ms: Scavenge 79.5 (105.0) -> 79.5 (118.0) MB, 27.6 / 0 ms [allocation failure].
[62619:0x102004600]    38390 ms: Scavenge 94.0 (118.0) -> 94.0 (119.0) MB, 24.6 / 0 ms [allocation failure].
[62619:0x102004600]    38426 ms: Scavenge 95.2 (119.0) -> 95.2 (134.0) MB, 35.1 / 0 ms [allocation failure].
[62619:0x102004600]    38448 ms: Scavenge 109.7 (134.0) -> 109.7 (135.0) MB, 20.2 / 0 ms [allocation failure].
[62619:0x102004600]    38479 ms: Scavenge 111.0 (135.0) -> 111.0 (150.0) MB, 31.1 / 0 ms [allocation failure].
[62619:0x102004600]    38502 ms: Scavenge 125.4 (150.0) -> 125.4 (151.0) MB, 21.2 / 0 ms [allocation failure].
[62619:0x102004600]    38526 ms: Scavenge 126.7 (151.0) -> 126.7 (166.0) MB, 24.1 / 0 ms [allocation failure].
[62619:0x102004600]    38550 ms: Scavenge 141.2 (166.0) -> 141.2 (167.0) MB, 22.1 / 0 ms [allocation failure].
[62619:0x102004600]    38577 ms: Scavenge 142.5 (167.0) -> 142.5 (182.0) MB, 26.7 / 0 ms [allocation failure].
[62619:0x102004600]    38597 ms: Scavenge 156.9 (182.0) -> 156.9 (183.0) MB, 18.7 / 0 ms [allocation failure].
[62619:0x102004600]    38621 ms: Scavenge 158.2 (183.0) -> 158.2 (198.0) MB, 23.9 / 0 ms [allocation failure].
[62619:0x102004600]    38640 ms: Scavenge 172.7 (198.0) -> 172.7 (199.0) MB, 17.5 / 0 ms [allocation failure].
[62619:0x102004600]    38667 ms: Scavenge 174.0 (199.0) -> 174.0 (214.0) MB, 27.0 / 0 ms [allocation failure].
[62619:0x102004600]    38688 ms: Scavenge 188.4 (214.0) -> 188.4 (215.0) MB, 18.6 / 0 ms [allocation failure].
[62619:0x102004600]    38718 ms: Scavenge 189.7 (215.0) -> 189.7 (230.0) MB, 30.2 / 0 ms [allocation failure].
[62619:0x102004600]    38741 ms: Scavenge 204.2 (230.0) -> 204.2 (231.0) MB, 21.0 / 0 ms [allocation failure].
[62619:0x102004600]    38766 ms: Scavenge 205.5 (231.0) -> 205.5 (246.0) MB, 25.0 / 0 ms [allocation failure].
[62619:0x102004600]    38794 ms: Scavenge 219.9 (246.0) -> 219.9 (247.0) MB, 25.6 / 0 ms [allocation failure].
[62619:0x102004600]    38819 ms: Scavenge 221.2 (247.0) -> 221.2 (262.0) MB, 25.2 / 0 ms [allocation failure].
[62619:0x102004600]    38842 ms: Scavenge 235.7 (262.0) -> 235.7 (263.0) MB, 21.3 / 0 ms [allocation failure].
[62619:0x102004600]    38871 ms: Scavenge 237.0 (263.0) -> 237.0 (278.0) MB, 28.5 / 0 ms [allocation failure].
[62619:0x102004600]    38896 ms: Scavenge 251.4 (278.0) -> 251.4 (279.0) MB, 23.5 / 0 ms [allocation failure].
[62619:0x102004600]    38923 ms: Scavenge 252.7 (279.0) -> 252.7 (294.0) MB, 27.3 / 0 ms [allocation failure].
[62619:0x102004600] Increasing marking speed to 3 due to high promotion rate
[62619:0x102004600]    38958 ms: Scavenge 267.2 (294.0) -> 267.2 (295.0) MB, 25.6 / 0 ms (+ 7.5 ms in 231 steps since last GC) [allocation failure].
[62619:0x102004600]    38992 ms: Scavenge 268.5 (295.0) -> 268.5 (310.0) MB, 29.0 / 0 ms (+ 4.2 ms in 20 steps since last GC) [allocation failure].
[62619:0x102004600]    39036 ms: Mark-sweep 279.0 (310.0) -> 50.2 (88.0) MB, 18.0 / 0 ms (+ 36.3 ms in 420 steps since start of marking, biggest step 0.4 ms) [GC interrupt] [GC in old space requested].
[62619:0x102004600]    39056 ms: Scavenge 55.3 (88.0) -> 55.3 (89.0) MB, 19.2 / 0 ms [allocation failure].
[62619:0x102004600]    39075 ms: Scavenge 65.8 (89.0) -> 65.8 (94.0) MB, 17.5 / 0 ms [allocation failure].
[62619:0x102004600]    39095 ms: Scavenge 71.0 (94.0) -> 71.0 (105.0) MB, 20.0 / 0 ms [allocation failure].
[62619:0x102004600]    39114 ms: Scavenge 81.6 (105.0) -> 81.6 (110.0) MB, 16.8 / 0 ms [allocation failure].
[62619:0x102004600]    39139 ms: Scavenge 86.7 (110.0) -> 86.7 (121.0) MB, 24.2 / 0 ms [allocation failure].
[62619:0x102004600]    39155 ms: Scavenge 97.3 (121.0) -> 97.3 (126.0) MB, 15.0 / 0 ms [allocation failure].
[62619:0x102004600]    39178 ms: Scavenge 102.5 (126.0) -> 102.5 (137.0) MB, 22.4 / 0 ms [allocation failure].
[62619:0x102004600]    39194 ms: Scavenge 113.1 (137.0) -> 113.1 (142.0) MB, 14.5 / 0 ms [allocation failure].
[62619:0x102004600]    39214 ms: Scavenge 118.2 (142.0) -> 118.2 (153.0) MB, 19.8 / 0 ms [allocation failure].
[62619:0x102004600]    39229 ms: Scavenge 128.8 (153.0) -> 128.8 (158.0) MB, 14.2 / 0 ms [allocation failure].
[62619:0x102004600]    39249 ms: Scavenge 134.0 (158.0) -> 134.0 (169.0) MB, 19.7 / 0 ms [allocation failure].
[62619:0x102004600]    39265 ms: Scavenge 144.6 (169.0) -> 144.6 (174.0) MB, 14.6 / 0 ms [allocation failure].
[62619:0x102004600]    39285 ms: Scavenge 149.7 (174.0) -> 149.7 (185.0) MB, 19.6 / 0 ms [allocation failure].
[62619:0x102004600]    39305 ms: Scavenge 160.3 (185.0) -> 160.3 (190.0) MB, 17.5 / 0 ms [allocation failure].
[62619:0x102004600]    39327 ms: Scavenge 165.5 (190.0) -> 165.5 (201.0) MB, 22.0 / 0 ms [allocation failure].
[62619:0x102004600] Increasing marking speed to 3 due to high promotion rate
[62619:0x102004600]    39356 ms: Scavenge 176.1 (201.0) -> 176.1 (206.0) MB, 19.4 / 0 ms (+ 7.6 ms in 169 steps since last GC) [allocation failure].
[62619:0x102004600]    39390 ms: Scavenge 181.2 (206.0) -> 181.2 (217.0) MB, 21.8 / 0 ms (+ 11.7 ms in 82 steps since last GC) [allocation failure].
[62619:0x102004600]    39398 ms: Mark-sweep 182.4 (217.0) -> 29.8 (71.0) MB, 5.9 / 0 ms (+ 21.0 ms in 270 steps since start of marking, biggest step 0.4 ms) [GC interrupt] [GC in old space requested].
[62619:0x102004600]    39421 ms: Scavenge 44.4 (71.0) -> 44.4 (71.0) MB, 21.1 / 0 ms [allocation failure].
[62619:0x102004600]    39449 ms: Scavenge 45.5 (71.0) -> 45.5 (83.0) MB, 27.6 / 0 ms [allocation failure].
[62619:0x102004600]    39471 ms: Scavenge 60.1 (83.0) -> 60.1 (84.0) MB, 20.2 / 0 ms [allocation failure].
[62619:0x102004600]    39509 ms: Scavenge 61.3 (84.0) -> 61.3 (99.0) MB, 38.2 / 0 ms [allocation failure].
[62619:0x102004600]    39532 ms: Scavenge 75.9 (99.0) -> 75.9 (100.0) MB, 21.0 / 0 ms [allocation failure].
[62619:0x102004600]    39561 ms: Scavenge 77.0 (100.0) -> 77.0 (115.0) MB, 29.3 / 0 ms [allocation failure].
[62619:0x102004600]    39583 ms: Scavenge 91.6 (115.0) -> 91.6 (116.0) MB, 20.3 / 0 ms [allocation failure].
[62619:0x102004600]    39611 ms: Scavenge 92.8 (116.0) -> 92.8 (131.0) MB, 27.9 / 0 ms [allocation failure].
[62619:0x102004600]    39634 ms: Scavenge 107.4 (131.0) -> 107.4 (132.0) MB, 20.5 / 0 ms [allocation failure].
[62619:0x102004600]    39657 ms: Scavenge 108.5 (132.0) -> 108.5 (147.0) MB, 23.7 / 0 ms [allocation failure].
[62619:0x102004600]    39689 ms: Scavenge 123.1 (147.0) -> 123.1 (148.0) MB, 29.4 / 0 ms [allocation failure].
[62619:0x102004600]    39720 ms: Scavenge 124.2 (148.0) -> 124.2 (163.0) MB, 30.7 / 0 ms [allocation failure].
[62619:0x102004600] Increasing marking speed to 3 due to high promotion rate
[62619:0x102004600]    39755 ms: Scavenge 138.8 (163.0) -> 138.8 (164.0) MB, 25.5 / 0 ms (+ 7.5 ms in 233 steps since last GC) [allocation failure].
[62619:0x102004600]    39786 ms: Scavenge 140.0 (164.0) -> 140.0 (179.0) MB, 26.4 / 0 ms (+ 4.4 ms in 18 steps since last GC) [allocation failure].
[62619:0x102004600]    39799 ms: Mark-sweep 143.6 (179.0) -> 29.2 (74.0) MB, 5.6 / 0 ms (+ 18.8 ms in 310 steps since start of marking, biggest step 0.4 ms) [GC interrupt] [GC in old space requested].
[62619:0x102004600]    39812 ms: Scavenge 41.3 (74.0) -> 41.3 (74.0) MB, 12.3 / 0 ms [allocation failure].
[62619:0x102004600]    39841 ms: Scavenge 44.9 (74.0) -> 44.9 (80.0) MB, 27.7 / 0 ms [allocation failure].
[62619:0x102004600]    39855 ms: Scavenge 57.0 (80.0) -> 57.0 (84.0) MB, 13.0 / 0 ms [allocation failure].
[62619:0x102004600]    39887 ms: Scavenge 60.7 (84.0) -> 60.7 (96.0) MB, 31.2 / 0 ms [allocation failure].
[62619:0x102004600]    39903 ms: Scavenge 72.8 (96.0) -> 72.8 (100.0) MB, 14.4 / 0 ms [allocation failure].
[62619:0x102004600]    39927 ms: Scavenge 76.4 (100.0) -> 76.4 (112.0) MB, 23.6 / 0 ms [allocation failure].
[62619:0x102004600]    39945 ms: Scavenge 88.5 (112.0) -> 88.5 (116.0) MB, 17.0 / 0 ms [allocation failure].
[62619:0x102004600]    39968 ms: Scavenge 92.2 (116.0) -> 92.2 (128.0) MB, 22.7 / 0 ms [allocation failure].
[62619:0x102004600]    39985 ms: Scavenge 104.3 (128.0) -> 104.3 (132.0) MB, 14.8 / 0 ms [allocation failure].
[62619:0x102004600]    40006 ms: Scavenge 107.9 (132.0) -> 107.9 (144.0) MB, 21.3 / 0 ms [allocation failure].
[62619:0x102004600] Increasing marking speed to 3 due to high promotion rate
[62619:0x102004600]    40032 ms: Scavenge 120.0 (144.0) -> 120.0 (148.0) MB, 17.9 / 0 ms (+ 6.1 ms in 193 steps since last GC) [allocation failure].
[62619:0x102004600]    40066 ms: Scavenge 123.7 (148.0) -> 123.7 (160.0) MB, 24.4 / 0 ms (+ 9.2 ms in 58 steps since last GC) [allocation failure].
[62619:0x102004600]    40114 ms: Mark-sweep 135.7 (160.0) -> 59.5 (92.0) MB, 22.5 / 0 ms (+ 39.2 ms in 444 steps since start of marking, biggest step 0.4 ms) [GC interrupt] [GC in old space requested].
[62619:0x102004600]    40135 ms: Scavenge 63.1 (92.0) -> 63.0 (99.0) MB, 21.1 / 0 ms [allocation failure].
[62619:0x102004600]    40152 ms: Scavenge 75.1 (99.0) -> 75.1 (102.0) MB, 15.1 / 0 ms [allocation failure].
[62619:0x102004600]    40177 ms: Scavenge 78.8 (102.0) -> 78.8 (115.0) MB, 24.0 / 0 ms [allocation failure].
[62619:0x102004600]    40193 ms: Scavenge 90.9 (115.0) -> 90.9 (118.0) MB, 14.7 / 0 ms [allocation failure].
[62619:0x102004600]    40216 ms: Scavenge 94.5 (118.0) -> 94.5 (131.0) MB, 22.4 / 0 ms [allocation failure].
[62619:0x102004600]    40237 ms: Scavenge 106.6 (131.0) -> 106.6 (134.0) MB, 19.2 / 0 ms [allocation failure].
[62619:0x102004600]    40263 ms: Scavenge 110.3 (134.0) -> 110.3 (147.0) MB, 25.1 / 0 ms [allocation failure].
[62619:0x102004600]    40280 ms: Scavenge 122.4 (147.0) -> 122.4 (150.0) MB, 15.5 / 0 ms [allocation failure].
[62619:0x102004600]    40307 ms: Scavenge 126.0 (150.0) -> 126.0 (163.0) MB, 26.6 / 0 ms [allocation failure].
[62619:0x102004600]    40322 ms: Scavenge 138.1 (163.0) -> 138.1 (166.0) MB, 13.6 / 0 ms [allocation failure].
[62619:0x102004600]    40345 ms: Scavenge 141.8 (166.0) -> 141.8 (179.0) MB, 22.9 / 0 ms [allocation failure].
[62619:0x102004600]    40360 ms: Scavenge 153.9 (179.0) -> 153.9 (182.0) MB, 14.1 / 0 ms [allocation failure].
[62619:0x102004600]    40384 ms: Scavenge 157.5 (182.0) -> 157.5 (195.0) MB, 23.7 / 0 ms [allocation failure].
[62619:0x102004600]    40403 ms: Scavenge 169.6 (195.0) -> 169.6 (198.0) MB, 16.8 / 0 ms [allocation failure].
[62619:0x102004600]    40427 ms: Scavenge 173.2 (198.0) -> 173.2 (211.0) MB, 23.5 / 0 ms [allocation failure].
[62619:0x102004600]    40443 ms: Scavenge 185.4 (211.0) -> 185.4 (214.0) MB, 15.1 / 0 ms [allocation failure].
[62619:0x102004600]    40470 ms: Scavenge 189.0 (214.0) -> 189.0 (227.0) MB, 25.8 / 0 ms [allocation failure].
[62619:0x102004600]    40485 ms: Scavenge 201.1 (227.0) -> 201.1 (230.0) MB, 14.0 / 0 ms [allocation failure].
[62619:0x102004600]    40507 ms: Scavenge 204.7 (230.0) -> 204.7 (243.0) MB, 21.3 / 0 ms [allocation failure].
[62619:0x102004600] Increasing marking speed to 3 due to high promotion rate
[62619:0x102004600]    40541 ms: Scavenge 216.8 (243.0) -> 216.8 (246.0) MB, 26.5 / 0 ms (+ 6.2 ms in 193 steps since last GC) [allocation failure].
[62619:0x102004600]    40573 ms: Scavenge 220.5 (246.0) -> 220.5 (259.0) MB, 22.7 / 0 ms (+ 8.5 ms in 58 steps since last GC) [allocation failure].
[62619:0x102004600]    40586 ms: Mark-sweep 223.7 (259.0) -> 33.0 (76.0) MB, 7.0 / 0 ms (+ 20.5 ms in 303 steps since start of marking, biggest step 0.3 ms) [GC interrupt] [GC in old space requested].
[62619:0x102004600]    40602 ms: Scavenge 45.5 (76.0) -> 45.5 (76.0) MB, 14.1 / 0 ms [allocation failure].
[62619:0x102004600]    40625 ms: Scavenge 48.7 (76.0) -> 48.7 (84.0) MB, 22.8 / 0 ms [allocation failure].
[62619:0x102004600]    40640 ms: Scavenge 61.2 (84.0) -> 61.2 (88.0) MB, 13.7 / 0 ms [allocation failure].
[62619:0x102004600]    40662 ms: Scavenge 64.5 (88.0) -> 64.4 (100.0) MB, 21.3 / 0 ms [allocation failure].
[62619:0x102004600]    40676 ms: Scavenge 77.0 (100.0) -> 77.0 (104.0) MB, 13.4 / 0 ms [allocation failure].
[62619:0x102004600]    40699 ms: Scavenge 80.2 (104.0) -> 80.2 (116.0) MB, 22.6 / 0 ms [allocation failure].
[62619:0x102004600]    40719 ms: Scavenge 92.7 (116.0) -> 92.7 (120.0) MB, 18.1 / 0 ms [allocation failure].
[62619:0x102004600]    40744 ms: Scavenge 95.9 (120.0) -> 95.9 (132.0) MB, 24.6 / 0 ms [allocation failure].
[62619:0x102004600]    40762 ms: Scavenge 108.5 (132.0) -> 108.5 (136.0) MB, 16.1 / 0 ms [allocation failure].
[62619:0x102004600]    40784 ms: Scavenge 111.7 (136.0) -> 111.7 (148.0) MB, 21.7 / 0 ms [allocation failure].
[62619:0x102004600]    40798 ms: Scavenge 124.2 (148.0) -> 124.2 (152.0) MB, 12.4 / 0 ms [allocation failure].
[62619:0x102004600]    40824 ms: Scavenge 127.4 (152.0) -> 127.4 (164.0) MB, 25.5 / 0 ms [allocation failure].
[62619:0x102004600] Increasing marking speed to 3 due to high promotion rate
[62619:0x102004600]    40859 ms: Scavenge 140.0 (164.0) -> 140.0 (168.0) MB, 26.4 / 0 ms (+ 7.4 ms in 200 steps since last GC) [allocation failure].
[62619:0x102004600]    40891 ms: Scavenge 143.2 (168.0) -> 143.2 (180.0) MB, 23.4 / 0 ms (+ 8.4 ms in 51 steps since last GC) [allocation failure].
[62619:0x102004600]    40905 ms: Mark-sweep 146.3 (180.0) -> 31.9 (72.0) MB, 8.1 / 0 ms (+ 20.4 ms in 302 steps since start of marking, biggest step 0.5 ms) [GC interrupt] [GC in old space requested].
[62619:0x102004600]    40921 ms: Scavenge 44.5 (72.0) -> 44.5 (72.0) MB, 14.5 / 0 ms [allocation failure].
[62619:0x102004600]    40944 ms: Scavenge 47.6 (72.0) -> 47.6 (83.0) MB, 22.6 / 0 ms [allocation failure].
[62619:0x102004600]    40961 ms: Scavenge 60.2 (83.0) -> 60.2 (87.0) MB, 16.1 / 0 ms [allocation failure].
[62619:0x102004600]    40989 ms: Scavenge 63.4 (87.0) -> 63.4 (99.0) MB, 27.1 / 0 ms [allocation failure].
[62619:0x102004600]    41003 ms: Scavenge 76.0 (99.0) -> 76.0 (103.0) MB, 13.3 / 0 ms [allocation failure].
[62619:0x102004600]    41037 ms: Scavenge 79.1 (103.0) -> 79.1 (115.0) MB, 33.6 / 0 ms [allocation failure].
[62619:0x102004600]    41053 ms: Scavenge 91.7 (115.0) -> 91.7 (119.0) MB, 14.5 / 0 ms [allocation failure].
[62619:0x102004600]    41088 ms: Scavenge 94.9 (119.0) -> 94.9 (131.0) MB, 34.3 / 0 ms [allocation failure].
[62619:0x102004600]    41104 ms: Scavenge 107.4 (131.0) -> 107.4 (135.0) MB, 14.6 / 0 ms [allocation failure].
[62619:0x102004600]    41128 ms: Scavenge 110.6 (135.0) -> 110.6 (147.0) MB, 23.7 / 0 ms [allocation failure].
[62619:0x102004600]    41145 ms: Scavenge 123.2 (147.0) -> 123.2 (151.0) MB, 15.4 / 0 ms [allocation failure].
[62619:0x102004600]    41172 ms: Scavenge 126.4 (151.0) -> 126.4 (163.0) MB, 26.2 / 0 ms [allocation failure].
[62619:0x102004600] Increasing marking speed to 3 due to high promotion rate
[62619:0x102004600]    41205 ms: Scavenge 138.9 (163.0) -> 138.9 (167.0) MB, 24.7 / 0 ms (+ 6.6 ms in 201 steps since last GC) [allocation failure].
[62619:0x102004600]    41236 ms: Scavenge 142.1 (167.0) -> 142.1 (179.0) MB, 23.0 / 0 ms (+ 7.5 ms in 50 steps since last GC) [allocation failure].
[62619:0x102004600]    41248 ms: Mark-sweep 144.8 (179.0) -> 30.4 (71.0) MB, 7.2 / 0 ms (+ 18.0 ms in 295 steps since start of marking, biggest step 0.4 ms) [GC interrupt] [GC in old space requested].
[62619:0x102004600]    41264 ms: Scavenge 43.4 (71.0) -> 43.4 (71.0) MB, 15.2 / 0 ms [allocation failure].
[62619:0x102004600]    41290 ms: Scavenge 46.1 (71.0) -> 46.1 (82.0) MB, 25.0 / 0 ms [allocation failure].
[62619:0x102004600]    41313 ms: Scavenge 59.1 (82.0) -> 59.1 (85.0) MB, 21.8 / 0 ms [allocation failure].
[62619:0x102004600]    41336 ms: Scavenge 61.9 (85.0) -> 61.9 (98.0) MB, 22.5 / 0 ms [allocation failure].
[62619:0x102004600]    41353 ms: Scavenge 74.9 (98.0) -> 74.9 (101.0) MB, 15.5 / 0 ms [allocation failure].
[62619:0x102004600]    41376 ms: Scavenge 77.6 (101.0) -> 77.6 (114.0) MB, 22.2 / 0 ms [allocation failure].
[62619:0x102004600]    41396 ms: Scavenge 90.6 (114.0) -> 90.6 (117.0) MB, 19.3 / 0 ms [allocation failure].
[62619:0x102004600]    41419 ms: Scavenge 93.3 (117.0) -> 93.3 (130.0) MB, 22.3 / 0 ms [allocation failure].
[62619:0x102004600]    41436 ms: Scavenge 106.4 (130.0) -> 106.4 (133.0) MB, 15.4 / 0 ms [allocation failure].
[62619:0x102004600]    41459 ms: Scavenge 109.1 (133.0) -> 109.1 (146.0) MB, 22.3 / 0 ms [allocation failure].
[62619:0x102004600]    41476 ms: Scavenge 122.1 (146.0) -> 122.1 (149.0) MB, 15.6 / 0 ms [allocation failure].
[62619:0x102004600]    41502 ms: Scavenge 124.8 (149.0) -> 124.8 (162.0) MB, 25.4 / 0 ms [allocation failure].
[62619:0x102004600] Increasing marking speed to 3 due to high promotion rate
[62619:0x102004600]    41537 ms: Scavenge 137.9 (162.0) -> 137.9 (165.0) MB, 26.8 / 0 ms (+ 6.5 ms in 208 steps since last GC) [allocation failure].
[62619:0x102004600]    41570 ms: Scavenge 140.6 (165.0) -> 140.6 (178.0) MB, 24.0 / 0 ms (+ 8.8 ms in 43 steps since last GC) [allocation failure].
[62619:0x102004600]    41579 ms: Mark-sweep 142.9 (178.0) -> 28.5 (70.0) MB, 5.8 / 0 ms (+ 18.7 ms in 289 steps since start of marking, biggest step 0.5 ms) [GC interrupt] [GC in old space requested].
[62619:0x102004600]    41594 ms: Scavenge 41.9 (70.0) -> 41.9 (70.0) MB, 12.8 / 0 ms [allocation failure].
[62619:0x102004600]    41616 ms: Scavenge 44.2 (70.0) -> 44.2 (81.0) MB, 21.5 / 0 ms [allocation failure].
[62619:0x102004600]    41636 ms: Scavenge 57.6 (81.0) -> 57.6 (83.0) MB, 18.5 / 0 ms [allocation failure].
[62619:0x102004600]    41671 ms: Scavenge 60.0 (83.0) -> 60.0 (97.0) MB, 34.8 / 0 ms [allocation failure].
[62619:0x102004600]    41693 ms: Scavenge 73.4 (97.0) -> 73.4 (99.0) MB, 19.9 / 0 ms [allocation failure].
[62619:0x102004600]    41716 ms: Scavenge 75.7 (99.0) -> 75.7 (113.0) MB, 23.3 / 0 ms [allocation failure].
[62619:0x102004600]    41742 ms: Scavenge 89.1 (113.0) -> 89.1 (115.0) MB, 23.6 / 0 ms [allocation failure].
[62619:0x102004600]    41764 ms: Scavenge 91.5 (115.0) -> 91.5 (129.0) MB, 22.4 / 0 ms [allocation failure].
[62619:0x102004600]    41783 ms: Scavenge 104.9 (129.0) -> 104.9 (131.0) MB, 16.6 / 0 ms [allocation failure].
[62619:0x102004600]    41806 ms: Scavenge 107.2 (131.0) -> 107.2 (145.0) MB, 22.5 / 0 ms [allocation failure].
[62619:0x102004600] Increasing marking speed to 3 due to high promotion rate
[62619:0x102004600]    41840 ms: Scavenge 120.6 (145.0) -> 120.6 (147.0) MB, 26.4 / 0 ms (+ 6.7 ms in 214 steps since last GC) [allocation failure].
[62619:0x102004600]    41885 ms: Scavenge 122.9 (147.0) -> 122.9 (161.0) MB, 34.5 / 0 ms (+ 10.0 ms in 37 steps since last GC) [allocation failure].
[62619:0x102004600]    41941 ms: Mark-sweep 136.0 (161.0) -> 59.8 (93.0) MB, 23.2 / 0 ms (+ 47.2 ms in 460 steps since start of marking, biggest step 0.5 ms) [GC interrupt] [GC in old space requested].
[62619:0x102004600]    41962 ms: Scavenge 62.4 (93.0) -> 62.3 (99.0) MB, 21.3 / 0 ms [allocation failure].
[62619:0x102004600]    41986 ms: Scavenge 75.4 (99.0) -> 75.4 (102.0) MB, 22.0 / 0 ms [allocation failure].
[62619:0x102004600]    42020 ms: Scavenge 78.0 (102.0) -> 78.0 (115.0) MB, 33.6 / 0 ms [allocation failure].
[62619:0x102004600]    42044 ms: Scavenge 91.2 (115.0) -> 91.2 (118.0) MB, 22.3 / 0 ms [allocation failure].
[62619:0x102004600]    42073 ms: Scavenge 93.8 (118.0) -> 93.8 (131.0) MB, 28.7 / 0 ms [allocation failure].
[62619:0x102004600]    42092 ms: Scavenge 106.9 (131.0) -> 106.9 (134.0) MB, 16.9 / 0 ms [allocation failure].
[62619:0x102004600]    42120 ms: Scavenge 109.5 (134.0) -> 109.5 (147.0) MB, 28.1 / 0 ms [allocation failure].
[62619:0x102004600]    42149 ms: Scavenge 122.7 (147.0) -> 122.7 (150.0) MB, 27.2 / 0 ms [allocation failure].
[62619:0x102004600]    42187 ms: Scavenge 125.3 (150.0) -> 125.3 (163.0) MB, 37.6 / 0 ms [allocation failure].
[62619:0x102004600]    42208 ms: Scavenge 138.4 (163.0) -> 138.4 (166.0) MB, 19.3 / 0 ms [allocation failure].
[62619:0x102004600]    42240 ms: Scavenge 141.0 (166.0) -> 141.0 (179.0) MB, 31.8 / 0 ms [allocation failure].
[62619:0x102004600]    42256 ms: Scavenge 154.1 (179.0) -> 154.1 (182.0) MB, 14.5 / 0 ms [allocation failure].
[62619:0x102004600]    42281 ms: Scavenge 156.8 (182.0) -> 156.8 (195.0) MB, 25.1 / 0 ms [allocation failure].
[62619:0x102004600]    42302 ms: Scavenge 169.9 (195.0) -> 169.9 (198.0) MB, 19.4 / 0 ms [allocation failure].
[62619:0x102004600]    42327 ms: Scavenge 172.5 (198.0) -> 172.5 (211.0) MB, 24.2 / 0 ms [allocation failure].
[62619:0x102004600]    42344 ms: Scavenge 185.6 (211.0) -> 185.6 (214.0) MB, 16.3 / 0 ms [allocation failure].
[62619:0x102004600]    42368 ms: Scavenge 188.3 (214.0) -> 188.3 (227.0) MB, 23.2 / 0 ms [allocation failure].
[62619:0x102004600]    42382 ms: Scavenge 201.4 (227.0) -> 201.4 (230.0) MB, 12.8 / 0 ms [allocation failure].
[62619:0x102004600] Increasing marking speed to 3 due to high promotion rate
[62619:0x102004600]    42409 ms: Scavenge 204.0 (230.0) -> 204.0 (243.0) MB, 25.3 / 0 ms (+ 1.6 ms in 42 steps since last GC) [allocation failure].
[62619:0x102004600]    42431 ms: Mark-sweep 209.2 (243.0) -> 18.5 (58.0) MB, 10.6 / 0 ms (+ 11.9 ms in 125 steps since start of marking, biggest step 0.2 ms) [GC interrupt] [GC in old space requested].
[62619:0x102004600]    42447 ms: Scavenge 29.0 (58.0) -> 29.0 (58.0) MB, 15.1 / 0 ms [allocation failure].
[62619:0x102004600]    42478 ms: Scavenge 34.2 (58.0) -> 34.2 (68.0) MB, 29.9 / 0 ms [allocation failure].
[62619:0x102004600]    42500 ms: Scavenge 44.7 (68.0) -> 44.7 (73.0) MB, 20.1 / 0 ms [allocation failure].
[62619:0x102004600]    42525 ms: Scavenge 50.0 (73.0) -> 50.0 (84.0) MB, 24.0 / 0 ms [allocation failure].
[62619:0x102004600]    42545 ms: Scavenge 60.5 (84.0) -> 60.5 (89.0) MB, 18.6 / 0 ms [allocation failure].
[62619:0x102004600]    42567 ms: Scavenge 65.7 (89.0) -> 65.7 (100.0) MB, 21.6 / 0 ms [allocation failure].
[62619:0x102004600] Increasing marking speed to 3 due to high promotion rate
[62619:0x102004600]    42598 ms: Scavenge 76.2 (100.0) -> 76.2 (105.0) MB, 22.3 / 0 ms (+ 7.5 ms in 168 steps since last GC) [allocation failure].
[62619:0x102004600]    42638 ms: Scavenge 81.5 (105.0) -> 81.5 (116.0) MB, 24.0 / 0 ms (+ 14.7 ms in 83 steps since last GC) [allocation failure].
[62619:0x102004600]    42678 ms: Mark-sweep 89.8 (116.0) -> 51.8 (86.0) MB, 17.0 / 0 ms (+ 44.5 ms in 386 steps since start of marking, biggest step 0.5 ms) [GC interrupt] [GC in old space requested].
[62619:0x102004600]    42696 ms: Scavenge 59.1 (86.0) -> 59.0 (91.0) MB, 17.0 / 0 ms [allocation failure].
[62619:0x102004600]    42717 ms: Scavenge 67.4 (91.0) -> 67.4 (98.0) MB, 19.7 / 0 ms [allocation failure].
[62619:0x102004600]    42738 ms: Scavenge 74.7 (98.0) -> 74.7 (107.0) MB, 20.4 / 0 ms [allocation failure].
[62619:0x102004600]    42762 ms: Scavenge 83.2 (107.0) -> 83.2 (114.0) MB, 23.4 / 0 ms [allocation failure].
[62619:0x102004600]    42780 ms: Scavenge 90.5 (114.0) -> 90.5 (123.0) MB, 17.3 / 0 ms [allocation failure].
[62619:0x102004600]    42799 ms: Scavenge 98.9 (123.0) -> 98.9 (130.0) MB, 17.7 / 0 ms [allocation failure].
[62619:0x102004600]    42820 ms: Scavenge 106.2 (130.0) -> 106.2 (139.0) MB, 19.8 / 0 ms [allocation failure].
[62619:0x102004600]    42841 ms: Scavenge 114.7 (139.0) -> 114.7 (146.0) MB, 20.3 / 0 ms [allocation failure].
[62619:0x102004600]    42865 ms: Scavenge 122.0 (146.0) -> 122.0 (155.0) MB, 22.3 / 0 ms [allocation failure].
[62619:0x102004600]    42891 ms: Scavenge 130.4 (155.0) -> 130.4 (162.0) MB, 25.6 / 0 ms [allocation failure].
[62619:0x102004600]    42915 ms: Scavenge 137.7 (162.0) -> 137.7 (171.0) MB, 21.8 / 0 ms [allocation failure].
[62619:0x102004600]    42933 ms: Scavenge 146.2 (171.0) -> 146.2 (178.0) MB, 17.1 / 0 ms [allocation failure].
[62619:0x102004600]    42956 ms: Scavenge 153.5 (178.0) -> 153.5 (187.0) MB, 21.6 / 0 ms [allocation failure].
[62619:0x102004600]    42977 ms: Scavenge 161.9 (187.0) -> 161.9 (194.0) MB, 20.5 / 0 ms [allocation failure].
[62619:0x102004600]    43001 ms: Scavenge 169.2 (194.0) -> 169.2 (203.0) MB, 22.8 / 0 ms [allocation failure].
[62619:0x102004600]    43025 ms: Scavenge 177.7 (203.0) -> 177.7 (210.0) MB, 23.6 / 0 ms [allocation failure].
[62619:0x102004600]    43049 ms: Scavenge 185.0 (210.0) -> 185.0 (219.0) MB, 22.6 / 0 ms [allocation failure].
[62619:0x102004600] Increasing marking speed to 3 due to high promotion rate
[62619:0x102004600]    43079 ms: Scavenge 193.4 (219.0) -> 193.4 (226.0) MB, 24.4 / 0 ms (+ 4.7 ms in 135 steps since last GC) [allocation failure].
[62619:0x102004600]    43130 ms: Scavenge 200.7 (226.0) -> 200.7 (235.0) MB, 30.2 / 0 ms (+ 20.0 ms in 116 steps since last GC) [allocation failure].
[62619:0x102004600]    43180 ms: Scavenge 209.2 (235.0) -> 209.2 (242.0) MB, 27.9 / 0 ms (+ 20.4 ms in 136 steps since last GC) [allocation failure].
[62619:0x102004600]    43189 ms: Mark-sweep 209.5 (242.0) -> 56.9 (98.0) MB, 8.0 / 0 ms (+ 45.9 ms in 392 steps since start of marking, biggest step 0.5 ms) [GC interrupt] [GC in old space requested].
[62619:0x102004600]    43213 ms: Scavenge 72.3 (98.0) -> 72.3 (98.0) MB, 22.3 / 0 ms [allocation failure].
[62619:0x102004600]    43247 ms: Scavenge 72.6 (98.0) -> 72.6 (112.0) MB, 33.9 / 0 ms [allocation failure].
[62619:0x102004600]    43272 ms: Scavenge 88.1 (112.0) -> 88.1 (112.0) MB, 22.6 / 0 ms [allocation failure].
[62619:0x102004600]    43300 ms: Scavenge 88.4 (112.0) -> 88.4 (128.0) MB, 28.6 / 0 ms [allocation failure].
[62619:0x102004600]    43332 ms: Scavenge 103.8 (128.0) -> 103.8 (128.0) MB, 28.5 / 0 ms [allocation failure].
[62619:0x102004600]    43360 ms: Scavenge 104.1 (128.0) -> 104.1 (144.0) MB, 28.2 / 0 ms [allocation failure].
[62619:0x102004600]    43381 ms: Scavenge 119.6 (144.0) -> 119.6 (144.0) MB, 19.3 / 0 ms [allocation failure].
[62619:0x102004600]    43409 ms: Scavenge 119.9 (144.0) -> 119.9 (160.0) MB, 28.1 / 0 ms [allocation failure].
[62619:0x102004600]    43429 ms: Scavenge 135.3 (160.0) -> 135.3 (160.0) MB, 18.1 / 0 ms [allocation failure].
[62619:0x102004600]    43458 ms: Scavenge 135.6 (160.0) -> 135.6 (176.0) MB, 29.3 / 0 ms [allocation failure].
[62619:0x102004600]    43480 ms: Scavenge 151.0 (176.0) -> 151.0 (176.0) MB, 19.2 / 0 ms [allocation failure].
[62619:0x102004600]    43512 ms: Scavenge 151.4 (176.0) -> 151.4 (192.0) MB, 32.1 / 0 ms [allocation failure].
[62619:0x102004600]    43537 ms: Scavenge 166.8 (192.0) -> 166.8 (192.0) MB, 23.9 / 0 ms [allocation failure].
[62619:0x102004600]    43570 ms: Scavenge 167.1 (192.0) -> 167.1 (208.0) MB, 32.6 / 0 ms [allocation failure].
[62619:0x102004600]    43598 ms: Scavenge 182.5 (208.0) -> 182.5 (208.0) MB, 26.1 / 0 ms [allocation failure].
[62619:0x102004600]    43631 ms: Scavenge 182.8 (208.0) -> 182.8 (224.0) MB, 33.5 / 0 ms [allocation failure].
[62619:0x102004600]    43651 ms: Scavenge 198.3 (224.0) -> 198.3 (224.0) MB, 18.0 / 0 ms [allocation failure].
[62619:0x102004600]    43682 ms: Scavenge 198.6 (224.0) -> 198.6 (240.0) MB, 31.1 / 0 ms [allocation failure].
[62619:0x102004600]    43703 ms: Scavenge 214.0 (240.0) -> 214.0 (240.0) MB, 19.2 / 0 ms [allocation failure].
[62619:0x102004600]    43732 ms: Scavenge 214.3 (240.0) -> 214.3 (256.0) MB, 29.2 / 0 ms [allocation failure].
[62619:0x102004600]    43752 ms: Scavenge 229.8 (256.0) -> 229.8 (256.0) MB, 18.0 / 0 ms [allocation failure].
[62619:0x102004600]    43788 ms: Scavenge 230.1 (256.0) -> 230.1 (272.0) MB, 36.0 / 0 ms [allocation failure].
[62619:0x102004600] Increasing marking speed to 3 due to high promotion rate
[62619:0x102004600]    43830 ms: Scavenge 245.5 (272.0) -> 245.5 (272.0) MB, 30.9 / 0 ms (+ 8.6 ms in 246 steps since last GC) [allocation failure].
[62619:0x102004600]    43874 ms: Scavenge 245.8 (272.0) -> 245.8 (288.0) MB, 42.7 / 0 ms (+ 1.2 ms in 5 steps since last GC) [allocation failure].
[62619:0x102004600]    43875 ms: Mark-sweep 246.0 (288.0) -> 17.2 (65.0) MB, 1.3 / 0 ms (+ 10.0 ms in 255 steps since start of marking, biggest step 0.4 ms) [GC interrupt] [GC in old space requested].
[62619:0x102004600]    43899 ms: Scavenge 32.8 (65.0) -> 32.8 (65.0) MB, 21.2 / 0 ms [allocation failure].
[62619:0x102004600]    43932 ms: Scavenge 33.0 (65.0) -> 33.0 (72.0) MB, 33.1 / 0 ms [allocation failure].
[62619:0x102004600]    43957 ms: Scavenge 48.5 (72.0) -> 48.5 (72.0) MB, 22.5 / 0 ms [allocation failure].
[62619:0x102004600]    44001 ms: Scavenge 48.7 (72.0) -> 48.7 (88.0) MB, 43.8 / 0 ms [allocation failure].
[62619:0x102004600]    44026 ms: Scavenge 64.3 (88.0) -> 64.3 (88.0) MB, 22.8 / 0 ms [allocation failure].
[62619:0x102004600]    44061 ms: Scavenge 64.5 (88.0) -> 64.5 (104.0) MB, 35.5 / 0 ms [allocation failure].
[62619:0x102004600]    44082 ms: Scavenge 80.0 (104.0) -> 80.0 (104.0) MB, 18.5 / 0 ms [allocation failure].
[62619:0x102004600]    44113 ms: Scavenge 80.2 (104.0) -> 80.2 (120.0) MB, 31.2 / 0 ms [allocation failure].
[62619:0x102004600] Increasing marking speed to 3 due to high promotion rate
[62619:0x102004600]    44159 ms: Scavenge 95.8 (120.0) -> 95.8 (120.0) MB, 32.4 / 0 ms (+ 11.0 ms in 248 steps since last GC) [allocation failure].
[62619:0x102004600]    44199 ms: Scavenge 96.0 (120.0) -> 96.0 (136.0) MB, 39.1 / 0 ms (+ 0.8 ms in 3 steps since last GC) [allocation failure].
[62619:0x102004600]    44205 ms: Mark-sweep 97.5 (136.0) -> 21.2 (70.0) MB, 2.6 / 0 ms (+ 14.9 ms in 277 steps since start of marking, biggest step 0.3 ms) [GC interrupt] [GC in old space requested].
[62619:0x102004600]    44227 ms: Scavenge 35.3 (70.0) -> 35.3 (70.0) MB, 20.5 / 0 ms [allocation failure].
[62619:0x102004600]    44253 ms: Scavenge 36.9 (70.0) -> 36.9 (74.0) MB, 25.9 / 0 ms [allocation failure].
[62619:0x102004600]    44276 ms: Scavenge 51.1 (74.0) -> 51.1 (76.0) MB, 21.1 / 0 ms [allocation failure].
[62619:0x102004600]    44306 ms: Scavenge 52.7 (76.0) -> 52.7 (90.0) MB, 29.7 / 0 ms [allocation failure].
[62619:0x102004600]    44330 ms: Scavenge 66.8 (90.0) -> 66.8 (92.0) MB, 22.9 / 0 ms [allocation failure].
[62619:0x102004600]    44365 ms: Scavenge 68.4 (92.0) -> 68.4 (106.0) MB, 34.5 / 0 ms [allocation failure].
[62619:0x102004600]    44389 ms: Scavenge 82.6 (106.0) -> 82.6 (108.0) MB, 22.0 / 0 ms [allocation failure].
[62619:0x102004600]    44417 ms: Scavenge 84.2 (108.0) -> 84.2 (122.0) MB, 27.5 / 0 ms [allocation failure].
[62619:0x102004600] Increasing marking speed to 3 due to high promotion rate
[62619:0x102004600]    44453 ms: Scavenge 98.3 (122.0) -> 98.3 (124.0) MB, 27.2 / 0 ms (+ 7.6 ms in 226 steps since last GC) [allocation failure].
[62619:0x102004600]    44499 ms: Scavenge 99.9 (124.0) -> 99.9 (138.0) MB, 38.0 / 0 ms (+ 7.8 ms in 25 steps since last GC) [allocation failure].
[62619:0x102004600]    44509 ms: Mark-sweep 102.1 (138.0) -> 25.8 (71.0) MB, 4.1 / 0 ms (+ 20.7 ms in 287 steps since start of marking, biggest step 0.6 ms) [GC interrupt] [GC in old space requested].
[62619:0x102004600]    44534 ms: Scavenge 39.4 (71.0) -> 39.3 (71.0) MB, 22.8 / 0 ms [allocation failure].
[62619:0x102004600]    44567 ms: Scavenge 41.6 (71.0) -> 41.6 (78.0) MB, 32.9 / 0 ms [allocation failure].
[62619:0x102004600]    44598 ms: Scavenge 55.1 (78.0) -> 55.1 (80.0) MB, 28.8 / 0 ms [allocation failure].
[62619:0x102004600]    44630 ms: Scavenge 57.3 (80.0) -> 57.3 (94.0) MB, 31.8 / 0 ms [allocation failure].
[62619:0x102004600]    44654 ms: Scavenge 70.8 (94.0) -> 70.8 (96.0) MB, 22.4 / 0 ms [allocation failure].
[62619:0x102004600]    44681 ms: Scavenge 73.0 (96.0) -> 73.0 (110.0) MB, 26.8 / 0 ms [allocation failure].
[62619:0x102004600]    44695 ms: Scavenge 86.6 (110.0) -> 86.6 (112.0) MB, 12.1 / 0 ms [allocation failure].
[62619:0x102004600]    44723 ms: Scavenge 88.8 (112.0) -> 88.8 (126.0) MB, 28.0 / 0 ms [allocation failure].
[62619:0x102004600]    44746 ms: Scavenge 102.3 (126.0) -> 102.3 (128.0) MB, 21.4 / 0 ms [allocation failure].
[62619:0x102004600]    44776 ms: Scavenge 104.5 (128.0) -> 104.5 (142.0) MB, 29.5 / 0 ms [allocation failure].
[62619:0x102004600] Increasing marking speed to 3 due to high promotion rate
[62619:0x102004600]    44808 ms: Scavenge 118.1 (142.0) -> 118.1 (144.0) MB, 22.9 / 0 ms (+ 7.5 ms in 216 steps since last GC) [allocation failure].
[62619:0x102004600]    44847 ms: Scavenge 120.3 (144.0) -> 120.3 (158.0) MB, 32.5 / 0 ms (+ 5.8 ms in 35 steps since last GC) [allocation failure].
[62619:0x102004600]    44898 ms: Mark-sweep 132.1 (158.0) -> 55.9 (92.0) MB, 22.8 / 0 ms (+ 40.2 ms in 441 steps since start of marking, biggest step 0.3 ms) [GC interrupt] [GC in old space requested].
[62619:0x102004600]    44920 ms: Scavenge 59.7 (92.0) -> 59.6 (95.0) MB, 21.0 / 0 ms [allocation failure].
[62619:0x102004600]    44937 ms: Scavenge 71.6 (95.0) -> 71.6 (99.0) MB, 15.5 / 0 ms [allocation failure].
[62619:0x102004600]    44964 ms: Scavenge 75.4 (99.0) -> 75.4 (111.0) MB, 26.2 / 0 ms [allocation failure].
[62619:0x102004600]    44983 ms: Scavenge 87.3 (111.0) -> 87.3 (115.0) MB, 17.5 / 0 ms [allocation failure].
[62619:0x102004600]    45014 ms: Scavenge 91.1 (115.0) -> 91.1 (127.0) MB, 30.9 / 0 ms [allocation failure].
[62619:0x102004600]    45031 ms: Scavenge 103.1 (127.0) -> 103.1 (131.0) MB, 15.5 / 0 ms [allocation failure].
[62619:0x102004600]    45055 ms: Scavenge 106.9 (131.0) -> 106.9 (143.0) MB, 23.8 / 0 ms [allocation failure].
[62619:0x102004600]    45071 ms: Scavenge 118.8 (143.0) -> 118.8 (147.0) MB, 14.5 / 0 ms [allocation failure].
[62619:0x102004600]    45095 ms: Scavenge 122.6 (147.0) -> 122.6 (159.0) MB, 23.8 / 0 ms [allocation failure].
[62619:0x102004600]    45111 ms: Scavenge 134.5 (159.0) -> 134.5 (163.0) MB, 14.8 / 0 ms [allocation failure].
[62619:0x102004600]    45134 ms: Scavenge 138.4 (163.0) -> 138.4 (175.0) MB, 22.9 / 0 ms [allocation failure].
[62619:0x102004600]    45149 ms: Scavenge 150.3 (175.0) -> 150.3 (179.0) MB, 14.0 / 0 ms [allocation failure].
[62619:0x102004600]    45172 ms: Scavenge 154.1 (179.0) -> 154.1 (191.0) MB, 21.8 / 0 ms [allocation failure].
[62619:0x102004600]    45191 ms: Scavenge 166.0 (191.0) -> 166.0 (195.0) MB, 18.4 / 0 ms [allocation failure].
[62619:0x102004600]    45217 ms: Scavenge 169.9 (195.0) -> 169.9 (207.0) MB, 25.9 / 0 ms [allocation failure].
[62619:0x102004600]    45233 ms: Scavenge 181.8 (207.0) -> 181.8 (211.0) MB, 14.1 / 0 ms [allocation failure].
[62619:0x102004600]    45259 ms: Scavenge 185.6 (211.0) -> 185.6 (223.0) MB, 25.3 / 0 ms [allocation failure].
[62619:0x102004600] Increasing marking speed to 3 due to high promotion rate
[62619:0x102004600]    45294 ms: Scavenge 197.5 (223.0) -> 197.5 (227.0) MB, 26.1 / 0 ms (+ 7.6 ms in 190 steps since last GC) [allocation failure].
[62619:0x102004600]    45335 ms: Scavenge 201.4 (227.0) -> 201.4 (239.0) MB, 29.6 / 0 ms (+ 10.5 ms in 61 steps since last GC) [allocation failure].
[62619:0x102004600]    45388 ms: Scavenge 213.3 (239.0) -> 213.3 (243.0) MB, 25.7 / 0 ms (+ 26.0 ms in 191 steps since last GC) [allocation failure].
[62619:0x102004600]    45404 ms: Mark-sweep 213.9 (243.0) -> 61.3 (103.0) MB, 13.4 / 0 ms (+ 46.3 ms in 452 steps since start of marking, biggest step 0.5 ms) [GC interrupt] [GC in old space requested].
[62619:0x102004600]    45426 ms: Scavenge 76.4 (103.0) -> 76.4 (103.0) MB, 20.6 / 0 ms [allocation failure].
[62619:0x102004600]    45462 ms: Scavenge 77.0 (103.0) -> 77.0 (116.0) MB, 35.9 / 0 ms [allocation failure].
[62619:0x102004600]    45487 ms: Scavenge 92.2 (116.0) -> 92.2 (117.0) MB, 22.5 / 0 ms [allocation failure].
[62619:0x102004600]    45520 ms: Scavenge 92.8 (117.0) -> 92.8 (132.0) MB, 33.4 / 0 ms [allocation failure].
[62619:0x102004600]    45550 ms: Scavenge 107.9 (132.0) -> 107.9 (133.0) MB, 28.6 / 0 ms [allocation failure].
[62619:0x102004600]    45584 ms: Scavenge 108.5 (133.0) -> 108.5 (148.0) MB, 33.4 / 0 ms [allocation failure].
[62619:0x102004600]    45607 ms: Scavenge 123.7 (148.0) -> 123.7 (149.0) MB, 21.1 / 0 ms [allocation failure].
[62619:0x102004600]    45639 ms: Scavenge 124.3 (149.0) -> 124.3 (164.0) MB, 32.5 / 0 ms [allocation failure].
[62619:0x102004600]    45663 ms: Scavenge 139.4 (164.0) -> 139.4 (165.0) MB, 21.6 / 0 ms [allocation failure].
[62619:0x102004600]    45696 ms: Scavenge 140.0 (165.0) -> 140.0 (180.0) MB, 32.6 / 0 ms [allocation failure].
[62619:0x102004600]    45719 ms: Scavenge 155.2 (180.0) -> 155.2 (181.0) MB, 21.6 / 0 ms [allocation failure].
[62619:0x102004600]    45754 ms: Scavenge 155.8 (181.0) -> 155.8 (196.0) MB, 35.2 / 0 ms [allocation failure].
[62619:0x102004600]    45778 ms: Scavenge 170.9 (196.0) -> 170.9 (197.0) MB, 21.6 / 0 ms [allocation failure].
[62619:0x102004600]    45803 ms: Scavenge 171.5 (197.0) -> 171.5 (212.0) MB, 24.6 / 0 ms [allocation failure].
[62619:0x102004600]    45830 ms: Scavenge 186.7 (212.0) -> 186.7 (213.0) MB, 25.5 / 0 ms [allocation failure].
[62619:0x102004600]    45854 ms: Scavenge 187.3 (213.0) -> 187.3 (228.0) MB, 24.1 / 0 ms [allocation failure].
[62619:0x102004600]    45879 ms: Scavenge 202.4 (228.0) -> 202.4 (229.0) MB, 23.0 / 0 ms [allocation failure].
[62619:0x102004600]    45903 ms: Scavenge 203.0 (229.0) -> 203.0 (244.0) MB, 24.6 / 0 ms [allocation failure].
[62619:0x102004600]    45932 ms: Scavenge 218.2 (244.0) -> 218.2 (245.0) MB, 26.9 / 0 ms [allocation failure].
[62619:0x102004600]    45957 ms: Scavenge 218.7 (245.0) -> 218.7 (260.0) MB, 24.6 / 0 ms [allocation failure].
[62619:0x102004600]    45986 ms: Scavenge 233.9 (260.0) -> 233.9 (261.0) MB, 27.2 / 0 ms [allocation failure].
[62619:0x102004600]    46032 ms: Scavenge 234.5 (261.0) -> 234.5 (276.0) MB, 45.8 / 0 ms [allocation failure].
[62619:0x102004600]    46057 ms: Scavenge 249.6 (276.0) -> 249.6 (277.0) MB, 23.0 / 0 ms [allocation failure].
[62619:0x102004600]    46094 ms: Scavenge 250.2 (277.0) -> 250.2 (292.0) MB, 36.3 / 0 ms [allocation failure].
[62619:0x102004600] Increasing marking speed to 3 due to high promotion rate
[62619:0x102004600]    46132 ms: Scavenge 265.4 (292.0) -> 265.4 (293.0) MB, 27.4 / 0 ms (+ 8.5 ms in 242 steps since last GC) [allocation failure].
[62619:0x102004600]    46176 ms: Scavenge 266.0 (293.0) -> 266.0 (308.0) MB, 41.0 / 0 ms (+ 3.3 ms in 9 steps since last GC) [allocation failure].
[62619:0x102004600]    46215 ms: Mark-sweep 275.9 (308.0) -> 47.1 (86.0) MB, 16.3 / 0 ms (+ 32.8 ms in 411 steps since start of marking, biggest step 0.5 ms) [GC interrupt] [GC in old space requested].
[62619:0x102004600]    46233 ms: Scavenge 52.9 (86.0) -> 52.8 (86.0) MB, 17.0 / 0 ms [allocation failure].
[62619:0x102004600]    46252 ms: Scavenge 62.8 (86.0) -> 62.8 (92.0) MB, 17.5 / 0 ms [allocation failure].
[62619:0x102004600]    46275 ms: Scavenge 68.5 (92.0) -> 68.5 (102.0) MB, 23.1 / 0 ms [allocation failure].
[62619:0x102004600]    46295 ms: Scavenge 78.6 (102.0) -> 78.6 (108.0) MB, 18.6 / 0 ms [allocation failure].
[62619:0x102004600]    46319 ms: Scavenge 84.3 (108.0) -> 84.3 (118.0) MB, 22.6 / 0 ms [allocation failure].
[62619:0x102004600]    46342 ms: Scavenge 94.3 (118.0) -> 94.3 (124.0) MB, 21.4 / 0 ms [allocation failure].
[62619:0x102004600]    46367 ms: Scavenge 100.0 (124.0) -> 100.0 (134.0) MB, 24.9 / 0 ms [allocation failure].
[62619:0x102004600]    46391 ms: Scavenge 110.0 (134.0) -> 110.0 (140.0) MB, 21.7 / 0 ms [allocation failure].
[62619:0x102004600]    46416 ms: Scavenge 115.8 (140.0) -> 115.8 (150.0) MB, 24.8 / 0 ms [allocation failure].
[62619:0x102004600]    46439 ms: Scavenge 125.8 (150.0) -> 125.8 (156.0) MB, 21.4 / 0 ms [allocation failure].
[62619:0x102004600]    46468 ms: Scavenge 131.5 (156.0) -> 131.5 (166.0) MB, 28.5 / 0 ms [allocation failure].
[62619:0x102004600]    46488 ms: Scavenge 141.5 (166.0) -> 141.5 (172.0) MB, 18.0 / 0 ms [allocation failure].
[62619:0x102004600]    46513 ms: Scavenge 147.3 (172.0) -> 147.3 (182.0) MB, 24.7 / 0 ms [allocation failure].
[62619:0x102004600]    46532 ms: Scavenge 157.3 (182.0) -> 157.3 (188.0) MB, 16.9 / 0 ms [allocation failure].
[62619:0x102004600]    46561 ms: Scavenge 163.0 (188.0) -> 163.0 (198.0) MB, 28.4 / 0 ms [allocation failure].
[62619:0x102004600] Increasing marking speed to 3 due to high promotion rate
[62619:0x102004600]    46587 ms: Scavenge 173.0 (198.0) -> 173.0 (204.0) MB, 17.5 / 0 ms (+ 6.9 ms in 160 steps since last GC) [allocation failure].
[62619:0x102004600]    46616 ms: Mark-sweep 178.1 (204.0) -> 25.5 (61.0) MB, 13.5 / 0 ms (+ 21.7 ms in 241 steps since start of marking, biggest step 0.4 ms) [GC interrupt] [GC in old space requested].
[62619:0x102004600]    46635 ms: Scavenge 36.2 (61.0) -> 36.2 (64.0) MB, 17.7 / 0 ms [allocation failure].
[62619:0x102004600]    46660 ms: Scavenge 41.2 (64.0) -> 41.2 (75.0) MB, 24.7 / 0 ms [allocation failure].
[62619:0x102004600]    46677 ms: Scavenge 51.9 (75.0) -> 51.9 (80.0) MB, 14.7 / 0 ms [allocation failure].
[62619:0x102004600]    46704 ms: Scavenge 57.0 (80.0) -> 57.0 (91.0) MB, 26.6 / 0 ms [allocation failure].
[62619:0x102004600]    46726 ms: Scavenge 67.6 (91.0) -> 67.6 (96.0) MB, 20.6 / 0 ms [allocation failure].
[62619:0x102004600]    46758 ms: Scavenge 72.7 (96.0) -> 72.7 (107.0) MB, 30.9 / 0 ms [allocation failure].
[62619:0x102004600]    46778 ms: Scavenge 83.4 (107.0) -> 83.4 (112.0) MB, 18.4 / 0 ms [allocation failure].
[62619:0x102004600]    46812 ms: Scavenge 88.5 (112.0) -> 88.5 (123.0) MB, 33.2 / 0 ms [allocation failure].
[62619:0x102004600] Increasing marking speed to 3 due to high promotion rate
[62619:0x102004600]    46843 ms: Scavenge 99.1 (123.0) -> 99.1 (128.0) MB, 23.9 / 0 ms (+ 5.8 ms in 170 steps since last GC) [allocation failure].
[62619:0x102004600]    46883 ms: Scavenge 104.2 (128.0) -> 104.2 (139.0) MB, 25.0 / 0 ms (+ 14.6 ms in 81 steps since last GC) [allocation failure].
[62619:0x102004600]    46891 ms: Mark-sweep 105.1 (139.0) -> 28.8 (70.0) MB, 5.4 / 0 ms (+ 22.4 ms in 266 steps since start of marking, biggest step 0.5 ms) [GC interrupt] [GC in old space requested].
[62619:0x102004600]    46917 ms: Scavenge 43.7 (70.0) -> 43.7 (70.0) MB, 24.2 / 0 ms [allocation failure].
[62619:0x102004600]    46955 ms: Scavenge 44.6 (70.0) -> 44.6 (83.0) MB, 37.8 / 0 ms [allocation failure].
[62619:0x102004600]    46979 ms: Scavenge 59.4 (83.0) -> 59.4 (83.0) MB, 22.1 / 0 ms [allocation failure].
[62619:0x102004600]    47015 ms: Scavenge 60.3 (83.0) -> 60.3 (99.0) MB, 35.9 / 0 ms [allocation failure].
[62619:0x102004600]    47042 ms: Scavenge 75.2 (99.0) -> 75.2 (99.0) MB, 24.8 / 0 ms [allocation failure].
[62619:0x102004600]    47079 ms: Scavenge 76.0 (99.0) -> 76.0 (115.0) MB, 36.0 / 0 ms [allocation failure].
[62619:0x102004600]    47103 ms: Scavenge 90.9 (115.0) -> 90.9 (115.0) MB, 22.8 / 0 ms [allocation failure].
[62619:0x102004600]    47134 ms: Scavenge 91.8 (115.0) -> 91.8 (131.0) MB, 30.3 / 0 ms [allocation failure].
[62619:0x102004600]    47155 ms: Scavenge 106.7 (131.0) -> 106.7 (131.0) MB, 19.5 / 0 ms [allocation failure].
[62619:0x102004600]    47189 ms: Scavenge 107.5 (131.0) -> 107.5 (147.0) MB, 34.3 / 0 ms [allocation failure].
[62619:0x102004600]    47212 ms: Scavenge 122.4 (147.0) -> 122.4 (147.0) MB, 20.7 / 0 ms [allocation failure].
[62619:0x102004600]    47250 ms: Scavenge 123.3 (147.0) -> 123.3 (163.0) MB, 37.7 / 0 ms [allocation failure].
[62619:0x102004600] Increasing marking speed to 3 due to high promotion rate
[62619:0x102004600]    47290 ms: Scavenge 138.1 (163.0) -> 138.1 (163.0) MB, 28.9 / 0 ms (+ 9.5 ms in 237 steps since last GC) [allocation failure].
[62619:0x102004600]    47332 ms: Scavenge 139.0 (163.0) -> 139.0 (179.0) MB, 37.8 / 0 ms (+ 3.5 ms in 14 steps since last GC) [allocation failure].
[62619:0x102004600]    47347 ms: Mark-sweep 142.4 (179.0) -> 28.0 (75.0) MB, 5.7 / 0 ms (+ 21.7 ms in 306 steps since start of marking, biggest step 0.4 ms) [GC interrupt] [GC in old space requested].
[62619:0x102004600]    47363 ms: Scavenge 40.3 (75.0) -> 40.3 (75.0) MB, 13.9 / 0 ms [allocation failure].
[62619:0x102004600]    47389 ms: Scavenge 43.7 (75.0) -> 43.7 (79.0) MB, 25.9 / 0 ms [allocation failure].
[62619:0x102004600]    47407 ms: Scavenge 56.1 (79.0) -> 56.1 (83.0) MB, 15.7 / 0 ms [allocation failure].
[62619:0x102004600]    47440 ms: Scavenge 59.5 (83.0) -> 59.5 (95.0) MB, 31.9 / 0 ms [allocation failure].
[62619:0x102004600]    47459 ms: Scavenge 71.8 (95.0) -> 71.8 (99.0) MB, 17.6 / 0 ms [allocation failure].
[62619:0x102004600]    47491 ms: Scavenge 75.2 (99.0) -> 75.2 (111.0) MB, 31.0 / 0 ms [allocation failure].
[62619:0x102004600]    47507 ms: Scavenge 87.6 (111.0) -> 87.6 (115.0) MB, 14.5 / 0 ms [allocation failure].
[62619:0x102004600]    47541 ms: Scavenge 91.0 (115.0) -> 91.0 (127.0) MB, 33.8 / 0 ms [allocation failure].
[62619:0x102004600]    47555 ms: Scavenge 103.3 (127.0) -> 103.3 (131.0) MB, 12.8 / 0 ms [allocation failure].
[62619:0x102004600]    47593 ms: Scavenge 106.7 (131.0) -> 106.7 (143.0) MB, 37.6 / 0 ms [allocation failure].
[62619:0x102004600] Increasing marking speed to 3 due to high promotion rate
[62619:0x102004600]    47628 ms: Scavenge 119.0 (143.0) -> 119.0 (147.0) MB, 24.4 / 0 ms (+ 8.3 ms in 197 steps since last GC) [allocation failure].
[62619:0x102004600]    47676 ms: Scavenge 122.5 (147.0) -> 122.5 (159.0) MB, 40.1 / 0 ms (+ 8.4 ms in 54 steps since last GC) [allocation failure].
[62619:0x102004600]    47725 ms: Mark-sweep 134.1 (159.0) -> 57.9 (91.0) MB, 22.0 / 0 ms (+ 42.0 ms in 438 steps since start of marking, biggest step 0.4 ms) [GC interrupt] [GC in old space requested].
[62619:0x102004600]    47750 ms: Scavenge 61.9 (91.0) -> 61.8 (97.0) MB, 23.9 / 0 ms [allocation failure].
[62619:0x102004600]    47768 ms: Scavenge 73.6 (97.0) -> 73.6 (101.0) MB, 17.1 / 0 ms [allocation failure].
[62619:0x102004600]    47801 ms: Scavenge 77.6 (101.0) -> 77.6 (113.0) MB, 32.2 / 0 ms [allocation failure].
[62619:0x102004600]    47822 ms: Scavenge 89.3 (113.0) -> 89.3 (117.0) MB, 19.0 / 0 ms [allocation failure].
[62619:0x102004600]    47855 ms: Scavenge 93.3 (117.0) -> 93.3 (129.0) MB, 32.3 / 0 ms [allocation failure].
[62619:0x102004600]    47875 ms: Scavenge 105.0 (129.0) -> 105.0 (133.0) MB, 18.3 / 0 ms [allocation failure].
[62619:0x102004600]    47901 ms: Scavenge 109.1 (133.0) -> 109.1 (145.0) MB, 26.1 / 0 ms [allocation failure].
[62619:0x102004600]    47917 ms: Scavenge 120.8 (145.0) -> 120.8 (149.0) MB, 14.5 / 0 ms [allocation failure].
[62619:0x102004600]    47948 ms: Scavenge 124.8 (149.0) -> 124.8 (161.0) MB, 30.6 / 0 ms [allocation failure].
[62619:0x102004600]    47965 ms: Scavenge 136.5 (161.0) -> 136.5 (165.0) MB, 15.7 / 0 ms [allocation failure].
[62619:0x102004600]    47989 ms: Scavenge 140.5 (165.0) -> 140.5 (177.0) MB, 22.9 / 0 ms [allocation failure].
[62619:0x102004600]    48008 ms: Scavenge 152.3 (177.0) -> 152.3 (181.0) MB, 17.9 / 0 ms [allocation failure].
[62619:0x102004600]    48035 ms: Scavenge 156.3 (181.0) -> 156.3 (193.0) MB, 26.0 / 0 ms [allocation failure].
[62619:0x102004600]    48052 ms: Scavenge 168.0 (193.0) -> 168.0 (197.0) MB, 15.3 / 0 ms [allocation failure].
[62619:0x102004600]    48080 ms: Scavenge 172.0 (197.0) -> 172.0 (209.0) MB, 27.5 / 0 ms [allocation failure].
[62619:0x102004600]    48097 ms: Scavenge 183.8 (209.0) -> 183.8 (213.0) MB, 16.3 / 0 ms [allocation failure].
[62619:0x102004600]    48130 ms: Scavenge 187.8 (213.0) -> 187.8 (225.0) MB, 32.8 / 0 ms [allocation failure].
[62619:0x102004600]    48148 ms: Scavenge 199.5 (225.0) -> 199.5 (229.0) MB, 15.5 / 0 ms [allocation failure].
[62619:0x102004600] Increasing marking speed to 3 due to high promotion rate
[62619:0x102004600]    48186 ms: Scavenge 203.5 (229.0) -> 203.5 (241.0) MB, 35.3 / 0 ms (+ 2.4 ms in 64 steps since last GC) [allocation failure].
[62619:0x102004600]    48206 ms: Mark-sweep 207.8 (241.0) -> 17.1 (56.0) MB, 9.8 / 0 ms (+ 11.4 ms in 132 steps since start of marking, biggest step 0.4 ms) [GC interrupt] [GC in old space requested].
[62619:0x102004600]    48221 ms: Scavenge 28.6 (56.0) -> 28.5 (56.0) MB, 13.7 / 0 ms [allocation failure].
[62619:0x102004600]    48243 ms: Scavenge 32.8 (56.0) -> 32.8 (67.0) MB, 21.4 / 0 ms [allocation failure].
[62619:0x102004600]    48264 ms: Scavenge 44.3 (67.0) -> 44.3 (72.0) MB, 19.8 / 0 ms [allocation failure].
[62619:0x102004600]    48294 ms: Scavenge 48.5 (72.0) -> 48.5 (83.0) MB, 29.6 / 0 ms [allocation failure].
[62619:0x102004600]    48311 ms: Scavenge 60.0 (83.0) -> 60.0 (88.0) MB, 16.3 / 0 ms [allocation failure].
[62619:0x102004600]    48336 ms: Scavenge 64.3 (88.0) -> 64.3 (99.0) MB, 23.7 / 0 ms [allocation failure].
[62619:0x102004600] Increasing marking speed to 3 due to high promotion rate
[62619:0x102004600]    48366 ms: Scavenge 75.8 (99.0) -> 75.8 (104.0) MB, 20.9 / 0 ms (+ 7.7 ms in 183 steps since last GC) [allocation failure].
[62619:0x102004600]    48406 ms: Scavenge 80.0 (104.0) -> 80.0 (115.0) MB, 26.9 / 0 ms (+ 13.0 ms in 68 steps since last GC) [allocation failure].
[62619:0x102004600]    48445 ms: Mark-sweep 88.7 (115.0) -> 50.6 (85.0) MB, 16.9 / 0 ms (+ 41.5 ms in 390 steps since start of marking, biggest step 0.5 ms) [GC interrupt] [GC in old space requested].
[62619:0x102004600]    48467 ms: Scavenge 57.6 (85.0) -> 57.6 (90.0) MB, 20.7 / 0 ms [allocation failure].
[62619:0x102004600]    48490 ms: Scavenge 66.3 (90.0) -> 66.3 (97.0) MB, 21.7 / 0 ms [allocation failure].
[62619:0x102004600]    48512 ms: Scavenge 73.3 (97.0) -> 73.3 (106.0) MB, 22.0 / 0 ms [allocation failure].
[62619:0x102004600]    48534 ms: Scavenge 82.0 (106.0) -> 82.0 (113.0) MB, 20.8 / 0 ms [allocation failure].
[62619:0x102004600]    48560 ms: Scavenge 89.1 (113.0) -> 89.1 (122.0) MB, 23.8 / 0 ms [allocation failure].
[62619:0x102004600]    48579 ms: Scavenge 97.8 (122.0) -> 97.8 (129.0) MB, 17.5 / 0 ms [allocation failure].
[62619:0x102004600]    48601 ms: Scavenge 104.8 (129.0) -> 104.8 (138.0) MB, 21.6 / 0 ms [allocation failure].
[62619:0x102004600]    48621 ms: Scavenge 113.5 (138.0) -> 113.5 (145.0) MB, 18.8 / 0 ms [allocation failure].
[62619:0x102004600]    48647 ms: Scavenge 120.5 (145.0) -> 120.5 (154.0) MB, 24.3 / 0 ms [allocation failure].
[62619:0x102004600]    48666 ms: Scavenge 129.2 (154.0) -> 129.2 (161.0) MB, 18.7 / 0 ms [allocation failure].
[62619:0x102004600]    48697 ms: Scavenge 136.3 (161.0) -> 136.3 (170.0) MB, 30.0 / 0 ms [allocation failure].
[62619:0x102004600]    48720 ms: Scavenge 145.0 (170.0) -> 145.0 (177.0) MB, 21.7 / 0 ms [allocation failure].
[62619:0x102004600]    48743 ms: Scavenge 152.0 (177.0) -> 152.0 (186.0) MB, 21.3 / 0 ms [allocation failure].
[62619:0x102004600]    48764 ms: Scavenge 160.7 (186.0) -> 160.7 (193.0) MB, 20.1 / 0 ms [allocation failure].
[62619:0x102004600]    48783 ms: Scavenge 167.8 (193.0) -> 167.8 (202.0) MB, 18.0 / 0 ms [allocation failure].
[62619:0x102004600]    48800 ms: Scavenge 176.5 (202.0) -> 176.5 (209.0) MB, 16.8 / 0 ms [allocation failure].
[62619:0x102004600] Increasing marking speed to 3 due to high promotion rate
[62619:0x102004600]    48834 ms: Scavenge 183.5 (209.0) -> 183.5 (218.0) MB, 28.2 / 0 ms (+ 4.3 ms in 112 steps since last GC) [allocation failure].
[62619:0x102004600]    48884 ms: Scavenge 192.2 (218.0) -> 192.2 (225.0) MB, 25.5 / 0 ms (+ 23.5 ms in 139 steps since last GC) [allocation failure].
[62619:0x102004600]    48904 ms: Mark-sweep 195.3 (225.0) -> 42.8 (80.0) MB, 11.2 / 0 ms (+ 36.0 ms in 301 steps since start of marking, biggest step 0.4 ms) [GC interrupt] [GC in old space requested].
[62619:0x102004600]    48922 ms: Scavenge 55.4 (80.0) -> 55.4 (82.0) MB, 16.6 / 0 ms [allocation failure].
[62619:0x102004600]    48950 ms: Scavenge 58.5 (82.0) -> 58.5 (94.0) MB, 27.2 / 0 ms [allocation failure].
[62619:0x102004600]    48969 ms: Scavenge 71.1 (94.0) -> 71.1 (98.0) MB, 17.8 / 0 ms [allocation failure].
[62619:0x102004600]    48992 ms: Scavenge 74.2 (98.0) -> 74.2 (110.0) MB, 22.9 / 0 ms [allocation failure].
[62619:0x102004600]    49009 ms: Scavenge 86.9 (110.0) -> 86.9 (114.0) MB, 14.9 / 0 ms [allocation failure].
[62619:0x102004600]    49038 ms: Scavenge 90.0 (114.0) -> 90.0 (126.0) MB, 28.9 / 0 ms [allocation failure].
[62619:0x102004600]    49058 ms: Scavenge 102.6 (126.0) -> 102.6 (130.0) MB, 18.4 / 0 ms [allocation failure].
[62619:0x102004600]    49090 ms: Scavenge 105.7 (130.0) -> 105.7 (142.0) MB, 32.2 / 0 ms [allocation failure].
[62619:0x102004600]    49106 ms: Scavenge 118.4 (142.0) -> 118.4 (146.0) MB, 13.6 / 0 ms [allocation failure].
[62619:0x102004600]    49140 ms: Scavenge 121.5 (146.0) -> 121.5 (158.0) MB, 33.7 / 0 ms [allocation failure].
[62619:0x102004600]    49160 ms: Scavenge 134.1 (158.0) -> 134.1 (162.0) MB, 18.4 / 0 ms [allocation failure].
[62619:0x102004600]    49189 ms: Scavenge 137.2 (162.0) -> 137.2 (174.0) MB, 28.5 / 0 ms [allocation failure].
[62619:0x102004600]    49205 ms: Scavenge 149.8 (174.0) -> 149.8 (178.0) MB, 15.4 / 0 ms [allocation failure].
[62619:0x102004600]    49232 ms: Scavenge 152.9 (178.0) -> 152.9 (190.0) MB, 25.6 / 0 ms [allocation failure].
[62619:0x102004600]    49256 ms: Scavenge 165.6 (190.0) -> 165.6 (194.0) MB, 22.8 / 0 ms [allocation failure].
[62619:0x102004600]    49280 ms: Scavenge 168.7 (194.0) -> 168.7 (206.0) MB, 23.7 / 0 ms [allocation failure].
[62619:0x102004600] Increasing marking speed to 3 due to high promotion rate
[62619:0x102004600]    49318 ms: Scavenge 181.3 (206.0) -> 181.3 (210.0) MB, 26.0 / 0 ms (+ 9.6 ms in 202 steps since last GC) [allocation failure].
[62619:0x102004600]    49359 ms: Scavenge 184.4 (210.0) -> 184.4 (222.0) MB, 30.9 / 0 ms (+ 9.3 ms in 49 steps since last GC) [allocation failure].
[62619:0x102004600]    49385 ms: Mark-sweep 189.3 (222.0) -> 36.7 (77.0) MB, 11.2 / 0 ms (+ 32.8 ms in 329 steps since start of marking, biggest step 0.5 ms) [GC interrupt] [GC in old space requested].
[62619:0x102004600]    49400 ms: Scavenge 47.6 (77.0) -> 47.6 (77.0) MB, 13.6 / 0 ms [allocation failure].
[62619:0x102004600]    49425 ms: Scavenge 52.4 (77.0) -> 52.4 (87.0) MB, 24.6 / 0 ms [allocation failure].
[62619:0x102004600]    49446 ms: Scavenge 63.3 (87.0) -> 63.3 (91.0) MB, 19.1 / 0 ms [allocation failure].
[62619:0x102004600]    49472 ms: Scavenge 68.2 (91.0) -> 68.2 (103.0) MB, 25.2 / 0 ms [allocation failure].
[62619:0x102004600]    49490 ms: Scavenge 79.1 (103.0) -> 79.1 (107.0) MB, 16.9 / 0 ms [allocation failure].
[62619:0x102004600]    49513 ms: Scavenge 83.9 (107.0) -> 83.9 (119.0) MB, 22.2 / 0 ms [allocation failure].
[62619:0x102004600]    49531 ms: Scavenge 94.8 (119.0) -> 94.8 (123.0) MB, 16.7 / 0 ms [allocation failure].
[62619:0x102004600]    49557 ms: Scavenge 99.7 (123.0) -> 99.7 (135.0) MB, 24.9 / 0 ms [allocation failure].
[62619:0x102004600]    49574 ms: Scavenge 110.5 (135.0) -> 110.5 (139.0) MB, 16.4 / 0 ms [allocation failure].
[62619:0x102004600]    49603 ms: Scavenge 115.4 (139.0) -> 115.4 (151.0) MB, 27.8 / 0 ms [allocation failure].
[62619:0x102004600]    49619 ms: Scavenge 126.3 (151.0) -> 126.3 (155.0) MB, 14.6 / 0 ms [allocation failure].
[62619:0x102004600]    49643 ms: Scavenge 131.2 (155.0) -> 131.2 (167.0) MB, 23.2 / 0 ms [allocation failure].
[62619:0x102004600]    49659 ms: Scavenge 142.0 (167.0) -> 142.0 (171.0) MB, 15.2 / 0 ms [allocation failure].
[62619:0x102004600] Increasing marking speed to 3 due to high promotion rate
[62619:0x102004600]    49687 ms: Scavenge 146.9 (171.0) -> 146.9 (183.0) MB, 24.8 / 0 ms (+ 2.7 ms in 77 steps since last GC) [allocation failure].
[62619:0x102004600]    49739 ms: Scavenge 157.8 (183.0) -> 157.8 (187.0) MB, 22.4 / 0 ms (+ 27.8 ms in 174 steps since last GC) [allocation failure].
[62619:0x102004600]    49757 ms: Mark-sweep 160.5 (187.0) -> 46.1 (84.0) MB, 11.8 / 0 ms (+ 36.6 ms in 295 steps since start of marking, biggest step 0.5 ms) [GC interrupt] [GC in old space requested].
[62619:0x102004600]    49776 ms: Scavenge 59.1 (84.0) -> 59.1 (86.0) MB, 16.5 / 0 ms [allocation failure].
[62619:0x102004600]    49803 ms: Scavenge 61.8 (86.0) -> 61.8 (99.0) MB, 27.4 / 0 ms [allocation failure].
[62619:0x102004600]    49821 ms: Scavenge 74.8 (99.0) -> 74.8 (102.0) MB, 16.4 / 0 ms [allocation failure].
[62619:0x102004600]    49848 ms: Scavenge 77.5 (102.0) -> 77.5 (115.0) MB, 26.1 / 0 ms [allocation failure].
[62619:0x102004600]    49872 ms: Scavenge 90.6 (115.0) -> 90.6 (118.0) MB, 22.8 / 0 ms [allocation failure].
[62619:0x102004600]    49909 ms: Scavenge 93.3 (118.0) -> 93.3 (131.0) MB, 36.4 / 0 ms [allocation failure].
[62619:0x102004600]    49930 ms: Scavenge 106.3 (131.0) -> 106.3 (134.0) MB, 20.0 / 0 ms [allocation failure].
[62619:0x102004600]    49964 ms: Scavenge 109.0 (134.0) -> 109.0 (147.0) MB, 33.1 / 0 ms [allocation failure].
[62619:0x102004600]    49986 ms: Scavenge 122.1 (147.0) -> 122.1 (150.0) MB, 20.4 / 0 ms [allocation failure].
[62619:0x102004600]    50015 ms: Scavenge 124.8 (150.0) -> 124.8 (163.0) MB, 29.0 / 0 ms [allocation failure].
[62619:0x102004600]    50035 ms: Scavenge 137.8 (163.0) -> 137.8 (166.0) MB, 17.4 / 0 ms [allocation failure].
[62619:0x102004600]    50065 ms: Scavenge 140.5 (166.0) -> 140.5 (179.0) MB, 29.8 / 0 ms [allocation failure].
[62619:0x102004600]    50086 ms: Scavenge 153.6 (179.0) -> 153.6 (182.0) MB, 19.5 / 0 ms [allocation failure].
[62619:0x102004600]    50120 ms: Scavenge 156.3 (182.0) -> 156.3 (195.0) MB, 33.8 / 0 ms [allocation failure].
[62619:0x102004600]    50141 ms: Scavenge 169.3 (195.0) -> 169.3 (198.0) MB, 19.5 / 0 ms [allocation failure].
[62619:0x102004600]    50176 ms: Scavenge 172.0 (198.0) -> 172.0 (211.0) MB, 34.0 / 0 ms [allocation failure].
[62619:0x102004600]    50201 ms: Scavenge 185.0 (211.0) -> 185.0 (214.0) MB, 23.8 / 0 ms [allocation failure].
[62619:0x102004600]    50231 ms: Scavenge 187.8 (214.0) -> 187.8 (227.0) MB, 29.7 / 0 ms [allocation failure].
[62619:0x102004600] Increasing marking speed to 3 due to high promotion rate
[62619:0x102004600]    50258 ms: Scavenge 200.8 (227.0) -> 200.8 (230.0) MB, 15.9 / 0 ms (+ 8.6 ms in 208 steps since last GC) [allocation failure].
[62619:0x102004600]    50289 ms: Scavenge 203.5 (230.0) -> 203.5 (243.0) MB, 24.1 / 0 ms (+ 7.3 ms in 43 steps since last GC) [allocation failure].
[62619:0x102004600]    50347 ms: Scavenge 216.5 (243.0) -> 216.5 (246.0) MB, 27.7 / 0 ms (+ 28.0 ms in 209 steps since last GC) [allocation failure].
[62619:0x102004600]    50363 ms: Mark-sweep 218.2 (246.0) -> 65.6 (106.0) MB, 12.9 / 0 ms (+ 47.3 ms in 487 steps since start of marking, biggest step 0.4 ms) [GC interrupt] [GC in old space requested].
[62619:0x102004600]    50384 ms: Scavenge 79.7 (106.0) -> 79.7 (106.0) MB, 18.8 / 0 ms [allocation failure].
[62619:0x102004600]    50407 ms: Scavenge 81.4 (106.0) -> 81.4 (119.0) MB, 23.1 / 0 ms [allocation failure].
[62619:0x102004600]    50427 ms: Scavenge 95.4 (119.0) -> 95.4 (121.0) MB, 18.5 / 0 ms [allocation failure].
[62619:0x102004600]    50450 ms: Scavenge 97.1 (121.0) -> 97.1 (135.0) MB, 23.2 / 0 ms [allocation failure].
[62619:0x102004600]    50476 ms: Scavenge 111.2 (135.0) -> 111.2 (137.0) MB, 24.1 / 0 ms [allocation failure].
[62619:0x102004600]    50505 ms: Scavenge 112.9 (137.0) -> 112.9 (151.0) MB, 28.3 / 0 ms [allocation failure].
[62619:0x102004600]    50531 ms: Scavenge 126.9 (151.0) -> 126.9 (153.0) MB, 24.9 / 0 ms [allocation failure].
[62619:0x102004600]    50555 ms: Scavenge 128.6 (153.0) -> 128.6 (167.0) MB, 24.1 / 0 ms [allocation failure].
[62619:0x102004600]    50573 ms: Scavenge 142.7 (167.0) -> 142.7 (169.0) MB, 16.1 / 0 ms [allocation failure].
[62619:0x102004600]    50597 ms: Scavenge 144.4 (169.0) -> 144.4 (183.0) MB, 23.2 / 0 ms [allocation failure].
[62619:0x102004600]    50624 ms: Scavenge 158.4 (183.0) -> 158.4 (185.0) MB, 24.9 / 0 ms [allocation failure].
[62619:0x102004600]    50658 ms: Scavenge 160.1 (185.0) -> 160.1 (199.0) MB, 34.3 / 0 ms [allocation failure].
[62619:0x102004600]    50680 ms: Scavenge 174.2 (199.0) -> 174.2 (201.0) MB, 19.6 / 0 ms [allocation failure].
[62619:0x102004600]    50704 ms: Scavenge 175.8 (201.0) -> 175.8 (215.0) MB, 24.7 / 0 ms [allocation failure].
[62619:0x102004600]    50726 ms: Scavenge 189.9 (215.0) -> 189.9 (217.0) MB, 19.7 / 0 ms [allocation failure].
[62619:0x102004600]    50749 ms: Scavenge 191.6 (217.0) -> 191.6 (231.0) MB, 23.3 / 0 ms [allocation failure].
[62619:0x102004600]    50777 ms: Scavenge 205.7 (231.0) -> 205.7 (233.0) MB, 25.8 / 0 ms [allocation failure].
[62619:0x102004600]    50801 ms: Scavenge 207.3 (233.0) -> 207.3 (247.0) MB, 23.7 / 0 ms [allocation failure].
[62619:0x102004600]    50830 ms: Scavenge 221.4 (247.0) -> 221.4 (249.0) MB, 27.6 / 0 ms [allocation failure].
[62619:0x102004600]    50867 ms: Scavenge 223.1 (249.0) -> 223.1 (263.0) MB, 37.0 / 0 ms [allocation failure].
[62619:0x102004600]    50889 ms: Scavenge 237.1 (263.0) -> 237.1 (265.0) MB, 20.3 / 0 ms [allocation failure].
[62619:0x102004600]    50915 ms: Scavenge 238.8 (265.0) -> 238.8 (279.0) MB, 25.2 / 0 ms [allocation failure].
[62619:0x102004600]    50941 ms: Scavenge 252.9 (279.0) -> 252.9 (281.0) MB, 24.4 / 0 ms [allocation failure].
[62619:0x102004600]    50965 ms: Scavenge 254.6 (281.0) -> 254.6 (295.0) MB, 23.4 / 0 ms [allocation failure].
[62619:0x102004600]    50980 ms: Scavenge 268.6 (295.0) -> 268.6 (297.0) MB, 13.6 / 0 ms [allocation failure].
[62619:0x102004600]    51007 ms: Scavenge 270.3 (297.0) -> 270.3 (311.0) MB, 26.7 / 0 ms [allocation failure].
[62619:0x102004600] Increasing marking speed to 3 due to high promotion rate
[62619:0x102004600]    51041 ms: Scavenge 284.4 (311.0) -> 284.4 (313.0) MB, 25.1 / 0 ms (+ 7.1 ms in 224 steps since last GC) [allocation failure].
[62619:0x102004600]    51056 ms: Mark-sweep 285.9 (313.0) -> 18.9 (58.0) MB, 11.1 / 0 ms (+ 11.4 ms in 249 steps since start of marking, biggest step 0.3 ms) [GC interrupt] [GC in old space requested].
[62619:0x102004600]    51078 ms: Scavenge 33.1 (58.0) -> 33.1 (58.0) MB, 20.0 / 0 ms [allocation failure].
[62619:0x102004600]    51104 ms: Scavenge 34.6 (58.0) -> 34.6 (72.0) MB, 25.5 / 0 ms [allocation failure].
[62619:0x102004600]    51135 ms: Scavenge 48.9 (72.0) -> 48.9 (73.0) MB, 28.5 / 0 ms [allocation failure].
[62619:0x102004600]    51163 ms: Scavenge 50.4 (73.0) -> 50.4 (88.0) MB, 28.4 / 0 ms [allocation failure].
[62619:0x102004600]    51184 ms: Scavenge 64.6 (88.0) -> 64.6 (89.0) MB, 18.9 / 0 ms [allocation failure].
[62619:0x102004600]    51208 ms: Scavenge 66.1 (89.0) -> 66.1 (104.0) MB, 24.3 / 0 ms [allocation failure].
[62619:0x102004600]    51230 ms: Scavenge 80.3 (104.0) -> 80.3 (105.0) MB, 20.1 / 0 ms [allocation failure].
[62619:0x102004600]    51261 ms: Scavenge 81.9 (105.0) -> 81.9 (120.0) MB, 30.4 / 0 ms [allocation failure].
[62619:0x102004600] Increasing marking speed to 3 due to high promotion rate
[62619:0x102004600]    51301 ms: Scavenge 96.1 (120.0) -> 96.1 (121.0) MB, 29.9 / 0 ms (+ 8.3 ms in 227 steps since last GC) [allocation failure].
[62619:0x102004600]    51334 ms: Scavenge 97.6 (121.0) -> 97.6 (136.0) MB, 28.1 / 0 ms (+ 5.2 ms in 24 steps since last GC) [allocation failure].
[62619:0x102004600]    51340 ms: Mark-sweep 98.7 (136.0) -> 22.4 (71.0) MB, 3.4 / 0 ms (+ 15.9 ms in 269 steps since start of marking, biggest step 0.4 ms) [GC interrupt] [GC in old space requested].
[62619:0x102004600]    51362 ms: Scavenge 37.1 (71.0) -> 37.0 (71.0) MB, 20.0 / 0 ms [allocation failure].
[62619:0x102004600]    51383 ms: Scavenge 38.1 (71.0) -> 38.1 (76.0) MB, 20.3 / 0 ms [allocation failure].
[62619:0x102004600]    51410 ms: Scavenge 52.8 (76.0) -> 52.8 (77.0) MB, 26.1 / 0 ms [allocation failure].
[62619:0x102004600]    51444 ms: Scavenge 53.9 (77.0) -> 53.9 (92.0) MB, 33.5 / 0 ms [allocation failure].
[62619:0x102004600]    51464 ms: Scavenge 68.5 (92.0) -> 68.5 (93.0) MB, 17.9 / 0 ms [allocation failure].
[62619:0x102004600]    51487 ms: Scavenge 69.6 (93.0) -> 69.6 (108.0) MB, 23.1 / 0 ms [allocation failure].
[62619:0x102004600]    51514 ms: Scavenge 84.3 (108.0) -> 84.3 (109.0) MB, 25.9 / 0 ms [allocation failure].
[62619:0x102004600]    51542 ms: Scavenge 85.4 (109.0) -> 85.4 (124.0) MB, 27.1 / 0 ms [allocation failure].
[62619:0x102004600]    51566 ms: Scavenge 100.0 (124.0) -> 100.0 (125.0) MB, 22.5 / 0 ms [allocation failure].
[62619:0x102004600] Increasing marking speed to 3 due to high promotion rate
[62619:0x102004600]    51596 ms: Scavenge 101.1 (125.0) -> 101.1 (140.0) MB, 27.9 / 0 ms (+ 1.0 ms in 17 steps since last GC) [allocation failure].
[62619:0x102004600]    51638 ms: Mark-sweep 112.9 (140.0) -> 36.7 (73.0) MB, 19.0 / 0 ms (+ 23.0 ms in 206 steps since start of marking, biggest step 0.2 ms) [GC interrupt] [GC in old space requested].
[62619:0x102004600]    51655 ms: Scavenge 40.6 (73.0) -> 40.5 (75.0) MB, 16.4 / 0 ms [allocation failure].
[62619:0x102004600]    51669 ms: Scavenge 52.4 (75.0) -> 52.4 (79.0) MB, 13.1 / 0 ms [allocation failure].
[62619:0x102004600]    51690 ms: Scavenge 56.2 (79.0) -> 56.2 (91.0) MB, 20.6 / 0 ms [allocation failure].
[62619:0x102004600]    51706 ms: Scavenge 68.1 (91.0) -> 68.1 (95.0) MB, 14.6 / 0 ms [allocation failure].
[62619:0x102004600]    51729 ms: Scavenge 72.0 (95.0) -> 72.0 (107.0) MB, 22.1 / 0 ms [allocation failure].
[62619:0x102004600]    51745 ms: Scavenge 83.9 (107.0) -> 83.9 (111.0) MB, 15.0 / 0 ms [allocation failure].
[62619:0x102004600]    51771 ms: Scavenge 87.7 (111.0) -> 87.7 (123.0) MB, 25.5 / 0 ms [allocation failure].
[62619:0x102004600]    51786 ms: Scavenge 99.6 (123.0) -> 99.6 (127.0) MB, 13.4 / 0 ms [allocation failure].
[62619:0x102004600]    51809 ms: Scavenge 103.5 (127.0) -> 103.5 (139.0) MB, 22.5 / 0 ms [allocation failure].
[62619:0x102004600] Increasing marking speed to 3 due to high promotion rate
[62619:0x102004600]    51833 ms: Scavenge 115.3 (139.0) -> 115.3 (143.0) MB, 17.1 / 0 ms (+ 6.0 ms in 190 steps since last GC) [allocation failure].
[62619:0x102004600]    51864 ms: Scavenge 119.2 (143.0) -> 119.2 (155.0) MB, 22.7 / 0 ms (+ 7.9 ms in 61 steps since last GC) [allocation failure].
[62619:0x102004600]    51901 ms: Mark-sweep 128.8 (155.0) -> 52.6 (86.0) MB, 18.4 / 0 ms (+ 31.2 ms in 405 steps since start of marking, biggest step 0.3 ms) [GC interrupt] [GC in old space requested].
[62619:0x102004600]    51919 ms: Scavenge 58.7 (86.0) -> 58.6 (92.0) MB, 16.8 / 0 ms [allocation failure].
[62619:0x102004600]    51935 ms: Scavenge 68.2 (92.0) -> 68.2 (98.0) MB, 15.6 / 0 ms [allocation failure].
[62619:0x102004600]    51961 ms: Scavenge 74.3 (98.0) -> 74.3 (108.0) MB, 25.1 / 0 ms [allocation failure].
[62619:0x102004600]    51981 ms: Scavenge 84.0 (108.0) -> 84.0 (114.0) MB, 18.8 / 0 ms [allocation failure].
[62619:0x102004600]    52003 ms: Scavenge 90.1 (114.0) -> 90.1 (124.0) MB, 21.4 / 0 ms [allocation failure].
[62619:0x102004600]    52020 ms: Scavenge 99.7 (124.0) -> 99.7 (130.0) MB, 15.6 / 0 ms [allocation failure].
[62619:0x102004600]    52040 ms: Scavenge 105.8 (130.0) -> 105.8 (140.0) MB, 19.3 / 0 ms [allocation failure].
[62619:0x102004600]    52057 ms: Scavenge 115.5 (140.0) -> 115.5 (146.0) MB, 15.5 / 0 ms [allocation failure].
[62619:0x102004600]    52084 ms: Scavenge 121.6 (146.0) -> 121.6 (156.0) MB, 26.4 / 0 ms [allocation failure].
[62619:0x102004600]    52101 ms: Scavenge 131.2 (156.0) -> 131.2 (162.0) MB, 15.4 / 0 ms [allocation failure].
[62619:0x102004600]    52125 ms: Scavenge 137.3 (162.0) -> 137.3 (172.0) MB, 23.7 / 0 ms [allocation failure].
[62619:0x102004600]    52144 ms: Scavenge 147.0 (172.0) -> 147.0 (178.0) MB, 17.5 / 0 ms [allocation failure].
[62619:0x102004600]    52165 ms: Scavenge 153.1 (178.0) -> 153.1 (188.0) MB, 21.1 / 0 ms [allocation failure].
[62619:0x102004600]    52182 ms: Scavenge 162.7 (188.0) -> 162.7 (194.0) MB, 15.8 / 0 ms [allocation failure].
[62619:0x102004600]    52202 ms: Scavenge 168.8 (194.0) -> 168.8 (204.0) MB, 18.9 / 0 ms [allocation failure].
[62619:0x102004600]    52220 ms: Scavenge 178.5 (204.0) -> 178.5 (210.0) MB, 17.0 / 0 ms [allocation failure].
[62619:0x102004600]    52247 ms: Scavenge 184.6 (210.0) -> 184.6 (220.0) MB, 25.9 / 0 ms [allocation failure].
[62619:0x102004600] Increasing marking speed to 3 due to high promotion rate
[62619:0x102004600]    52271 ms: Scavenge 194.2 (220.0) -> 194.2 (226.0) MB, 18.5 / 0 ms (+ 5.3 ms in 154 steps since last GC) [allocation failure].
[62619:0x102004600]    52312 ms: Scavenge 200.3 (226.0) -> 200.3 (236.0) MB, 24.6 / 0 ms (+ 15.3 ms in 97 steps since last GC) [allocation failure].
[62619:0x102004600]    52360 ms: Scavenge 210.0 (236.0) -> 210.0 (242.0) MB, 22.7 / 0 ms (+ 24.1 ms in 155 steps since last GC) [allocation failure].
[62619:0x102004600]    52370 ms: Mark-sweep 210.1 (242.0) -> 57.5 (99.0) MB, 9.3 / 0 ms (+ 45.0 ms in 408 steps since start of marking, biggest step 0.3 ms) [GC interrupt] [GC in old space requested].
[62619:0x102004600]    52392 ms: Scavenge 73.1 (99.0) -> 73.1 (99.0) MB, 19.2 / 0 ms [allocation failure].
[62619:0x102004600]    52430 ms: Scavenge 73.2 (99.0) -> 73.2 (112.0) MB, 38.0 / 0 ms [allocation failure].
[62619:0x102004600]    52450 ms: Scavenge 88.9 (112.0) -> 88.9 (113.0) MB, 18.9 / 0 ms [allocation failure].
[62619:0x102004600]    52478 ms: Scavenge 89.0 (113.0) -> 89.0 (128.0) MB, 27.6 / 0 ms [allocation failure].
[62619:0x102004600]    52508 ms: Scavenge 104.6 (128.0) -> 104.6 (129.0) MB, 28.1 / 0 ms [allocation failure].
[62619:0x102004600]    52535 ms: Scavenge 104.7 (129.0) -> 104.7 (144.0) MB, 27.0 / 0 ms [allocation failure].
[62619:0x102004600]    52555 ms: Scavenge 120.4 (144.0) -> 120.4 (145.0) MB, 18.1 / 0 ms [allocation failure].
[62619:0x102004600]    52588 ms: Scavenge 120.5 (145.0) -> 120.5 (160.0) MB, 33.7 / 0 ms [allocation failure].
[62619:0x102004600]    52613 ms: Scavenge 136.1 (160.0) -> 136.1 (161.0) MB, 23.1 / 0 ms [allocation failure].
[62619:0x102004600]    52650 ms: Scavenge 136.2 (161.0) -> 136.2 (176.0) MB, 37.0 / 0 ms [allocation failure].
[62619:0x102004600]    52677 ms: Scavenge 151.8 (176.0) -> 151.8 (177.0) MB, 24.4 / 0 ms [allocation failure].
[62619:0x102004600]    52724 ms: Scavenge 152.0 (177.0) -> 152.0 (192.0) MB, 46.9 / 0 ms [allocation failure].
[62619:0x102004600]    52748 ms: Scavenge 167.6 (192.0) -> 167.6 (193.0) MB, 22.1 / 0 ms [allocation failure].
[62619:0x102004600]    52778 ms: Scavenge 167.7 (193.0) -> 167.7 (208.0) MB, 30.2 / 0 ms [allocation failure].
[62619:0x102004600]    52802 ms: Scavenge 183.3 (208.0) -> 183.3 (209.0) MB, 22.0 / 0 ms [allocation failure].
[62619:0x102004600]    52842 ms: Scavenge 183.5 (209.0) -> 183.5 (224.0) MB, 40.2 / 0 ms [allocation failure].
[62619:0x102004600]    52863 ms: Scavenge 199.1 (224.0) -> 199.1 (225.0) MB, 19.3 / 0 ms [allocation failure].
[62619:0x102004600]    52899 ms: Scavenge 199.2 (225.0) -> 199.2 (240.0) MB, 36.1 / 0 ms [allocation failure].
[62619:0x102004600]    52923 ms: Scavenge 214.8 (240.0) -> 214.8 (241.0) MB, 21.1 / 0 ms [allocation failure].
[62619:0x102004600]    52953 ms: Scavenge 214.9 (241.0) -> 214.9 (256.0) MB, 30.5 / 0 ms [allocation failure].
[62619:0x102004600]    52977 ms: Scavenge 230.6 (256.0) -> 230.6 (257.0) MB, 22.5 / 0 ms [allocation failure].
[62619:0x102004600]    53011 ms: Scavenge 230.7 (257.0) -> 230.7 (272.0) MB, 33.3 / 0 ms [allocation failure].
[62619:0x102004600] Increasing marking speed to 3 due to high promotion rate
[62619:0x102004600]    53046 ms: Scavenge 246.3 (272.0) -> 246.3 (273.0) MB, 25.5 / 0 ms (+ 8.1 ms in 249 steps since last GC) [allocation failure].
[62619:0x102004600]    53089 ms: Scavenge 246.4 (273.0) -> 246.4 (288.0) MB, 42.2 / 0 ms (+ 0.6 ms in 2 steps since last GC) [allocation failure].
[62619:0x102004600]    53092 ms: Mark-sweep 247.2 (288.0) -> 18.6 (69.0) MB, 1.8 / 0 ms (+ 10.2 ms in 264 steps since start of marking, biggest step 0.3 ms) [GC interrupt] [GC in old space requested].
[62619:0x102004600]    53114 ms: Scavenge 33.6 (69.0) -> 33.6 (69.0) MB, 20.3 / 0 ms [allocation failure].
[62619:0x102004600]    53144 ms: Scavenge 34.4 (69.0) -> 34.4 (73.0) MB, 29.3 / 0 ms [allocation failure].
[62619:0x102004600]    53168 ms: Scavenge 49.4 (73.0) -> 49.4 (73.0) MB, 22.5 / 0 ms [allocation failure].
[62619:0x102004600]    53201 ms: Scavenge 50.1 (73.0) -> 50.1 (89.0) MB, 33.0 / 0 ms [allocation failure].
[62619:0x102004600]    53223 ms: Scavenge 65.1 (89.0) -> 65.1 (89.0) MB, 20.5 / 0 ms [allocation failure].
[62619:0x102004600]    53261 ms: Scavenge 65.9 (89.0) -> 65.9 (105.0) MB, 37.7 / 0 ms [allocation failure].
[62619:0x102004600]    53284 ms: Scavenge 80.8 (105.0) -> 80.8 (105.0) MB, 20.8 / 0 ms [allocation failure].
[62619:0x102004600]    53319 ms: Scavenge 81.6 (105.0) -> 81.6 (121.0) MB, 35.2 / 0 ms [allocation failure].
[62619:0x102004600] Increasing marking speed to 3 due to high promotion rate
[62619:0x102004600]    53359 ms: Scavenge 96.6 (121.0) -> 96.6 (121.0) MB, 29.5 / 0 ms (+ 8.3 ms in 239 steps since last GC) [allocation failure].
[62619:0x102004600]    53407 ms: Scavenge 97.4 (121.0) -> 97.4 (137.0) MB, 43.1 / 0 ms (+ 4.0 ms in 12 steps since last GC) [allocation failure].
[62619:0x102004600]    53414 ms: Mark-sweep 98.9 (137.0) -> 22.3 (72.0) MB, 4.4 / 0 ms (+ 15.4 ms in 277 steps since start of marking, biggest step 0.5 ms) [GC interrupt] [GC in old space requested].
[62619:0x102004600]    53437 ms: Scavenge 36.5 (72.0) -> 36.5 (72.0) MB, 20.0 / 0 ms [allocation failure].
[62619:0x102004600]    53463 ms: Scavenge 38.1 (72.0) -> 38.1 (75.0) MB, 26.2 / 0 ms [allocation failure].
[62619:0x102004600]    53486 ms: Scavenge 52.3 (75.0) -> 52.3 (77.0) MB, 21.7 / 0 ms [allocation failure].
[62619:0x102004600]    53518 ms: Scavenge 53.8 (77.0) -> 53.8 (91.0) MB, 31.2 / 0 ms [allocation failure].
[62619:0x102004600]    53549 ms: Scavenge 68.0 (91.0) -> 68.0 (93.0) MB, 28.6 / 0 ms [allocation failure].
[62619:0x102004600]    53587 ms: Scavenge 69.6 (93.0) -> 69.6 (107.0) MB, 38.2 / 0 ms [allocation failure].
[62619:0x102004600]    53611 ms: Scavenge 83.7 (107.0) -> 83.7 (109.0) MB, 22.2 / 0 ms [allocation failure].
[62619:0x102004600]    53641 ms: Scavenge 85.3 (109.0) -> 85.3 (123.0) MB, 29.2 / 0 ms [allocation failure].
[62619:0x102004600] Increasing marking speed to 3 due to high promotion rate
[62619:0x102004600]    53678 ms: Scavenge 99.5 (123.0) -> 99.5 (125.0) MB, 28.3 / 0 ms (+ 7.2 ms in 226 steps since last GC) [allocation failure].
[62619:0x102004600]    53714 ms: Scavenge 101.1 (125.0) -> 101.1 (139.0) MB, 30.0 / 0 ms (+ 5.5 ms in 25 steps since last GC) [allocation failure].
[62619:0x102004600]    53725 ms: Mark-sweep 103.9 (139.0) -> 27.6 (71.0) MB, 5.5 / 0 ms (+ 18.1 ms in 297 steps since start of marking, biggest step 0.5 ms) [GC interrupt] [GC in old space requested].
[62619:0x102004600]    53740 ms: Scavenge 40.5 (71.0) -> 40.5 (71.0) MB, 13.1 / 0 ms [allocation failure].
[62619:0x102004600]    53763 ms: Scavenge 43.3 (71.0) -> 43.3 (79.0) MB, 23.1 / 0 ms [allocation failure].
[62619:0x102004600]    53780 ms: Scavenge 56.3 (79.0) -> 56.3 (82.0) MB, 15.2 / 0 ms [allocation failure].
[62619:0x102004600]    53806 ms: Scavenge 59.1 (82.0) -> 59.1 (95.0) MB, 25.6 / 0 ms [allocation failure].
[62619:0x102004600]    53823 ms: Scavenge 72.0 (95.0) -> 72.0 (98.0) MB, 15.2 / 0 ms [allocation failure].
[62619:0x102004600]    53855 ms: Scavenge 74.8 (98.0) -> 74.8 (111.0) MB, 32.3 / 0 ms [allocation failure].
[62619:0x102004600]    53869 ms: Scavenge 87.7 (111.0) -> 87.7 (114.0) MB, 12.3 / 0 ms [allocation failure].
[62619:0x102004600]    53896 ms: Scavenge 90.6 (114.0) -> 90.6 (127.0) MB, 26.6 / 0 ms [allocation failure].
[62619:0x102004600]    53914 ms: Scavenge 103.5 (127.0) -> 103.5 (130.0) MB, 16.0 / 0 ms [allocation failure].
[62619:0x102004600]    53940 ms: Scavenge 106.3 (130.0) -> 106.3 (143.0) MB, 26.5 / 0 ms [allocation failure].
[62619:0x102004600] Increasing marking speed to 3 due to high promotion rate
[62619:0x102004600]    53977 ms: Scavenge 119.2 (143.0) -> 119.2 (146.0) MB, 25.3 / 0 ms (+ 9.0 ms in 206 steps since last GC) [allocation failure].
[62619:0x102004600]    54011 ms: Scavenge 122.1 (146.0) -> 122.1 (159.0) MB, 26.7 / 0 ms (+ 7.5 ms in 45 steps since last GC) [allocation failure].
[62619:0x102004600]    54060 ms: Mark-sweep 134.1 (159.0) -> 57.9 (92.0) MB, 18.1 / 0 ms (+ 45.7 ms in 444 steps since start of marking, biggest step 0.3 ms) [GC interrupt] [GC in old space requested].
[62619:0x102004600]    54084 ms: Scavenge 61.5 (92.0) -> 61.4 (97.0) MB, 23.0 / 0 ms [allocation failure].
[62619:0x102004600]    54100 ms: Scavenge 73.5 (97.0) -> 73.5 (101.0) MB, 14.3 / 0 ms [allocation failure].
[62619:0x102004600]    54138 ms: Scavenge 77.2 (101.0) -> 77.2 (113.0) MB, 38.1 / 0 ms [allocation failure].
[62619:0x102004600]    54154 ms: Scavenge 89.3 (113.0) -> 89.3 (117.0) MB, 14.5 / 0 ms [allocation failure].
[62619:0x102004600]    54181 ms: Scavenge 92.9 (117.0) -> 92.9 (129.0) MB, 26.0 / 0 ms [allocation failure].
[62619:0x102004600]    54196 ms: Scavenge 105.0 (129.0) -> 105.0 (133.0) MB, 13.8 / 0 ms [allocation failure].
[62619:0x102004600]    54222 ms: Scavenge 108.7 (133.0) -> 108.7 (145.0) MB, 24.4 / 0 ms [allocation failure].
[62619:0x102004600]    54240 ms: Scavenge 120.8 (145.0) -> 120.8 (149.0) MB, 16.8 / 0 ms [allocation failure].
[62619:0x102004600]    54265 ms: Scavenge 124.4 (149.0) -> 124.4 (161.0) MB, 24.3 / 0 ms [allocation failure].
[62619:0x102004600]    54280 ms: Scavenge 136.5 (161.0) -> 136.5 (165.0) MB, 14.6 / 0 ms [allocation failure].
[62619:0x102004600]    54303 ms: Scavenge 140.2 (165.0) -> 140.2 (177.0) MB, 22.3 / 0 ms [allocation failure].
[62619:0x102004600]    54319 ms: Scavenge 152.3 (177.0) -> 152.3 (181.0) MB, 14.2 / 0 ms [allocation failure].
[62619:0x102004600]    54353 ms: Scavenge 155.9 (181.0) -> 155.9 (193.0) MB, 34.3 / 0 ms [allocation failure].
[62619:0x102004600]    54372 ms: Scavenge 168.0 (193.0) -> 168.0 (197.0) MB, 16.9 / 0 ms [allocation failure].
[62619:0x102004600]    54397 ms: Scavenge 171.7 (197.0) -> 171.7 (209.0) MB, 23.9 / 0 ms [allocation failure].
[62619:0x102004600]    54415 ms: Scavenge 183.8 (209.0) -> 183.8 (213.0) MB, 16.9 / 0 ms [allocation failure].
[62619:0x102004600]    54448 ms: Scavenge 187.4 (213.0) -> 187.4 (225.0) MB, 32.6 / 0 ms [allocation failure].
[62619:0x102004600] Increasing marking speed to 3 due to high promotion rate
[62619:0x102004600]    54472 ms: Scavenge 199.5 (225.0) -> 199.5 (229.0) MB, 16.2 / 0 ms (+ 6.2 ms in 193 steps since last GC) [allocation failure].
[62619:0x102004600]    54520 ms: Scavenge 203.1 (229.0) -> 203.1 (241.0) MB, 38.0 / 0 ms (+ 10.1 ms in 58 steps since last GC) [allocation failure].
[62619:0x102004600]    54571 ms: Scavenge 215.3 (241.0) -> 215.3 (245.0) MB, 24.9 / 0 ms (+ 24.0 ms in 194 steps since last GC) [allocation failure].
[62619:0x102004600]    54587 ms: Mark-sweep 216.8 (245.0) -> 64.2 (104.0) MB, 12.8 / 0 ms (+ 43.8 ms in 470 steps since start of marking, biggest step 0.4 ms) [GC interrupt] [GC in old space requested].
[62619:0x102004600]    54608 ms: Scavenge 78.4 (104.0) -> 78.4 (104.0) MB, 18.9 / 0 ms [allocation failure].
[62619:0x102004600]    54645 ms: Scavenge 80.0 (104.0) -> 80.0 (118.0) MB, 36.3 / 0 ms [allocation failure].
[62619:0x102004600]    54670 ms: Scavenge 94.2 (118.0) -> 94.2 (119.0) MB, 22.6 / 0 ms [allocation failure].
[62619:0x102004600]    54698 ms: Scavenge 95.7 (119.0) -> 95.7 (134.0) MB, 28.2 / 0 ms [allocation failure].
[62619:0x102004600]    54717 ms: Scavenge 109.9 (134.0) -> 109.9 (135.0) MB, 17.9 / 0 ms [allocation failure].
[62619:0x102004600]    54745 ms: Scavenge 111.4 (135.0) -> 111.4 (150.0) MB, 27.8 / 0 ms [allocation failure].
[62619:0x102004600]    54758 ms: Scavenge 125.6 (150.0) -> 125.6 (151.0) MB, 11.0 / 0 ms [allocation failure].
[62619:0x102004600]    54786 ms: Scavenge 127.2 (151.0) -> 127.2 (166.0) MB, 27.8 / 0 ms [allocation failure].
[62619:0x102004600]    54805 ms: Scavenge 141.4 (166.0) -> 141.4 (167.0) MB, 17.5 / 0 ms [allocation failure].
[62619:0x102004600]    54835 ms: Scavenge 142.9 (167.0) -> 142.9 (182.0) MB, 29.5 / 0 ms [allocation failure].
[62619:0x102004600]    54863 ms: Scavenge 157.1 (182.0) -> 157.1 (183.0) MB, 26.9 / 0 ms [allocation failure].
[62619:0x102004600]    54899 ms: Scavenge 158.7 (183.0) -> 158.7 (198.0) MB, 35.8 / 0 ms [allocation failure].
[62619:0x102004600]    54924 ms: Scavenge 172.9 (198.0) -> 172.9 (199.0) MB, 23.0 / 0 ms [allocation failure].
[62619:0x102004600]    54948 ms: Scavenge 174.4 (199.0) -> 174.4 (214.0) MB, 23.3 / 0 ms [allocation failure].
[62619:0x102004600]    54976 ms: Scavenge 188.6 (214.0) -> 188.6 (215.0) MB, 26.8 / 0 ms [allocation failure].
[62619:0x102004600]    55001 ms: Scavenge 190.2 (215.0) -> 190.2 (230.0) MB, 23.8 / 0 ms [allocation failure].
[62619:0x102004600]    55028 ms: Scavenge 204.4 (230.0) -> 204.4 (231.0) MB, 25.6 / 0 ms [allocation failure].
[62619:0x102004600]    55052 ms: Scavenge 205.9 (231.0) -> 205.9 (246.0) MB, 24.3 / 0 ms [allocation failure].
[62619:0x102004600]    55075 ms: Scavenge 220.1 (246.0) -> 220.1 (247.0) MB, 20.8 / 0 ms [allocation failure].
[62619:0x102004600]    55099 ms: Scavenge 221.7 (247.0) -> 221.7 (262.0) MB, 23.6 / 0 ms [allocation failure].
[62619:0x102004600]    55129 ms: Scavenge 235.9 (262.0) -> 235.9 (263.0) MB, 28.2 / 0 ms [allocation failure].
[62619:0x102004600]    55155 ms: Scavenge 237.4 (263.0) -> 237.4 (278.0) MB, 25.9 / 0 ms [allocation failure].
[62619:0x102004600]    55185 ms: Scavenge 251.6 (278.0) -> 251.6 (279.0) MB, 27.4 / 0 ms [allocation failure].
[62619:0x102004600]    55223 ms: Scavenge 253.2 (279.0) -> 253.2 (294.0) MB, 37.4 / 0 ms [allocation failure].
[62619:0x102004600] Increasing marking speed to 3 due to high promotion rate
[62619:0x102004600]    55258 ms: Scavenge 267.4 (294.0) -> 267.4 (295.0) MB, 25.2 / 0 ms (+ 7.6 ms in 227 steps since last GC) [allocation failure].
[62619:0x102004600]    55291 ms: Scavenge 268.9 (295.0) -> 268.9 (310.0) MB, 26.8 / 0 ms (+ 6.2 ms in 24 steps since last GC) [allocation failure].
[62619:0x102004600]    55333 ms: Mark-sweep 279.4 (310.0) -> 50.6 (89.0) MB, 19.2 / 0 ms (+ 34.9 ms in 420 steps since start of marking, biggest step 0.4 ms) [GC interrupt] [GC in old space requested].
[62619:0x102004600]    55350 ms: Scavenge 55.8 (89.0) -> 55.7 (90.0) MB, 16.2 / 0 ms [allocation failure].
[62619:0x102004600]    55366 ms: Scavenge 66.3 (90.0) -> 66.3 (95.0) MB, 14.8 / 0 ms [allocation failure].
[62619:0x102004600]    55387 ms: Scavenge 71.4 (95.0) -> 71.4 (106.0) MB, 20.5 / 0 ms [allocation failure].
[62619:0x102004600]    55406 ms: Scavenge 82.0 (106.0) -> 82.0 (111.0) MB, 17.5 / 0 ms [allocation failure].
[62619:0x102004600]    55437 ms: Scavenge 87.2 (111.0) -> 87.2 (122.0) MB, 30.2 / 0 ms [allocation failure].
[62619:0x102004600]    55456 ms: Scavenge 97.8 (122.0) -> 97.8 (127.0) MB, 17.7 / 0 ms [allocation failure].
[62619:0x102004600]    55476 ms: Scavenge 102.9 (127.0) -> 102.9 (138.0) MB, 19.6 / 0 ms [allocation failure].
[62619:0x102004600]    55493 ms: Scavenge 113.5 (138.0) -> 113.5 (143.0) MB, 15.7 / 0 ms [allocation failure].
[62619:0x102004600]    55514 ms: Scavenge 118.7 (143.0) -> 118.7 (154.0) MB, 20.9 / 0 ms [allocation failure].
[62619:0x102004600]    55530 ms: Scavenge 129.3 (154.0) -> 129.3 (159.0) MB, 14.9 / 0 ms [allocation failure].
[62619:0x102004600]    55560 ms: Scavenge 134.4 (159.0) -> 134.4 (170.0) MB, 28.7 / 0 ms [allocation failure].
[62619:0x102004600]    55578 ms: Scavenge 145.0 (170.0) -> 145.0 (175.0) MB, 17.1 / 0 ms [allocation failure].
[62619:0x102004600]    55609 ms: Scavenge 150.2 (175.0) -> 150.2 (186.0) MB, 29.7 / 0 ms [allocation failure].
[62619:0x102004600]    55626 ms: Scavenge 160.8 (186.0) -> 160.8 (191.0) MB, 15.6 / 0 ms [allocation failure].
[62619:0x102004600]    55650 ms: Scavenge 165.9 (191.0) -> 165.9 (202.0) MB, 22.1 / 0 ms [allocation failure].
[62619:0x102004600] Increasing marking speed to 3 due to high promotion rate
[62619:0x102004600]    55673 ms: Scavenge 176.5 (202.0) -> 176.5 (207.0) MB, 16.3 / 0 ms (+ 5.9 ms in 169 steps since last GC) [allocation failure].
[62619:0x102004600]    55720 ms: Scavenge 181.7 (207.0) -> 181.7 (218.0) MB, 33.1 / 0 ms (+ 12.9 ms in 82 steps since last GC) [allocation failure].
[62619:0x102004600]    55729 ms: Mark-sweep 183.0 (218.0) -> 30.4 (72.0) MB, 6.1 / 0 ms (+ 21.5 ms in 273 steps since start of marking, biggest step 0.4 ms) [GC interrupt] [GC in old space requested].
[62619:0x102004600]    55751 ms: Scavenge 44.8 (72.0) -> 44.8 (72.0) MB, 19.8 / 0 ms [allocation failure].
[62619:0x102004600]    55781 ms: Scavenge 46.2 (72.0) -> 46.2 (84.0) MB, 30.3 / 0 ms [allocation failure].
[62619:0x102004600]    55801 ms: Scavenge 60.6 (84.0) -> 60.6 (85.0) MB, 18.3 / 0 ms [allocation failure].
[62619:0x102004600]    55826 ms: Scavenge 61.9 (85.0) -> 61.9 (100.0) MB, 24.6 / 0 ms [allocation failure].
[62619:0x102004600]    55852 ms: Scavenge 76.3 (100.0) -> 76.3 (101.0) MB, 24.1 / 0 ms [allocation failure].
[62619:0x102004600]    55876 ms: Scavenge 77.6 (101.0) -> 77.6 (116.0) MB, 24.2 / 0 ms [allocation failure].
[62619:0x102004600]    55907 ms: Scavenge 92.1 (116.0) -> 92.1 (117.0) MB, 29.0 / 0 ms [allocation failure].
[62619:0x102004600]    55931 ms: Scavenge 93.4 (117.0) -> 93.4 (132.0) MB, 23.4 / 0 ms [allocation failure].
[62619:0x102004600]    55959 ms: Scavenge 107.8 (132.0) -> 107.8 (133.0) MB, 26.0 / 0 ms [allocation failure].
[62619:0x102004600]    55983 ms: Scavenge 109.1 (133.0) -> 109.1 (148.0) MB, 24.6 / 0 ms [allocation failure].
[62619:0x102004600]    56006 ms: Scavenge 123.5 (148.0) -> 123.5 (149.0) MB, 21.2 / 0 ms [allocation failure].
[62619:0x102004600]    56038 ms: Scavenge 124.9 (149.0) -> 124.9 (164.0) MB, 31.9 / 0 ms [allocation failure].
[62619:0x102004600] Increasing marking speed to 3 due to high promotion rate
[62619:0x102004600]    56079 ms: Scavenge 139.3 (164.0) -> 139.3 (165.0) MB, 29.4 / 0 ms (+ 9.6 ms in 230 steps since last GC) [allocation failure].
[62619:0x102004600]    56112 ms: Scavenge 140.6 (165.0) -> 140.6 (180.0) MB, 28.4 / 0 ms (+ 4.5 ms in 21 steps since last GC) [allocation failure].
[62619:0x102004600]    56126 ms: Mark-sweep 144.4 (180.0) -> 30.0 (72.0) MB, 7.4 / 0 ms (+ 19.8 ms in 312 steps since start of marking, biggest step 0.4 ms) [GC interrupt] [GC in old space requested].
[62619:0x102004600]    56141 ms: Scavenge 41.9 (72.0) -> 41.9 (72.0) MB, 13.3 / 0 ms [allocation failure].
[62619:0x102004600]    56161 ms: Scavenge 45.7 (72.0) -> 45.7 (81.0) MB, 19.5 / 0 ms [allocation failure].
[62619:0x102004600]    56176 ms: Scavenge 57.7 (81.0) -> 57.7 (85.0) MB, 13.8 / 0 ms [allocation failure].
[62619:0x102004600]    56198 ms: Scavenge 61.4 (85.0) -> 61.4 (97.0) MB, 21.3 / 0 ms [allocation failure].
[62619:0x102004600]    56213 ms: Scavenge 73.4 (97.0) -> 73.4 (101.0) MB, 13.7 / 0 ms [allocation failure].
[62619:0x102004600]    56237 ms: Scavenge 77.2 (101.0) -> 77.2 (113.0) MB, 23.4 / 0 ms [allocation failure].
[62619:0x102004600]    56252 ms: Scavenge 89.1 (113.0) -> 89.1 (117.0) MB, 13.7 / 0 ms [allocation failure].
[62619:0x102004600]    56274 ms: Scavenge 92.9 (117.0) -> 92.9 (129.0) MB, 22.3 / 0 ms [allocation failure].
[62619:0x102004600]    56291 ms: Scavenge 104.9 (129.0) -> 104.9 (133.0) MB, 15.6 / 0 ms [allocation failure].
[62619:0x102004600]    56315 ms: Scavenge 108.7 (133.0) -> 108.7 (145.0) MB, 23.8 / 0 ms [allocation failure].
[62619:0x102004600] Increasing marking speed to 3 due to high promotion rate
[62619:0x102004600]    56346 ms: Scavenge 120.6 (145.0) -> 120.6 (149.0) MB, 23.1 / 0 ms (+ 6.2 ms in 191 steps since last GC) [allocation failure].
[62619:0x102004600]    56384 ms: Scavenge 124.4 (149.0) -> 124.4 (161.0) MB, 25.1 / 0 ms (+ 12.4 ms in 60 steps since last GC) [allocation failure].
[62619:0x102004600]    56438 ms: Scavenge 136.4 (161.0) -> 136.4 (165.0) MB, 25.0 / 0 ms (+ 26.8 ms in 192 steps since last GC) [allocation failure].
[62619:0x102004600]    56449 ms: Mark-sweep 136.8 (165.0) -> 60.5 (102.0) MB, 10.8 / 0 ms (+ 46.1 ms in 449 steps since start of marking, biggest step 0.5 ms) [GC interrupt] [GC in old space requested].
[62619:0x102004600]    56471 ms: Scavenge 75.8 (102.0) -> 75.8 (102.0) MB, 19.4 / 0 ms [allocation failure].
[62619:0x102004600]    56496 ms: Scavenge 76.2 (102.0) -> 76.2 (116.0) MB, 25.3 / 0 ms [allocation failure].
[62619:0x102004600]    56526 ms: Scavenge 91.6 (116.0) -> 91.6 (116.0) MB, 28.1 / 0 ms [allocation failure].
[62619:0x102004600]    56552 ms: Scavenge 92.0 (116.0) -> 92.0 (132.0) MB, 25.9 / 0 ms [allocation failure].
[62619:0x102004600]    56579 ms: Scavenge 107.3 (132.0) -> 107.3 (132.0) MB, 25.0 / 0 ms [allocation failure].
[62619:0x102004600]    56605 ms: Scavenge 107.7 (132.0) -> 107.7 (148.0) MB, 25.4 / 0 ms [allocation failure].
[62619:0x102004600]    56628 ms: Scavenge 123.1 (148.0) -> 123.1 (148.0) MB, 21.3 / 0 ms [allocation failure].
[62619:0x102004600]    56653 ms: Scavenge 123.4 (148.0) -> 123.4 (164.0) MB, 25.0 / 0 ms [allocation failure].
[62619:0x102004600]    56680 ms: Scavenge 138.8 (164.0) -> 138.8 (164.0) MB, 25.6 / 0 ms [allocation failure].
[62619:0x102004600]    56706 ms: Scavenge 139.2 (164.0) -> 139.2 (180.0) MB, 25.6 / 0 ms [allocation failure].
[62619:0x102004600]    56729 ms: Scavenge 154.6 (180.0) -> 154.6 (180.0) MB, 21.4 / 0 ms [allocation failure].
[62619:0x102004600]    56763 ms: Scavenge 154.9 (180.0) -> 154.9 (196.0) MB, 34.4 / 0 ms [allocation failure].
[62619:0x102004600]    56784 ms: Scavenge 170.3 (196.0) -> 170.3 (196.0) MB, 19.3 / 0 ms [allocation failure].
[62619:0x102004600]    56810 ms: Scavenge 170.7 (196.0) -> 170.7 (212.0) MB, 25.3 / 0 ms [allocation failure].
[62619:0x102004600]    56830 ms: Scavenge 186.1 (212.0) -> 186.1 (212.0) MB, 19.1 / 0 ms [allocation failure].
[62619:0x102004600]    56856 ms: Scavenge 186.4 (212.0) -> 186.4 (228.0) MB, 25.4 / 0 ms [allocation failure].
[62619:0x102004600]    56881 ms: Scavenge 201.8 (228.0) -> 201.8 (228.0) MB, 23.8 / 0 ms [allocation failure].
[62619:0x102004600]    56921 ms: Scavenge 202.2 (228.0) -> 202.2 (244.0) MB, 39.9 / 0 ms [allocation failure].
[62619:0x102004600]    56944 ms: Scavenge 217.5 (244.0) -> 217.5 (244.0) MB, 20.6 / 0 ms [allocation failure].
[62619:0x102004600]    56975 ms: Scavenge 217.9 (244.0) -> 217.9 (260.0) MB, 31.2 / 0 ms [allocation failure].
[62619:0x102004600]    56995 ms: Scavenge 233.3 (260.0) -> 233.3 (260.0) MB, 18.5 / 0 ms [allocation failure].
[62619:0x102004600]    57021 ms: Scavenge 233.7 (260.0) -> 233.7 (276.0) MB, 25.3 / 0 ms [allocation failure].
[62619:0x102004600]    57046 ms: Scavenge 249.0 (276.0) -> 249.0 (276.0) MB, 24.1 / 0 ms [allocation failure].
[62619:0x102004600]    57079 ms: Scavenge 249.4 (276.0) -> 249.4 (292.0) MB, 32.8 / 0 ms [allocation failure].
[62619:0x102004600] Increasing marking speed to 3 due to high promotion rate
[62619:0x102004600]    57116 ms: Scavenge 264.8 (292.0) -> 264.8 (292.0) MB, 27.0 / 0 ms (+ 7.7 ms in 245 steps since last GC) [allocation failure].
[62619:0x102004600]    57164 ms: Scavenge 265.2 (292.0) -> 265.2 (308.0) MB, 45.7 / 0 ms (+ 2.3 ms in 6 steps since last GC) [allocation failure].
[62619:0x102004600]    57200 ms: Mark-sweep 274.9 (308.0) -> 46.1 (87.0) MB, 14.2 / 0 ms (+ 30.3 ms in 407 steps since start of marking, biggest step 0.5 ms) [GC interrupt] [GC in old space requested].
[62619:0x102004600]    57218 ms: Scavenge 52.0 (87.0) -> 52.0 (87.0) MB, 17.4 / 0 ms [allocation failure].
[62619:0x102004600]    57234 ms: Scavenge 61.7 (87.0) -> 61.7 (91.0) MB, 14.7 / 0 ms [allocation failure].
[62619:0x102004600]    57254 ms: Scavenge 67.7 (91.0) -> 67.7 (101.0) MB, 19.2 / 0 ms [allocation failure].
[62619:0x102004600]    57271 ms: Scavenge 77.5 (101.0) -> 77.5 (107.0) MB, 15.6 / 0 ms [allocation failure].
[62619:0x102004600]    57291 ms: Scavenge 83.5 (107.0) -> 83.5 (117.0) MB, 18.8 / 0 ms [allocation failure].
[62619:0x102004600]    57309 ms: Scavenge 93.2 (117.0) -> 93.2 (123.0) MB, 17.0 / 0 ms [allocation failure].
[62619:0x102004600]    57328 ms: Scavenge 99.2 (123.0) -> 99.2 (133.0) MB, 18.7 / 0 ms [allocation failure].
[62619:0x102004600]    57345 ms: Scavenge 109.0 (133.0) -> 109.0 (139.0) MB, 15.2 / 0 ms [allocation failure].
[62619:0x102004600]    57364 ms: Scavenge 114.9 (139.0) -> 114.9 (149.0) MB, 18.2 / 0 ms [allocation failure].
[62619:0x102004600]    57379 ms: Scavenge 124.7 (149.0) -> 124.7 (155.0) MB, 14.4 / 0 ms [allocation failure].
[62619:0x102004600]    57397 ms: Scavenge 130.7 (155.0) -> 130.7 (165.0) MB, 17.8 / 0 ms [allocation failure].
[62619:0x102004600]    57413 ms: Scavenge 140.5 (165.0) -> 140.5 (171.0) MB, 14.5 / 0 ms [allocation failure].
[62619:0x102004600]    57431 ms: Scavenge 146.4 (171.0) -> 146.4 (181.0) MB, 18.1 / 0 ms [allocation failure].
[62619:0x102004600]    57447 ms: Scavenge 156.2 (181.0) -> 156.2 (187.0) MB, 14.8 / 0 ms [allocation failure].
[62619:0x102004600] Increasing marking speed to 3 due to high promotion rate
[62619:0x102004600]    57470 ms: Scavenge 162.2 (187.0) -> 162.2 (197.0) MB, 19.8 / 0 ms (+ 3.1 ms in 95 steps since last GC) [allocation failure].
[62619:0x102004600]    57480 ms: Mark-sweep 163.8 (197.0) -> 11.3 (53.0) MB, 5.5 / 0 ms (+ 6.9 ms in 122 steps since start of marking, biggest step 0.3 ms) [GC interrupt] [GC in old space requested].
[62619:0x102004600]    57500 ms: Scavenge 25.3 (53.0) -> 25.3 (53.0) MB, 17.9 / 0 ms [allocation failure].
[62619:0x102004600]    57522 ms: Scavenge 27.0 (53.0) -> 27.0 (64.0) MB, 22.1 / 0 ms [allocation failure].
[62619:0x102004600]    57548 ms: Scavenge 41.1 (64.0) -> 41.1 (66.0) MB, 24.8 / 0 ms [allocation failure].
[62619:0x102004600]    57572 ms: Scavenge 42.7 (66.0) -> 42.7 (80.0) MB, 23.3 / 0 ms [allocation failure].
[62619:0x102004600] Increasing marking speed to 3 due to high promotion rate
[62619:0x102004600]    57609 ms: Scavenge 56.8 (80.0) -> 56.8 (82.0) MB, 26.4 / 0 ms (+ 8.5 ms in 225 steps since last GC) [allocation failure].
[62619:0x102004600]    57639 ms: Scavenge 58.5 (82.0) -> 58.5 (96.0) MB, 25.2 / 0 ms (+ 4.5 ms in 26 steps since last GC) [allocation failure].
[62619:0x102004600]    57643 ms: Mark-sweep 59.0 (96.0) -> 20.9 (65.0) MB, 3.0 / 0 ms (+ 13.9 ms in 260 steps since start of marking, biggest step 0.3 ms) [GC interrupt] [GC in old space requested].
[62619:0x102004600]    57662 ms: Scavenge 36.1 (65.0) -> 36.1 (65.0) MB, 17.2 / 0 ms [allocation failure].
[62619:0x102004600]    57690 ms: Scavenge 36.6 (65.0) -> 36.6 (75.0) MB, 27.7 / 0 ms [allocation failure].
[62619:0x102004600]    57713 ms: Scavenge 51.8 (75.0) -> 51.8 (75.0) MB, 20.6 / 0 ms [allocation failure].
[62619:0x102004600]    57745 ms: Scavenge 52.4 (75.0) -> 52.4 (91.0) MB, 31.9 / 0 ms [allocation failure].
[62619:0x102004600]    57768 ms: Scavenge 67.6 (91.0) -> 67.6 (91.0) MB, 21.3 / 0 ms [allocation failure].
[62619:0x102004600]    57795 ms: Scavenge 68.1 (91.0) -> 68.1 (107.0) MB, 26.5 / 0 ms [allocation failure].
[62619:0x102004600]    57819 ms: Scavenge 83.3 (107.0) -> 83.3 (107.0) MB, 21.9 / 0 ms [allocation failure].
[62619:0x102004600]    57848 ms: Scavenge 83.8 (107.0) -> 83.8 (123.0) MB, 29.2 / 0 ms [allocation failure].
[62619:0x102004600] Increasing marking speed to 3 due to high promotion rate
[62619:0x102004600]    57883 ms: Scavenge 99.1 (123.0) -> 99.1 (123.0) MB, 25.2 / 0 ms (+ 8.0 ms in 243 steps since last GC) [allocation failure].
[62619:0x102004600]    57921 ms: Scavenge 99.6 (123.0) -> 99.6 (139.0) MB, 35.5 / 0 ms (+ 2.6 ms in 8 steps since last GC) [allocation failure].
[62619:0x102004600]    57932 ms: Mark-sweep 102.7 (139.0) -> 26.4 (73.0) MB, 4.3 / 0 ms (+ 16.4 ms in 301 steps since start of marking, biggest step 0.4 ms) [GC interrupt] [GC in old space requested].
[62619:0x102004600]    57947 ms: Scavenge 39.0 (73.0) -> 39.0 (73.0) MB, 13.1 / 0 ms [allocation failure].
[62619:0x102004600]    57965 ms: Scavenge 42.1 (73.0) -> 42.1 (78.0) MB, 18.4 / 0 ms [allocation failure].
[62619:0x102004600]    57983 ms: Scavenge 54.8 (78.0) -> 54.8 (81.0) MB, 16.1 / 0 ms [allocation failure].
[62619:0x102004600]    58009 ms: Scavenge 57.9 (81.0) -> 57.9 (94.0) MB, 25.4 / 0 ms [allocation failure].
[62619:0x102004600]    58028 ms: Scavenge 70.5 (94.0) -> 70.5 (97.0) MB, 17.7 / 0 ms [allocation failure].
[62619:0x102004600]    58055 ms: Scavenge 73.6 (97.0) -> 73.6 (110.0) MB, 25.8 / 0 ms [allocation failure].
[62619:0x102004600]    58074 ms: Scavenge 86.3 (110.0) -> 86.3 (113.0) MB, 17.5 / 0 ms [allocation failure].
[62619:0x102004600]    58101 ms: Scavenge 89.4 (113.0) -> 89.4 (126.0) MB, 26.4 / 0 ms [allocation failure].
[62619:0x102004600]    58116 ms: Scavenge 102.0 (126.0) -> 102.0 (129.0) MB, 14.0 / 0 ms [allocation failure].
[62619:0x102004600]    58150 ms: Scavenge 105.1 (129.0) -> 105.1 (142.0) MB, 32.6 / 0 ms [allocation failure].
[62619:0x102004600] Increasing marking speed to 3 due to high promotion rate
[62619:0x102004600]    58185 ms: Scavenge 117.7 (142.0) -> 117.7 (145.0) MB, 27.0 / 0 ms (+ 7.2 ms in 202 steps since last GC) [allocation failure].
[62619:0x102004600]    58230 ms: Scavenge 120.8 (145.0) -> 120.8 (158.0) MB, 35.5 / 0 ms (+ 9.1 ms in 49 steps since last GC) [allocation failure].
[62619:0x102004600]    58274 ms: Mark-sweep 132.0 (158.0) -> 55.8 (89.0) MB, 21.0 / 0 ms (+ 37.1 ms in 430 steps since start of marking, biggest step 0.5 ms) [GC interrupt] [GC in old space requested].
[62619:0x102004600]    58293 ms: Scavenge 60.3 (89.0) -> 60.2 (95.0) MB, 19.2 / 0 ms [allocation failure].
[62619:0x102004600]    58311 ms: Scavenge 71.4 (95.0) -> 71.4 (99.0) MB, 16.6 / 0 ms [allocation failure].
[62619:0x102004600]    58341 ms: Scavenge 76.0 (99.0) -> 76.0 (111.0) MB, 29.7 / 0 ms [allocation failure].
[62619:0x102004600]    58358 ms: Scavenge 87.2 (111.0) -> 87.2 (115.0) MB, 14.9 / 0 ms [allocation failure].
[62619:0x102004600]    58378 ms: Scavenge 91.7 (115.0) -> 91.7 (127.0) MB, 19.8 / 0 ms [allocation failure].
[62619:0x102004600]    58397 ms: Scavenge 102.9 (127.0) -> 102.9 (131.0) MB, 18.0 / 0 ms [allocation failure].
[62619:0x102004600]    58421 ms: Scavenge 107.5 (131.0) -> 107.4 (143.0) MB, 23.0 / 0 ms [allocation failure].
[62619:0x102004600]    58440 ms: Scavenge 118.7 (143.0) -> 118.7 (147.0) MB, 17.6 / 0 ms [allocation failure].
[62619:0x102004600]    58462 ms: Scavenge 123.2 (147.0) -> 123.2 (159.0) MB, 21.6 / 0 ms [allocation failure].
[62619:0x102004600]    58478 ms: Scavenge 134.4 (159.0) -> 134.4 (163.0) MB, 14.6 / 0 ms [allocation failure].
[62619:0x102004600]    58503 ms: Scavenge 138.9 (163.0) -> 138.9 (175.0) MB, 24.3 / 0 ms [allocation failure].
[62619:0x102004600]    58520 ms: Scavenge 150.2 (175.0) -> 150.2 (179.0) MB, 15.5 / 0 ms [allocation failure].
[62619:0x102004600]    58541 ms: Scavenge 154.7 (179.0) -> 154.7 (191.0) MB, 20.6 / 0 ms [allocation failure].
[62619:0x102004600]    58556 ms: Scavenge 165.9 (191.0) -> 165.9 (195.0) MB, 13.6 / 0 ms [allocation failure].
[62619:0x102004600]    58576 ms: Scavenge 170.4 (195.0) -> 170.4 (207.0) MB, 19.8 / 0 ms [allocation failure].
[62619:0x102004600]    58593 ms: Scavenge 181.7 (207.0) -> 181.7 (211.0) MB, 14.8 / 0 ms [allocation failure].
[62619:0x102004600]    58616 ms: Scavenge 186.2 (211.0) -> 186.2 (223.0) MB, 23.0 / 0 ms [allocation failure].
[62619:0x102004600] Increasing marking speed to 3 due to high promotion rate
[62619:0x102004600]    58643 ms: Scavenge 197.4 (223.0) -> 197.4 (227.0) MB, 19.1 / 0 ms (+ 6.1 ms in 179 steps since last GC) [allocation failure].
[62619:0x102004600]    58684 ms: Scavenge 201.9 (227.0) -> 201.9 (239.0) MB, 28.7 / 0 ms (+ 11.4 ms in 72 steps since last GC) [allocation failure].
[62619:0x102004600]    58728 ms: Scavenge 213.2 (239.0) -> 213.2 (243.0) MB, 18.4 / 0 ms (+ 24.1 ms in 180 steps since last GC) [allocation failure].
[62619:0x102004600]    58742 ms: Mark-sweep 214.1 (243.0) -> 61.5 (102.0) MB, 12.0 / 0 ms (+ 43.5 ms in 447 steps since start of marking, biggest step 0.4 ms) [GC interrupt] [GC in old space requested].
[62619:0x102004600]    58766 ms: Scavenge 76.3 (102.0) -> 76.3 (102.0) MB, 21.7 / 0 ms [allocation failure].
[62619:0x102004600]    58790 ms: Scavenge 77.3 (102.0) -> 77.3 (116.0) MB, 24.7 / 0 ms [allocation failure].
[62619:0x102004600]    58819 ms: Scavenge 92.1 (116.0) -> 92.1 (117.0) MB, 26.8 / 0 ms [allocation failure].
[62619:0x102004600]    58844 ms: Scavenge 93.0 (117.0) -> 93.0 (132.0) MB, 25.2 / 0 ms [allocation failure].
[62619:0x102004600]    58869 ms: Scavenge 107.8 (132.0) -> 107.8 (133.0) MB, 23.1 / 0 ms [allocation failure].
[62619:0x102004600]    58898 ms: Scavenge 108.8 (133.0) -> 108.8 (148.0) MB, 28.5 / 0 ms [allocation failure].
[62619:0x102004600]    58929 ms: Scavenge 123.6 (148.0) -> 123.6 (149.0) MB, 28.6 / 0 ms [allocation failure].
[62619:0x102004600]    58961 ms: Scavenge 124.5 (149.0) -> 124.5 (164.0) MB, 32.5 / 0 ms [allocation failure].
[62619:0x102004600]    58990 ms: Scavenge 139.3 (164.0) -> 139.3 (165.0) MB, 27.1 / 0 ms [allocation failure].
[62619:0x102004600]    59023 ms: Scavenge 140.3 (165.0) -> 140.3 (180.0) MB, 32.3 / 0 ms [allocation failure].
[62619:0x102004600]    59042 ms: Scavenge 155.0 (180.0) -> 155.0 (181.0) MB, 17.8 / 0 ms [allocation failure].
[62619:0x102004600]    59069 ms: Scavenge 156.0 (181.0) -> 156.0 (196.0) MB, 26.6 / 0 ms [allocation failure].
[62619:0x102004600]    59098 ms: Scavenge 170.8 (196.0) -> 170.8 (197.0) MB, 27.3 / 0 ms [allocation failure].
[62619:0x102004600]    59126 ms: Scavenge 171.8 (197.0) -> 171.8 (212.0) MB, 27.6 / 0 ms [allocation failure].
[62619:0x102004600]    59146 ms: Scavenge 186.5 (212.0) -> 186.5 (213.0) MB, 18.2 / 0 ms [allocation failure].
[62619:0x102004600]    59171 ms: Scavenge 187.5 (213.0) -> 187.5 (228.0) MB, 25.2 / 0 ms [allocation failure].
[62619:0x102004600]    59185 ms: Scavenge 202.3 (228.0) -> 202.3 (229.0) MB, 12.5 / 0 ms [allocation failure].
[62619:0x102004600]    59210 ms: Scavenge 203.3 (229.0) -> 203.3 (244.0) MB, 25.1 / 0 ms [allocation failure].
[62619:0x102004600]    59230 ms: Scavenge 218.0 (244.0) -> 218.0 (245.0) MB, 18.1 / 0 ms [allocation failure].
[62619:0x102004600]    59256 ms: Scavenge 219.0 (245.0) -> 219.0 (260.0) MB, 26.4 / 0 ms [allocation failure].
