[62598:0x102004600]        7 ms: Scavenge 2.1 (37.0) -> 2.1 (37.0) MB, 0.5 / 0 ms [allocation failure].
[62598:0x102004600]        8 ms: Scavenge 2.1 (37.0) -> 2.1 (38.0) MB, 0.5 / 0 ms [allocation failure].
[62598:0x102004600]       39 ms: Scavenge 3.9 (41.0) -> 3.5 (41.0) MB, 0.5 / 0 ms [allocation failure].
[62598:0x102004600]       42 ms: Scavenge 4.9 (41.0) -> 4.5 (42.0) MB, 1.6 / 0 ms [allocation failure].
[62598:0x102004600]       45 ms: Scavenge 5.5 (42.0) -> 5.5 (43.0) MB, 2.2 / 0 ms [allocation failure].
[62598:0x102004600]       50 ms: Scavenge 8.5 (43.0) -> 8.5 (43.0) MB, 4.2 / 0 ms [allocation failure].
[62598:0x102004600]       56 ms: Scavenge 9.4 (43.0) -> 9.4 (47.0) MB, 5.8 / 0 ms [allocation failure].
[62598:0x102004600]       67 ms: Scavenge 16.3 (47.0) -> 16.3 (47.0) MB, 9.3 / 0 ms [allocation failure].
[62598:0x102004600]       79 ms: Scavenge 17.3 (47.0) -> 17.3 (55.0) MB, 11.6 / 0 ms [allocation failure].
[62598:0x102004600]      109 ms: Scavenge 32.1 (55.0) -> 32.1 (55.0) MB, 25.8 / 0 ms [allocation failure].
[62598:0x102004600]      140 ms: Scavenge 42.6 (65.0) -> 42.3 (80.0) MB, 25.8 / 0 ms [allocation failure].
[62598:0x102004600]      402 ms: Mark-sweep 395.4 (438.0) -> 128.0 (176.0) MB, 0.8 / 0 ms (+ 64.0 ms in 107 steps since start of marking, biggest step 1.2 ms) [GC interrupt] [GC in old space requested].
[62598:0x102004600]      761 ms: Mark-sweep 742.2 (792.0) -> 55.4 (101.0) MB, 1.0 / 0 ms (+ 31.4 ms in 19 steps since start of marking, biggest step 4.8 ms) [GC interrupt] [GC in old space requested].
[62598:0x102004600]      787 ms: Scavenge 71.2 (101.0) -> 67.4 (101.0) MB, 21.1 / 0 ms [allocation failure].
[62598:0x102004600]     1032 ms: Mark-sweep 461.4 (495.0) -> 41.7 (88.0) MB, 0.9 / 0 ms (+ 22.1 ms in 17 steps since start of marking, biggest step 3.8 ms) [GC interrupt] [GC in old space requested].
[62598:0x102004600]     1061 ms: Scavenge 57.5 (88.0) -> 55.3 (88.0) MB, 24.1 / 0 ms [allocation failure].
[62598:0x102004600]     1256 ms: Mark-sweep 406.5 (437.0) -> 24.7 (70.0) MB, 0.9 / 0 ms (+ 13.6 ms in 15 steps since start of marking, biggest step 3.3 ms) [GC interrupt] [GC in old space requested].
[62598:0x102004600]     1284 ms: Scavenge 40.5 (70.0) -> 39.3 (70.0) MB, 24.0 / 0 ms [allocation failure].
[62598:0x102004600]     1471 ms: Mark-sweep 341.3 (369.0) -> 35.9 (81.0) MB, 0.8 / 0 ms (+ 19.8 ms in 16 steps since start of marking, biggest step 3.9 ms) [GC interrupt] [GC in old space requested].
[62598:0x102004600]     1700 ms: Mark-sweep 283.5 (326.0) -> 131.0 (178.0) MB, 0.7 / 0 ms (+ 72.4 ms in 105 steps since start of marking, biggest step 1.5 ms) [GC interrupt] [GC in old space requested].
[62598:0x102004600]     2053 ms: Mark-sweep 747.3 (798.0) -> 22.6 (68.0) MB, 1.5 / 0 ms (+ 12.3 ms in 14 steps since start of marking, biggest step 2.8 ms) [GC interrupt] [GC in old space requested].
[62598:0x102004600]     2086 ms: Scavenge 38.3 (68.0) -> 37.2 (68.0) MB, 28.3 / 0 ms [allocation failure].
[62598:0x102004600]     2116 ms: Scavenge 38.3 (68.0) -> 38.0 (76.0) MB, 30.2 / 0 ms [allocation failure].
[62598:0x102004600]     2137 ms: Scavenge 53.0 (76.0) -> 48.7 (77.0) MB, 16.2 / 0 ms [allocation failure].
[62598:0x102004600]     2167 ms: Scavenge 53.7 (77.0) -> 52.3 (88.0) MB, 28.3 / 0 ms [allocation failure].
[62598:0x102004600]     2186 ms: Scavenge 64.4 (88.0) -> 61.0 (91.0) MB, 14.6 / 0 ms [allocation failure].
[62598:0x102004600]     2210 ms: Scavenge 68.0 (91.0) -> 66.0 (100.0) MB, 22.4 / 0 ms [allocation failure].
[62598:0x102004600]     2231 ms: Scavenge 76.7 (100.0) -> 73.7 (105.0) MB, 17.6 / 0 ms [allocation failure].
[62598:0x102004600]     2253 ms: Scavenge 81.8 (105.0) -> 79.5 (113.0) MB, 20.7 / 0 ms [allocation failure].
[62598:0x102004600]     2276 ms: Scavenge 89.4 (113.0) -> 86.6 (119.0) MB, 20.1 / 0 ms [allocation failure].
[62598:0x102004600]     2296 ms: Scavenge 95.2 (119.0) -> 92.7 (126.0) MB, 17.7 / 0 ms [allocation failure].
[62598:0x102004600]     2320 ms: Scavenge 102.3 (126.0) -> 99.6 (132.0) MB, 20.5 / 0 ms [allocation failure].
[62598:0x102004600]     2348 ms: Scavenge 108.5 (132.0) -> 105.9 (139.0) MB, 19.6 / 0 ms (+ 6.0 ms in 142 steps since last GC) [allocation failure].
[62598:0x102004600]     2380 ms: Scavenge 115.3 (139.0) -> 112.6 (146.0) MB, 23.1 / 0 ms (+ 6.2 ms in 150 steps since last GC) [allocation failure].
[62598:0x102004600]     2418 ms: Scavenge 121.7 (146.0) -> 119.1 (153.0) MB, 27.9 / 0 ms (+ 7.6 ms in 145 steps since last GC) [allocation failure].
[62598:0x102004600]     2451 ms: Scavenge 128.4 (153.0) -> 125.7 (159.0) MB, 24.0 / 0 ms (+ 6.4 ms in 148 steps since last GC) [allocation failure].
[62598:0x102004600]     2480 ms: Scavenge 134.8 (159.0) -> 132.2 (166.0) MB, 20.8 / 0 ms (+ 6.1 ms in 146 steps since last GC) [allocation failure].
[62598:0x102004600]     2518 ms: Scavenge 141.5 (166.0) -> 138.8 (173.0) MB, 27.5 / 0 ms (+ 6.8 ms in 148 steps since last GC) [allocation failure].
[62598:0x102004600]     2551 ms: Scavenge 148.0 (173.0) -> 145.4 (179.0) MB, 23.5 / 0 ms (+ 7.1 ms in 146 steps since last GC) [allocation failure].
[62598:0x102004600]     2568 ms: Mark-sweep 147.5 (179.0) -> 70.6 (109.0) MB, 10.2 / 0 ms (+ 51.9 ms in 1059 steps since start of marking, biggest step 0.4 ms) [GC interrupt] [GC in old space requested].
[62598:0x102004600]     2583 ms: Scavenge 84.8 (109.0) -> 80.8 (110.0) MB, 11.4 / 0 ms [allocation failure].
[62598:0x102004600]     2603 ms: Scavenge 86.4 (110.0) -> 84.8 (120.0) MB, 19.1 / 0 ms [allocation failure].
[62598:0x102004600]     2620 ms: Scavenge 96.5 (120.0) -> 93.1 (124.0) MB, 14.0 / 0 ms [allocation failure].
[62598:0x102004600]     2640 ms: Scavenge 100.5 (124.0) -> 98.4 (133.0) MB, 18.5 / 0 ms [allocation failure].
[62598:0x102004600]     2657 ms: Scavenge 108.9 (133.0) -> 105.9 (138.0) MB, 14.5 / 0 ms [allocation failure].
[62598:0x102004600]     2680 ms: Scavenge 114.2 (138.0) -> 111.8 (146.0) MB, 21.2 / 0 ms [allocation failure].
[62598:0x102004600]     2698 ms: Scavenge 121.6 (146.0) -> 118.8 (152.0) MB, 15.2 / 0 ms [allocation failure].
[62598:0x102004600]     2717 ms: Scavenge 127.5 (152.0) -> 125.1 (159.0) MB, 16.5 / 0 ms [allocation failure].
[62598:0x102004600]     2738 ms: Scavenge 134.6 (159.0) -> 131.9 (165.0) MB, 18.7 / 0 ms [allocation failure].
[62598:0x102004600]     2758 ms: Scavenge 140.8 (165.0) -> 138.2 (172.0) MB, 17.8 / 0 ms [allocation failure].
[62598:0x102004600]     2779 ms: Scavenge 147.6 (172.0) -> 144.9 (179.0) MB, 18.3 / 0 ms [allocation failure].
[62598:0x102004600]     2798 ms: Scavenge 154.0 (179.0) -> 151.4 (185.0) MB, 17.4 / 0 ms [allocation failure].
[62598:0x102004600]     2817 ms: Scavenge 160.7 (185.0) -> 158.0 (192.0) MB, 16.8 / 0 ms [allocation failure].
[62598:0x102004600]     2836 ms: Scavenge 167.1 (192.0) -> 164.5 (199.0) MB, 16.3 / 0 ms [allocation failure].
[62598:0x102004600]     2855 ms: Scavenge 173.8 (199.0) -> 171.1 (205.0) MB, 16.4 / 0 ms [allocation failure].
[62598:0x102004600]     2874 ms: Scavenge 180.3 (205.0) -> 177.7 (212.0) MB, 17.4 / 0 ms [allocation failure].
[62598:0x102004600]     2892 ms: Scavenge 186.9 (212.0) -> 184.2 (219.0) MB, 16.2 / 0 ms [allocation failure].
[62598:0x102004600]     2910 ms: Scavenge 193.4 (219.0) -> 190.8 (225.0) MB, 15.8 / 0 ms [allocation failure].
[62598:0x102004600]     2928 ms: Scavenge 200.0 (225.0) -> 197.4 (232.0) MB, 15.5 / 0 ms [allocation failure].
[62598:0x102004600]     2948 ms: Scavenge 206.5 (232.0) -> 203.9 (239.0) MB, 17.1 / 0 ms [allocation failure].
[62598:0x102004600]     2973 ms: Scavenge 213.1 (239.0) -> 210.5 (245.0) MB, 22.6 / 0 ms [allocation failure].
[62598:0x102004600]     3002 ms: Scavenge 219.7 (245.0) -> 217.0 (252.0) MB, 27.2 / 0 ms [allocation failure].
[62598:0x102004600]     3024 ms: Scavenge 226.2 (252.0) -> 223.6 (259.0) MB, 20.0 / 0 ms [allocation failure].
[62598:0x102004600]     3045 ms: Scavenge 232.8 (259.0) -> 230.2 (265.0) MB, 17.7 / 0 ms [allocation failure].
[62598:0x102004600]     3063 ms: Scavenge 239.4 (265.0) -> 236.7 (272.0) MB, 16.3 / 0 ms [allocation failure].
[62598:0x102004600]     3082 ms: Scavenge 245.9 (272.0) -> 243.3 (279.0) MB, 16.0 / 0 ms [allocation failure].
[62598:0x102004600]     3102 ms: Scavenge 252.5 (279.0) -> 249.8 (285.0) MB, 18.1 / 0 ms [allocation failure].
[62598:0x102004600]     3120 ms: Scavenge 259.0 (285.0) -> 256.4 (292.0) MB, 16.0 / 0 ms [allocation failure].
[62598:0x102004600]     3139 ms: Scavenge 265.6 (292.0) -> 263.0 (299.0) MB, 16.7 / 0 ms [allocation failure].
[62598:0x102004600]     3160 ms: Scavenge 272.2 (299.0) -> 269.5 (305.0) MB, 19.0 / 0 ms [allocation failure].
[62598:0x102004600]     3185 ms: Scavenge 278.7 (305.0) -> 276.1 (312.0) MB, 21.6 / 0 ms [allocation failure].
[62598:0x102004600]     3209 ms: Scavenge 285.3 (312.0) -> 282.6 (319.0) MB, 19.7 / 0 ms [allocation failure].
[62598:0x102004600]     3230 ms: Scavenge 291.8 (319.0) -> 289.2 (325.0) MB, 18.3 / 0 ms [allocation failure].
[62598:0x102004600]     3255 ms: Scavenge 298.4 (325.0) -> 295.8 (332.0) MB, 17.3 / 0 ms (+ 5.4 ms in 146 steps since last GC) [allocation failure].
[62598:0x102004600]     3283 ms: Scavenge 305.0 (332.0) -> 302.3 (339.0) MB, 19.8 / 0 ms (+ 5.9 ms in 147 steps since last GC) [allocation failure].
[62598:0x102004600]     3310 ms: Scavenge 311.5 (339.0) -> 308.9 (345.0) MB, 18.4 / 0 ms (+ 6.4 ms in 147 steps since last GC) [allocation failure].
[62598:0x102004600]     3336 ms: Scavenge 318.1 (345.0) -> 315.5 (352.0) MB, 16.9 / 0 ms (+ 6.4 ms in 147 steps since last GC) [allocation failure].
[62598:0x102004600]     3362 ms: Scavenge 324.6 (352.0) -> 322.0 (359.0) MB, 17.3 / 0 ms (+ 6.0 ms in 147 steps since last GC) [allocation failure].
[62598:0x102004600]     3388 ms: Scavenge 331.2 (359.0) -> 328.6 (365.0) MB, 18.4 / 0 ms (+ 5.7 ms in 147 steps since last GC) [allocation failure].
[62598:0x102004600]     3415 ms: Scavenge 337.8 (365.0) -> 335.1 (372.0) MB, 18.1 / 0 ms (+ 6.6 ms in 147 steps since last GC) [allocation failure].
[62598:0x102004600]     3427 ms: Mark-sweep 336.5 (372.0) -> 69.1 (109.0) MB, 9.5 / 0 ms (+ 44.8 ms in 1049 steps since start of marking, biggest step 0.2 ms) [GC interrupt] [GC in old space requested].
[62598:0x102004600]     3445 ms: Scavenge 83.9 (109.0) -> 79.6 (109.0) MB, 13.9 / 0 ms [allocation failure].
[62598:0x102004600]     3467 ms: Scavenge 84.8 (109.0) -> 83.4 (119.0) MB, 20.0 / 0 ms [allocation failure].
[62598:0x102004600]     3483 ms: Scavenge 95.4 (119.0) -> 91.9 (123.0) MB, 13.3 / 0 ms [allocation failure].
[62598:0x102004600]     3504 ms: Scavenge 99.1 (123.0) -> 97.1 (132.0) MB, 19.1 / 0 ms [allocation failure].
[62598:0x102004600]     3521 ms: Scavenge 107.7 (132.0) -> 104.7 (137.0) MB, 14.7 / 0 ms [allocation failure].
[62598:0x102004600]     3543 ms: Scavenge 112.8 (137.0) -> 110.5 (145.0) MB, 20.6 / 0 ms [allocation failure].
[62598:0x102004600]     3564 ms: Scavenge 120.4 (145.0) -> 117.6 (150.0) MB, 17.4 / 0 ms [allocation failure].
[62598:0x102004600]     3583 ms: Scavenge 126.2 (150.0) -> 123.7 (158.0) MB, 17.6 / 0 ms [allocation failure].
[62598:0x102004600]     3602 ms: Scavenge 133.3 (158.0) -> 130.6 (164.0) MB, 16.3 / 0 ms [allocation failure].
[62598:0x102004600]     3620 ms: Scavenge 139.5 (164.0) -> 136.9 (171.0) MB, 16.1 / 0 ms [allocation failure].
[62598:0x102004600]     3640 ms: Scavenge 146.3 (171.0) -> 143.6 (177.0) MB, 17.4 / 0 ms [allocation failure].
[62598:0x102004600]     3658 ms: Scavenge 152.7 (177.0) -> 150.1 (184.0) MB, 16.4 / 0 ms [allocation failure].
[62598:0x102004600]     3676 ms: Scavenge 159.4 (184.0) -> 156.7 (191.0) MB, 15.7 / 0 ms [allocation failure].
[62598:0x102004600]     3694 ms: Scavenge 165.9 (191.0) -> 163.2 (197.0) MB, 15.8 / 0 ms [allocation failure].
[62598:0x102004600]     3712 ms: Scavenge 172.5 (197.0) -> 169.8 (204.0) MB, 15.7 / 0 ms [allocation failure].
[62598:0x102004600]     3730 ms: Scavenge 179.0 (204.0) -> 176.4 (211.0) MB, 16.2 / 0 ms [allocation failure].
[62598:0x102004600]     3748 ms: Scavenge 185.6 (211.0) -> 183.0 (217.0) MB, 15.6 / 0 ms [allocation failure].
[62598:0x102004600]     3766 ms: Scavenge 192.1 (217.0) -> 189.5 (224.0) MB, 15.9 / 0 ms [allocation failure].
[62598:0x102004600]     3784 ms: Scavenge 198.7 (224.0) -> 196.1 (231.0) MB, 16.0 / 0 ms [allocation failure].
[62598:0x102004600]     3801 ms: Scavenge 205.3 (231.0) -> 202.6 (237.0) MB, 15.0 / 0 ms [allocation failure].
[62598:0x102004600]     3819 ms: Scavenge 211.8 (237.0) -> 209.2 (244.0) MB, 15.4 / 0 ms [allocation failure].
[62598:0x102004600]     3836 ms: Scavenge 218.4 (244.0) -> 215.8 (251.0) MB, 15.3 / 0 ms [allocation failure].
[62598:0x102004600]     3856 ms: Scavenge 224.9 (251.0) -> 222.3 (257.0) MB, 17.7 / 0 ms [allocation failure].
[62598:0x102004600]     3874 ms: Scavenge 231.5 (257.0) -> 228.9 (264.0) MB, 15.7 / 0 ms [allocation failure].
[62598:0x102004600]     3891 ms: Scavenge 238.1 (264.0) -> 235.4 (271.0) MB, 15.3 / 0 ms [allocation failure].
[62598:0x102004600]     3910 ms: Scavenge 244.6 (271.0) -> 242.0 (277.0) MB, 16.3 / 0 ms [allocation failure].
[62598:0x102004600]     3928 ms: Scavenge 251.2 (277.0) -> 248.6 (284.0) MB, 15.8 / 0 ms [allocation failure].
[62598:0x102004600]     3946 ms: Scavenge 257.7 (284.0) -> 255.1 (291.0) MB, 16.0 / 0 ms [allocation failure].
[62598:0x102004600]     3964 ms: Scavenge 264.3 (291.0) -> 261.7 (297.0) MB, 15.7 / 0 ms [allocation failure].
[62598:0x102004600]     3982 ms: Scavenge 270.9 (297.0) -> 268.2 (304.0) MB, 16.3 / 0 ms [allocation failure].
[62598:0x102004600]     4002 ms: Scavenge 277.4 (304.0) -> 274.8 (311.0) MB, 17.9 / 0 ms [allocation failure].
[62598:0x102004600]     4031 ms: Scavenge 284.0 (311.0) -> 281.4 (317.0) MB, 26.4 / 0 ms [allocation failure].
[62598:0x102004600]     4056 ms: Scavenge 290.5 (317.0) -> 287.9 (324.0) MB, 18.2 / 0 ms (+ 5.4 ms in 147 steps since last GC) [allocation failure].
[62598:0x102004600]     4082 ms: Scavenge 297.1 (324.0) -> 294.5 (331.0) MB, 17.9 / 0 ms (+ 5.2 ms in 147 steps since last GC) [allocation failure].
[62598:0x102004600]     4107 ms: Scavenge 303.7 (331.0) -> 301.0 (337.0) MB, 17.6 / 0 ms (+ 5.1 ms in 147 steps since last GC) [allocation failure].
[62598:0x102004600]     4131 ms: Scavenge 310.2 (337.0) -> 307.6 (344.0) MB, 17.3 / 0 ms (+ 5.2 ms in 147 steps since last GC) [allocation failure].
[62598:0x102004600]     4156 ms: Scavenge 316.8 (344.0) -> 314.2 (351.0) MB, 16.9 / 0 ms (+ 5.4 ms in 147 steps since last GC) [allocation failure].
[62598:0x102004600]     4168 ms: Mark-sweep 316.6 (351.0) -> 48.9 (88.0) MB, 10.5 / 0 ms (+ 27.7 ms in 772 steps since start of marking, biggest step 0.2 ms) [GC interrupt] [GC in old space requested].
[62598:0x102004600]     4187 ms: Scavenge 62.9 (88.0) -> 58.9 (88.0) MB, 14.4 / 0 ms [allocation failure].
[62598:0x102004600]     4208 ms: Scavenge 64.6 (88.0) -> 63.0 (98.0) MB, 19.7 / 0 ms [allocation failure].
[62598:0x102004600]     4224 ms: Scavenge 74.6 (98.0) -> 71.3 (102.0) MB, 13.6 / 0 ms [allocation failure].
[62598:0x102004600]     4243 ms: Scavenge 78.7 (102.0) -> 76.6 (111.0) MB, 17.2 / 0 ms [allocation failure].
[62598:0x102004600]     4259 ms: Scavenge 87.0 (111.0) -> 84.1 (116.0) MB, 14.1 / 0 ms [allocation failure].
[62598:0x102004600]     4278 ms: Scavenge 92.4 (116.0) -> 90.0 (124.0) MB, 16.5 / 0 ms [allocation failure].
[62598:0x102004600]     4296 ms: Scavenge 99.8 (124.0) -> 97.0 (130.0) MB, 15.8 / 0 ms [allocation failure].
[62598:0x102004600]     4314 ms: Scavenge 105.7 (130.0) -> 103.2 (137.0) MB, 16.2 / 0 ms [allocation failure].
[62598:0x102004600]     4332 ms: Scavenge 112.7 (137.0) -> 110.0 (143.0) MB, 15.4 / 0 ms [allocation failure].
[62598:0x102004600]     4350 ms: Scavenge 119.0 (143.0) -> 116.4 (150.0) MB, 15.5 / 0 ms [allocation failure].
[62598:0x102004600]     4367 ms: Scavenge 125.8 (150.0) -> 123.1 (157.0) MB, 15.5 / 0 ms [allocation failure].
[62598:0x102004600]     4385 ms: Scavenge 132.2 (157.0) -> 129.6 (163.0) MB, 15.4 / 0 ms [allocation failure].
[62598:0x102004600]     4402 ms: Scavenge 138.8 (163.0) -> 136.2 (170.0) MB, 15.4 / 0 ms [allocation failure].
[62598:0x102004600]     4420 ms: Scavenge 145.3 (170.0) -> 142.7 (177.0) MB, 15.5 / 0 ms [allocation failure].
[62598:0x102004600]     4443 ms: Scavenge 151.9 (177.0) -> 149.3 (183.0) MB, 21.4 / 0 ms [allocation failure].
[62598:0x102004600]     4466 ms: Scavenge 158.5 (183.0) -> 155.8 (190.0) MB, 18.9 / 0 ms [allocation failure].
[62598:0x102004600]     4483 ms: Scavenge 165.1 (190.0) -> 162.4 (197.0) MB, 15.5 / 0 ms [allocation failure].
[62598:0x102004600]     4502 ms: Scavenge 171.6 (197.0) -> 169.0 (203.0) MB, 16.4 / 0 ms [allocation failure].
[62598:0x102004600]     4519 ms: Scavenge 178.2 (203.0) -> 175.5 (210.0) MB, 15.4 / 0 ms [allocation failure].
[62598:0x102004600]     4538 ms: Scavenge 184.7 (210.0) -> 182.1 (217.0) MB, 16.1 / 0 ms [allocation failure].
[62598:0x102004600]     4556 ms: Scavenge 191.3 (217.0) -> 188.7 (223.0) MB, 15.6 / 0 ms [allocation failure].
[62598:0x102004600]     4574 ms: Scavenge 197.8 (223.0) -> 195.2 (230.0) MB, 15.4 / 0 ms [allocation failure].
[62598:0x102004600]     4597 ms: Scavenge 204.4 (230.0) -> 201.8 (237.0) MB, 16.7 / 0 ms (+ 5.0 ms in 147 steps since last GC) [allocation failure].
[62598:0x102004600]     4609 ms: Mark-sweep 206.0 (237.0) -> 14.1 (51.0) MB, 8.2 / 0 ms (+ 7.4 ms in 215 steps since start of marking, biggest step 0.1 ms) [GC interrupt] [GC in old space requested].
[62598:0x102004600]     4626 ms: Scavenge 26.8 (51.0) -> 23.1 (52.0) MB, 13.9 / 0 ms [allocation failure].
[62598:0x102004600]     4648 ms: Scavenge 29.8 (52.0) -> 27.9 (62.0) MB, 20.2 / 0 ms [allocation failure].
[62598:0x102004600]     4666 ms: Scavenge 38.9 (62.0) -> 35.8 (67.0) MB, 15.2 / 0 ms [allocation failure].
[62598:0x102004600]     4687 ms: Scavenge 43.7 (67.0) -> 41.4 (75.0) MB, 18.2 / 0 ms [allocation failure].
[62598:0x102004600]     4706 ms: Scavenge 51.5 (75.0) -> 48.6 (80.0) MB, 15.4 / 0 ms [allocation failure].
[62598:0x102004600]     4723 ms: Scavenge 57.1 (80.0) -> 54.7 (88.0) MB, 15.9 / 0 ms [allocation failure].
[62598:0x102004600]     4749 ms: Scavenge 64.4 (88.0) -> 61.6 (94.0) MB, 18.2 / 0 ms (+ 5.3 ms in 154 steps since last GC) [allocation failure].
[62598:0x102004600]     4775 ms: Scavenge 70.4 (94.0) -> 67.9 (101.0) MB, 18.1 / 0 ms (+ 5.9 ms in 142 steps since last GC) [allocation failure].
[62598:0x102004600]     4800 ms: Scavenge 77.3 (101.0) -> 74.7 (107.0) MB, 17.1 / 0 ms (+ 5.6 ms in 150 steps since last GC) [allocation failure].
[62598:0x102004600]     4826 ms: Scavenge 83.7 (107.0) -> 81.1 (114.0) MB, 17.5 / 0 ms (+ 5.8 ms in 144 steps since last GC) [allocation failure].
[62598:0x102004600]     4852 ms: Scavenge 90.4 (114.0) -> 87.7 (121.0) MB, 18.8 / 0 ms (+ 5.3 ms in 149 steps since last GC) [allocation failure].
[62598:0x102004600]     4886 ms: Scavenge 96.8 (121.0) -> 94.2 (127.0) MB, 25.9 / 0 ms (+ 5.8 ms in 146 steps since last GC) [allocation failure].
[62598:0x102004600]     4895 ms: Mark-sweep 94.8 (127.0) -> 56.5 (96.0) MB, 8.3 / 0 ms (+ 33.9 ms in 892 steps since start of marking, biggest step 0.2 ms) [GC interrupt] [GC in old space requested].
[62598:0x102004600]     4910 ms: Scavenge 71.8 (96.0) -> 67.5 (96.0) MB, 10.3 / 0 ms [allocation failure].
[62598:0x102004600]     4933 ms: Scavenge 72.3 (96.0) -> 70.9 (107.0) MB, 22.6 / 0 ms [allocation failure].
[62598:0x102004600]     4949 ms: Scavenge 83.2 (107.0) -> 79.7 (110.0) MB, 12.9 / 0 ms [allocation failure].
[62598:0x102004600]     4968 ms: Scavenge 86.6 (110.0) -> 84.6 (119.0) MB, 17.2 / 0 ms [allocation failure].
[62598:0x102004600]     4985 ms: Scavenge 95.4 (119.0) -> 92.3 (124.0) MB, 14.1 / 0 ms [allocation failure].
[62598:0x102004600]     5003 ms: Scavenge 100.4 (124.0) -> 98.1 (132.0) MB, 16.3 / 0 ms [allocation failure].
[62598:0x102004600]     5020 ms: Scavenge 108.1 (132.0) -> 105.2 (138.0) MB, 14.5 / 0 ms [allocation failure].
[62598:0x102004600]     5038 ms: Scavenge 113.8 (138.0) -> 111.4 (145.0) MB, 16.7 / 0 ms [allocation failure].
[62598:0x102004600]     5058 ms: Scavenge 121.0 (145.0) -> 118.2 (151.0) MB, 17.2 / 0 ms [allocation failure].
[62598:0x102004600]     5075 ms: Scavenge 127.1 (151.0) -> 124.6 (158.0) MB, 15.5 / 0 ms [allocation failure].
[62598:0x102004600]     5092 ms: Scavenge 134.0 (158.0) -> 131.3 (165.0) MB, 15.1 / 0 ms [allocation failure].
[62598:0x102004600]     5111 ms: Scavenge 140.3 (165.0) -> 137.7 (172.0) MB, 16.7 / 0 ms [allocation failure].
[62598:0x102004600]     5129 ms: Scavenge 147.0 (172.0) -> 144.4 (178.0) MB, 15.5 / 0 ms [allocation failure].
[62598:0x102004600]     5147 ms: Scavenge 153.5 (178.0) -> 150.9 (185.0) MB, 15.4 / 0 ms [allocation failure].
[62598:0x102004600]     5164 ms: Scavenge 160.1 (185.0) -> 157.5 (192.0) MB, 15.0 / 0 ms [allocation failure].
[62598:0x102004600]     5182 ms: Scavenge 166.6 (192.0) -> 164.0 (198.0) MB, 15.7 / 0 ms [allocation failure].
[62598:0x102004600]     5199 ms: Scavenge 173.2 (198.0) -> 170.6 (205.0) MB, 15.4 / 0 ms [allocation failure].
[62598:0x102004600]     5217 ms: Scavenge 179.8 (205.0) -> 177.2 (212.0) MB, 15.7 / 0 ms [allocation failure].
[62598:0x102004600]     5235 ms: Scavenge 186.4 (212.0) -> 183.7 (218.0) MB, 16.1 / 0 ms [allocation failure].
[62598:0x102004600]     5253 ms: Scavenge 192.9 (218.0) -> 190.3 (225.0) MB, 15.4 / 0 ms [allocation failure].
[62598:0x102004600]     5273 ms: Scavenge 199.5 (225.0) -> 196.8 (232.0) MB, 17.8 / 0 ms [allocation failure].
[62598:0x102004600]     5300 ms: Scavenge 206.0 (232.0) -> 203.4 (238.0) MB, 24.7 / 0 ms [allocation failure].
[62598:0x102004600]     5318 ms: Scavenge 212.6 (238.0) -> 210.0 (245.0) MB, 15.9 / 0 ms [allocation failure].
[62598:0x102004600]     5336 ms: Scavenge 219.1 (245.0) -> 216.5 (252.0) MB, 15.5 / 0 ms [allocation failure].
[62598:0x102004600]     5355 ms: Scavenge 225.7 (252.0) -> 223.1 (258.0) MB, 16.4 / 0 ms [allocation failure].
[62598:0x102004600]     5372 ms: Scavenge 232.3 (258.0) -> 229.6 (265.0) MB, 15.5 / 0 ms [allocation failure].
[62598:0x102004600]     5389 ms: Scavenge 238.8 (265.0) -> 236.2 (272.0) MB, 15.1 / 0 ms [allocation failure].
[62598:0x102004600]     5413 ms: Scavenge 245.4 (272.0) -> 242.8 (278.0) MB, 17.0 / 0 ms (+ 4.9 ms in 147 steps since last GC) [allocation failure].
[62598:0x102004600]     5437 ms: Scavenge 252.0 (278.0) -> 249.3 (285.0) MB, 16.8 / 0 ms (+ 5.0 ms in 147 steps since last GC) [allocation failure].
[62598:0x102004600]     5452 ms: Mark-sweep 254.3 (285.0) -> 24.1 (60.0) MB, 10.3 / 0 ms (+ 12.6 ms in 373 steps since start of marking, biggest step 0.1 ms) [GC interrupt] [GC in old space requested].
[62598:0x102004600]     5471 ms: Scavenge 36.2 (60.0) -> 32.7 (63.0) MB, 16.1 / 0 ms [allocation failure].
[62598:0x102004600]     5490 ms: Scavenge 39.8 (63.0) -> 37.8 (71.0) MB, 17.1 / 0 ms [allocation failure].
[62598:0x102004600]     5506 ms: Scavenge 48.5 (71.0) -> 45.4 (77.0) MB, 13.9 / 0 ms [allocation failure].
[62598:0x102004600]     5524 ms: Scavenge 53.5 (77.0) -> 51.2 (84.0) MB, 16.0 / 0 ms [allocation failure].
[62598:0x102004600]     5541 ms: Scavenge 61.1 (84.0) -> 58.3 (90.0) MB, 15.2 / 0 ms [allocation failure].
[62598:0x102004600]     5559 ms: Scavenge 66.9 (90.0) -> 64.5 (97.0) MB, 16.2 / 0 ms [allocation failure].
[62598:0x102004600]     5578 ms: Scavenge 74.0 (97.0) -> 71.3 (104.0) MB, 16.5 / 0 ms [allocation failure].
[62598:0x102004600]     5597 ms: Scavenge 80.2 (104.0) -> 77.7 (111.0) MB, 16.5 / 0 ms [allocation failure].
[62598:0x102004600]     5615 ms: Scavenge 87.1 (111.0) -> 84.4 (117.0) MB, 16.3 / 0 ms [allocation failure].
[62598:0x102004600]     5636 ms: Scavenge 93.4 (117.0) -> 90.8 (124.0) MB, 18.2 / 0 ms [allocation failure].
[62598:0x102004600]     5660 ms: Scavenge 100.1 (124.0) -> 97.5 (130.0) MB, 16.3 / 0 ms (+ 5.2 ms in 148 steps since last GC) [allocation failure].
[62598:0x102004600]     5685 ms: Scavenge 106.6 (130.0) -> 104.0 (137.0) MB, 18.0 / 0 ms (+ 5.1 ms in 146 steps since last GC) [allocation failure].
[62598:0x102004600]     5726 ms: Scavenge 113.2 (137.0) -> 110.6 (144.0) MB, 31.6 / 0 ms (+ 6.6 ms in 148 steps since last GC) [allocation failure].
[62598:0x102004600]     5752 ms: Scavenge 119.7 (144.0) -> 117.1 (151.0) MB, 18.0 / 0 ms (+ 6.2 ms in 146 steps since last GC) [allocation failure].
[62598:0x102004600]     5778 ms: Scavenge 126.3 (151.0) -> 123.7 (157.0) MB, 18.1 / 0 ms (+ 5.6 ms in 147 steps since last GC) [allocation failure].
[62598:0x102004600]     5790 ms: Mark-sweep 126.8 (157.0) -> 49.7 (88.0) MB, 8.7 / 0 ms (+ 30.6 ms in 783 steps since start of marking, biggest step 0.1 ms) [GC interrupt] [GC in old space requested].
[62598:0x102004600]     5805 ms: Scavenge 63.1 (88.0) -> 59.3 (89.0) MB, 11.7 / 0 ms [allocation failure].
[62598:0x102004600]     5826 ms: Scavenge 65.4 (89.0) -> 63.6 (98.0) MB, 19.1 / 0 ms [allocation failure].
[62598:0x102004600]     5842 ms: Scavenge 75.0 (98.0) -> 71.8 (103.0) MB, 13.4 / 0 ms [allocation failure].
[62598:0x102004600]     5862 ms: Scavenge 79.4 (103.0) -> 77.2 (111.0) MB, 19.2 / 0 ms [allocation failure].
[62598:0x102004600]     5879 ms: Scavenge 87.5 (111.0) -> 84.6 (117.0) MB, 14.1 / 0 ms [allocation failure].
[62598:0x102004600]     5903 ms: Scavenge 93.0 (117.0) -> 90.6 (124.0) MB, 22.4 / 0 ms [allocation failure].
[62598:0x102004600]     5926 ms: Scavenge 100.3 (124.0) -> 97.5 (130.0) MB, 19.8 / 0 ms [allocation failure].
[62598:0x102004600]     5945 ms: Scavenge 106.3 (130.0) -> 103.8 (137.0) MB, 17.1 / 0 ms [allocation failure].
[62598:0x102004600]     5963 ms: Scavenge 113.3 (137.0) -> 110.6 (144.0) MB, 15.4 / 0 ms [allocation failure].
[62598:0x102004600]     5984 ms: Scavenge 119.5 (144.0) -> 117.0 (151.0) MB, 18.9 / 0 ms [allocation failure].
[62598:0x102004600]     6008 ms: Scavenge 126.3 (151.0) -> 123.6 (157.0) MB, 21.7 / 0 ms [allocation failure].
[62598:0x102004600]     6030 ms: Scavenge 132.7 (157.0) -> 130.1 (164.0) MB, 19.4 / 0 ms [allocation failure].
[62598:0x102004600]     6049 ms: Scavenge 139.4 (164.0) -> 136.7 (170.0) MB, 16.8 / 0 ms [allocation failure].
[62598:0x102004600]     6071 ms: Scavenge 145.9 (170.0) -> 143.3 (177.0) MB, 19.5 / 0 ms [allocation failure].
[62598:0x102004600]     6089 ms: Scavenge 152.5 (177.0) -> 149.9 (184.0) MB, 15.9 / 0 ms [allocation failure].
[62598:0x102004600]     6106 ms: Scavenge 159.0 (184.0) -> 156.4 (190.0) MB, 15.4 / 0 ms [allocation failure].
[62598:0x102004600]     6123 ms: Scavenge 165.6 (190.0) -> 163.0 (197.0) MB, 15.2 / 0 ms [allocation failure].
[62598:0x102004600]     6150 ms: Scavenge 172.1 (197.0) -> 169.5 (204.0) MB, 24.7 / 0 ms [allocation failure].
[62598:0x102004600]     6168 ms: Scavenge 178.7 (204.0) -> 176.1 (210.0) MB, 15.7 / 0 ms [allocation failure].
[62598:0x102004600]     6188 ms: Scavenge 185.3 (210.0) -> 182.6 (217.0) MB, 16.9 / 0 ms [allocation failure].
[62598:0x102004600]     6206 ms: Scavenge 191.8 (217.0) -> 189.2 (224.0) MB, 16.0 / 0 ms [allocation failure].
[62598:0x102004600]     6226 ms: Scavenge 198.4 (224.0) -> 195.8 (230.0) MB, 18.5 / 0 ms [allocation failure].
[62598:0x102004600]     6244 ms: Scavenge 205.0 (230.0) -> 202.3 (237.0) MB, 15.2 / 0 ms [allocation failure].
[62598:0x102004600]     6267 ms: Scavenge 211.5 (237.0) -> 208.9 (244.0) MB, 16.1 / 0 ms (+ 4.9 ms in 146 steps since last GC) [allocation failure].
[62598:0x102004600]     6290 ms: Scavenge 218.1 (244.0) -> 215.4 (250.0) MB, 16.5 / 0 ms (+ 5.0 ms in 147 steps since last GC) [allocation failure].
[62598:0x102004600]     6315 ms: Scavenge 224.6 (250.0) -> 222.0 (257.0) MB, 16.8 / 0 ms (+ 5.4 ms in 147 steps since last GC) [allocation failure].
[62598:0x102004600]     6338 ms: Scavenge 231.2 (257.0) -> 228.6 (264.0) MB, 16.6 / 0 ms (+ 4.8 ms in 147 steps since last GC) [allocation failure].
[62598:0x102004600]     6347 ms: Mark-sweep 230.7 (264.0) -> 39.4 (78.0) MB, 7.4 / 0 ms (+ 21.3 ms in 618 steps since start of marking, biggest step 0.1 ms) [GC interrupt] [GC in old space requested].
[62598:0x102004600]     6363 ms: Scavenge 53.6 (78.0) -> 49.5 (78.0) MB, 12.1 / 0 ms [allocation failure].
[62598:0x102004600]     6383 ms: Scavenge 55.1 (78.0) -> 53.5 (89.0) MB, 18.5 / 0 ms [allocation failure].
[62598:0x102004600]     6399 ms: Scavenge 65.3 (89.0) -> 61.9 (93.0) MB, 13.2 / 0 ms [allocation failure].
[62598:0x102004600]     6418 ms: Scavenge 69.2 (93.0) -> 67.1 (101.0) MB, 17.0 / 0 ms [allocation failure].
[62598:0x102004600]     6436 ms: Scavenge 77.6 (101.0) -> 74.6 (106.0) MB, 15.6 / 0 ms [allocation failure].
[62598:0x102004600]     6457 ms: Scavenge 82.9 (106.0) -> 80.5 (114.0) MB, 18.7 / 0 ms [allocation failure].
[62598:0x102004600]     6474 ms: Scavenge 90.4 (114.0) -> 87.6 (120.0) MB, 14.9 / 0 ms [allocation failure].
[62598:0x102004600]     6492 ms: Scavenge 96.3 (120.0) -> 93.8 (127.0) MB, 15.8 / 0 ms [allocation failure].
[62598:0x102004600]     6510 ms: Scavenge 103.3 (127.0) -> 100.6 (134.0) MB, 15.8 / 0 ms [allocation failure].
[62598:0x102004600]     6527 ms: Scavenge 109.5 (134.0) -> 107.0 (140.0) MB, 15.4 / 0 ms [allocation failure].
[62598:0x102004600]     6547 ms: Scavenge 116.3 (140.0) -> 113.7 (147.0) MB, 17.6 / 0 ms [allocation failure].
[62598:0x102004600]     6571 ms: Scavenge 122.7 (147.0) -> 120.1 (154.0) MB, 21.3 / 0 ms [allocation failure].
[62598:0x102004600]     6588 ms: Scavenge 129.4 (154.0) -> 126.8 (160.0) MB, 15.0 / 0 ms [allocation failure].
[62598:0x102004600]     6605 ms: Scavenge 135.9 (160.0) -> 133.3 (167.0) MB, 15.2 / 0 ms [allocation failure].
[62598:0x102004600]     6623 ms: Scavenge 142.5 (167.0) -> 139.9 (174.0) MB, 15.9 / 0 ms [allocation failure].
[62598:0x102004600]     6641 ms: Scavenge 149.0 (174.0) -> 146.4 (180.0) MB, 15.2 / 0 ms [allocation failure].
[62598:0x102004600]     6659 ms: Scavenge 155.6 (180.0) -> 153.0 (187.0) MB, 16.3 / 0 ms [allocation failure].
[62598:0x102004600]     6676 ms: Scavenge 162.2 (187.0) -> 159.5 (194.0) MB, 15.4 / 0 ms [allocation failure].
[62598:0x102004600]     6700 ms: Scavenge 168.7 (194.0) -> 166.1 (200.0) MB, 16.3 / 0 ms (+ 4.9 ms in 148 steps since last GC) [allocation failure].
[62598:0x102004600]     6723 ms: Scavenge 175.3 (200.0) -> 172.7 (207.0) MB, 16.8 / 0 ms (+ 4.7 ms in 146 steps since last GC) [allocation failure].
[62598:0x102004600]     6735 ms: Mark-sweep 176.7 (207.0) -> 23.0 (60.0) MB, 8.9 / 0 ms (+ 11.7 ms in 355 steps since start of marking, biggest step 0.1 ms) [GC interrupt] [GC in old space requested].
[62598:0x102004600]     6751 ms: Scavenge 35.8 (60.0) -> 32.1 (62.0) MB, 12.8 / 0 ms [allocation failure].
[62598:0x102004600]     6772 ms: Scavenge 38.7 (62.0) -> 36.8 (71.0) MB, 18.8 / 0 ms [allocation failure].
[62598:0x102004600]     6787 ms: Scavenge 47.9 (71.0) -> 44.7 (76.0) MB, 13.1 / 0 ms [allocation failure].
[62598:0x102004600]     6805 ms: Scavenge 52.6 (76.0) -> 50.3 (84.0) MB, 16.0 / 0 ms [allocation failure].
[62598:0x102004600]     6823 ms: Scavenge 60.5 (84.0) -> 57.6 (89.0) MB, 15.9 / 0 ms [allocation failure].
[62598:0x102004600]     6841 ms: Scavenge 66.1 (89.0) -> 63.6 (97.0) MB, 16.1 / 0 ms [allocation failure].
[62598:0x102004600]     6859 ms: Scavenge 73.3 (97.0) -> 70.5 (103.0) MB, 15.1 / 0 ms [allocation failure].
[62598:0x102004600]     6876 ms: Scavenge 79.4 (103.0) -> 76.9 (110.0) MB, 15.8 / 0 ms [allocation failure].
[62598:0x102004600]     6893 ms: Scavenge 86.3 (110.0) -> 83.6 (116.0) MB, 15.0 / 0 ms [allocation failure].
[62598:0x102004600]     6911 ms: Scavenge 92.6 (116.0) -> 90.0 (123.0) MB, 15.7 / 0 ms [allocation failure].
[62598:0x102004600]     6934 ms: Scavenge 99.3 (123.0) -> 96.7 (130.0) MB, 16.2 / 0 ms (+ 4.9 ms in 149 steps since last GC) [allocation failure].
[62598:0x102004600]     6958 ms: Scavenge 105.8 (130.0) -> 103.2 (136.0) MB, 16.9 / 0 ms (+ 5.2 ms in 146 steps since last GC) [allocation failure].
[62598:0x102004600]     6992 ms: Scavenge 112.4 (136.0) -> 109.8 (143.0) MB, 25.9 / 0 ms (+ 5.6 ms in 148 steps since last GC) [allocation failure].
[62598:0x102004600]     7017 ms: Scavenge 118.9 (143.0) -> 116.3 (150.0) MB, 17.7 / 0 ms (+ 5.1 ms in 146 steps since last GC) [allocation failure].
[62598:0x102004600]     7041 ms: Mark-sweep 125.5 (150.0) -> 46.6 (80.0) MB, 17.0 / 0 ms (+ 25.6 ms in 734 steps since start of marking, biggest step 0.1 ms) [GC interrupt] [GC in old space requested].
[62598:0x102004600]     7060 ms: Scavenge 55.8 (80.0) -> 53.1 (86.0) MB, 16.0 / 0 ms [allocation failure].
[62598:0x102004600]     7077 ms: Scavenge 62.3 (86.0) -> 59.7 (92.0) MB, 15.2 / 0 ms [allocation failure].
[62598:0x102004600]     7095 ms: Scavenge 68.8 (92.0) -> 66.2 (99.0) MB, 15.3 / 0 ms [allocation failure].
[62598:0x102004600]     7115 ms: Scavenge 75.4 (99.0) -> 72.8 (106.0) MB, 17.9 / 0 ms [allocation failure].
[62598:0x102004600]     7132 ms: Scavenge 82.0 (106.0) -> 79.4 (112.0) MB, 15.4 / 0 ms [allocation failure].
[62598:0x102004600]     7150 ms: Scavenge 88.6 (112.0) -> 85.9 (119.0) MB, 15.6 / 0 ms [allocation failure].
[62598:0x102004600]     7168 ms: Scavenge 95.1 (119.0) -> 92.5 (126.0) MB, 15.5 / 0 ms [allocation failure].
[62598:0x102004600]     7188 ms: Scavenge 101.7 (126.0) -> 99.0 (132.0) MB, 18.3 / 0 ms [allocation failure].
[62598:0x102004600]     7210 ms: Scavenge 108.2 (132.0) -> 105.6 (139.0) MB, 19.9 / 0 ms [allocation failure].
[62598:0x102004600]     7228 ms: Scavenge 114.8 (139.0) -> 112.2 (146.0) MB, 15.7 / 0 ms [allocation failure].
[62598:0x102004600]     7247 ms: Scavenge 121.4 (146.0) -> 118.7 (152.0) MB, 16.5 / 0 ms [allocation failure].
[62598:0x102004600]     7265 ms: Scavenge 127.9 (152.0) -> 125.3 (159.0) MB, 15.5 / 0 ms [allocation failure].
[62598:0x102004600]     7282 ms: Scavenge 134.5 (159.0) -> 131.8 (166.0) MB, 15.2 / 0 ms [allocation failure].
[62598:0x102004600]     7299 ms: Scavenge 141.0 (166.0) -> 138.4 (172.0) MB, 15.5 / 0 ms [allocation failure].
[62598:0x102004600]     7317 ms: Scavenge 147.6 (172.0) -> 145.0 (179.0) MB, 15.3 / 0 ms [allocation failure].
[62598:0x102004600]     7334 ms: Scavenge 154.2 (179.0) -> 151.5 (186.0) MB, 15.7 / 0 ms [allocation failure].
[62598:0x102004600]     7351 ms: Scavenge 160.7 (186.0) -> 158.1 (192.0) MB, 14.9 / 0 ms [allocation failure].
[62598:0x102004600]     7369 ms: Scavenge 167.3 (192.0) -> 164.7 (199.0) MB, 15.0 / 0 ms [allocation failure].
[62598:0x102004600]     7390 ms: Scavenge 173.8 (199.0) -> 171.2 (206.0) MB, 19.0 / 0 ms [allocation failure].
[62598:0x102004600]     7417 ms: Scavenge 180.4 (206.0) -> 177.8 (212.0) MB, 17.1 / 0 ms (+ 7.1 ms in 147 steps since last GC) [allocation failure].
[62598:0x102004600]     7443 ms: Scavenge 187.0 (212.0) -> 184.3 (219.0) MB, 17.3 / 0 ms (+ 5.7 ms in 147 steps since last GC) [allocation failure].
[62598:0x102004600]     7472 ms: Scavenge 193.5 (219.0) -> 190.9 (226.0) MB, 19.6 / 0 ms (+ 6.3 ms in 146 steps since last GC) [allocation failure].
[62598:0x102004600]     7499 ms: Scavenge 200.1 (226.0) -> 197.5 (232.0) MB, 18.8 / 0 ms (+ 5.9 ms in 147 steps since last GC) [allocation failure].
[62598:0x102004600]     7525 ms: Scavenge 206.6 (232.0) -> 204.0 (239.0) MB, 17.5 / 0 ms (+ 6.4 ms in 147 steps since last GC) [allocation failure].
[62598:0x102004600]     7551 ms: Scavenge 213.2 (239.0) -> 210.6 (246.0) MB, 18.3 / 0 ms (+ 5.3 ms in 147 steps since last GC) [allocation failure].
[62598:0x102004600]     7573 ms: Mark-sweep 218.6 (246.0) -> 63.8 (99.0) MB, 15.3 / 0 ms (+ 40.9 ms in 1008 steps since start of marking, biggest step 0.2 ms) [GC interrupt] [GC in old space requested].
[62598:0x102004600]     7593 ms: Scavenge 73.7 (99.0) -> 70.9 (103.0) MB, 17.5 / 0 ms [allocation failure].
[62598:0x102004600]     7611 ms: Scavenge 79.5 (103.0) -> 77.0 (110.0) MB, 15.9 / 0 ms [allocation failure].
[62598:0x102004600]     7628 ms: Scavenge 86.6 (110.0) -> 83.9 (116.0) MB, 14.9 / 0 ms [allocation failure].
[62598:0x102004600]     7647 ms: Scavenge 92.8 (116.0) -> 90.2 (123.0) MB, 17.4 / 0 ms [allocation failure].
[62598:0x102004600]     7665 ms: Scavenge 99.6 (123.0) -> 96.9 (130.0) MB, 15.4 / 0 ms [allocation failure].
[62598:0x102004600]     7682 ms: Scavenge 106.0 (130.0) -> 103.4 (137.0) MB, 15.2 / 0 ms [allocation failure].
[62598:0x102004600]     7700 ms: Scavenge 112.7 (137.0) -> 110.0 (143.0) MB, 15.2 / 0 ms [allocation failure].
[62598:0x102004600]     7720 ms: Scavenge 119.1 (143.0) -> 116.5 (150.0) MB, 18.6 / 0 ms [allocation failure].
[62598:0x102004600]     7742 ms: Scavenge 125.8 (150.0) -> 123.1 (157.0) MB, 18.9 / 0 ms [allocation failure].
[62598:0x102004600]     7763 ms: Scavenge 132.3 (157.0) -> 129.7 (163.0) MB, 19.4 / 0 ms [allocation failure].
[62598:0x102004600]     7783 ms: Scavenge 138.9 (163.0) -> 136.2 (170.0) MB, 16.2 / 0 ms [allocation failure].
[62598:0x102004600]     7801 ms: Scavenge 145.4 (170.0) -> 142.8 (177.0) MB, 16.2 / 0 ms [allocation failure].
[62598:0x102004600]     7821 ms: Scavenge 152.0 (177.0) -> 149.4 (183.0) MB, 18.3 / 0 ms [allocation failure].
[62598:0x102004600]     7839 ms: Scavenge 158.5 (183.0) -> 155.9 (190.0) MB, 15.6 / 0 ms [allocation failure].
[62598:0x102004600]     7857 ms: Scavenge 165.1 (190.0) -> 162.5 (197.0) MB, 15.5 / 0 ms [allocation failure].
[62598:0x102004600]     7875 ms: Scavenge 171.7 (197.0) -> 169.0 (203.0) MB, 15.5 / 0 ms [allocation failure].
[62598:0x102004600]     7893 ms: Scavenge 178.2 (203.0) -> 175.6 (210.0) MB, 16.4 / 0 ms [allocation failure].
[62598:0x102004600]     7914 ms: Scavenge 184.8 (210.0) -> 182.2 (217.0) MB, 17.4 / 0 ms [allocation failure].
[62598:0x102004600]     7933 ms: Scavenge 191.4 (217.0) -> 188.7 (223.0) MB, 16.8 / 0 ms [allocation failure].
[62598:0x102004600]     7958 ms: Scavenge 197.9 (223.0) -> 195.3 (230.0) MB, 21.2 / 0 ms [allocation failure].
[62598:0x102004600]     7979 ms: Scavenge 204.5 (230.0) -> 201.8 (237.0) MB, 18.5 / 0 ms [allocation failure].
[62598:0x102004600]     8001 ms: Scavenge 211.0 (237.0) -> 208.4 (243.0) MB, 19.7 / 0 ms [allocation failure].
[62598:0x102004600]     8020 ms: Scavenge 217.6 (243.0) -> 215.0 (250.0) MB, 16.6 / 0 ms [allocation failure].
[62598:0x102004600]     8043 ms: Scavenge 224.2 (250.0) -> 221.5 (257.0) MB, 20.0 / 0 ms [allocation failure].
[62598:0x102004600]     8062 ms: Scavenge 230.7 (257.0) -> 228.1 (263.0) MB, 16.4 / 0 ms [allocation failure].
[62598:0x102004600]     8081 ms: Scavenge 237.3 (263.0) -> 234.7 (270.0) MB, 16.8 / 0 ms [allocation failure].
[62598:0x102004600]     8098 ms: Scavenge 243.8 (270.0) -> 241.2 (277.0) MB, 15.4 / 0 ms [allocation failure].
[62598:0x102004600]     8122 ms: Scavenge 250.4 (277.0) -> 247.8 (283.0) MB, 16.3 / 0 ms (+ 5.3 ms in 147 steps since last GC) [allocation failure].
[62598:0x102004600]     8147 ms: Scavenge 257.0 (283.0) -> 254.3 (290.0) MB, 17.4 / 0 ms (+ 5.3 ms in 147 steps since last GC) [allocation failure].
[62598:0x102004600]     8173 ms: Scavenge 263.5 (290.0) -> 260.9 (297.0) MB, 17.3 / 0 ms (+ 5.6 ms in 146 steps since last GC) [allocation failure].
[62598:0x102004600]     8197 ms: Scavenge 270.1 (297.0) -> 267.5 (303.0) MB, 17.3 / 0 ms (+ 5.0 ms in 147 steps since last GC) [allocation failure].
[62598:0x102004600]     8211 ms: Mark-sweep 271.7 (303.0) -> 41.6 (79.0) MB, 10.1 / 0 ms (+ 23.6 ms in 654 steps since start of marking, biggest step 0.1 ms) [GC interrupt] [GC in old space requested].
[62598:0x102004600]     8229 ms: Scavenge 54.3 (79.0) -> 50.7 (80.0) MB, 14.5 / 0 ms [allocation failure].
[62598:0x102004600]     8248 ms: Scavenge 57.4 (80.0) -> 55.4 (90.0) MB, 17.2 / 0 ms [allocation failure].
[62598:0x102004600]     8266 ms: Scavenge 66.4 (90.0) -> 63.3 (95.0) MB, 16.0 / 0 ms [allocation failure].
[62598:0x102004600]     8286 ms: Scavenge 71.2 (95.0) -> 68.9 (103.0) MB, 17.5 / 0 ms [allocation failure].
[62598:0x102004600]     8304 ms: Scavenge 79.0 (103.0) -> 76.1 (108.0) MB, 15.5 / 0 ms [allocation failure].
[62598:0x102004600]     8323 ms: Scavenge 84.7 (108.0) -> 82.2 (116.0) MB, 16.8 / 0 ms [allocation failure].
[62598:0x102004600]     8340 ms: Scavenge 91.9 (116.0) -> 89.1 (122.0) MB, 15.1 / 0 ms [allocation failure].
[62598:0x102004600]     8358 ms: Scavenge 98.0 (122.0) -> 95.5 (129.0) MB, 15.9 / 0 ms [allocation failure].
[62598:0x102004600]     8379 ms: Scavenge 104.9 (129.0) -> 102.2 (135.0) MB, 18.7 / 0 ms [allocation failure].
[62598:0x102004600]     8398 ms: Scavenge 111.2 (135.0) -> 108.6 (142.0) MB, 16.1 / 0 ms [allocation failure].
[62598:0x102004600]     8417 ms: Scavenge 117.9 (142.0) -> 115.3 (149.0) MB, 16.0 / 0 ms [allocation failure].
[62598:0x102004600]     8434 ms: Scavenge 124.4 (149.0) -> 121.8 (155.0) MB, 15.2 / 0 ms [allocation failure].
[62598:0x102004600]     8452 ms: Scavenge 131.0 (155.0) -> 128.4 (162.0) MB, 16.1 / 0 ms [allocation failure].
[62598:0x102004600]     8470 ms: Scavenge 137.5 (162.0) -> 134.9 (169.0) MB, 15.7 / 0 ms [allocation failure].
[62598:0x102004600]     8488 ms: Scavenge 144.1 (169.0) -> 141.5 (175.0) MB, 15.4 / 0 ms [allocation failure].
[62598:0x102004600]     8508 ms: Scavenge 150.7 (175.0) -> 148.0 (182.0) MB, 16.9 / 0 ms [allocation failure].
[62598:0x102004600]     8526 ms: Scavenge 157.2 (182.0) -> 154.6 (189.0) MB, 16.0 / 0 ms [allocation failure].
[62598:0x102004600]     8548 ms: Scavenge 163.8 (189.0) -> 161.2 (195.0) MB, 19.7 / 0 ms [allocation failure].
[62598:0x102004600]     8572 ms: Scavenge 170.4 (195.0) -> 167.7 (202.0) MB, 17.0 / 0 ms (+ 5.3 ms in 147 steps since last GC) [allocation failure].
[62598:0x102004600]     8596 ms: Scavenge 176.9 (202.0) -> 174.3 (209.0) MB, 16.9 / 0 ms (+ 5.1 ms in 147 steps since last GC) [allocation failure].
[62598:0x102004600]     8621 ms: Scavenge 183.5 (209.0) -> 180.8 (215.0) MB, 17.3 / 0 ms (+ 5.3 ms in 147 steps since last GC) [allocation failure].
[62598:0x102004600]     8627 ms: Mark-sweep 181.4 (215.0) -> 28.7 (69.0) MB, 6.1 / 0 ms (+ 15.8 ms in 447 steps since start of marking, biggest step 0.2 ms) [GC interrupt] [GC in old space requested].
[62598:0x102004600]     8643 ms: Scavenge 44.0 (69.0) -> 39.6 (69.0) MB, 11.1 / 0 ms [allocation failure].
[62598:0x102004600]     8662 ms: Scavenge 44.4 (69.0) -> 43.0 (78.0) MB, 18.6 / 0 ms [allocation failure].
[62598:0x102004600]     8677 ms: Scavenge 55.4 (78.0) -> 51.8 (82.0) MB, 12.4 / 0 ms [allocation failure].
[62598:0x102004600]     8696 ms: Scavenge 58.8 (82.0) -> 56.8 (91.0) MB, 16.9 / 0 ms [allocation failure].
[62598:0x102004600]     8712 ms: Scavenge 67.6 (91.0) -> 64.5 (96.0) MB, 14.3 / 0 ms [allocation failure].
[62598:0x102004600]     8730 ms: Scavenge 72.5 (96.0) -> 70.3 (104.0) MB, 15.9 / 0 ms [allocation failure].
[62598:0x102004600]     8747 ms: Scavenge 80.3 (104.0) -> 77.4 (110.0) MB, 14.3 / 0 ms [allocation failure].
[62598:0x102004600]     8764 ms: Scavenge 86.0 (110.0) -> 83.5 (117.0) MB, 15.5 / 0 ms [allocation failure].
[62598:0x102004600]     8785 ms: Scavenge 93.1 (117.0) -> 90.4 (123.0) MB, 19.0 / 0 ms [allocation failure].
[62598:0x102004600]     8807 ms: Scavenge 99.3 (123.0) -> 96.7 (130.0) MB, 19.2 / 0 ms [allocation failure].
[62598:0x102004600]     8828 ms: Scavenge 106.1 (130.0) -> 103.5 (137.0) MB, 18.1 / 0 ms [allocation failure].
[62598:0x102004600]     8849 ms: Scavenge 112.5 (137.0) -> 109.9 (143.0) MB, 18.1 / 0 ms [allocation failure].
[62598:0x102004600]     8866 ms: Scavenge 119.2 (143.0) -> 116.6 (150.0) MB, 15.4 / 0 ms [allocation failure].
[62598:0x102004600]     8884 ms: Scavenge 125.7 (150.0) -> 123.1 (157.0) MB, 15.4 / 0 ms [allocation failure].
[62598:0x102004600]     8911 ms: Scavenge 132.3 (157.0) -> 129.7 (163.0) MB, 18.0 / 0 ms (+ 6.3 ms in 147 steps since last GC) [allocation failure].
[62598:0x102004600]     8945 ms: Scavenge 138.8 (163.0) -> 136.2 (170.0) MB, 24.6 / 0 ms (+ 6.6 ms in 147 steps since last GC) [allocation failure].
[62598:0x102004600]     8969 ms: Scavenge 145.4 (170.0) -> 142.8 (177.0) MB, 16.8 / 0 ms (+ 5.5 ms in 147 steps since last GC) [allocation failure].
[62598:0x102004600]     8976 ms: Mark-sweep 143.1 (177.0) -> 28.6 (69.0) MB, 6.6 / 0 ms (+ 18.9 ms in 447 steps since start of marking, biggest step 0.1 ms) [GC interrupt] [GC in old space requested].
[62598:0x102004600]     8992 ms: Scavenge 44.1 (69.0) -> 39.7 (69.0) MB, 10.7 / 0 ms [allocation failure].
[62598:0x102004600]     9013 ms: Scavenge 44.4 (69.0) -> 43.0 (78.0) MB, 20.6 / 0 ms [allocation failure].
[62598:0x102004600]     9029 ms: Scavenge 55.4 (78.0) -> 51.9 (82.0) MB, 12.8 / 0 ms [allocation failure].
[62598:0x102004600]     9048 ms: Scavenge 58.8 (82.0) -> 56.8 (91.0) MB, 17.8 / 0 ms [allocation failure].
[62598:0x102004600]     9066 ms: Scavenge 67.6 (91.0) -> 64.5 (96.0) MB, 14.7 / 0 ms [allocation failure].
[62598:0x102004600]     9085 ms: Scavenge 72.5 (96.0) -> 70.2 (104.0) MB, 17.6 / 0 ms [allocation failure].
[62598:0x102004600]     9103 ms: Scavenge 80.3 (104.0) -> 77.4 (110.0) MB, 15.2 / 0 ms [allocation failure].
[62598:0x102004600]     9122 ms: Scavenge 86.0 (110.0) -> 83.5 (117.0) MB, 17.3 / 0 ms [allocation failure].
[62598:0x102004600]     9144 ms: Scavenge 93.1 (117.0) -> 90.4 (123.0) MB, 19.1 / 0 ms [allocation failure].
[62598:0x102004600]     9163 ms: Scavenge 99.3 (123.0) -> 96.7 (130.0) MB, 16.7 / 0 ms [allocation failure].
[62598:0x102004600]     9183 ms: Scavenge 106.1 (130.0) -> 103.5 (137.0) MB, 17.5 / 0 ms [allocation failure].
[62598:0x102004600]     9200 ms: Scavenge 112.5 (137.0) -> 109.9 (143.0) MB, 15.8 / 0 ms [allocation failure].
[62598:0x102004600]     9219 ms: Scavenge 119.2 (143.0) -> 116.5 (150.0) MB, 16.1 / 0 ms [allocation failure].
[62598:0x102004600]     9236 ms: Scavenge 125.7 (150.0) -> 123.1 (157.0) MB, 15.4 / 0 ms [allocation failure].
[62598:0x102004600]     9268 ms: Scavenge 132.3 (157.0) -> 129.7 (163.0) MB, 24.3 / 0 ms (+ 5.5 ms in 148 steps since last GC) [allocation failure].
[62598:0x102004600]     9299 ms: Scavenge 138.8 (163.0) -> 136.2 (170.0) MB, 22.3 / 0 ms (+ 5.9 ms in 146 steps since last GC) [allocation failure].
[62598:0x102004600]     9326 ms: Scavenge 145.4 (170.0) -> 142.8 (177.0) MB, 17.9 / 0 ms (+ 6.3 ms in 147 steps since last GC) [allocation failure].
[62598:0x102004600]     9334 ms: Mark-sweep 143.2 (177.0) -> 28.7 (69.0) MB, 7.4 / 0 ms (+ 18.1 ms in 447 steps since start of marking, biggest step 0.2 ms) [GC interrupt] [GC in old space requested].
[62598:0x102004600]     9352 ms: Scavenge 44.1 (69.0) -> 39.7 (69.0) MB, 13.3 / 0 ms [allocation failure].
[62598:0x102004600]     9373 ms: Scavenge 44.4 (69.0) -> 43.1 (79.0) MB, 19.3 / 0 ms [allocation failure].
[62598:0x102004600]     9389 ms: Scavenge 55.4 (79.0) -> 51.9 (82.0) MB, 12.9 / 0 ms [allocation failure].
[62598:0x102004600]     9408 ms: Scavenge 58.8 (82.0) -> 56.8 (91.0) MB, 17.1 / 0 ms [allocation failure].
[62598:0x102004600]     9425 ms: Scavenge 67.6 (91.0) -> 64.5 (96.0) MB, 14.6 / 0 ms [allocation failure].
[62598:0x102004600]     9443 ms: Scavenge 72.6 (96.0) -> 70.3 (104.0) MB, 16.4 / 0 ms [allocation failure].
[62598:0x102004600]     9468 ms: Scavenge 80.3 (104.0) -> 77.4 (110.0) MB, 23.0 / 0 ms [allocation failure].
[62598:0x102004600]     9495 ms: Scavenge 86.0 (110.0) -> 83.6 (117.0) MB, 23.6 / 0 ms [allocation failure].
[62598:0x102004600]     9516 ms: Scavenge 93.2 (117.0) -> 90.4 (123.0) MB, 18.7 / 0 ms [allocation failure].
[62598:0x102004600]     9538 ms: Scavenge 99.3 (123.0) -> 96.8 (130.0) MB, 20.0 / 0 ms [allocation failure].
[62598:0x102004600]     9558 ms: Scavenge 106.2 (130.0) -> 103.5 (137.0) MB, 16.6 / 0 ms [allocation failure].
[62598:0x102004600]     9576 ms: Scavenge 112.5 (137.0) -> 109.9 (143.0) MB, 16.0 / 0 ms [allocation failure].
[62598:0x102004600]     9594 ms: Scavenge 119.2 (143.0) -> 116.6 (150.0) MB, 15.9 / 0 ms [allocation failure].
[62598:0x102004600]     9612 ms: Scavenge 125.7 (150.0) -> 123.1 (157.0) MB, 15.3 / 0 ms [allocation failure].
[62598:0x102004600]     9636 ms: Scavenge 132.3 (157.0) -> 129.7 (163.0) MB, 16.1 / 0 ms (+ 5.5 ms in 148 steps since last GC) [allocation failure].
[62598:0x102004600]     9665 ms: Scavenge 138.8 (163.0) -> 136.2 (170.0) MB, 22.3 / 0 ms (+ 5.1 ms in 146 steps since last GC) [allocation failure].
[62598:0x102004600]     9698 ms: Scavenge 145.4 (170.0) -> 142.8 (177.0) MB, 23.5 / 0 ms (+ 6.4 ms in 147 steps since last GC) [allocation failure].
[62598:0x102004600]     9706 ms: Mark-sweep 143.8 (177.0) -> 29.0 (69.0) MB, 6.7 / 0 ms (+ 17.7 ms in 455 steps since start of marking, biggest step 0.1 ms) [GC interrupt] [GC in old space requested].
[62598:0x102004600]     9721 ms: Scavenge 44.1 (69.0) -> 39.8 (69.0) MB, 10.8 / 0 ms [allocation failure].
[62598:0x102004600]     9741 ms: Scavenge 44.8 (69.0) -> 43.4 (79.0) MB, 19.0 / 0 ms [allocation failure].
[62598:0x102004600]     9757 ms: Scavenge 55.5 (79.0) -> 52.1 (82.0) MB, 13.2 / 0 ms [allocation failure].
[62598:0x102004600]     9776 ms: Scavenge 59.1 (82.0) -> 57.1 (91.0) MB, 17.5 / 0 ms [allocation failure].
[62598:0x102004600]     9794 ms: Scavenge 67.8 (91.0) -> 64.7 (96.0) MB, 14.4 / 0 ms [allocation failure].
[62598:0x102004600]     9813 ms: Scavenge 72.8 (96.0) -> 70.5 (104.0) MB, 17.0 / 0 ms [allocation failure].
[62598:0x102004600]     9833 ms: Scavenge 80.5 (104.0) -> 77.6 (110.0) MB, 18.2 / 0 ms [allocation failure].
[62598:0x102004600]     9851 ms: Scavenge 86.3 (110.0) -> 83.8 (117.0) MB, 15.9 / 0 ms [allocation failure].
[62598:0x102004600]     9869 ms: Scavenge 93.4 (117.0) -> 90.7 (123.0) MB, 15.3 / 0 ms [allocation failure].
[62598:0x102004600]     9887 ms: Scavenge 99.6 (123.0) -> 97.0 (130.0) MB, 15.8 / 0 ms [allocation failure].
[62598:0x102004600]     9905 ms: Scavenge 106.4 (130.0) -> 103.7 (137.0) MB, 16.3 / 0 ms [allocation failure].
[62598:0x102004600]     9923 ms: Scavenge 112.8 (137.0) -> 110.2 (144.0) MB, 15.6 / 0 ms [allocation failure].
[62598:0x102004600]     9941 ms: Scavenge 119.5 (144.0) -> 116.8 (150.0) MB, 15.8 / 0 ms [allocation failure].
[62598:0x102004600]     9959 ms: Scavenge 125.9 (150.0) -> 123.3 (157.0) MB, 15.2 / 0 ms [allocation failure].
[62598:0x102004600]     9983 ms: Scavenge 132.6 (157.0) -> 129.9 (164.0) MB, 16.6 / 0 ms (+ 5.1 ms in 148 steps since last GC) [allocation failure].
[62598:0x102004600]    10007 ms: Scavenge 139.1 (164.0) -> 136.5 (170.0) MB, 16.8 / 0 ms (+ 5.1 ms in 146 steps since last GC) [allocation failure].
[62598:0x102004600]    10035 ms: Scavenge 145.7 (170.0) -> 143.0 (177.0) MB, 19.3 / 0 ms (+ 5.9 ms in 148 steps since last GC) [allocation failure].
[62598:0x102004600]    10042 ms: Mark-sweep 144.2 (177.0) -> 29.4 (69.0) MB, 6.3 / 0 ms (+ 16.6 ms in 459 steps since start of marking, biggest step 0.1 ms) [GC interrupt] [GC in old space requested].
[62598:0x102004600]    10058 ms: Scavenge 44.3 (69.0) -> 40.1 (69.0) MB, 11.7 / 0 ms [allocation failure].
[62598:0x102004600]    10078 ms: Scavenge 45.2 (69.0) -> 43.7 (79.0) MB, 18.7 / 0 ms [allocation failure].
[62598:0x102004600]    10094 ms: Scavenge 55.8 (79.0) -> 52.4 (83.0) MB, 14.0 / 0 ms [allocation failure].
[62598:0x102004600]    10121 ms: Scavenge 59.5 (83.0) -> 57.4 (91.0) MB, 24.4 / 0 ms [allocation failure].
[62598:0x102004600]    10138 ms: Scavenge 68.1 (91.0) -> 65.1 (97.0) MB, 14.4 / 0 ms [allocation failure].
[62598:0x102004600]    10157 ms: Scavenge 73.2 (97.0) -> 70.9 (104.0) MB, 17.5 / 0 ms [allocation failure].
[62598:0x102004600]    10179 ms: Scavenge 80.8 (104.0) -> 78.0 (110.0) MB, 18.8 / 0 ms [allocation failure].
[62598:0x102004600]    10198 ms: Scavenge 86.6 (110.0) -> 84.1 (117.0) MB, 17.3 / 0 ms [allocation failure].
[62598:0x102004600]    10216 ms: Scavenge 93.7 (117.0) -> 91.0 (124.0) MB, 16.0 / 0 ms [allocation failure].
[62598:0x102004600]    10234 ms: Scavenge 99.9 (124.0) -> 97.3 (131.0) MB, 15.6 / 0 ms [allocation failure].
[62598:0x102004600]    10253 ms: Scavenge 106.7 (131.0) -> 104.0 (137.0) MB, 16.1 / 0 ms [allocation failure].
[62598:0x102004600]    10271 ms: Scavenge 113.1 (137.0) -> 110.5 (144.0) MB, 16.4 / 0 ms [allocation failure].
[62598:0x102004600]    10289 ms: Scavenge 119.8 (144.0) -> 117.1 (150.0) MB, 15.8 / 0 ms [allocation failure].
[62598:0x102004600]    10312 ms: Scavenge 126.2 (150.0) -> 123.6 (157.0) MB, 19.7 / 0 ms [allocation failure].
[62598:0x102004600]    10336 ms: Scavenge 132.9 (157.0) -> 130.2 (164.0) MB, 16.7 / 0 ms (+ 5.2 ms in 148 steps since last GC) [allocation failure].
[62598:0x102004600]    10364 ms: Scavenge 139.4 (164.0) -> 136.8 (171.0) MB, 20.6 / 0 ms (+ 5.4 ms in 146 steps since last GC) [allocation failure].
[62598:0x102004600]    10397 ms: Scavenge 146.0 (171.0) -> 143.4 (177.0) MB, 22.4 / 0 ms (+ 7.4 ms in 147 steps since last GC) [allocation failure].
[62598:0x102004600]    10406 ms: Mark-sweep 145.7 (177.0) -> 30.6 (69.0) MB, 8.1 / 0 ms (+ 19.2 ms in 477 steps since start of marking, biggest step 0.2 ms) [GC interrupt] [GC in old space requested].
[62598:0x102004600]    10422 ms: Scavenge 44.7 (69.0) -> 40.6 (69.0) MB, 11.1 / 0 ms [allocation failure].
[62598:0x102004600]    10441 ms: Scavenge 46.3 (69.0) -> 44.7 (79.0) MB, 17.9 / 0 ms [allocation failure].
[62598:0x102004600]    10457 ms: Scavenge 56.4 (79.0) -> 53.0 (84.0) MB, 13.0 / 0 ms [allocation failure].
[62598:0x102004600]    10478 ms: Scavenge 60.4 (84.0) -> 58.3 (92.0) MB, 19.8 / 0 ms [allocation failure].
[62598:0x102004600]    10495 ms: Scavenge 68.8 (92.0) -> 65.8 (97.0) MB, 14.6 / 0 ms [allocation failure].
[62598:0x102004600]    10514 ms: Scavenge 74.1 (97.0) -> 71.7 (105.0) MB, 17.1 / 0 ms [allocation failure].
[62598:0x102004600]    10532 ms: Scavenge 81.5 (105.0) -> 78.7 (111.0) MB, 15.6 / 0 ms [allocation failure].
[62598:0x102004600]    10550 ms: Scavenge 87.4 (111.0) -> 85.0 (118.0) MB, 16.2 / 0 ms [allocation failure].
[62598:0x102004600]    10573 ms: Scavenge 94.5 (118.0) -> 91.8 (125.0) MB, 19.7 / 0 ms [allocation failure].
[62598:0x102004600]    10591 ms: Scavenge 100.7 (125.0) -> 98.1 (131.0) MB, 15.9 / 0 ms [allocation failure].
[62598:0x102004600]    10614 ms: Scavenge 107.5 (131.0) -> 104.8 (138.0) MB, 19.8 / 0 ms [allocation failure].
[62598:0x102004600]    10631 ms: Scavenge 113.9 (138.0) -> 111.3 (145.0) MB, 15.5 / 0 ms [allocation failure].
[62598:0x102004600]    10649 ms: Scavenge 120.6 (145.0) -> 117.9 (151.0) MB, 15.4 / 0 ms [allocation failure].
[62598:0x102004600]    10671 ms: Scavenge 127.0 (151.0) -> 124.4 (158.0) MB, 19.8 / 0 ms [allocation failure].
[62598:0x102004600]    10696 ms: Scavenge 133.7 (158.0) -> 131.0 (165.0) MB, 16.6 / 0 ms (+ 5.6 ms in 148 steps since last GC) [allocation failure].
[62598:0x102004600]    10728 ms: Scavenge 140.2 (165.0) -> 137.6 (171.0) MB, 24.7 / 0 ms (+ 5.5 ms in 146 steps since last GC) [allocation failure].
[62598:0x102004600]    10760 ms: Scavenge 146.8 (171.0) -> 144.1 (178.0) MB, 22.8 / 0 ms (+ 6.8 ms in 148 steps since last GC) [allocation failure].
[62598:0x102004600]    10776 ms: Mark-sweep 149.6 (178.0) -> 33.6 (70.0) MB, 11.7 / 0 ms (+ 21.1 ms in 528 steps since start of marking, biggest step 0.2 ms) [GC interrupt] [GC in old space requested].
[62598:0x102004600]    10794 ms: Scavenge 45.5 (70.0) -> 42.0 (72.0) MB, 14.7 / 0 ms [allocation failure].
[62598:0x102004600]    10815 ms: Scavenge 49.3 (72.0) -> 47.2 (81.0) MB, 18.8 / 0 ms [allocation failure].
[62598:0x102004600]    10833 ms: Scavenge 57.8 (81.0) -> 54.8 (86.0) MB, 14.6 / 0 ms [allocation failure].
[62598:0x102004600]    10852 ms: Scavenge 63.0 (86.0) -> 60.6 (94.0) MB, 17.2 / 0 ms [allocation failure].
[62598:0x102004600]    10873 ms: Scavenge 70.5 (94.0) -> 67.7 (100.0) MB, 18.8 / 0 ms [allocation failure].
[62598:0x102004600]    10893 ms: Scavenge 76.4 (100.0) -> 73.9 (107.0) MB, 16.7 / 0 ms [allocation failure].
[62598:0x102004600]    10910 ms: Scavenge 83.4 (107.0) -> 80.7 (113.0) MB, 15.5 / 0 ms [allocation failure].
[62598:0x102004600]    10928 ms: Scavenge 89.7 (113.0) -> 87.1 (120.0) MB, 15.9 / 0 ms [allocation failure].
[62598:0x102004600]    10947 ms: Scavenge 96.5 (120.0) -> 93.8 (127.0) MB, 15.9 / 0 ms [allocation failure].
[62598:0x102004600]    10965 ms: Scavenge 102.8 (127.0) -> 100.3 (134.0) MB, 16.1 / 0 ms [allocation failure].
[62598:0x102004600]    10986 ms: Scavenge 109.5 (134.0) -> 106.9 (140.0) MB, 18.5 / 0 ms [allocation failure].
[62598:0x102004600]    11004 ms: Scavenge 116.0 (140.0) -> 113.4 (147.0) MB, 15.6 / 0 ms [allocation failure].
[62598:0x102004600]    11026 ms: Scavenge 122.6 (147.0) -> 120.0 (153.0) MB, 19.7 / 0 ms [allocation failure].
[62598:0x102004600]    11043 ms: Scavenge 129.1 (153.0) -> 126.5 (160.0) MB, 15.3 / 0 ms [allocation failure].
[62598:0x102004600]    11068 ms: Scavenge 135.7 (160.0) -> 133.1 (167.0) MB, 17.1 / 0 ms (+ 5.5 ms in 148 steps since last GC) [allocation failure].
[62598:0x102004600]    11093 ms: Scavenge 142.3 (167.0) -> 139.7 (173.0) MB, 17.1 / 0 ms (+ 5.4 ms in 146 steps since last GC) [allocation failure].
[62598:0x102004600]    11118 ms: Scavenge 148.9 (173.0) -> 146.2 (180.0) MB, 17.1 / 0 ms (+ 6.0 ms in 147 steps since last GC) [allocation failure].
[62598:0x102004600]    11143 ms: Scavenge 155.4 (180.0) -> 152.8 (187.0) MB, 17.2 / 0 ms (+ 5.3 ms in 147 steps since last GC) [allocation failure].
[62598:0x102004600]    11156 ms: Mark-sweep 156.3 (187.0) -> 40.9 (79.0) MB, 10.0 / 0 ms (+ 24.3 ms in 643 steps since start of marking, biggest step 0.1 ms) [GC interrupt] [GC in old space requested].
[62598:0x102004600]    11172 ms: Scavenge 54.1 (79.0) -> 50.3 (80.0) MB, 11.7 / 0 ms [allocation failure].
[62598:0x102004600]    11195 ms: Scavenge 56.6 (80.0) -> 54.8 (89.0) MB, 21.6 / 0 ms [allocation failure].
[62598:0x102004600]    11211 ms: Scavenge 66.0 (89.0) -> 62.8 (94.0) MB, 13.8 / 0 ms [allocation failure].
[62598:0x102004600]    11231 ms: Scavenge 70.6 (94.0) -> 68.3 (102.0) MB, 17.7 / 0 ms [allocation failure].
[62598:0x102004600]    11253 ms: Scavenge 78.6 (102.0) -> 75.7 (108.0) MB, 18.3 / 0 ms [allocation failure].
[62598:0x102004600]    11271 ms: Scavenge 84.1 (108.0) -> 81.7 (115.0) MB, 15.9 / 0 ms [allocation failure].
[62598:0x102004600]    11288 ms: Scavenge 91.4 (115.0) -> 88.6 (121.0) MB, 15.1 / 0 ms [allocation failure].
[62598:0x102004600]    11309 ms: Scavenge 97.4 (121.0) -> 94.9 (128.0) MB, 18.5 / 0 ms [allocation failure].
[62598:0x102004600]    11330 ms: Scavenge 104.4 (128.0) -> 101.7 (135.0) MB, 18.1 / 0 ms [allocation failure].
[62598:0x102004600]    11350 ms: Scavenge 110.7 (135.0) -> 108.1 (142.0) MB, 17.6 / 0 ms [allocation failure].
[62598:0x102004600]    11376 ms: Scavenge 117.4 (142.0) -> 114.8 (148.0) MB, 22.2 / 0 ms [allocation failure].
[62598:0x102004600]    11399 ms: Scavenge 123.8 (148.0) -> 121.2 (155.0) MB, 20.2 / 0 ms [allocation failure].
[62598:0x102004600]    11421 ms: Scavenge 130.5 (155.0) -> 127.9 (161.0) MB, 19.7 / 0 ms [allocation failure].
[62598:0x102004600]    11444 ms: Scavenge 137.0 (161.0) -> 134.4 (168.0) MB, 20.7 / 0 ms [allocation failure].
[62598:0x102004600]    11467 ms: Scavenge 143.6 (168.0) -> 141.0 (175.0) MB, 20.8 / 0 ms [allocation failure].
[62598:0x102004600]    11486 ms: Scavenge 150.1 (175.0) -> 147.5 (181.0) MB, 15.6 / 0 ms [allocation failure].
[62598:0x102004600]    11504 ms: Scavenge 156.7 (181.0) -> 154.1 (188.0) MB, 16.3 / 0 ms [allocation failure].
[62598:0x102004600]    11522 ms: Scavenge 163.3 (188.0) -> 160.6 (195.0) MB, 15.5 / 0 ms [allocation failure].
[62598:0x102004600]    11547 ms: Scavenge 169.8 (195.0) -> 167.2 (201.0) MB, 17.2 / 0 ms (+ 5.4 ms in 147 steps since last GC) [allocation failure].
[62598:0x102004600]    11572 ms: Scavenge 176.4 (201.0) -> 173.8 (208.0) MB, 17.8 / 0 ms (+ 5.5 ms in 147 steps since last GC) [allocation failure].
[62598:0x102004600]    11592 ms: Mark-sweep 181.6 (208.0) -> 26.8 (62.0) MB, 12.8 / 0 ms (+ 15.3 ms in 418 steps since start of marking, biggest step 0.1 ms) [GC interrupt] [GC in old space requested].
[62598:0x102004600]    11613 ms: Scavenge 36.9 (62.0) -> 34.0 (65.0) MB, 18.7 / 0 ms [allocation failure].
[62598:0x102004600]    11637 ms: Scavenge 42.5 (65.0) -> 40.1 (73.0) MB, 21.3 / 0 ms [allocation failure].
[62598:0x102004600]    11657 ms: Scavenge 49.7 (73.0) -> 47.0 (79.0) MB, 17.6 / 0 ms [allocation failure].
[62598:0x102004600]    11679 ms: Scavenge 55.8 (79.0) -> 53.3 (86.0) MB, 18.8 / 0 ms [allocation failure].
[62598:0x102004600]    11698 ms: Scavenge 62.7 (86.0) -> 60.0 (92.0) MB, 17.0 / 0 ms [allocation failure].
[62598:0x102004600]    11722 ms: Scavenge 69.0 (92.0) -> 66.5 (99.0) MB, 20.8 / 0 ms [allocation failure].
[62598:0x102004600]    11740 ms: Scavenge 75.8 (99.0) -> 73.1 (106.0) MB, 15.8 / 0 ms [allocation failure].
[62598:0x102004600]    11758 ms: Scavenge 82.2 (106.0) -> 79.6 (112.0) MB, 15.5 / 0 ms [allocation failure].
[62598:0x102004600]    11776 ms: Scavenge 88.9 (112.0) -> 86.2 (119.0) MB, 16.1 / 0 ms [allocation failure].
[62598:0x102004600]    11793 ms: Scavenge 95.3 (119.0) -> 92.7 (126.0) MB, 15.5 / 0 ms [allocation failure].
[62598:0x102004600]    11817 ms: Scavenge 102.0 (126.0) -> 99.3 (132.0) MB, 16.8 / 0 ms (+ 5.2 ms in 148 steps since last GC) [allocation failure].
[62598:0x102004600]    11845 ms: Scavenge 108.5 (132.0) -> 105.9 (139.0) MB, 20.1 / 0 ms (+ 5.6 ms in 146 steps since last GC) [allocation failure].
[62598:0x102004600]    11880 ms: Scavenge 115.1 (139.0) -> 112.4 (146.0) MB, 25.4 / 0 ms (+ 6.6 ms in 147 steps since last GC) [allocation failure].
[62598:0x102004600]    11912 ms: Scavenge 121.6 (146.0) -> 119.0 (152.0) MB, 22.7 / 0 ms (+ 6.9 ms in 147 steps since last GC) [allocation failure].
[62598:0x102004600]    11945 ms: Scavenge 128.2 (152.0) -> 125.6 (159.0) MB, 24.2 / 0 ms (+ 6.1 ms in 147 steps since last GC) [allocation failure].
[62598:0x102004600]    11969 ms: Scavenge 134.7 (159.0) -> 132.1 (166.0) MB, 16.7 / 0 ms (+ 5.5 ms in 147 steps since last GC) [allocation failure].
[62598:0x102004600]    11977 ms: Mark-sweep 132.5 (166.0) -> 56.1 (97.0) MB, 7.5 / 0 ms (+ 36.3 ms in 887 steps since start of marking, biggest step 0.1 ms) [GC interrupt] [GC in old space requested].
[62598:0x102004600]    11991 ms: Scavenge 71.6 (97.0) -> 67.1 (97.0) MB, 10.2 / 0 ms [allocation failure].
[62598:0x102004600]    12018 ms: Scavenge 71.8 (97.0) -> 70.5 (106.0) MB, 25.5 / 0 ms [allocation failure].
[62598:0x102004600]    12035 ms: Scavenge 82.9 (106.0) -> 79.3 (110.0) MB, 13.1 / 0 ms [allocation failure].
[62598:0x102004600]    12064 ms: Scavenge 86.2 (110.0) -> 84.3 (119.0) MB, 26.6 / 0 ms [allocation failure].
[62598:0x102004600]    12083 ms: Scavenge 95.1 (119.0) -> 92.0 (124.0) MB, 16.2 / 0 ms [allocation failure].
[62598:0x102004600]    12106 ms: Scavenge 100.0 (124.0) -> 97.7 (132.0) MB, 18.8 / 0 ms [allocation failure].
[62598:0x102004600]    12123 ms: Scavenge 107.7 (132.0) -> 104.9 (138.0) MB, 15.0 / 0 ms [allocation failure].
[62598:0x102004600]    12141 ms: Scavenge 113.5 (138.0) -> 111.0 (145.0) MB, 16.2 / 0 ms [allocation failure].
[62598:0x102004600]    12158 ms: Scavenge 120.6 (145.0) -> 117.9 (151.0) MB, 15.0 / 0 ms [allocation failure].
[62598:0x102004600]    12177 ms: Scavenge 126.8 (151.0) -> 124.2 (158.0) MB, 15.9 / 0 ms [allocation failure].
[62598:0x102004600]    12195 ms: Scavenge 133.6 (158.0) -> 130.9 (164.0) MB, 15.5 / 0 ms [allocation failure].
[62598:0x102004600]    12217 ms: Scavenge 140.0 (164.0) -> 137.4 (171.0) MB, 19.7 / 0 ms [allocation failure].
[62598:0x102004600]    12235 ms: Scavenge 146.7 (171.0) -> 144.0 (178.0) MB, 15.9 / 0 ms [allocation failure].
[62598:0x102004600]    12253 ms: Scavenge 153.1 (178.0) -> 150.5 (185.0) MB, 16.0 / 0 ms [allocation failure].
[62598:0x102004600]    12270 ms: Scavenge 159.8 (185.0) -> 157.1 (191.0) MB, 15.3 / 0 ms [allocation failure].
[62598:0x102004600]    12288 ms: Scavenge 166.3 (191.0) -> 163.7 (198.0) MB, 15.8 / 0 ms [allocation failure].
[62598:0x102004600]    12306 ms: Scavenge 172.9 (198.0) -> 170.2 (205.0) MB, 15.8 / 0 ms [allocation failure].
[62598:0x102004600]    12325 ms: Scavenge 179.4 (205.0) -> 176.8 (211.0) MB, 16.3 / 0 ms [allocation failure].
[62598:0x102004600]    12344 ms: Scavenge 186.0 (211.0) -> 183.4 (218.0) MB, 16.9 / 0 ms [allocation failure].
[62598:0x102004600]    12362 ms: Scavenge 192.5 (218.0) -> 189.9 (225.0) MB, 15.8 / 0 ms [allocation failure].
[62598:0x102004600]    12380 ms: Scavenge 199.1 (225.0) -> 196.5 (231.0) MB, 15.8 / 0 ms [allocation failure].
[62598:0x102004600]    12398 ms: Scavenge 205.7 (231.0) -> 203.0 (238.0) MB, 15.3 / 0 ms [allocation failure].
[62598:0x102004600]    12419 ms: Scavenge 212.2 (238.0) -> 209.6 (245.0) MB, 18.7 / 0 ms [allocation failure].
[62598:0x102004600]    12443 ms: Scavenge 218.8 (245.0) -> 216.2 (251.0) MB, 20.4 / 0 ms [allocation failure].
[62598:0x102004600]    12462 ms: Scavenge 225.3 (251.0) -> 222.7 (258.0) MB, 16.2 / 0 ms [allocation failure].
[62598:0x102004600]    12480 ms: Scavenge 231.9 (258.0) -> 229.3 (265.0) MB, 15.7 / 0 ms [allocation failure].
[62598:0x102004600]    12499 ms: Scavenge 238.5 (265.0) -> 235.8 (271.0) MB, 16.0 / 0 ms [allocation failure].
[62598:0x102004600]    12522 ms: Scavenge 245.0 (271.0) -> 242.4 (278.0) MB, 16.4 / 0 ms (+ 5.1 ms in 147 steps since last GC) [allocation failure].
[62598:0x102004600]    12546 ms: Scavenge 251.6 (278.0) -> 249.0 (285.0) MB, 17.2 / 0 ms (+ 4.8 ms in 147 steps since last GC) [allocation failure].
[62598:0x102004600]    12558 ms: Mark-sweep 252.8 (285.0) -> 22.9 (61.0) MB, 8.4 / 0 ms (+ 12.1 ms in 356 steps since start of marking, biggest step 0.2 ms) [GC interrupt] [GC in old space requested].
[62598:0x102004600]    12576 ms: Scavenge 35.8 (61.0) -> 32.1 (61.0) MB, 13.9 / 0 ms [allocation failure].
[62598:0x102004600]    12599 ms: Scavenge 38.6 (61.0) -> 36.8 (71.0) MB, 21.8 / 0 ms [allocation failure].
[62598:0x102004600]    12621 ms: Scavenge 47.9 (71.0) -> 44.7 (76.0) MB, 19.3 / 0 ms [allocation failure].
[62598:0x102004600]    12644 ms: Scavenge 52.5 (76.0) -> 50.3 (84.0) MB, 21.4 / 0 ms [allocation failure].
[62598:0x102004600]    12665 ms: Scavenge 60.4 (84.0) -> 57.5 (89.0) MB, 18.0 / 0 ms [allocation failure].
[62598:0x102004600]    12683 ms: Scavenge 66.0 (89.0) -> 63.6 (97.0) MB, 16.2 / 0 ms [allocation failure].
[62598:0x102004600]    12704 ms: Scavenge 73.3 (97.0) -> 70.5 (103.0) MB, 18.5 / 0 ms [allocation failure].
[62598:0x102004600]    12725 ms: Scavenge 79.3 (103.0) -> 76.8 (110.0) MB, 18.4 / 0 ms [allocation failure].
[62598:0x102004600]    12745 ms: Scavenge 86.3 (110.0) -> 83.6 (116.0) MB, 17.3 / 0 ms [allocation failure].
[62598:0x102004600]    12763 ms: Scavenge 92.6 (116.0) -> 90.0 (123.0) MB, 16.2 / 0 ms [allocation failure].
[62598:0x102004600]    12789 ms: Scavenge 99.3 (123.0) -> 96.6 (130.0) MB, 17.7 / 0 ms (+ 5.6 ms in 149 steps since last GC) [allocation failure].
[62598:0x102004600]    12816 ms: Scavenge 105.7 (130.0) -> 103.1 (136.0) MB, 19.5 / 0 ms (+ 5.7 ms in 145 steps since last GC) [allocation failure].
[62598:0x102004600]    12844 ms: Scavenge 112.4 (136.0) -> 109.7 (143.0) MB, 18.8 / 0 ms (+ 6.2 ms in 148 steps since last GC) [allocation failure].
[62598:0x102004600]    12873 ms: Scavenge 118.9 (143.0) -> 116.3 (150.0) MB, 21.4 / 0 ms (+ 5.3 ms in 146 steps since last GC) [allocation failure].
[62598:0x102004600]    12903 ms: Scavenge 125.5 (150.0) -> 122.9 (156.0) MB, 22.1 / 0 ms (+ 5.5 ms in 146 steps since last GC) [allocation failure].
[62598:0x102004600]    12911 ms: Mark-sweep 122.9 (156.0) -> 46.6 (87.0) MB, 8.3 / 0 ms (+ 28.3 ms in 734 steps since start of marking, biggest step 0.2 ms) [GC interrupt] [GC in old space requested].
[62598:0x102004600]    12926 ms: Scavenge 62.3 (87.0) -> 57.8 (87.0) MB, 9.7 / 0 ms [allocation failure].
[62598:0x102004600]    12954 ms: Scavenge 62.3 (87.0) -> 61.0 (97.0) MB, 27.0 / 0 ms [allocation failure].
[62598:0x102004600]    12974 ms: Scavenge 73.6 (97.0) -> 70.0 (100.0) MB, 14.6 / 0 ms [allocation failure].
[62598:0x102004600]    12993 ms: Scavenge 76.8 (100.0) -> 74.8 (109.0) MB, 17.5 / 0 ms [allocation failure].
[62598:0x102004600]    13009 ms: Scavenge 85.7 (109.0) -> 82.6 (114.0) MB, 13.6 / 0 ms [allocation failure].
[62598:0x102004600]    13027 ms: Scavenge 90.6 (114.0) -> 88.3 (122.0) MB, 16.3 / 0 ms [allocation failure].
[62598:0x102004600]    13044 ms: Scavenge 98.4 (122.0) -> 95.5 (128.0) MB, 14.7 / 0 ms [allocation failure].
[62598:0x102004600]    13065 ms: Scavenge 104.1 (128.0) -> 101.6 (135.0) MB, 18.9 / 0 ms [allocation failure].
[62598:0x102004600]    13083 ms: Scavenge 111.2 (135.0) -> 108.5 (141.0) MB, 15.6 / 0 ms [allocation failure].
[62598:0x102004600]    13104 ms: Scavenge 117.4 (141.0) -> 114.8 (148.0) MB, 19.2 / 0 ms [allocation failure].
[62598:0x102004600]    13121 ms: Scavenge 124.2 (148.0) -> 121.5 (155.0) MB, 14.8 / 0 ms [allocation failure].
[62598:0x102004600]    13143 ms: Scavenge 130.6 (155.0) -> 128.0 (162.0) MB, 19.0 / 0 ms [allocation failure].
[62598:0x102004600]    13164 ms: Scavenge 137.3 (162.0) -> 134.6 (168.0) MB, 17.5 / 0 ms [allocation failure].
[62598:0x102004600]    13183 ms: Scavenge 143.7 (168.0) -> 141.1 (175.0) MB, 16.6 / 0 ms [allocation failure].
[62598:0x102004600]    13201 ms: Scavenge 150.4 (175.0) -> 147.7 (182.0) MB, 15.7 / 0 ms [allocation failure].
[62598:0x102004600]    13219 ms: Scavenge 156.9 (182.0) -> 154.3 (188.0) MB, 15.8 / 0 ms [allocation failure].
[62598:0x102004600]    13236 ms: Scavenge 163.5 (188.0) -> 160.9 (195.0) MB, 15.3 / 0 ms [allocation failure].
[62598:0x102004600]    13254 ms: Scavenge 170.0 (195.0) -> 167.4 (202.0) MB, 16.1 / 0 ms [allocation failure].
[62598:0x102004600]    13276 ms: Scavenge 176.6 (202.0) -> 174.0 (208.0) MB, 19.8 / 0 ms [allocation failure].
[62598:0x102004600]    13294 ms: Scavenge 183.1 (208.0) -> 180.5 (215.0) MB, 15.8 / 0 ms [allocation failure].
[62598:0x102004600]    13312 ms: Scavenge 189.7 (215.0) -> 187.1 (222.0) MB, 15.4 / 0 ms [allocation failure].
[62598:0x102004600]    13330 ms: Scavenge 196.3 (222.0) -> 193.6 (228.0) MB, 15.9 / 0 ms [allocation failure].
[62598:0x102004600]    13347 ms: Mark-sweep 202.4 (228.0) -> 9.4 (48.0) MB, 10.3 / 0 ms (+ 4.9 ms in 140 steps since start of marking, biggest step 0.2 ms) [GC interrupt] [GC in old space requested].
[62598:0x102004600]    13365 ms: Scavenge 19.0 (48.0) -> 16.2 (48.0) MB, 14.7 / 0 ms [allocation failure].
[62598:0x102004600]    13386 ms: Scavenge 25.1 (48.0) -> 22.6 (55.0) MB, 19.5 / 0 ms [allocation failure].
[62598:0x102004600]    13412 ms: Scavenge 32.0 (55.0) -> 29.3 (61.0) MB, 16.7 / 0 ms (+ 5.9 ms in 151 steps since last GC) [allocation failure].
[62598:0x102004600]    13437 ms: Scavenge 38.3 (61.0) -> 35.7 (68.0) MB, 17.3 / 0 ms (+ 5.3 ms in 144 steps since last GC) [allocation failure].
[62598:0x102004600]    13462 ms: Scavenge 45.0 (68.0) -> 42.4 (75.0) MB, 17.3 / 0 ms (+ 5.8 ms in 149 steps since last GC) [allocation failure].
[62598:0x102004600]    13491 ms: Mark-sweep 49.0 (75.0) -> 46.9 (82.0) MB, 13.6 / 0 ms (+ 30.1 ms in 545 steps since start of marking, biggest step 0.3 ms) [GC interrupt] [GC in old space requested].
[62598:0x102004600]    13510 ms: Scavenge 57.9 (82.0) -> 54.7 (86.0) MB, 16.9 / 0 ms [allocation failure].
[62598:0x102004600]    13529 ms: Scavenge 62.6 (86.0) -> 60.4 (94.0) MB, 16.7 / 0 ms [allocation failure].
[62598:0x102004600]    13546 ms: Scavenge 70.5 (94.0) -> 67.6 (100.0) MB, 14.8 / 0 ms [allocation failure].
[62598:0x102004600]    13564 ms: Scavenge 76.1 (100.0) -> 73.7 (107.0) MB, 16.4 / 0 ms [allocation failure].
[62598:0x102004600]    13582 ms: Scavenge 83.4 (107.0) -> 80.6 (113.0) MB, 15.0 / 0 ms [allocation failure].
[62598:0x102004600]    13600 ms: Scavenge 89.4 (113.0) -> 86.9 (120.0) MB, 15.8 / 0 ms [allocation failure].
[62598:0x102004600]    13618 ms: Scavenge 96.3 (120.0) -> 93.6 (127.0) MB, 15.8 / 0 ms [allocation failure].
[62598:0x102004600]    13635 ms: Scavenge 102.7 (127.0) -> 100.1 (133.0) MB, 15.4 / 0 ms [allocation failure].
[62598:0x102004600]    13653 ms: Scavenge 109.4 (133.0) -> 106.7 (140.0) MB, 15.9 / 0 ms [allocation failure].
[62598:0x102004600]    13671 ms: Scavenge 115.8 (140.0) -> 113.2 (147.0) MB, 15.7 / 0 ms [allocation failure].
[62598:0x102004600]    13688 ms: Scavenge 122.5 (147.0) -> 119.8 (153.0) MB, 15.1 / 0 ms [allocation failure].
[62598:0x102004600]    13707 ms: Scavenge 129.0 (153.0) -> 126.4 (160.0) MB, 16.5 / 0 ms [allocation failure].
[62598:0x102004600]    13728 ms: Scavenge 135.6 (160.0) -> 132.9 (167.0) MB, 18.9 / 0 ms [allocation failure].
[62598:0x102004600]    13750 ms: Scavenge 142.1 (167.0) -> 139.5 (173.0) MB, 20.2 / 0 ms [allocation failure].
[62598:0x102004600]    13770 ms: Scavenge 148.7 (173.0) -> 146.1 (180.0) MB, 17.3 / 0 ms [allocation failure].
[62598:0x102004600]    13792 ms: Scavenge 155.2 (180.0) -> 152.6 (187.0) MB, 17.9 / 0 ms [allocation failure].
[62598:0x102004600]    13809 ms: Scavenge 161.8 (187.0) -> 159.2 (193.0) MB, 15.5 / 0 ms [allocation failure].
[62598:0x102004600]    13828 ms: Scavenge 168.4 (193.0) -> 165.7 (200.0) MB, 15.9 / 0 ms [allocation failure].
[62598:0x102004600]    13846 ms: Scavenge 174.9 (200.0) -> 172.3 (207.0) MB, 15.8 / 0 ms [allocation failure].
[62598:0x102004600]    13864 ms: Scavenge 181.5 (207.0) -> 178.9 (213.0) MB, 16.1 / 0 ms [allocation failure].
[62598:0x102004600]    13888 ms: Scavenge 188.0 (213.0) -> 185.4 (220.0) MB, 17.1 / 0 ms (+ 5.3 ms in 147 steps since last GC) [allocation failure].
[62598:0x102004600]    13913 ms: Scavenge 194.6 (220.0) -> 192.0 (227.0) MB, 17.3 / 0 ms (+ 5.5 ms in 147 steps since last GC) [allocation failure].
[62598:0x102004600]    13945 ms: Scavenge 201.2 (227.0) -> 198.5 (233.0) MB, 23.7 / 0 ms (+ 5.6 ms in 147 steps since last GC) [allocation failure].
[62598:0x102004600]    13974 ms: Scavenge 207.7 (233.0) -> 205.1 (240.0) MB, 20.7 / 0 ms (+ 6.0 ms in 146 steps since last GC) [allocation failure].
[62598:0x102004600]    13999 ms: Scavenge 214.3 (240.0) -> 211.7 (247.0) MB, 17.2 / 0 ms (+ 5.6 ms in 147 steps since last GC) [allocation failure].
[62598:0x102004600]    14027 ms: Scavenge 220.9 (247.0) -> 218.2 (253.0) MB, 20.0 / 0 ms (+ 5.7 ms in 147 steps since last GC) [allocation failure].
[62598:0x102004600]    14053 ms: Scavenge 227.4 (253.0) -> 224.8 (260.0) MB, 17.2 / 0 ms (+ 5.8 ms in 147 steps since last GC) [allocation failure].
[62598:0x102004600]    14071 ms: Mark-sweep 228.3 (260.0) -> 74.8 (114.0) MB, 11.6 / 0 ms (+ 45.4 ms in 1081 steps since start of marking, biggest step 0.2 ms) [GC interrupt] [GC in old space requested].
[62598:0x102004600]    14086 ms: Scavenge 88.0 (114.0) -> 84.2 (114.0) MB, 11.6 / 0 ms [allocation failure].
[62598:0x102004600]    14107 ms: Scavenge 90.5 (114.0) -> 88.7 (124.0) MB, 19.2 / 0 ms [allocation failure].
[62598:0x102004600]    14123 ms: Scavenge 99.9 (124.0) -> 96.7 (128.0) MB, 13.6 / 0 ms [allocation failure].
[62598:0x102004600]    14141 ms: Scavenge 104.4 (128.0) -> 102.2 (136.0) MB, 16.7 / 0 ms [allocation failure].
[62598:0x102004600]    14158 ms: Scavenge 112.4 (136.0) -> 109.5 (142.0) MB, 14.3 / 0 ms [allocation failure].
[62598:0x102004600]    14176 ms: Scavenge 118.0 (142.0) -> 115.6 (150.0) MB, 15.7 / 0 ms [allocation failure].
[62598:0x102004600]    14199 ms: Scavenge 125.3 (150.0) -> 122.5 (156.0) MB, 20.7 / 0 ms [allocation failure].
[62598:0x102004600]    14218 ms: Scavenge 131.3 (156.0) -> 128.8 (163.0) MB, 16.7 / 0 ms [allocation failure].
[62598:0x102004600]    14235 ms: Scavenge 138.2 (163.0) -> 135.5 (169.0) MB, 15.3 / 0 ms [allocation failure].
[62598:0x102004600]    14253 ms: Scavenge 144.5 (169.0) -> 142.0 (176.0) MB, 16.1 / 0 ms [allocation failure].
[62598:0x102004600]    14271 ms: Scavenge 151.3 (176.0) -> 148.6 (182.0) MB, 15.5 / 0 ms [allocation failure].
[62598:0x102004600]    14289 ms: Scavenge 157.7 (182.0) -> 155.1 (189.0) MB, 15.6 / 0 ms [allocation failure].
[62598:0x102004600]    14307 ms: Scavenge 164.4 (189.0) -> 161.7 (196.0) MB, 15.2 / 0 ms [allocation failure].
[62598:0x102004600]    14325 ms: Scavenge 170.9 (196.0) -> 168.2 (203.0) MB, 15.8 / 0 ms [allocation failure].
[62598:0x102004600]    14344 ms: Scavenge 177.5 (203.0) -> 174.8 (209.0) MB, 16.4 / 0 ms [allocation failure].
[62598:0x102004600]    14362 ms: Scavenge 184.0 (209.0) -> 181.4 (216.0) MB, 16.4 / 0 ms [allocation failure].
[62598:0x102004600]    14382 ms: Scavenge 190.6 (216.0) -> 187.9 (223.0) MB, 17.5 / 0 ms [allocation failure].
[62598:0x102004600]    14404 ms: Scavenge 197.1 (223.0) -> 194.5 (229.0) MB, 19.0 / 0 ms [allocation failure].
[62598:0x102004600]    14422 ms: Scavenge 203.7 (229.0) -> 201.1 (236.0) MB, 15.9 / 0 ms [allocation failure].
[62598:0x102004600]    14441 ms: Scavenge 210.2 (236.0) -> 207.6 (243.0) MB, 15.5 / 0 ms [allocation failure].
[62598:0x102004600]    14466 ms: Scavenge 216.8 (243.0) -> 214.2 (249.0) MB, 22.9 / 0 ms [allocation failure].
[62598:0x102004600]    14484 ms: Scavenge 223.4 (249.0) -> 220.7 (256.0) MB, 16.1 / 0 ms [allocation failure].
[62598:0x102004600]    14502 ms: Scavenge 229.9 (256.0) -> 227.3 (263.0) MB, 16.0 / 0 ms [allocation failure].
[62598:0x102004600]    14519 ms: Scavenge 236.5 (263.0) -> 233.9 (269.0) MB, 15.1 / 0 ms [allocation failure].
[62598:0x102004600]    14538 ms: Scavenge 243.1 (269.0) -> 240.4 (276.0) MB, 15.8 / 0 ms [allocation failure].
[62598:0x102004600]    14556 ms: Scavenge 249.6 (276.0) -> 247.0 (283.0) MB, 15.9 / 0 ms [allocation failure].
[62598:0x102004600]    14575 ms: Scavenge 256.2 (283.0) -> 253.6 (289.0) MB, 16.4 / 0 ms [allocation failure].
[62598:0x102004600]    14596 ms: Scavenge 262.7 (289.0) -> 260.1 (296.0) MB, 19.1 / 0 ms [allocation failure].
[62598:0x102004600]    14621 ms: Scavenge 269.3 (296.0) -> 266.7 (303.0) MB, 22.7 / 0 ms [allocation failure].
[62598:0x102004600]    14639 ms: Scavenge 275.9 (303.0) -> 273.2 (309.0) MB, 15.4 / 0 ms [allocation failure].
[62598:0x102004600]    14662 ms: Scavenge 282.4 (309.0) -> 279.8 (316.0) MB, 21.3 / 0 ms [allocation failure].
[62598:0x102004600]    14684 ms: Scavenge 289.0 (316.0) -> 286.4 (323.0) MB, 19.3 / 0 ms [allocation failure].
[62598:0x102004600]    14703 ms: Scavenge 295.5 (323.0) -> 292.9 (329.0) MB, 16.9 / 0 ms [allocation failure].
[62598:0x102004600]    14721 ms: Scavenge 302.1 (329.0) -> 299.5 (336.0) MB, 15.6 / 0 ms [allocation failure].
[62598:0x102004600]    14746 ms: Scavenge 308.7 (336.0) -> 306.0 (343.0) MB, 17.9 / 0 ms (+ 5.2 ms in 147 steps since last GC) [allocation failure].
[62598:0x102004600]    14775 ms: Scavenge 315.2 (343.0) -> 312.6 (349.0) MB, 17.3 / 0 ms (+ 8.2 ms in 147 steps since last GC) [allocation failure].
[62598:0x102004600]    14801 ms: Scavenge 321.8 (349.0) -> 319.2 (356.0) MB, 17.5 / 0 ms (+ 5.8 ms in 147 steps since last GC) [allocation failure].
[62598:0x102004600]    14825 ms: Scavenge 328.3 (356.0) -> 325.7 (363.0) MB, 17.2 / 0 ms (+ 5.4 ms in 146 steps since last GC) [allocation failure].
[62598:0x102004600]    14851 ms: Scavenge 334.9 (363.0) -> 332.3 (369.0) MB, 17.0 / 0 ms (+ 5.8 ms in 147 steps since last GC) [allocation failure].
[62598:0x102004600]    14875 ms: Scavenge 341.5 (369.0) -> 338.8 (376.0) MB, 17.0 / 0 ms (+ 5.6 ms in 147 steps since last GC) [allocation failure].
[62598:0x102004600]    14901 ms: Scavenge 348.0 (376.0) -> 345.4 (383.0) MB, 17.2 / 0 ms (+ 6.1 ms in 147 steps since last GC) [allocation failure].
[62598:0x102004600]    14928 ms: Mark-sweep 351.3 (383.0) -> 82.6 (120.0) MB, 14.1 / 0 ms (+ 53.7 ms in 1122 steps since start of marking, biggest step 0.3 ms) [GC interrupt] [GC in old space requested].
[62598:0x102004600]    14949 ms: Scavenge 94.1 (120.0) -> 90.8 (122.0) MB, 17.6 / 0 ms [allocation failure].
[62598:0x102004600]    14967 ms: Scavenge 98.3 (122.0) -> 96.2 (130.0) MB, 16.5 / 0 ms [allocation failure].
[62598:0x102004600]    14985 ms: Scavenge 106.6 (130.0) -> 103.6 (136.0) MB, 15.3 / 0 ms [allocation failure].
[62598:0x102004600]    15003 ms: Scavenge 111.9 (136.0) -> 109.6 (143.0) MB, 16.3 / 0 ms [allocation failure].
[62598:0x102004600]    15021 ms: Scavenge 119.3 (143.0) -> 116.5 (150.0) MB, 15.3 / 0 ms [allocation failure].
[62598:0x102004600]    15039 ms: Scavenge 125.3 (150.0) -> 122.8 (157.0) MB, 16.0 / 0 ms [allocation failure].
[62598:0x102004600]    15056 ms: Scavenge 132.3 (157.0) -> 129.6 (163.0) MB, 15.6 / 0 ms [allocation failure].
[62598:0x102004600]    15075 ms: Scavenge 138.5 (163.0) -> 136.0 (170.0) MB, 16.6 / 0 ms [allocation failure].
[62598:0x102004600]    15096 ms: Scavenge 145.3 (170.0) -> 142.7 (176.0) MB, 18.6 / 0 ms [allocation failure].
[62598:0x102004600]    15114 ms: Scavenge 151.7 (176.0) -> 149.1 (183.0) MB, 15.8 / 0 ms [allocation failure].
[62598:0x102004600]    15132 ms: Scavenge 158.4 (183.0) -> 155.8 (190.0) MB, 15.6 / 0 ms [allocation failure].
[62598:0x102004600]    15151 ms: Scavenge 164.9 (190.0) -> 162.3 (196.0) MB, 15.5 / 0 ms [allocation failure].
[62598:0x102004600]    15171 ms: Scavenge 171.5 (196.0) -> 168.9 (203.0) MB, 18.3 / 0 ms [allocation failure].
[62598:0x102004600]    15189 ms: Scavenge 178.0 (203.0) -> 175.4 (210.0) MB, 15.8 / 0 ms [allocation failure].
[62598:0x102004600]    15212 ms: Scavenge 184.6 (210.0) -> 182.0 (216.0) MB, 19.9 / 0 ms [allocation failure].
[62598:0x102004600]    15230 ms: Scavenge 191.2 (216.0) -> 188.5 (223.0) MB, 15.7 / 0 ms [allocation failure].
[62598:0x102004600]    15248 ms: Scavenge 197.7 (223.0) -> 195.1 (230.0) MB, 15.7 / 0 ms [allocation failure].
[62598:0x102004600]    15266 ms: Scavenge 204.3 (230.0) -> 201.7 (236.0) MB, 15.8 / 0 ms [allocation failure].
[62598:0x102004600]    15283 ms: Scavenge 210.8 (236.0) -> 208.2 (243.0) MB, 15.3 / 0 ms [allocation failure].
[62598:0x102004600]    15303 ms: Scavenge 217.4 (243.0) -> 214.8 (250.0) MB, 17.5 / 0 ms [allocation failure].
[62598:0x102004600]    15322 ms: Scavenge 224.0 (250.0) -> 221.3 (256.0) MB, 16.3 / 0 ms [allocation failure].
[62598:0x102004600]    15340 ms: Scavenge 230.5 (256.0) -> 227.9 (263.0) MB, 16.0 / 0 ms [allocation failure].
[62598:0x102004600]    15357 ms: Scavenge 237.1 (263.0) -> 234.5 (270.0) MB, 14.8 / 0 ms [allocation failure].
[62598:0x102004600]    15375 ms: Scavenge 243.6 (270.0) -> 241.0 (276.0) MB, 15.7 / 0 ms [allocation failure].
[62598:0x102004600]    15398 ms: Scavenge 250.2 (276.0) -> 247.6 (283.0) MB, 19.8 / 0 ms [allocation failure].
[62598:0x102004600]    15420 ms: Scavenge 256.8 (283.0) -> 254.1 (290.0) MB, 19.0 / 0 ms [allocation failure].
[62598:0x102004600]    15443 ms: Scavenge 263.3 (290.0) -> 260.7 (296.0) MB, 20.8 / 0 ms [allocation failure].
[62598:0x102004600]    15461 ms: Scavenge 269.9 (296.0) -> 267.3 (303.0) MB, 15.9 / 0 ms [allocation failure].
[62598:0x102004600]    15479 ms: Scavenge 276.4 (303.0) -> 273.8 (310.0) MB, 15.3 / 0 ms [allocation failure].
[62598:0x102004600]    15497 ms: Scavenge 283.0 (310.0) -> 280.4 (316.0) MB, 15.2 / 0 ms [allocation failure].
[62598:0x102004600]    15514 ms: Scavenge 289.6 (316.0) -> 286.9 (323.0) MB, 15.2 / 0 ms [allocation failure].
[62598:0x102004600]    15538 ms: Scavenge 296.1 (323.0) -> 293.5 (330.0) MB, 22.0 / 0 ms [allocation failure].
[62598:0x102004600]    15560 ms: Scavenge 302.7 (330.0) -> 300.1 (336.0) MB, 19.5 / 0 ms [allocation failure].
[62598:0x102004600]    15579 ms: Scavenge 309.3 (336.0) -> 306.6 (343.0) MB, 16.6 / 0 ms [allocation failure].
[62598:0x102004600]    15598 ms: Scavenge 315.8 (343.0) -> 313.2 (350.0) MB, 16.2 / 0 ms [allocation failure].
[62598:0x102004600]    15616 ms: Scavenge 322.4 (350.0) -> 319.8 (356.0) MB, 15.9 / 0 ms [allocation failure].
[62598:0x102004600]    15641 ms: Scavenge 328.9 (356.0) -> 326.3 (363.0) MB, 22.0 / 0 ms [allocation failure].
[62598:0x102004600]    15669 ms: Scavenge 335.5 (363.0) -> 332.9 (370.0) MB, 19.9 / 0 ms (+ 6.4 ms in 147 steps since last GC) [allocation failure].
[62598:0x102004600]    15694 ms: Scavenge 342.1 (370.0) -> 339.4 (376.0) MB, 17.3 / 0 ms (+ 5.4 ms in 147 steps since last GC) [allocation failure].
[62598:0x102004600]    15724 ms: Scavenge 348.6 (376.0) -> 346.0 (383.0) MB, 20.0 / 0 ms (+ 6.7 ms in 147 steps since last GC) [allocation failure].
[62598:0x102004600]    15749 ms: Scavenge 355.2 (383.0) -> 352.6 (390.0) MB, 17.5 / 0 ms (+ 5.8 ms in 147 steps since last GC) [allocation failure].
[62598:0x102004600]    15775 ms: Scavenge 361.7 (390.0) -> 359.1 (396.0) MB, 17.6 / 0 ms (+ 5.6 ms in 147 steps since last GC) [allocation failure].
[62598:0x102004600]    15799 ms: Scavenge 368.3 (396.0) -> 365.7 (403.0) MB, 17.2 / 0 ms (+ 5.4 ms in 147 steps since last GC) [allocation failure].
[62598:0x102004600]    15824 ms: Scavenge 374.9 (403.0) -> 372.2 (410.0) MB, 17.6 / 0 ms (+ 5.3 ms in 146 steps since last GC) [allocation failure].
[62598:0x102004600]    15833 ms: Mark-sweep 373.2 (410.0) -> 67.8 (109.0) MB, 7.3 / 0 ms (+ 41.9 ms in 1042 steps since start of marking, biggest step 0.2 ms) [GC interrupt] [GC in old space requested].
[62598:0x102004600]    15850 ms: Scavenge 82.8 (109.0) -> 78.5 (109.0) MB, 12.1 / 0 ms [allocation failure].
[62598:0x102004600]    15879 ms: Scavenge 83.5 (109.0) -> 82.1 (118.0) MB, 27.5 / 0 ms [allocation failure].
[62598:0x102004600]    15896 ms: Scavenge 94.3 (118.0) -> 90.8 (122.0) MB, 14.0 / 0 ms [allocation failure].
[62598:0x102004600]    15916 ms: Scavenge 97.8 (122.0) -> 95.8 (130.0) MB, 17.9 / 0 ms [allocation failure].
[62598:0x102004600]    15933 ms: Scavenge 106.5 (130.0) -> 103.5 (136.0) MB, 14.4 / 0 ms [allocation failure].
[62598:0x102004600]    15951 ms: Scavenge 111.6 (136.0) -> 109.3 (143.0) MB, 16.0 / 0 ms [allocation failure].
[62598:0x102004600]    15968 ms: Scavenge 119.2 (143.0) -> 116.4 (149.0) MB, 14.6 / 0 ms [allocation failure].
[62598:0x102004600]    15986 ms: Scavenge 125.0 (149.0) -> 122.5 (156.0) MB, 15.8 / 0 ms [allocation failure].
[62598:0x102004600]    16004 ms: Scavenge 132.1 (156.0) -> 129.4 (163.0) MB, 15.7 / 0 ms [allocation failure].
[62598:0x102004600]    16022 ms: Scavenge 138.3 (163.0) -> 135.7 (170.0) MB, 16.1 / 0 ms [allocation failure].
[62598:0x102004600]    16040 ms: Scavenge 145.1 (170.0) -> 142.4 (176.0) MB, 15.3 / 0 ms [allocation failure].
[62598:0x102004600]    16059 ms: Scavenge 151.5 (176.0) -> 148.9 (183.0) MB, 16.0 / 0 ms [allocation failure].
[62598:0x102004600]    16077 ms: Scavenge 158.2 (183.0) -> 155.5 (190.0) MB, 16.2 / 0 ms [allocation failure].
[62598:0x102004600]    16095 ms: Scavenge 164.7 (190.0) -> 162.0 (196.0) MB, 16.2 / 0 ms [allocation failure].
[62598:0x102004600]    16113 ms: Scavenge 171.3 (196.0) -> 168.6 (203.0) MB, 15.6 / 0 ms [allocation failure].
[62598:0x102004600]    16131 ms: Scavenge 177.8 (203.0) -> 175.2 (210.0) MB, 15.5 / 0 ms [allocation failure].
[62598:0x102004600]    16150 ms: Scavenge 184.4 (210.0) -> 181.8 (216.0) MB, 16.2 / 0 ms [allocation failure].
[62598:0x102004600]    16167 ms: Scavenge 190.9 (216.0) -> 188.3 (223.0) MB, 15.5 / 0 ms [allocation failure].
[62598:0x102004600]    16188 ms: Scavenge 197.5 (223.0) -> 194.9 (230.0) MB, 18.5 / 0 ms [allocation failure].
[62598:0x102004600]    16210 ms: Scavenge 204.1 (230.0) -> 201.4 (236.0) MB, 19.3 / 0 ms [allocation failure].
[62598:0x102004600]    16236 ms: Scavenge 210.6 (236.0) -> 208.0 (243.0) MB, 22.1 / 0 ms [allocation failure].
[62598:0x102004600]    16262 ms: Scavenge 217.2 (243.0) -> 214.6 (250.0) MB, 23.7 / 0 ms [allocation failure].
[62598:0x102004600]    16285 ms: Scavenge 223.7 (250.0) -> 221.1 (256.0) MB, 20.3 / 0 ms [allocation failure].
[62598:0x102004600]    16304 ms: Scavenge 230.3 (256.0) -> 227.7 (263.0) MB, 16.1 / 0 ms [allocation failure].
[62598:0x102004600]    16322 ms: Scavenge 236.9 (263.0) -> 234.2 (270.0) MB, 15.7 / 0 ms [allocation failure].
[62598:0x102004600]    16340 ms: Scavenge 243.4 (270.0) -> 240.8 (276.0) MB, 16.0 / 0 ms [allocation failure].
[62598:0x102004600]    16358 ms: Scavenge 250.0 (276.0) -> 247.4 (283.0) MB, 15.8 / 0 ms [allocation failure].
[62598:0x102004600]    16376 ms: Scavenge 256.5 (283.0) -> 253.9 (290.0) MB, 16.3 / 0 ms [allocation failure].
[62598:0x102004600]    16393 ms: Scavenge 263.1 (290.0) -> 260.5 (296.0) MB, 15.1 / 0 ms [allocation failure].
[62598:0x102004600]    16415 ms: Scavenge 269.7 (296.0) -> 267.0 (303.0) MB, 19.5 / 0 ms [allocation failure].
[62598:0x102004600]    16440 ms: Scavenge 276.2 (303.0) -> 273.6 (310.0) MB, 21.9 / 0 ms [allocation failure].
[62598:0x102004600]    16459 ms: Scavenge 282.8 (310.0) -> 280.2 (316.0) MB, 16.4 / 0 ms [allocation failure].
[62598:0x102004600]    16484 ms: Scavenge 289.3 (316.0) -> 286.7 (323.0) MB, 16.7 / 0 ms (+ 5.5 ms in 147 steps since last GC) [allocation failure].
[62598:0x102004600]    16510 ms: Scavenge 295.9 (323.0) -> 293.3 (330.0) MB, 18.9 / 0 ms (+ 5.4 ms in 147 steps since last GC) [allocation failure].
[62598:0x102004600]    16536 ms: Scavenge 302.5 (330.0) -> 299.8 (336.0) MB, 17.4 / 0 ms (+ 6.2 ms in 147 steps since last GC) [allocation failure].
[62598:0x102004600]    16565 ms: Scavenge 309.0 (336.0) -> 306.4 (343.0) MB, 18.4 / 0 ms (+ 7.4 ms in 147 steps since last GC) [allocation failure].
[62598:0x102004600]    16586 ms: Mark-sweep 313.8 (343.0) -> 44.7 (80.0) MB, 14.4 / 0 ms (+ 28.5 ms in 703 steps since start of marking, biggest step 0.1 ms) [GC interrupt] [GC in old space requested].
[62598:0x102004600]    16606 ms: Scavenge 55.1 (80.0) -> 52.1 (84.0) MB, 17.9 / 0 ms [allocation failure].
[62598:0x102004600]    16627 ms: Scavenge 60.4 (84.0) -> 58.1 (91.0) MB, 18.0 / 0 ms [allocation failure].
[62598:0x102004600]    16645 ms: Scavenge 67.9 (91.0) -> 65.1 (97.0) MB, 15.3 / 0 ms [allocation failure].
[62598:0x102004600]    16664 ms: Scavenge 73.8 (97.0) -> 71.3 (104.0) MB, 16.7 / 0 ms [allocation failure].
[62598:0x102004600]    16683 ms: Scavenge 80.8 (104.0) -> 78.1 (111.0) MB, 17.3 / 0 ms [allocation failure].
[62598:0x102004600]    16709 ms: Scavenge 87.0 (111.0) -> 84.5 (118.0) MB, 22.0 / 0 ms [allocation failure].
[62598:0x102004600]    16726 ms: Scavenge 93.8 (118.0) -> 91.2 (124.0) MB, 15.5 / 0 ms [allocation failure].
[62598:0x102004600]    16744 ms: Scavenge 100.2 (124.0) -> 97.6 (131.0) MB, 15.3 / 0 ms [allocation failure].
[62598:0x102004600]    16766 ms: Scavenge 106.9 (131.0) -> 104.3 (137.0) MB, 19.7 / 0 ms [allocation failure].
[62598:0x102004600]    16789 ms: Scavenge 113.4 (137.0) -> 110.8 (144.0) MB, 20.7 / 0 ms [allocation failure].
[62598:0x102004600]    16807 ms: Scavenge 120.0 (144.0) -> 117.4 (151.0) MB, 15.5 / 0 ms [allocation failure].
[62598:0x102004600]    16824 ms: Scavenge 126.5 (151.0) -> 123.9 (157.0) MB, 15.2 / 0 ms [allocation failure].
[62598:0x102004600]    16842 ms: Scavenge 133.1 (157.0) -> 130.5 (164.0) MB, 15.4 / 0 ms [allocation failure].
[62598:0x102004600]    16859 ms: Scavenge 139.7 (164.0) -> 137.0 (171.0) MB, 15.6 / 0 ms [allocation failure].
[62598:0x102004600]    16881 ms: Scavenge 146.2 (171.0) -> 143.6 (177.0) MB, 19.2 / 0 ms [allocation failure].
[62598:0x102004600]    16901 ms: Scavenge 152.8 (177.0) -> 150.2 (184.0) MB, 18.6 / 0 ms [allocation failure].
[62598:0x102004600]    16923 ms: Scavenge 159.4 (184.0) -> 156.7 (191.0) MB, 19.0 / 0 ms [allocation failure].
[62598:0x102004600]    16941 ms: Scavenge 165.9 (191.0) -> 163.3 (197.0) MB, 16.0 / 0 ms [allocation failure].
[62598:0x102004600]    16960 ms: Scavenge 172.5 (197.0) -> 169.8 (204.0) MB, 16.1 / 0 ms [allocation failure].
[62598:0x102004600]    16992 ms: Scavenge 179.0 (204.0) -> 176.4 (211.0) MB, 24.7 / 0 ms (+ 5.8 ms in 147 steps since last GC) [allocation failure].
[62598:0x102004600]    17025 ms: Scavenge 185.6 (211.0) -> 183.0 (217.0) MB, 22.9 / 0 ms (+ 6.6 ms in 147 steps since last GC) [allocation failure].
[62598:0x102004600]    17049 ms: Scavenge 192.2 (217.0) -> 189.5 (224.0) MB, 17.4 / 0 ms (+ 5.3 ms in 147 steps since last GC) [allocation failure].
[62598:0x102004600]    17074 ms: Scavenge 198.7 (224.0) -> 196.1 (231.0) MB, 16.9 / 0 ms (+ 5.7 ms in 147 steps since last GC) [allocation failure].
[62598:0x102004600]    17100 ms: Scavenge 205.3 (231.0) -> 202.7 (237.0) MB, 17.5 / 0 ms (+ 5.6 ms in 146 steps since last GC) [allocation failure].
[62598:0x102004600]    17124 ms: Scavenge 211.8 (237.0) -> 209.2 (244.0) MB, 17.3 / 0 ms (+ 5.5 ms in 147 steps since last GC) [allocation failure].
[62598:0x102004600]    17136 ms: Mark-sweep 212.2 (244.0) -> 58.8 (98.0) MB, 9.2 / 0 ms (+ 36.2 ms in 928 steps since start of marking, biggest step 0.2 ms) [GC interrupt] [GC in old space requested].
[62598:0x102004600]    17153 ms: Scavenge 72.4 (98.0) -> 68.5 (98.0) MB, 13.1 / 0 ms [allocation failure].
[62598:0x102004600]    17179 ms: Scavenge 74.5 (98.0) -> 72.8 (108.0) MB, 24.0 / 0 ms [allocation failure].
[62598:0x102004600]    17201 ms: Scavenge 84.2 (108.0) -> 80.9 (112.0) MB, 19.0 / 0 ms [allocation failure].
[62598:0x102004600]    17226 ms: Scavenge 88.5 (112.0) -> 86.3 (120.0) MB, 23.5 / 0 ms [allocation failure].
[62598:0x102004600]    17248 ms: Scavenge 96.7 (120.0) -> 93.7 (126.0) MB, 19.0 / 0 ms [allocation failure].
[62598:0x102004600]    17272 ms: Scavenge 102.1 (126.0) -> 99.7 (133.0) MB, 22.6 / 0 ms [allocation failure].
[62598:0x102004600]    17294 ms: Scavenge 109.5 (133.0) -> 106.7 (140.0) MB, 18.9 / 0 ms [allocation failure].
[62598:0x102004600]    17312 ms: Scavenge 115.4 (140.0) -> 112.9 (147.0) MB, 15.7 / 0 ms [allocation failure].
[62598:0x102004600]    17329 ms: Scavenge 122.4 (147.0) -> 119.7 (153.0) MB, 14.8 / 0 ms [allocation failure].
[62598:0x102004600]    17347 ms: Scavenge 128.7 (153.0) -> 126.1 (160.0) MB, 16.2 / 0 ms [allocation failure].
[62598:0x102004600]    17364 ms: Scavenge 135.5 (160.0) -> 132.8 (166.0) MB, 14.9 / 0 ms [allocation failure].
[62598:0x102004600]    17384 ms: Scavenge 141.9 (166.0) -> 139.3 (173.0) MB, 17.9 / 0 ms [allocation failure].
[62598:0x102004600]    17409 ms: Scavenge 148.5 (173.0) -> 145.9 (180.0) MB, 21.5 / 0 ms [allocation failure].
[62598:0x102004600]    17431 ms: Scavenge 155.0 (180.0) -> 152.4 (186.0) MB, 18.4 / 0 ms [allocation failure].
[62598:0x102004600]    17448 ms: Scavenge 161.6 (186.0) -> 159.0 (193.0) MB, 15.1 / 0 ms [allocation failure].
[62598:0x102004600]    17469 ms: Scavenge 168.2 (193.0) -> 165.5 (200.0) MB, 18.6 / 0 ms [allocation failure].
[62598:0x102004600]    17486 ms: Scavenge 174.8 (200.0) -> 172.1 (206.0) MB, 15.5 / 0 ms [allocation failure].
[62598:0x102004600]    17512 ms: Scavenge 181.3 (206.0) -> 178.7 (213.0) MB, 23.0 / 0 ms [allocation failure].
[62598:0x102004600]    17534 ms: Scavenge 187.9 (213.0) -> 185.2 (220.0) MB, 20.3 / 0 ms [allocation failure].
[62598:0x102004600]    17553 ms: Scavenge 194.4 (220.0) -> 191.8 (226.0) MB, 16.1 / 0 ms [allocation failure].
[62598:0x102004600]    17570 ms: Scavenge 201.0 (226.0) -> 198.4 (233.0) MB, 15.2 / 0 ms [allocation failure].
[62598:0x102004600]    17588 ms: Scavenge 207.5 (233.0) -> 204.9 (240.0) MB, 15.7 / 0 ms [allocation failure].
[62598:0x102004600]    17605 ms: Scavenge 214.1 (240.0) -> 211.5 (246.0) MB, 14.8 / 0 ms [allocation failure].
[62598:0x102004600]    17625 ms: Scavenge 220.7 (246.0) -> 218.0 (253.0) MB, 18.3 / 0 ms [allocation failure].
[62598:0x102004600]    17647 ms: Scavenge 227.2 (253.0) -> 224.6 (260.0) MB, 19.6 / 0 ms [allocation failure].
[62598:0x102004600]    17669 ms: Scavenge 233.8 (260.0) -> 231.2 (266.0) MB, 19.5 / 0 ms [allocation failure].
[62598:0x102004600]    17687 ms: Scavenge 240.3 (266.0) -> 237.7 (273.0) MB, 15.4 / 0 ms [allocation failure].
[62598:0x102004600]    17712 ms: Scavenge 246.9 (273.0) -> 244.3 (280.0) MB, 17.1 / 0 ms (+ 5.3 ms in 147 steps since last GC) [allocation failure].
[62598:0x102004600]    17737 ms: Scavenge 253.5 (280.0) -> 250.8 (286.0) MB, 17.1 / 0 ms (+ 5.4 ms in 147 steps since last GC) [allocation failure].
[62598:0x102004600]    17761 ms: Scavenge 260.0 (286.0) -> 257.4 (293.0) MB, 16.8 / 0 ms (+ 5.5 ms in 147 steps since last GC) [allocation failure].
[62598:0x102004600]    17769 ms: Mark-sweep 258.7 (293.0) -> 29.4 (69.0) MB, 6.5 / 0 ms (+ 16.8 ms in 459 steps since start of marking, biggest step 0.1 ms) [GC interrupt] [GC in old space requested].
[62598:0x102004600]    17785 ms: Scavenge 44.3 (69.0) -> 40.0 (69.0) MB, 12.4 / 0 ms [allocation failure].
[62598:0x102004600]    17805 ms: Scavenge 45.2 (69.0) -> 43.7 (79.0) MB, 19.0 / 0 ms [allocation failure].
[62598:0x102004600]    17821 ms: Scavenge 55.8 (79.0) -> 52.3 (83.0) MB, 13.2 / 0 ms [allocation failure].
[62598:0x102004600]    17840 ms: Scavenge 59.4 (83.0) -> 57.4 (91.0) MB, 17.5 / 0 ms [allocation failure].
[62598:0x102004600]    17857 ms: Scavenge 68.1 (91.0) -> 65.0 (97.0) MB, 14.5 / 0 ms [allocation failure].
[62598:0x102004600]    17875 ms: Scavenge 73.2 (97.0) -> 70.8 (104.0) MB, 16.2 / 0 ms [allocation failure].
[62598:0x102004600]    17893 ms: Scavenge 80.8 (104.0) -> 77.9 (110.0) MB, 15.1 / 0 ms [allocation failure].
[62598:0x102004600]    17919 ms: Scavenge 86.6 (110.0) -> 84.1 (117.0) MB, 23.4 / 0 ms [allocation failure].
[62598:0x102004600]    17939 ms: Scavenge 93.7 (117.0) -> 90.9 (124.0) MB, 18.1 / 0 ms [allocation failure].
[62598:0x102004600]    17962 ms: Scavenge 99.9 (124.0) -> 97.3 (131.0) MB, 20.9 / 0 ms [allocation failure].
[62598:0x102004600]    17987 ms: Scavenge 106.7 (131.0) -> 104.0 (137.0) MB, 21.8 / 0 ms [allocation failure].
[62598:0x102004600]    18006 ms: Scavenge 113.1 (137.0) -> 110.5 (144.0) MB, 16.6 / 0 ms [allocation failure].
[62598:0x102004600]    18024 ms: Scavenge 119.8 (144.0) -> 117.1 (150.0) MB, 16.2 / 0 ms [allocation failure].
[62598:0x102004600]    18042 ms: Scavenge 126.2 (150.0) -> 123.6 (157.0) MB, 15.6 / 0 ms [allocation failure].
[62598:0x102004600]    18070 ms: Scavenge 132.8 (157.0) -> 130.2 (164.0) MB, 17.3 / 0 ms (+ 7.8 ms in 148 steps since last GC) [allocation failure].
[62598:0x102004600]    18107 ms: Scavenge 139.4 (164.0) -> 136.7 (171.0) MB, 28.1 / 0 ms (+ 5.7 ms in 146 steps since last GC) [allocation failure].
[62598:0x102004600]    18148 ms: Scavenge 146.0 (171.0) -> 143.3 (177.0) MB, 28.3 / 0 ms (+ 9.3 ms in 147 steps since last GC) [allocation failure].
[62598:0x102004600]    18157 ms: Mark-sweep 145.7 (177.0) -> 30.6 (69.0) MB, 7.0 / 0 ms (+ 24.0 ms in 477 steps since start of marking, biggest step 0.2 ms) [GC interrupt] [GC in old space requested].
[62598:0x102004600]    18171 ms: Scavenge 44.6 (69.0) -> 40.6 (69.0) MB, 11.1 / 0 ms [allocation failure].
[62598:0x102004600]    18195 ms: Scavenge 46.3 (69.0) -> 44.7 (79.0) MB, 22.3 / 0 ms [allocation failure].
[62598:0x102004600]    18217 ms: Scavenge 56.4 (79.0) -> 53.0 (84.0) MB, 18.1 / 0 ms [allocation failure].
[62598:0x102004600]    18236 ms: Scavenge 60.4 (84.0) -> 58.3 (92.0) MB, 17.5 / 0 ms [allocation failure].
[62598:0x102004600]    18253 ms: Scavenge 68.8 (92.0) -> 65.8 (97.0) MB, 14.7 / 0 ms [allocation failure].
[62598:0x102004600]    18271 ms: Scavenge 74.1 (97.0) -> 71.7 (105.0) MB, 16.0 / 0 ms [allocation failure].
[62598:0x102004600]    18287 ms: Scavenge 81.5 (105.0) -> 78.7 (111.0) MB, 14.6 / 0 ms [allocation failure].
[62598:0x102004600]    18309 ms: Scavenge 87.4 (111.0) -> 84.9 (118.0) MB, 19.4 / 0 ms [allocation failure].
[62598:0x102004600]    18328 ms: Scavenge 94.5 (118.0) -> 91.7 (125.0) MB, 16.0 / 0 ms [allocation failure].
[62598:0x102004600]    18352 ms: Scavenge 100.7 (125.0) -> 98.1 (131.0) MB, 21.8 / 0 ms [allocation failure].
[62598:0x102004600]    18375 ms: Scavenge 107.5 (131.0) -> 104.8 (138.0) MB, 20.4 / 0 ms [allocation failure].
[62598:0x102004600]    18393 ms: Scavenge 113.9 (138.0) -> 111.3 (145.0) MB, 15.5 / 0 ms [allocation failure].
[62598:0x102004600]    18410 ms: Scavenge 120.6 (145.0) -> 117.9 (151.0) MB, 15.2 / 0 ms [allocation failure].
[62598:0x102004600]    18433 ms: Scavenge 127.0 (151.0) -> 124.4 (158.0) MB, 19.9 / 0 ms [allocation failure].
[62598:0x102004600]    18459 ms: Scavenge 133.7 (158.0) -> 131.0 (165.0) MB, 19.0 / 0 ms (+ 5.2 ms in 147 steps since last GC) [allocation failure].
[62598:0x102004600]    18484 ms: Scavenge 140.2 (165.0) -> 137.6 (171.0) MB, 17.0 / 0 ms (+ 5.7 ms in 147 steps since last GC) [allocation failure].
[62598:0x102004600]    18510 ms: Scavenge 146.8 (171.0) -> 144.1 (178.0) MB, 17.7 / 0 ms (+ 5.8 ms in 147 steps since last GC) [allocation failure].
[62598:0x102004600]    18526 ms: Mark-sweep 149.5 (178.0) -> 33.6 (70.0) MB, 11.4 / 0 ms (+ 19.6 ms in 527 steps since start of marking, biggest step 0.1 ms) [GC interrupt] [GC in old space requested].
[62598:0x102004600]    18544 ms: Scavenge 45.4 (70.0) -> 42.0 (72.0) MB, 15.6 / 0 ms [allocation failure].
[62598:0x102004600]    18563 ms: Scavenge 49.3 (72.0) -> 47.2 (81.0) MB, 16.5 / 0 ms [allocation failure].
[62598:0x102004600]    18580 ms: Scavenge 57.8 (81.0) -> 54.8 (86.0) MB, 14.6 / 0 ms [allocation failure].
[62598:0x102004600]    18600 ms: Scavenge 63.0 (86.0) -> 60.6 (94.0) MB, 18.0 / 0 ms [allocation failure].
[62598:0x102004600]    18616 ms: Scavenge 70.5 (94.0) -> 67.7 (100.0) MB, 14.4 / 0 ms [allocation failure].
[62598:0x102004600]    18634 ms: Scavenge 76.4 (100.0) -> 73.9 (107.0) MB, 15.7 / 0 ms [allocation failure].
[62598:0x102004600]    18656 ms: Scavenge 83.4 (107.0) -> 80.7 (113.0) MB, 20.2 / 0 ms [allocation failure].
[62598:0x102004600]    18678 ms: Scavenge 89.6 (113.0) -> 87.1 (120.0) MB, 18.8 / 0 ms [allocation failure].
[62598:0x102004600]    18700 ms: Scavenge 96.5 (120.0) -> 93.8 (127.0) MB, 18.9 / 0 ms [allocation failure].
[62598:0x102004600]    18719 ms: Scavenge 102.8 (127.0) -> 100.2 (133.0) MB, 16.6 / 0 ms [allocation failure].
[62598:0x102004600]    18737 ms: Scavenge 109.5 (133.0) -> 106.9 (140.0) MB, 15.9 / 0 ms [allocation failure].
[62598:0x102004600]    18755 ms: Scavenge 116.0 (140.0) -> 113.4 (147.0) MB, 15.7 / 0 ms [allocation failure].
[62598:0x102004600]    18773 ms: Scavenge 122.6 (147.0) -> 120.0 (153.0) MB, 15.3 / 0 ms [allocation failure].
[62598:0x102004600]    18790 ms: Scavenge 129.1 (153.0) -> 126.5 (160.0) MB, 15.2 / 0 ms [allocation failure].
[62598:0x102004600]    18818 ms: Scavenge 135.7 (160.0) -> 133.1 (167.0) MB, 20.8 / 0 ms (+ 5.2 ms in 148 steps since last GC) [allocation failure].
[62598:0x102004600]    18846 ms: Scavenge 142.3 (167.0) -> 139.6 (173.0) MB, 20.2 / 0 ms (+ 5.2 ms in 146 steps since last GC) [allocation failure].
[62598:0x102004600]    18882 ms: Scavenge 148.8 (173.0) -> 146.2 (180.0) MB, 25.4 / 0 ms (+ 7.9 ms in 147 steps since last GC) [allocation failure].
[62598:0x102004600]    18909 ms: Scavenge 155.4 (180.0) -> 152.8 (187.0) MB, 18.0 / 0 ms (+ 6.8 ms in 147 steps since last GC) [allocation failure].
[62598:0x102004600]    18922 ms: Mark-sweep 156.3 (187.0) -> 40.9 (79.0) MB, 10.0 / 0 ms (+ 27.1 ms in 643 steps since start of marking, biggest step 0.2 ms) [GC interrupt] [GC in old space requested].
[62598:0x102004600]    18938 ms: Scavenge 54.1 (79.0) -> 50.3 (80.0) MB, 11.9 / 0 ms [allocation failure].
[62598:0x102004600]    18957 ms: Scavenge 56.6 (80.0) -> 54.8 (89.0) MB, 18.0 / 0 ms [allocation failure].
[62598:0x102004600]    18973 ms: Scavenge 66.0 (89.0) -> 62.8 (94.0) MB, 13.4 / 0 ms [allocation failure].
[62598:0x102004600]    18991 ms: Scavenge 70.6 (94.0) -> 68.3 (102.0) MB, 16.1 / 0 ms [allocation failure].
[62598:0x102004600]    19008 ms: Scavenge 78.6 (102.0) -> 75.6 (108.0) MB, 14.4 / 0 ms [allocation failure].
[62598:0x102004600]    19025 ms: Scavenge 84.1 (108.0) -> 81.7 (115.0) MB, 15.6 / 0 ms [allocation failure].
[62598:0x102004600]    19041 ms: Scavenge 91.4 (115.0) -> 88.6 (121.0) MB, 14.3 / 0 ms [allocation failure].
[62598:0x102004600]    19059 ms: Scavenge 97.4 (121.0) -> 94.9 (128.0) MB, 15.5 / 0 ms [allocation failure].
[62598:0x102004600]    19075 ms: Scavenge 104.4 (128.0) -> 101.7 (135.0) MB, 14.5 / 0 ms [allocation failure].
[62598:0x102004600]    19094 ms: Scavenge 110.7 (135.0) -> 108.1 (142.0) MB, 16.8 / 0 ms [allocation failure].
[62598:0x102004600]    19112 ms: Scavenge 117.4 (142.0) -> 114.7 (148.0) MB, 15.3 / 0 ms [allocation failure].
[62598:0x102004600]    19129 ms: Scavenge 123.8 (148.0) -> 121.2 (155.0) MB, 14.9 / 0 ms [allocation failure].
[62598:0x102004600]    19146 ms: Scavenge 130.5 (155.0) -> 127.8 (161.0) MB, 14.9 / 0 ms [allocation failure].
[62598:0x102004600]    19163 ms: Scavenge 137.0 (161.0) -> 134.4 (168.0) MB, 15.2 / 0 ms [allocation failure].
[62598:0x102004600]    19180 ms: Scavenge 143.6 (168.0) -> 141.0 (175.0) MB, 15.1 / 0 ms [allocation failure].
[62598:0x102004600]    19197 ms: Scavenge 150.1 (175.0) -> 147.5 (181.0) MB, 15.2 / 0 ms [allocation failure].
[62598:0x102004600]    19214 ms: Scavenge 156.7 (181.0) -> 154.1 (188.0) MB, 15.1 / 0 ms [allocation failure].
[62598:0x102004600]    19231 ms: Scavenge 163.2 (188.0) -> 160.6 (195.0) MB, 14.7 / 0 ms [allocation failure].
[62598:0x102004600]    19257 ms: Scavenge 169.8 (195.0) -> 167.2 (201.0) MB, 17.2 / 0 ms (+ 6.3 ms in 147 steps since last GC) [allocation failure].
[62598:0x102004600]    19280 ms: Scavenge 176.4 (201.0) -> 173.7 (208.0) MB, 16.3 / 0 ms (+ 4.8 ms in 147 steps since last GC) [allocation failure].
[62598:0x102004600]    19298 ms: Mark-sweep 181.4 (208.0) -> 26.7 (62.0) MB, 11.5 / 0 ms (+ 15.5 ms in 417 steps since start of marking, biggest step 0.1 ms) [GC interrupt] [GC in old space requested].
[62598:0x102004600]    19319 ms: Scavenge 36.9 (62.0) -> 34.0 (65.0) MB, 18.3 / 0 ms [allocation failure].
[62598:0x102004600]    19338 ms: Scavenge 42.4 (65.0) -> 40.0 (73.0) MB, 16.2 / 0 ms [allocation failure].
[62598:0x102004600]    19355 ms: Scavenge 49.7 (73.0) -> 46.9 (79.0) MB, 14.6 / 0 ms [allocation failure].
[62598:0x102004600]    19373 ms: Scavenge 55.7 (79.0) -> 53.2 (86.0) MB, 15.6 / 0 ms [allocation failure].
[62598:0x102004600]    19389 ms: Scavenge 62.7 (86.0) -> 60.0 (92.0) MB, 14.8 / 0 ms [allocation failure].
[62598:0x102004600]    19407 ms: Scavenge 69.0 (92.0) -> 66.4 (99.0) MB, 15.3 / 0 ms [allocation failure].
[62598:0x102004600]    19424 ms: Scavenge 75.7 (99.0) -> 73.1 (106.0) MB, 15.2 / 0 ms [allocation failure].
[62598:0x102004600]    19441 ms: Scavenge 82.1 (106.0) -> 79.5 (112.0) MB, 15.2 / 0 ms [allocation failure].
[62598:0x102004600]    19459 ms: Scavenge 88.8 (112.0) -> 86.2 (119.0) MB, 15.2 / 0 ms [allocation failure].
[62598:0x102004600]    19477 ms: Scavenge 95.3 (119.0) -> 92.7 (126.0) MB, 15.9 / 0 ms [allocation failure].
[62598:0x102004600]    19506 ms: Scavenge 101.9 (126.0) -> 99.3 (132.0) MB, 21.4 / 0 ms (+ 5.4 ms in 147 steps since last GC) [allocation failure].
[62598:0x102004600]    19532 ms: Scavenge 108.4 (132.0) -> 105.8 (139.0) MB, 17.3 / 0 ms (+ 6.1 ms in 147 steps since last GC) [allocation failure].
[62598:0x102004600]    19565 ms: Scavenge 115.0 (139.0) -> 112.4 (146.0) MB, 23.6 / 0 ms (+ 6.4 ms in 147 steps since last GC) [allocation failure].
[62598:0x102004600]    19595 ms: Scavenge 121.6 (146.0) -> 118.9 (152.0) MB, 19.9 / 0 ms (+ 7.5 ms in 146 steps since last GC) [allocation failure].
[62598:0x102004600]    19624 ms: Scavenge 128.1 (152.0) -> 125.5 (159.0) MB, 20.8 / 0 ms (+ 6.3 ms in 147 steps since last GC) [allocation failure].
[62598:0x102004600]    19655 ms: Scavenge 134.7 (159.0) -> 132.1 (166.0) MB, 22.8 / 0 ms (+ 5.8 ms in 147 steps since last GC) [allocation failure].
[62598:0x102004600]    19663 ms: Mark-sweep 132.5 (166.0) -> 56.1 (97.0) MB, 7.2 / 0 ms (+ 37.9 ms in 888 steps since start of marking, biggest step 0.2 ms) [GC interrupt] [GC in old space requested].
[62598:0x102004600]    19678 ms: Scavenge 71.5 (97.0) -> 67.1 (97.0) MB, 10.2 / 0 ms [allocation failure].
[62598:0x102004600]    19708 ms: Scavenge 71.8 (97.0) -> 70.5 (106.0) MB, 28.3 / 0 ms [allocation failure].
[62598:0x102004600]    19724 ms: Scavenge 82.8 (106.0) -> 79.3 (110.0) MB, 12.9 / 0 ms [allocation failure].
[62598:0x102004600]    19744 ms: Scavenge 86.2 (110.0) -> 84.2 (119.0) MB, 18.0 / 0 ms [allocation failure].
[62598:0x102004600]    19760 ms: Scavenge 95.0 (119.0) -> 92.0 (124.0) MB, 14.1 / 0 ms [allocation failure].
[62598:0x102004600]    19789 ms: Scavenge 100.0 (124.0) -> 97.7 (132.0) MB, 26.7 / 0 ms [allocation failure].
[62598:0x102004600]    19808 ms: Scavenge 107.7 (132.0) -> 104.8 (137.0) MB, 16.8 / 0 ms [allocation failure].
[62598:0x102004600]    19827 ms: Scavenge 113.4 (137.0) -> 111.0 (145.0) MB, 16.7 / 0 ms [allocation failure].
[62598:0x102004600]    19845 ms: Scavenge 120.6 (145.0) -> 117.8 (151.0) MB, 15.9 / 0 ms [allocation failure].
[62598:0x102004600]    19864 ms: Scavenge 126.7 (151.0) -> 124.2 (158.0) MB, 16.3 / 0 ms [allocation failure].
[62598:0x102004600]    19881 ms: Scavenge 133.6 (158.0) -> 130.9 (164.0) MB, 15.3 / 0 ms [allocation failure].
[62598:0x102004600]    19899 ms: Scavenge 139.9 (164.0) -> 137.3 (171.0) MB, 16.0 / 0 ms [allocation failure].
[62598:0x102004600]    19917 ms: Scavenge 146.6 (171.0) -> 144.0 (178.0) MB, 15.5 / 0 ms [allocation failure].
[62598:0x102004600]    19935 ms: Scavenge 153.1 (178.0) -> 150.5 (185.0) MB, 15.7 / 0 ms [allocation failure].
[62598:0x102004600]    19956 ms: Scavenge 159.7 (185.0) -> 157.1 (191.0) MB, 18.5 / 0 ms [allocation failure].
[62598:0x102004600]    19977 ms: Scavenge 166.2 (191.0) -> 163.6 (198.0) MB, 17.4 / 0 ms [allocation failure].
[62598:0x102004600]    19997 ms: Scavenge 172.8 (198.0) -> 170.2 (204.0) MB, 17.9 / 0 ms [allocation failure].
[62598:0x102004600]    20019 ms: Scavenge 179.4 (204.0) -> 176.8 (211.0) MB, 20.4 / 0 ms [allocation failure].
[62598:0x102004600]    20042 ms: Scavenge 186.0 (211.0) -> 183.3 (218.0) MB, 20.1 / 0 ms [allocation failure].
[62598:0x102004600]    20064 ms: Scavenge 192.5 (218.0) -> 189.9 (224.0) MB, 20.1 / 0 ms [allocation failure].
[62598:0x102004600]    20082 ms: Scavenge 199.1 (224.0) -> 196.4 (231.0) MB, 15.5 / 0 ms [allocation failure].
[62598:0x102004600]    20103 ms: Scavenge 205.6 (231.0) -> 203.0 (238.0) MB, 17.0 / 0 ms [allocation failure].
[62598:0x102004600]    20121 ms: Scavenge 212.2 (238.0) -> 209.6 (244.0) MB, 15.4 / 0 ms [allocation failure].
[62598:0x102004600]    20139 ms: Scavenge 218.7 (244.0) -> 216.1 (251.0) MB, 15.7 / 0 ms [allocation failure].
[62598:0x102004600]    20157 ms: Scavenge 225.3 (251.0) -> 222.7 (258.0) MB, 15.5 / 0 ms [allocation failure].
[62598:0x102004600]    20175 ms: Scavenge 231.9 (258.0) -> 229.2 (264.0) MB, 15.9 / 0 ms [allocation failure].
[62598:0x102004600]    20193 ms: Scavenge 238.4 (264.0) -> 235.8 (271.0) MB, 16.0 / 0 ms [allocation failure].
[62598:0x102004600]    20217 ms: Scavenge 245.0 (271.0) -> 242.4 (278.0) MB, 17.1 / 0 ms (+ 5.1 ms in 146 steps since last GC) [allocation failure].
[62598:0x102004600]    20241 ms: Scavenge 251.5 (278.0) -> 248.9 (284.0) MB, 16.9 / 0 ms (+ 4.9 ms in 147 steps since last GC) [allocation failure].
[62598:0x102004600]    20254 ms: Mark-sweep 252.8 (284.0) -> 22.9 (60.0) MB, 9.2 / 0 ms (+ 12.4 ms in 356 steps since start of marking, biggest step 0.2 ms) [GC interrupt] [GC in old space requested].
[62598:0x102004600]    20270 ms: Scavenge 35.8 (60.0) -> 32.1 (61.0) MB, 13.4 / 0 ms [allocation failure].
[62598:0x102004600]    20294 ms: Scavenge 38.6 (61.0) -> 36.7 (71.0) MB, 22.2 / 0 ms [allocation failure].
[62598:0x102004600]    20310 ms: Scavenge 47.8 (71.0) -> 44.7 (76.0) MB, 13.6 / 0 ms [allocation failure].
[62598:0x102004600]    20329 ms: Scavenge 52.5 (76.0) -> 50.2 (84.0) MB, 16.3 / 0 ms [allocation failure].
[62598:0x102004600]    20346 ms: Scavenge 60.4 (84.0) -> 57.5 (89.0) MB, 14.8 / 0 ms [allocation failure].
[62598:0x102004600]    20367 ms: Scavenge 66.0 (89.0) -> 63.6 (97.0) MB, 18.4 / 0 ms [allocation failure].
[62598:0x102004600]    20385 ms: Scavenge 73.2 (97.0) -> 70.5 (103.0) MB, 15.3 / 0 ms [allocation failure].
[62598:0x102004600]    20403 ms: Scavenge 79.3 (103.0) -> 76.8 (110.0) MB, 16.0 / 0 ms [allocation failure].
[62598:0x102004600]    20421 ms: Scavenge 86.2 (110.0) -> 83.5 (116.0) MB, 15.6 / 0 ms [allocation failure].
[62598:0x102004600]    20439 ms: Scavenge 92.5 (116.0) -> 90.0 (123.0) MB, 16.0 / 0 ms [allocation failure].
[62598:0x102004600]    20463 ms: Scavenge 99.3 (123.0) -> 96.6 (130.0) MB, 16.5 / 0 ms (+ 5.3 ms in 149 steps since last GC) [allocation failure].
[62598:0x102004600]    20493 ms: Scavenge 105.7 (130.0) -> 103.1 (136.0) MB, 18.8 / 0 ms (+ 7.8 ms in 145 steps since last GC) [allocation failure].
[62598:0x102004600]    20519 ms: Scavenge 112.4 (136.0) -> 109.7 (143.0) MB, 17.1 / 0 ms (+ 6.5 ms in 148 steps since last GC) [allocation failure].
[62598:0x102004600]    20544 ms: Scavenge 118.9 (143.0) -> 116.2 (150.0) MB, 17.3 / 0 ms (+ 5.3 ms in 146 steps since last GC) [allocation failure].
[62598:0x102004600]    20566 ms: Mark-sweep 124.9 (150.0) -> 46.2 (81.0) MB, 14.7 / 0 ms (+ 29.9 ms in 727 steps since start of marking, biggest step 0.1 ms) [GC interrupt] [GC in old space requested].
[62598:0x102004600]    20583 ms: Scavenge 55.7 (81.0) -> 52.9 (85.0) MB, 14.6 / 0 ms [allocation failure].
[62598:0x102004600]    20602 ms: Scavenge 61.9 (85.0) -> 59.3 (92.0) MB, 15.9 / 0 ms [allocation failure].
[62598:0x102004600]    20619 ms: Scavenge 68.7 (92.0) -> 66.0 (98.0) MB, 15.1 / 0 ms [allocation failure].
[62598:0x102004600]    20636 ms: Scavenge 75.1 (98.0) -> 72.5 (105.0) MB, 15.1 / 0 ms [allocation failure].
[62598:0x102004600]    20655 ms: Scavenge 81.8 (105.0) -> 79.1 (112.0) MB, 16.9 / 0 ms [allocation failure].
[62598:0x102004600]    20674 ms: Scavenge 88.2 (112.0) -> 85.6 (119.0) MB, 16.5 / 0 ms [allocation failure].
[62598:0x102004600]    20692 ms: Scavenge 94.9 (119.0) -> 92.2 (125.0) MB, 15.5 / 0 ms [allocation failure].
[62598:0x102004600]    20714 ms: Scavenge 101.4 (125.0) -> 98.8 (132.0) MB, 17.9 / 0 ms [allocation failure].
[62598:0x102004600]    20732 ms: Scavenge 108.0 (132.0) -> 105.3 (139.0) MB, 16.1 / 0 ms [allocation failure].
[62598:0x102004600]    20750 ms: Scavenge 114.5 (139.0) -> 111.9 (145.0) MB, 15.6 / 0 ms [allocation failure].
[62598:0x102004600]    20768 ms: Scavenge 121.1 (145.0) -> 118.5 (152.0) MB, 15.7 / 0 ms [allocation failure].
[62598:0x102004600]    20786 ms: Scavenge 127.6 (152.0) -> 125.0 (159.0) MB, 15.5 / 0 ms [allocation failure].
[62598:0x102004600]    20803 ms: Scavenge 134.2 (159.0) -> 131.6 (165.0) MB, 15.6 / 0 ms [allocation failure].
[62598:0x102004600]    20822 ms: Scavenge 140.8 (165.0) -> 138.1 (172.0) MB, 16.6 / 0 ms [allocation failure].
[62598:0x102004600]    20844 ms: Scavenge 147.3 (172.0) -> 144.7 (179.0) MB, 19.2 / 0 ms [allocation failure].
[62598:0x102004600]    20865 ms: Scavenge 153.9 (179.0) -> 151.3 (185.0) MB, 18.2 / 0 ms [allocation failure].
[62598:0x102004600]    20883 ms: Scavenge 160.4 (185.0) -> 157.8 (192.0) MB, 15.3 / 0 ms [allocation failure].
[62598:0x102004600]    20900 ms: Scavenge 167.0 (192.0) -> 164.4 (199.0) MB, 15.6 / 0 ms [allocation failure].
[62598:0x102004600]    20919 ms: Scavenge 173.6 (199.0) -> 170.9 (205.0) MB, 15.9 / 0 ms [allocation failure].
[62598:0x102004600]    20945 ms: Scavenge 180.1 (205.0) -> 177.5 (212.0) MB, 17.1 / 0 ms (+ 6.1 ms in 147 steps since last GC) [allocation failure].
[62598:0x102004600]    20974 ms: Scavenge 186.7 (212.0) -> 184.1 (219.0) MB, 20.2 / 0 ms (+ 5.5 ms in 147 steps since last GC) [allocation failure].
[62598:0x102004600]    21000 ms: Scavenge 193.2 (219.0) -> 190.6 (225.0) MB, 17.0 / 0 ms (+ 6.3 ms in 146 steps since last GC) [allocation failure].
[62598:0x102004600]    21024 ms: Scavenge 199.8 (225.0) -> 197.2 (232.0) MB, 17.0 / 0 ms (+ 5.6 ms in 147 steps since last GC) [allocation failure].
[62598:0x102004600]    21049 ms: Scavenge 206.4 (232.0) -> 203.7 (239.0) MB, 17.3 / 0 ms (+ 5.5 ms in 147 steps since last GC) [allocation failure].
[62598:0x102004600]    21079 ms: Scavenge 212.9 (239.0) -> 210.3 (245.0) MB, 21.1 / 0 ms (+ 6.1 ms in 147 steps since last GC) [allocation failure].
[62598:0x102004600]    21099 ms: Mark-sweep 217.0 (245.0) -> 62.6 (99.0) MB, 15.0 / 0 ms (+ 38.8 ms in 989 steps since start of marking, biggest step 0.2 ms) [GC interrupt] [GC in old space requested].
[62598:0x102004600]    21118 ms: Scavenge 73.5 (99.0) -> 70.3 (102.0) MB, 15.9 / 0 ms [allocation failure].
[62598:0x102004600]    21136 ms: Scavenge 78.3 (102.0) -> 76.0 (110.0) MB, 16.3 / 0 ms [allocation failure].
[62598:0x102004600]    21154 ms: Scavenge 86.1 (110.0) -> 83.2 (115.0) MB, 15.3 / 0 ms [allocation failure].
[62598:0x102004600]    21178 ms: Scavenge 91.7 (115.0) -> 89.3 (123.0) MB, 21.1 / 0 ms [allocation failure].
[62598:0x102004600]    21196 ms: Scavenge 98.9 (123.0) -> 96.2 (129.0) MB, 16.4 / 0 ms [allocation failure].
[62598:0x102004600]    21214 ms: Scavenge 105.0 (129.0) -> 102.5 (136.0) MB, 15.8 / 0 ms [allocation failure].
[62598:0x102004600]    21232 ms: Scavenge 111.9 (136.0) -> 109.2 (142.0) MB, 15.5 / 0 ms [allocation failure].
[62598:0x102004600]    21250 ms: Scavenge 118.3 (142.0) -> 115.7 (149.0) MB, 15.8 / 0 ms [allocation failure].
[62598:0x102004600]    21267 ms: Scavenge 125.0 (149.0) -> 122.3 (156.0) MB, 15.2 / 0 ms [allocation failure].
[62598:0x102004600]    21285 ms: Scavenge 131.4 (156.0) -> 128.8 (163.0) MB, 15.5 / 0 ms [allocation failure].
[62598:0x102004600]    21303 ms: Scavenge 138.1 (163.0) -> 135.4 (169.0) MB, 15.7 / 0 ms [allocation failure].
[62598:0x102004600]    21320 ms: Scavenge 144.6 (169.0) -> 142.0 (176.0) MB, 15.7 / 0 ms [allocation failure].
[62598:0x102004600]    21338 ms: Scavenge 151.2 (176.0) -> 148.5 (182.0) MB, 15.6 / 0 ms [allocation failure].
[62598:0x102004600]    21357 ms: Scavenge 157.7 (182.0) -> 155.1 (189.0) MB, 15.9 / 0 ms [allocation failure].
[62598:0x102004600]    21375 ms: Scavenge 164.3 (189.0) -> 161.7 (196.0) MB, 16.4 / 0 ms [allocation failure].
[62598:0x102004600]    21397 ms: Scavenge 170.8 (196.0) -> 168.2 (202.0) MB, 19.4 / 0 ms [allocation failure].
[62598:0x102004600]    21418 ms: Scavenge 177.4 (202.0) -> 174.8 (209.0) MB, 18.9 / 0 ms [allocation failure].
[62598:0x102004600]    21436 ms: Scavenge 184.0 (209.0) -> 181.3 (216.0) MB, 15.7 / 0 ms [allocation failure].
[62598:0x102004600]    21454 ms: Scavenge 190.5 (216.0) -> 187.9 (222.0) MB, 15.9 / 0 ms [allocation failure].
[62598:0x102004600]    21472 ms: Scavenge 197.1 (222.0) -> 194.5 (229.0) MB, 15.8 / 0 ms [allocation failure].
[62598:0x102004600]    21490 ms: Scavenge 203.6 (229.0) -> 201.0 (236.0) MB, 15.9 / 0 ms [allocation failure].
[62598:0x102004600]    21508 ms: Scavenge 210.2 (236.0) -> 207.6 (242.0) MB, 16.6 / 0 ms [allocation failure].
[62598:0x102004600]    21531 ms: Scavenge 216.8 (242.0) -> 214.1 (249.0) MB, 20.6 / 0 ms [allocation failure].
[62598:0x102004600]    21552 ms: Scavenge 223.3 (249.0) -> 220.7 (256.0) MB, 17.3 / 0 ms [allocation failure].
[62598:0x102004600]    21570 ms: Scavenge 229.9 (256.0) -> 227.3 (262.0) MB, 15.9 / 0 ms [allocation failure].
[62598:0x102004600]    21588 ms: Scavenge 236.4 (262.0) -> 233.8 (269.0) MB, 15.6 / 0 ms [allocation failure].
[62598:0x102004600]    21607 ms: Scavenge 243.0 (269.0) -> 240.4 (276.0) MB, 16.4 / 0 ms [allocation failure].
[62598:0x102004600]    21631 ms: Scavenge 249.6 (276.0) -> 246.9 (282.0) MB, 17.2 / 0 ms (+ 5.3 ms in 146 steps since last GC) [allocation failure].
[62598:0x102004600]    21657 ms: Scavenge 256.1 (282.0) -> 253.5 (289.0) MB, 17.9 / 0 ms (+ 5.5 ms in 147 steps since last GC) [allocation failure].
[62598:0x102004600]    21682 ms: Scavenge 262.7 (289.0) -> 260.1 (296.0) MB, 17.3 / 0 ms (+ 5.6 ms in 147 steps since last GC) [allocation failure].
[62598:0x102004600]    21706 ms: Scavenge 269.2 (296.0) -> 266.6 (302.0) MB, 17.2 / 0 ms (+ 4.9 ms in 147 steps since last GC) [allocation failure].
[62598:0x102004600]    21715 ms: Mark-sweep 268.3 (302.0) -> 38.9 (78.0) MB, 7.4 / 0 ms (+ 22.3 ms in 613 steps since start of marking, biggest step 0.2 ms) [GC interrupt] [GC in old space requested].
[62598:0x102004600]    21732 ms: Scavenge 53.5 (78.0) -> 49.3 (78.0) MB, 12.5 / 0 ms [allocation failure].
[62598:0x102004600]    21752 ms: Scavenge 54.7 (78.0) -> 53.1 (88.0) MB, 18.9 / 0 ms [allocation failure].
[62598:0x102004600]    21768 ms: Scavenge 65.1 (88.0) -> 61.7 (92.0) MB, 13.3 / 0 ms [allocation failure].
[62598:0x102004600]    21787 ms: Scavenge 68.9 (92.0) -> 66.8 (101.0) MB, 17.3 / 0 ms [allocation failure].
[62598:0x102004600]    21807 ms: Scavenge 77.4 (101.0) -> 74.4 (106.0) MB, 16.9 / 0 ms [allocation failure].
[62598:0x102004600]    21832 ms: Scavenge 82.6 (106.0) -> 80.2 (114.0) MB, 23.3 / 0 ms [allocation failure].
[62598:0x102004600]    21852 ms: Scavenge 90.1 (114.0) -> 87.3 (120.0) MB, 17.0 / 0 ms [allocation failure].
[62598:0x102004600]    21870 ms: Scavenge 96.0 (120.0) -> 93.5 (127.0) MB, 15.8 / 0 ms [allocation failure].
[62598:0x102004600]    21887 ms: Scavenge 103.0 (127.0) -> 100.3 (133.0) MB, 15.3 / 0 ms [allocation failure].
[62598:0x102004600]    21908 ms: Scavenge 109.2 (133.0) -> 106.7 (140.0) MB, 18.6 / 0 ms [allocation failure].
[62598:0x102004600]    21926 ms: Scavenge 116.1 (140.0) -> 113.4 (147.0) MB, 15.8 / 0 ms [allocation failure].
[62598:0x102004600]    21947 ms: Scavenge 122.4 (147.0) -> 119.9 (153.0) MB, 19.1 / 0 ms [allocation failure].
[62598:0x102004600]    21966 ms: Scavenge 129.1 (153.0) -> 126.5 (160.0) MB, 15.4 / 0 ms [allocation failure].
[62598:0x102004600]    21987 ms: Scavenge 135.6 (160.0) -> 133.0 (167.0) MB, 19.2 / 0 ms [allocation failure].
[62598:0x102004600]    22008 ms: Scavenge 142.2 (167.0) -> 139.6 (173.0) MB, 18.8 / 0 ms [allocation failure].
[62598:0x102004600]    22031 ms: Scavenge 148.7 (173.0) -> 146.1 (180.0) MB, 20.2 / 0 ms [allocation failure].
[62598:0x102004600]    22057 ms: Scavenge 155.3 (180.0) -> 152.7 (187.0) MB, 23.8 / 0 ms [allocation failure].
[62598:0x102004600]    22074 ms: Scavenge 161.9 (187.0) -> 159.3 (193.0) MB, 14.9 / 0 ms [allocation failure].
[62598:0x102004600]    22101 ms: Scavenge 168.5 (193.0) -> 165.8 (200.0) MB, 19.0 / 0 ms (+ 5.2 ms in 147 steps since last GC) [allocation failure].
[62598:0x102004600]    22125 ms: Scavenge 175.0 (200.0) -> 172.4 (207.0) MB, 17.0 / 0 ms (+ 4.8 ms in 147 steps since last GC) [allocation failure].
[62598:0x102004600]    22135 ms: Mark-sweep 175.2 (207.0) -> 21.8 (61.0) MB, 8.0 / 0 ms (+ 11.4 ms in 337 steps since start of marking, biggest step 0.1 ms) [GC interrupt] [GC in old space requested].
[62598:0x102004600]    22151 ms: Scavenge 35.5 (61.0) -> 31.6 (61.0) MB, 12.1 / 0 ms [allocation failure].
[62598:0x102004600]    22177 ms: Scavenge 37.5 (61.0) -> 35.8 (70.0) MB, 24.5 / 0 ms [allocation failure].
[62598:0x102004600]    22195 ms: Scavenge 47.3 (70.0) -> 44.1 (75.0) MB, 15.0 / 0 ms [allocation failure].
[62598:0x102004600]    22220 ms: Scavenge 51.6 (75.0) -> 49.4 (83.0) MB, 22.1 / 0 ms [allocation failure].
[62598:0x102004600]    22240 ms: Scavenge 59.8 (83.0) -> 56.8 (88.0) MB, 17.3 / 0 ms [allocation failure].
[62598:0x102004600]    22259 ms: Scavenge 65.2 (88.0) -> 62.8 (96.0) MB, 16.8 / 0 ms [allocation failure].
[62598:0x102004600]    22276 ms: Scavenge 72.6 (96.0) -> 69.8 (102.0) MB, 14.8 / 0 ms [allocation failure].
[62598:0x102004600]    22295 ms: Scavenge 78.5 (102.0) -> 76.0 (109.0) MB, 16.3 / 0 ms [allocation failure].
[62598:0x102004600]    22313 ms: Scavenge 85.5 (109.0) -> 82.8 (115.0) MB, 15.3 / 0 ms [allocation failure].
[62598:0x102004600]    22330 ms: Scavenge 91.8 (115.0) -> 89.2 (122.0) MB, 15.1 / 0 ms [allocation failure].
[62598:0x102004600]    22354 ms: Scavenge 98.6 (122.0) -> 95.9 (129.0) MB, 16.2 / 0 ms (+ 5.3 ms in 149 steps since last GC) [allocation failure].
[62598:0x102004600]    22378 ms: Scavenge 105.0 (129.0) -> 102.4 (136.0) MB, 17.2 / 0 ms (+ 5.4 ms in 145 steps since last GC) [allocation failure].
[62598:0x102004600]    22403 ms: Scavenge 111.6 (136.0) -> 109.0 (142.0) MB, 16.9 / 0 ms (+ 5.9 ms in 148 steps since last GC) [allocation failure].
[62598:0x102004600]    22433 ms: Scavenge 118.1 (142.0) -> 115.5 (149.0) MB, 23.4 / 0 ms (+ 4.7 ms in 146 steps since last GC) [allocation failure].
[62598:0x102004600]    22452 ms: Mark-sweep 122.1 (149.0) -> 44.0 (80.0) MB, 12.7 / 0 ms (+ 25.3 ms in 690 steps since start of marking, biggest step 0.1 ms) [GC interrupt] [GC in old space requested].
[62598:0x102004600]    22469 ms: Scavenge 55.0 (80.0) -> 51.8 (83.0) MB, 14.1 / 0 ms [allocation failure].
[62598:0x102004600]    22487 ms: Scavenge 59.7 (83.0) -> 57.4 (91.0) MB, 16.1 / 0 ms [allocation failure].
[62598:0x102004600]    22508 ms: Scavenge 67.5 (91.0) -> 64.6 (97.0) MB, 18.3 / 0 ms [allocation failure].
[62598:0x102004600]    22526 ms: Scavenge 73.2 (97.0) -> 70.7 (104.0) MB, 16.3 / 0 ms [allocation failure].
[62598:0x102004600]    22544 ms: Scavenge 80.4 (104.0) -> 77.6 (110.0) MB, 15.4 / 0 ms [allocation failure].
[62598:0x102004600]    22562 ms: Scavenge 86.5 (110.0) -> 83.9 (117.0) MB, 15.6 / 0 ms [allocation failure].
[62598:0x102004600]    22579 ms: Scavenge 93.4 (117.0) -> 90.7 (124.0) MB, 14.9 / 0 ms [allocation failure].
[62598:0x102004600]    22596 ms: Scavenge 99.7 (124.0) -> 97.1 (130.0) MB, 15.8 / 0 ms [allocation failure].
[62598:0x102004600]    22614 ms: Scavenge 106.4 (130.0) -> 103.8 (137.0) MB, 15.6 / 0 ms [allocation failure].
[62598:0x102004600]    22631 ms: Scavenge 112.9 (137.0) -> 110.3 (144.0) MB, 15.2 / 0 ms [allocation failure].
[62598:0x102004600]    22648 ms: Scavenge 119.5 (144.0) -> 116.9 (150.0) MB, 15.1 / 0 ms [allocation failure].
[62598:0x102004600]    22666 ms: Scavenge 126.0 (150.0) -> 123.4 (157.0) MB, 15.4 / 0 ms [allocation failure].
[62598:0x102004600]    22683 ms: Scavenge 132.6 (157.0) -> 130.0 (164.0) MB, 14.9 / 0 ms [allocation failure].
[62598:0x102004600]    22709 ms: Scavenge 139.1 (164.0) -> 136.5 (170.0) MB, 23.6 / 0 ms [allocation failure].
[62598:0x102004600]    22728 ms: Scavenge 145.7 (170.0) -> 143.1 (177.0) MB, 16.8 / 0 ms [allocation failure].
[62598:0x102004600]    22749 ms: Scavenge 152.3 (177.0) -> 149.6 (184.0) MB, 18.2 / 0 ms [allocation failure].
[62598:0x102004600]    22768 ms: Scavenge 158.8 (184.0) -> 156.2 (190.0) MB, 17.3 / 0 ms [allocation failure].
[62598:0x102004600]    22790 ms: Scavenge 165.4 (190.0) -> 162.8 (197.0) MB, 19.2 / 0 ms [allocation failure].
[62598:0x102004600]    22808 ms: Scavenge 172.0 (197.0) -> 169.3 (204.0) MB, 15.5 / 0 ms [allocation failure].
[62598:0x102004600]    22832 ms: Scavenge 178.5 (204.0) -> 175.9 (210.0) MB, 16.7 / 0 ms (+ 5.2 ms in 147 steps since last GC) [allocation failure].
[62598:0x102004600]    22857 ms: Scavenge 185.1 (210.0) -> 182.5 (217.0) MB, 17.5 / 0 ms (+ 5.3 ms in 147 steps since last GC) [allocation failure].
[62598:0x102004600]    22886 ms: Scavenge 191.6 (217.0) -> 189.0 (224.0) MB, 21.6 / 0 ms (+ 5.4 ms in 147 steps since last GC) [allocation failure].
[62598:0x102004600]    22912 ms: Scavenge 198.2 (224.0) -> 195.6 (230.0) MB, 16.9 / 0 ms (+ 6.0 ms in 147 steps since last GC) [allocation failure].
[62598:0x102004600]    22936 ms: Scavenge 204.8 (230.0) -> 202.1 (237.0) MB, 16.6 / 0 ms (+ 5.4 ms in 146 steps since last GC) [allocation failure].
[62598:0x102004600]    22960 ms: Scavenge 211.3 (237.0) -> 208.7 (244.0) MB, 17.0 / 0 ms (+ 5.2 ms in 147 steps since last GC) [allocation failure].
[62598:0x102004600]    22970 ms: Mark-sweep 210.3 (244.0) -> 57.3 (98.0) MB, 8.5 / 0 ms (+ 33.3 ms in 906 steps since start of marking, biggest step 0.1 ms) [GC interrupt] [GC in old space requested].
[62598:0x102004600]    22986 ms: Scavenge 71.9 (98.0) -> 67.7 (98.0) MB, 11.6 / 0 ms [allocation failure].
[62598:0x102004600]    23008 ms: Scavenge 73.0 (98.0) -> 71.5 (107.0) MB, 20.9 / 0 ms [allocation failure].
[62598:0x102004600]    23025 ms: Scavenge 83.4 (107.0) -> 80.0 (111.0) MB, 13.4 / 0 ms [allocation failure].
[62598:0x102004600]    23044 ms: Scavenge 87.2 (111.0) -> 85.2 (120.0) MB, 17.0 / 0 ms [allocation failure].
[62598:0x102004600]    23062 ms: Scavenge 95.8 (120.0) -> 92.7 (125.0) MB, 14.8 / 0 ms [allocation failure].
[62598:0x102004600]    23080 ms: Scavenge 100.9 (125.0) -> 98.6 (132.0) MB, 16.5 / 0 ms [allocation failure].
[62598:0x102004600]    23098 ms: Scavenge 108.5 (132.0) -> 105.6 (138.0) MB, 15.5 / 0 ms [allocation failure].
[62598:0x102004600]    23124 ms: Scavenge 114.3 (138.0) -> 111.8 (146.0) MB, 23.9 / 0 ms [allocation failure].
[62598:0x102004600]    23145 ms: Scavenge 121.4 (146.0) -> 118.7 (152.0) MB, 18.1 / 0 ms [allocation failure].
[62598:0x102004600]    23163 ms: Scavenge 127.6 (152.0) -> 125.0 (159.0) MB, 15.9 / 0 ms [allocation failure].
[62598:0x102004600]    23180 ms: Scavenge 134.4 (159.0) -> 131.7 (165.0) MB, 15.4 / 0 ms [allocation failure].
[62598:0x102004600]    23198 ms: Scavenge 140.8 (165.0) -> 138.2 (172.0) MB, 15.7 / 0 ms [allocation failure].
[62598:0x102004600]    23217 ms: Scavenge 147.5 (172.0) -> 144.8 (179.0) MB, 15.6 / 0 ms [allocation failure].
[62598:0x102004600]    23238 ms: Scavenge 153.9 (179.0) -> 151.3 (185.0) MB, 19.1 / 0 ms [allocation failure].
[62598:0x102004600]    23256 ms: Scavenge 160.6 (185.0) -> 157.9 (192.0) MB, 15.8 / 0 ms [allocation failure].
[62598:0x102004600]    23274 ms: Scavenge 167.1 (192.0) -> 164.5 (199.0) MB, 15.3 / 0 ms [allocation failure].
[62598:0x102004600]    23292 ms: Scavenge 173.7 (199.0) -> 171.0 (205.0) MB, 16.4 / 0 ms [allocation failure].
[62598:0x102004600]    23310 ms: Scavenge 180.2 (205.0) -> 177.6 (212.0) MB, 15.6 / 0 ms [allocation failure].
[62598:0x102004600]    23328 ms: Scavenge 186.8 (212.0) -> 184.2 (219.0) MB, 15.9 / 0 ms [allocation failure].
[62598:0x102004600]    23354 ms: Scavenge 193.3 (219.0) -> 190.7 (225.0) MB, 23.7 / 0 ms [allocation failure].
[62598:0x102004600]    23377 ms: Scavenge 199.9 (225.0) -> 197.3 (232.0) MB, 20.0 / 0 ms [allocation failure].
[62598:0x102004600]    23398 ms: Scavenge 206.5 (232.0) -> 203.8 (239.0) MB, 18.5 / 0 ms [allocation failure].
[62598:0x102004600]    23420 ms: Scavenge 213.0 (239.0) -> 210.4 (245.0) MB, 20.3 / 0 ms [allocation failure].
[62598:0x102004600]    23439 ms: Scavenge 219.6 (245.0) -> 217.0 (252.0) MB, 16.5 / 0 ms [allocation failure].
[62598:0x102004600]    23459 ms: Scavenge 226.1 (252.0) -> 223.5 (259.0) MB, 17.8 / 0 ms [allocation failure].
[62598:0x102004600]    23483 ms: Scavenge 232.7 (259.0) -> 230.1 (265.0) MB, 20.5 / 0 ms [allocation failure].
[62598:0x102004600]    23500 ms: Scavenge 239.3 (265.0) -> 236.6 (272.0) MB, 15.3 / 0 ms [allocation failure].
[62598:0x102004600]    23524 ms: Scavenge 245.8 (272.0) -> 243.2 (279.0) MB, 16.6 / 0 ms (+ 5.1 ms in 146 steps since last GC) [allocation failure].
[62598:0x102004600]    23550 ms: Scavenge 252.4 (279.0) -> 249.8 (285.0) MB, 18.1 / 0 ms (+ 4.8 ms in 147 steps since last GC) [allocation failure].
[62598:0x102004600]    23568 ms: Mark-sweep 256.8 (285.0) -> 26.0 (61.0) MB, 12.2 / 0 ms (+ 14.0 ms in 406 steps since start of marking, biggest step 0.2 ms) [GC interrupt] [GC in old space requested].
[62598:0x102004600]    23589 ms: Scavenge 36.6 (61.0) -> 33.5 (65.0) MB, 17.7 / 0 ms [allocation failure].
[62598:0x102004600]    23608 ms: Scavenge 41.7 (65.0) -> 39.3 (72.0) MB, 17.2 / 0 ms [allocation failure].
[62598:0x102004600]    23626 ms: Scavenge 49.3 (72.0) -> 46.4 (78.0) MB, 14.9 / 0 ms [allocation failure].
[62598:0x102004600]    23644 ms: Scavenge 55.1 (78.0) -> 52.6 (85.0) MB, 15.6 / 0 ms [allocation failure].
[62598:0x102004600]    23665 ms: Scavenge 62.2 (85.0) -> 59.5 (92.0) MB, 19.2 / 0 ms [allocation failure].
[62598:0x102004600]    23688 ms: Scavenge 68.4 (92.0) -> 65.8 (99.0) MB, 19.8 / 0 ms [allocation failure].
[62598:0x102004600]    23710 ms: Scavenge 75.2 (99.0) -> 72.5 (105.0) MB, 18.4 / 0 ms [allocation failure].
[62598:0x102004600]    23728 ms: Scavenge 81.6 (105.0) -> 79.0 (112.0) MB, 16.0 / 0 ms [allocation failure].
[62598:0x102004600]    23751 ms: Scavenge 88.3 (112.0) -> 85.6 (118.0) MB, 21.2 / 0 ms [allocation failure].
[62598:0x102004600]    23769 ms: Scavenge 94.7 (118.0) -> 92.1 (125.0) MB, 15.7 / 0 ms [allocation failure].
[62598:0x102004600]    23793 ms: Scavenge 101.4 (125.0) -> 98.7 (132.0) MB, 16.7 / 0 ms (+ 5.4 ms in 147 steps since last GC) [allocation failure].
[62598:0x102004600]    23823 ms: Scavenge 107.9 (132.0) -> 105.3 (139.0) MB, 21.3 / 0 ms (+ 5.9 ms in 147 steps since last GC) [allocation failure].
[62598:0x102004600]    23851 ms: Scavenge 114.5 (139.0) -> 111.8 (145.0) MB, 20.1 / 0 ms (+ 6.2 ms in 147 steps since last GC) [allocation failure].
[62598:0x102004600]    23876 ms: Scavenge 121.0 (145.0) -> 118.4 (152.0) MB, 16.7 / 0 ms (+ 5.9 ms in 147 steps since last GC) [allocation failure].
[62598:0x102004600]    23901 ms: Scavenge 127.6 (152.0) -> 125.0 (159.0) MB, 17.1 / 0 ms (+ 5.2 ms in 147 steps since last GC) [allocation failure].
[62598:0x102004600]    23925 ms: Mark-sweep 132.2 (159.0) -> 53.9 (90.0) MB, 14.4 / 0 ms (+ 35.1 ms in 849 steps since start of marking, biggest step 0.2 ms) [GC interrupt] [GC in old space requested].
[62598:0x102004600]    23942 ms: Scavenge 64.4 (90.0) -> 61.4 (93.0) MB, 13.7 / 0 ms [allocation failure].
[62598:0x102004600]    23960 ms: Scavenge 69.6 (93.0) -> 67.2 (101.0) MB, 15.8 / 0 ms [allocation failure].
[62598:0x102004600]    23977 ms: Scavenge 77.1 (101.0) -> 74.3 (107.0) MB, 14.6 / 0 ms [allocation failure].
[62598:0x102004600]    24000 ms: Scavenge 83.0 (107.0) -> 80.5 (114.0) MB, 21.2 / 0 ms [allocation failure].
[62598:0x102004600]    24017 ms: Scavenge 90.0 (114.0) -> 87.3 (120.0) MB, 15.4 / 0 ms [allocation failure].
[62598:0x102004600]    24036 ms: Scavenge 96.2 (120.0) -> 93.7 (127.0) MB, 16.8 / 0 ms [allocation failure].
[62598:0x102004600]    24056 ms: Scavenge 103.0 (127.0) -> 100.4 (133.0) MB, 16.4 / 0 ms [allocation failure].
[62598:0x102004600]    24075 ms: Scavenge 109.4 (133.0) -> 106.8 (140.0) MB, 17.7 / 0 ms [allocation failure].
[62598:0x102004600]    24094 ms: Scavenge 116.1 (140.0) -> 113.5 (147.0) MB, 16.2 / 0 ms [allocation failure].
[62598:0x102004600]    24113 ms: Scavenge 122.6 (147.0) -> 120.0 (154.0) MB, 16.5 / 0 ms [allocation failure].
[62598:0x102004600]    24131 ms: Scavenge 129.2 (154.0) -> 126.6 (160.0) MB, 15.6 / 0 ms [allocation failure].
[62598:0x102004600]    24149 ms: Scavenge 135.7 (160.0) -> 133.1 (167.0) MB, 16.0 / 0 ms [allocation failure].
[62598:0x102004600]    24167 ms: Scavenge 142.3 (167.0) -> 139.7 (173.0) MB, 16.0 / 0 ms [allocation failure].
[62598:0x102004600]    24184 ms: Scavenge 148.9 (173.0) -> 146.2 (180.0) MB, 15.3 / 0 ms [allocation failure].
[62598:0x102004600]    24203 ms: Scavenge 155.4 (180.0) -> 152.8 (187.0) MB, 16.6 / 0 ms [allocation failure].
[62598:0x102004600]    24221 ms: Scavenge 162.0 (187.0) -> 159.4 (193.0) MB, 15.9 / 0 ms [allocation failure].
[62598:0x102004600]    24241 ms: Scavenge 168.6 (193.0) -> 165.9 (200.0) MB, 17.3 / 0 ms [allocation failure].
[62598:0x102004600]    24258 ms: Scavenge 175.1 (200.0) -> 172.5 (207.0) MB, 15.0 / 0 ms [allocation failure].
[62598:0x102004600]    24280 ms: Scavenge 181.7 (207.0) -> 179.0 (213.0) MB, 20.1 / 0 ms [allocation failure].
[62598:0x102004600]    24299 ms: Scavenge 188.2 (213.0) -> 185.6 (220.0) MB, 16.9 / 0 ms [allocation failure].
[62598:0x102004600]    24317 ms: Scavenge 194.8 (220.0) -> 192.2 (227.0) MB, 15.8 / 0 ms [allocation failure].
[62598:0x102004600]    24342 ms: Scavenge 201.4 (227.0) -> 198.7 (233.0) MB, 22.1 / 0 ms [allocation failure].
[62598:0x102004600]    24365 ms: Scavenge 207.9 (233.0) -> 205.3 (240.0) MB, 20.2 / 0 ms [allocation failure].
[62598:0x102004600]    24392 ms: Scavenge 214.5 (240.0) -> 211.9 (247.0) MB, 17.5 / 0 ms (+ 6.2 ms in 146 steps since last GC) [allocation failure].
[62598:0x102004600]    24424 ms: Scavenge 221.0 (247.0) -> 218.4 (253.0) MB, 24.0 / 0 ms (+ 5.3 ms in 147 steps since last GC) [allocation failure].
[62598:0x102004600]    24449 ms: Scavenge 227.6 (253.0) -> 225.0 (260.0) MB, 17.2 / 0 ms (+ 5.4 ms in 147 steps since last GC) [allocation failure].
[62598:0x102004600]    24477 ms: Scavenge 234.2 (260.0) -> 231.5 (267.0) MB, 18.2 / 0 ms (+ 7.5 ms in 147 steps since last GC) [allocation failure].
[62598:0x102004600]    24503 ms: Scavenge 240.7 (267.0) -> 238.1 (273.0) MB, 18.6 / 0 ms (+ 5.0 ms in 147 steps since last GC) [allocation failure].
[62598:0x102004600]    24514 ms: Mark-sweep 241.3 (273.0) -> 49.7 (88.0) MB, 8.3 / 0 ms (+ 31.3 ms in 783 steps since start of marking, biggest step 0.2 ms) [GC interrupt] [GC in old space requested].
[62598:0x102004600]    24531 ms: Scavenge 63.1 (88.0) -> 59.3 (89.0) MB, 13.2 / 0 ms [allocation failure].
[62598:0x102004600]    24550 ms: Scavenge 65.4 (89.0) -> 63.6 (98.0) MB, 17.8 / 0 ms [allocation failure].
[62598:0x102004600]    24566 ms: Scavenge 75.0 (98.0) -> 71.8 (103.0) MB, 13.2 / 0 ms [allocation failure].
[62598:0x102004600]    24592 ms: Scavenge 79.4 (103.0) -> 77.2 (111.0) MB, 24.3 / 0 ms [allocation failure].
[62598:0x102004600]    24616 ms: Scavenge 87.5 (111.0) -> 84.6 (117.0) MB, 20.2 / 0 ms [allocation failure].
[62598:0x102004600]    24637 ms: Scavenge 92.9 (117.0) -> 90.5 (124.0) MB, 17.6 / 0 ms [allocation failure].
[62598:0x102004600]    24655 ms: Scavenge 100.3 (124.0) -> 97.5 (130.0) MB, 15.7 / 0 ms [allocation failure].
[62598:0x102004600]    24673 ms: Scavenge 106.3 (130.0) -> 103.8 (137.0) MB, 16.1 / 0 ms [allocation failure].
[62598:0x102004600]    24690 ms: Scavenge 113.3 (137.0) -> 110.6 (144.0) MB, 15.3 / 0 ms [allocation failure].
[62598:0x102004600]    24708 ms: Scavenge 119.5 (144.0) -> 117.0 (151.0) MB, 15.8 / 0 ms [allocation failure].
[62598:0x102004600]    24726 ms: Scavenge 126.3 (151.0) -> 123.6 (157.0) MB, 15.4 / 0 ms [allocation failure].
[62598:0x102004600]    24749 ms: Scavenge 132.7 (157.0) -> 130.1 (164.0) MB, 21.5 / 0 ms [allocation failure].
[62598:0x102004600]    24771 ms: Scavenge 139.4 (164.0) -> 136.7 (170.0) MB, 19.0 / 0 ms [allocation failure].
[62598:0x102004600]    24794 ms: Scavenge 145.9 (170.0) -> 143.3 (177.0) MB, 20.8 / 0 ms [allocation failure].
[62598:0x102004600]    24812 ms: Scavenge 152.5 (177.0) -> 149.8 (184.0) MB, 15.7 / 0 ms [allocation failure].
[62598:0x102004600]    24830 ms: Scavenge 159.0 (184.0) -> 156.4 (190.0) MB, 15.7 / 0 ms [allocation failure].
[62598:0x102004600]    24849 ms: Scavenge 165.6 (190.0) -> 163.0 (197.0) MB, 16.8 / 0 ms [allocation failure].
[62598:0x102004600]    24867 ms: Scavenge 172.1 (197.0) -> 169.5 (204.0) MB, 15.8 / 0 ms [allocation failure].
[62598:0x102004600]    24885 ms: Scavenge 178.7 (204.0) -> 176.1 (210.0) MB, 15.9 / 0 ms [allocation failure].
[62598:0x102004600]    24909 ms: Scavenge 185.3 (210.0) -> 182.6 (217.0) MB, 21.4 / 0 ms [allocation failure].
[62598:0x102004600]    24930 ms: Scavenge 191.8 (217.0) -> 189.2 (224.0) MB, 19.3 / 0 ms [allocation failure].
[62598:0x102004600]    24948 ms: Scavenge 198.4 (224.0) -> 195.8 (230.0) MB, 15.3 / 0 ms [allocation failure].
[62598:0x102004600]    24966 ms: Scavenge 204.9 (230.0) -> 202.3 (237.0) MB, 15.5 / 0 ms [allocation failure].
[62598:0x102004600]    24992 ms: Scavenge 211.5 (237.0) -> 208.9 (244.0) MB, 19.0 / 0 ms (+ 5.2 ms in 147 steps since last GC) [allocation failure].
[62598:0x102004600]    25017 ms: Scavenge 218.1 (244.0) -> 215.4 (250.0) MB, 17.6 / 0 ms (+ 5.5 ms in 146 steps since last GC) [allocation failure].
[62598:0x102004600]    25043 ms: Scavenge 224.6 (250.0) -> 222.0 (257.0) MB, 18.0 / 0 ms (+ 5.6 ms in 147 steps since last GC) [allocation failure].
[62598:0x102004600]    25067 ms: Scavenge 231.2 (257.0) -> 228.6 (264.0) MB, 17.4 / 0 ms (+ 5.0 ms in 147 steps since last GC) [allocation failure].
[62598:0x102004600]    25076 ms: Mark-sweep 230.1 (264.0) -> 39.0 (79.0) MB, 6.9 / 0 ms (+ 22.5 ms in 611 steps since start of marking, biggest step 0.2 ms) [GC interrupt] [GC in old space requested].
[62598:0x102004600]    25092 ms: Scavenge 53.6 (79.0) -> 49.4 (79.0) MB, 11.8 / 0 ms [allocation failure].
[62598:0x102004600]    25120 ms: Scavenge 54.7 (79.0) -> 53.2 (88.0) MB, 26.1 / 0 ms [allocation failure].
[62598:0x102004600]    25137 ms: Scavenge 65.1 (88.0) -> 61.7 (92.0) MB, 14.2 / 0 ms [allocation failure].
[62598:0x102004600]    25164 ms: Scavenge 68.9 (92.0) -> 66.9 (101.0) MB, 24.1 / 0 ms [allocation failure].
[62598:0x102004600]    25181 ms: Scavenge 77.5 (101.0) -> 74.4 (106.0) MB, 14.8 / 0 ms [allocation failure].
[62598:0x102004600]    25199 ms: Scavenge 82.6 (106.0) -> 80.3 (114.0) MB, 16.0 / 0 ms [allocation failure].
[62598:0x102004600]    25217 ms: Scavenge 90.2 (114.0) -> 87.4 (120.0) MB, 14.9 / 0 ms [allocation failure].
[62598:0x102004600]    25235 ms: Scavenge 96.0 (120.0) -> 93.5 (127.0) MB, 16.0 / 0 ms [allocation failure].
[62598:0x102004600]    25258 ms: Scavenge 103.1 (127.0) -> 100.4 (133.0) MB, 21.2 / 0 ms [allocation failure].
[62598:0x102004600]    25276 ms: Scavenge 109.3 (133.0) -> 106.7 (140.0) MB, 15.7 / 0 ms [allocation failure].
[62598:0x102004600]    25295 ms: Scavenge 116.1 (140.0) -> 113.4 (147.0) MB, 16.0 / 0 ms [allocation failure].
[62598:0x102004600]    25313 ms: Scavenge 122.5 (147.0) -> 119.9 (153.0) MB, 15.8 / 0 ms [allocation failure].
[62598:0x102004600]    25331 ms: Scavenge 129.2 (153.0) -> 126.5 (160.0) MB, 15.5 / 0 ms [allocation failure].
[62598:0x102004600]    25352 ms: Scavenge 135.6 (160.0) -> 133.0 (167.0) MB, 19.0 / 0 ms [allocation failure].
[62598:0x102004600]    25374 ms: Scavenge 142.3 (167.0) -> 139.6 (173.0) MB, 19.5 / 0 ms [allocation failure].
[62598:0x102004600]    25397 ms: Scavenge 148.8 (173.0) -> 146.2 (180.0) MB, 20.5 / 0 ms [allocation failure].
[62598:0x102004600]    25415 ms: Scavenge 155.4 (180.0) -> 152.8 (187.0) MB, 15.7 / 0 ms [allocation failure].
[62598:0x102004600]    25433 ms: Scavenge 161.9 (187.0) -> 159.3 (193.0) MB, 15.2 / 0 ms [allocation failure].
[62598:0x102004600]    25461 ms: Scavenge 168.5 (193.0) -> 165.9 (200.0) MB, 19.9 / 0 ms (+ 5.3 ms in 147 steps since last GC) [allocation failure].
[62598:0x102004600]    25494 ms: Scavenge 175.0 (200.0) -> 172.4 (207.0) MB, 23.3 / 0 ms (+ 6.9 ms in 147 steps since last GC) [allocation failure].
[62598:0x102004600]    25505 ms: Mark-sweep 175.7 (207.0) -> 22.2 (61.0) MB, 7.8 / 0 ms (+ 14.0 ms in 344 steps since start of marking, biggest step 0.4 ms) [GC interrupt] [GC in old space requested].
[62598:0x102004600]    25520 ms: Scavenge 35.6 (61.0) -> 31.7 (61.0) MB, 12.0 / 0 ms [allocation failure].
[62598:0x102004600]    25539 ms: Scavenge 37.9 (61.0) -> 36.2 (70.0) MB, 17.7 / 0 ms [allocation failure].
[62598:0x102004600]    25555 ms: Scavenge 47.5 (70.0) -> 44.3 (75.0) MB, 13.5 / 0 ms [allocation failure].
[62598:0x102004600]    25573 ms: Scavenge 51.9 (75.0) -> 49.7 (83.0) MB, 16.3 / 0 ms [allocation failure].
[62598:0x102004600]    25592 ms: Scavenge 60.0 (83.0) -> 57.1 (89.0) MB, 16.5 / 0 ms [allocation failure].
[62598:0x102004600]    25615 ms: Scavenge 65.5 (89.0) -> 63.1 (96.0) MB, 20.9 / 0 ms [allocation failure].
[62598:0x102004600]    25632 ms: Scavenge 72.8 (96.0) -> 70.0 (102.0) MB, 15.2 / 0 ms [allocation failure].
[62598:0x102004600]    25650 ms: Scavenge 78.8 (102.0) -> 76.3 (109.0) MB, 15.8 / 0 ms [allocation failure].
[62598:0x102004600]    25672 ms: Scavenge 85.8 (109.0) -> 83.1 (116.0) MB, 17.7 / 0 ms [allocation failure].
[62598:0x102004600]    25690 ms: Scavenge 92.0 (116.0) -> 89.5 (123.0) MB, 15.9 / 0 ms [allocation failure].
[62598:0x102004600]    25718 ms: Scavenge 98.8 (123.0) -> 96.1 (129.0) MB, 20.8 / 0 ms (+ 5.2 ms in 149 steps since last GC) [allocation failure].
[62598:0x102004600]    25743 ms: Scavenge 105.2 (129.0) -> 102.6 (136.0) MB, 17.2 / 0 ms (+ 5.3 ms in 145 steps since last GC) [allocation failure].
[62598:0x102004600]    25768 ms: Scavenge 111.9 (136.0) -> 109.2 (142.0) MB, 16.8 / 0 ms (+ 6.1 ms in 148 steps since last GC) [allocation failure].
[62598:0x102004600]    25803 ms: Scavenge 118.4 (142.0) -> 115.8 (149.0) MB, 26.0 / 0 ms (+ 5.9 ms in 147 steps since last GC) [allocation failure].
[62598:0x102004600]    25822 ms: Mark-sweep 123.0 (149.0) -> 44.7 (80.0) MB, 13.5 / 0 ms (+ 27.0 ms in 704 steps since start of marking, biggest step 0.2 ms) [GC interrupt] [GC in old space requested].
[62598:0x102004600]    25839 ms: Scavenge 55.2 (80.0) -> 52.2 (84.0) MB, 14.2 / 0 ms [allocation failure].
[62598:0x102004600]    25858 ms: Scavenge 60.4 (84.0) -> 58.0 (91.0) MB, 16.3 / 0 ms [allocation failure].
[62598:0x102004600]    25874 ms: Scavenge 67.9 (91.0) -> 65.1 (97.0) MB, 14.2 / 0 ms [allocation failure].
[62598:0x102004600]    25892 ms: Scavenge 73.8 (97.0) -> 71.3 (104.0) MB, 15.6 / 0 ms [allocation failure].
[62598:0x102004600]    25908 ms: Scavenge 80.8 (104.0) -> 78.1 (111.0) MB, 14.6 / 0 ms [allocation failure].
[62598:0x102004600]    25925 ms: Scavenge 87.0 (111.0) -> 84.5 (118.0) MB, 15.1 / 0 ms [allocation failure].
[62598:0x102004600]    25942 ms: Scavenge 93.9 (118.0) -> 91.2 (124.0) MB, 14.9 / 0 ms [allocation failure].
[62598:0x102004600]    25964 ms: Scavenge 100.2 (124.0) -> 97.6 (131.0) MB, 19.7 / 0 ms [allocation failure].
[62598:0x102004600]    25986 ms: Scavenge 106.9 (131.0) -> 104.3 (137.0) MB, 20.2 / 0 ms [allocation failure].
[62598:0x102004600]    26004 ms: Scavenge 113.4 (137.0) -> 110.8 (144.0) MB, 15.6 / 0 ms [allocation failure].
[62598:0x102004600]    26026 ms: Scavenge 120.0 (144.0) -> 117.4 (151.0) MB, 19.5 / 0 ms [allocation failure].
[62598:0x102004600]    26043 ms: Scavenge 126.5 (151.0) -> 123.9 (157.0) MB, 15.5 / 0 ms [allocation failure].
[62598:0x102004600]    26061 ms: Scavenge 133.1 (157.0) -> 130.5 (164.0) MB, 15.4 / 0 ms [allocation failure].
[62598:0x102004600]    26079 ms: Scavenge 139.7 (164.0) -> 137.0 (171.0) MB, 15.5 / 0 ms [allocation failure].
[62598:0x102004600]    26097 ms: Scavenge 146.2 (171.0) -> 143.6 (177.0) MB, 16.1 / 0 ms [allocation failure].
[62598:0x102004600]    26116 ms: Scavenge 152.8 (177.0) -> 150.2 (184.0) MB, 15.9 / 0 ms [allocation failure].
[62598:0x102004600]    26133 ms: Scavenge 159.4 (184.0) -> 156.7 (191.0) MB, 15.5 / 0 ms [allocation failure].
[62598:0x102004600]    26151 ms: Scavenge 165.9 (191.0) -> 163.3 (197.0) MB, 15.7 / 0 ms [allocation failure].
[62598:0x102004600]    26172 ms: Scavenge 172.5 (197.0) -> 169.9 (204.0) MB, 18.9 / 0 ms [allocation failure].
[62598:0x102004600]    26197 ms: Scavenge 179.0 (204.0) -> 176.4 (211.0) MB, 16.5 / 0 ms (+ 5.5 ms in 147 steps since last GC) [allocation failure].
[62598:0x102004600]    26221 ms: Scavenge 185.6 (211.0) -> 183.0 (217.0) MB, 17.2 / 0 ms (+ 5.3 ms in 147 steps since last GC) [allocation failure].
[62598:0x102004600]    26246 ms: Scavenge 192.2 (217.0) -> 189.5 (224.0) MB, 17.1 / 0 ms (+ 5.4 ms in 147 steps since last GC) [allocation failure].
[62598:0x102004600]    26280 ms: Scavenge 198.7 (224.0) -> 196.1 (231.0) MB, 25.0 / 0 ms (+ 6.0 ms in 147 steps since last GC) [allocation failure].
[62598:0x102004600]    26308 ms: Scavenge 205.3 (231.0) -> 202.7 (237.0) MB, 19.9 / 0 ms (+ 6.5 ms in 146 steps since last GC) [allocation failure].
[62598:0x102004600]    26334 ms: Scavenge 211.8 (237.0) -> 209.2 (244.0) MB, 17.5 / 0 ms (+ 5.6 ms in 147 steps since last GC) [allocation failure].
[62598:0x102004600]    26345 ms: Mark-sweep 212.2 (244.0) -> 58.8 (98.0) MB, 9.5 / 0 ms (+ 35.7 ms in 928 steps since start of marking, biggest step 0.2 ms) [GC interrupt] [GC in old space requested].
[62598:0x102004600]    26361 ms: Scavenge 72.4 (98.0) -> 68.5 (98.0) MB, 12.2 / 0 ms [allocation failure].
[62598:0x102004600]    26385 ms: Scavenge 74.5 (98.0) -> 72.8 (108.0) MB, 21.9 / 0 ms [allocation failure].
[62598:0x102004600]    26401 ms: Scavenge 84.2 (108.0) -> 81.0 (112.0) MB, 13.8 / 0 ms [allocation failure].
[62598:0x102004600]    26424 ms: Scavenge 88.6 (112.0) -> 86.4 (120.0) MB, 21.5 / 0 ms [allocation failure].
[62598:0x102004600]    26441 ms: Scavenge 96.7 (120.0) -> 93.8 (126.0) MB, 14.4 / 0 ms [allocation failure].
[62598:0x102004600]    26462 ms: Scavenge 102.1 (126.0) -> 99.7 (133.0) MB, 18.7 / 0 ms [allocation failure].
[62598:0x102004600]    26481 ms: Scavenge 109.5 (133.0) -> 106.7 (140.0) MB, 15.8 / 0 ms [allocation failure].
[62598:0x102004600]    26500 ms: Scavenge 115.5 (140.0) -> 113.0 (147.0) MB, 17.1 / 0 ms [allocation failure].
[62598:0x102004600]    26518 ms: Scavenge 122.5 (147.0) -> 119.8 (153.0) MB, 15.6 / 0 ms [allocation failure].
[62598:0x102004600]    26536 ms: Scavenge 128.7 (153.0) -> 126.2 (160.0) MB, 15.6 / 0 ms [allocation failure].
[62598:0x102004600]    26554 ms: Scavenge 135.5 (160.0) -> 132.8 (166.0) MB, 15.9 / 0 ms [allocation failure].
[62598:0x102004600]    26572 ms: Scavenge 141.9 (166.0) -> 139.3 (173.0) MB, 15.9 / 0 ms [allocation failure].
[62598:0x102004600]    26590 ms: Scavenge 148.6 (173.0) -> 145.9 (180.0) MB, 15.9 / 0 ms [allocation failure].
[62598:0x102004600]    26609 ms: Scavenge 155.1 (180.0) -> 152.5 (187.0) MB, 17.2 / 0 ms [allocation failure].
[62598:0x102004600]    26632 ms: Scavenge 161.7 (187.0) -> 159.0 (193.0) MB, 20.5 / 0 ms [allocation failure].
[62598:0x102004600]    26650 ms: Scavenge 168.2 (193.0) -> 165.6 (200.0) MB, 15.5 / 0 ms [allocation failure].
[62598:0x102004600]    26669 ms: Scavenge 174.8 (200.0) -> 172.2 (206.0) MB, 15.7 / 0 ms [allocation failure].
[62598:0x102004600]    26686 ms: Scavenge 181.3 (206.0) -> 178.7 (213.0) MB, 15.7 / 0 ms [allocation failure].
[62598:0x102004600]    26705 ms: Scavenge 187.9 (213.0) -> 185.3 (220.0) MB, 16.2 / 0 ms [allocation failure].
[62598:0x102004600]    26723 ms: Scavenge 194.5 (220.0) -> 191.8 (226.0) MB, 15.9 / 0 ms [allocation failure].
[62598:0x102004600]    26741 ms: Scavenge 201.0 (226.0) -> 198.4 (233.0) MB, 15.9 / 0 ms [allocation failure].
[62598:0x102004600]    26759 ms: Scavenge 207.6 (233.0) -> 205.0 (240.0) MB, 16.0 / 0 ms [allocation failure].
[62598:0x102004600]    26777 ms: Scavenge 214.1 (240.0) -> 211.5 (246.0) MB, 15.5 / 0 ms [allocation failure].
[62598:0x102004600]    26795 ms: Scavenge 220.7 (246.0) -> 218.1 (253.0) MB, 15.7 / 0 ms [allocation failure].
[62598:0x102004600]    26813 ms: Scavenge 227.3 (253.0) -> 224.6 (260.0) MB, 15.9 / 0 ms [allocation failure].
[62598:0x102004600]    26831 ms: Scavenge 233.8 (260.0) -> 231.2 (266.0) MB, 15.9 / 0 ms [allocation failure].
[62598:0x102004600]    26849 ms: Scavenge 240.4 (266.0) -> 237.8 (273.0) MB, 15.6 / 0 ms [allocation failure].
[62598:0x102004600]    26881 ms: Scavenge 246.9 (273.0) -> 244.3 (280.0) MB, 23.4 / 0 ms (+ 6.6 ms in 146 steps since last GC) [allocation failure].
[62598:0x102004600]    26908 ms: Scavenge 253.5 (280.0) -> 250.9 (286.0) MB, 18.1 / 0 ms (+ 6.0 ms in 147 steps since last GC) [allocation failure].
[62598:0x102004600]    26937 ms: Scavenge 260.1 (286.0) -> 257.4 (293.0) MB, 21.2 / 0 ms (+ 6.0 ms in 147 steps since last GC) [allocation failure].
[62598:0x102004600]    26946 ms: Mark-sweep 259.2 (293.0) -> 29.8 (69.0) MB, 7.0 / 0 ms (+ 19.6 ms in 466 steps since start of marking, biggest step 0.2 ms) [GC interrupt] [GC in old space requested].
[62598:0x102004600]    26964 ms: Scavenge 44.3 (69.0) -> 40.2 (69.0) MB, 12.9 / 0 ms [allocation failure].
[62598:0x102004600]    26987 ms: Scavenge 45.6 (69.0) -> 44.0 (79.0) MB, 22.3 / 0 ms [allocation failure].
[62598:0x102004600]    27004 ms: Scavenge 55.9 (79.0) -> 52.5 (83.0) MB, 13.4 / 0 ms [allocation failure].
[62598:0x102004600]    27027 ms: Scavenge 59.8 (83.0) -> 57.7 (92.0) MB, 21.3 / 0 ms [allocation failure].
[62598:0x102004600]    27049 ms: Scavenge 68.3 (92.0) -> 65.2 (97.0) MB, 19.6 / 0 ms [allocation failure].
[62598:0x102004600]    27074 ms: Scavenge 73.4 (97.0) -> 71.1 (104.0) MB, 22.4 / 0 ms [allocation failure].
[62598:0x102004600]    27096 ms: Scavenge 81.0 (104.0) -> 78.2 (110.0) MB, 19.3 / 0 ms [allocation failure].
[62598:0x102004600]    27120 ms: Scavenge 86.8 (110.0) -> 84.4 (118.0) MB, 22.4 / 0 ms [allocation failure].
[62598:0x102004600]    27142 ms: Scavenge 93.9 (118.0) -> 91.2 (124.0) MB, 19.7 / 0 ms [allocation failure].
[62598:0x102004600]    27166 ms: Scavenge 100.1 (124.0) -> 97.6 (131.0) MB, 21.0 / 0 ms [allocation failure].
[62598:0x102004600]    27188 ms: Scavenge 106.9 (131.0) -> 104.2 (137.0) MB, 19.5 / 0 ms [allocation failure].
[62598:0x102004600]    27212 ms: Scavenge 113.3 (137.0) -> 110.7 (144.0) MB, 20.7 / 0 ms [allocation failure].
[62598:0x102004600]    27230 ms: Scavenge 120.0 (144.0) -> 117.3 (151.0) MB, 15.5 / 0 ms [allocation failure].
[62598:0x102004600]    27248 ms: Scavenge 126.5 (151.0) -> 123.9 (157.0) MB, 15.6 / 0 ms [allocation failure].
[62598:0x102004600]    27272 ms: Scavenge 133.1 (157.0) -> 130.4 (164.0) MB, 16.8 / 0 ms (+ 5.2 ms in 147 steps since last GC) [allocation failure].
[62598:0x102004600]    27299 ms: Scavenge 139.6 (164.0) -> 137.0 (171.0) MB, 19.7 / 0 ms (+ 4.9 ms in 147 steps since last GC) [allocation failure].
[62598:0x102004600]    27335 ms: Scavenge 146.2 (171.0) -> 143.6 (177.0) MB, 24.9 / 0 ms (+ 8.2 ms in 147 steps since last GC) [allocation failure].
[62598:0x102004600]    27346 ms: Mark-sweep 146.6 (177.0) -> 31.4 (69.0) MB, 8.4 / 0 ms (+ 20.5 ms in 489 steps since start of marking, biggest step 0.2 ms) [GC interrupt] [GC in old space requested].
[62598:0x102004600]    27362 ms: Scavenge 44.9 (69.0) -> 41.0 (70.0) MB, 11.8 / 0 ms [allocation failure].
[62598:0x102004600]    27381 ms: Scavenge 47.1 (70.0) -> 45.3 (80.0) MB, 18.2 / 0 ms [allocation failure].
[62598:0x102004600]    27397 ms: Scavenge 56.7 (80.0) -> 53.5 (84.0) MB, 13.3 / 0 ms [allocation failure].
[62598:0x102004600]    27416 ms: Scavenge 61.1 (84.0) -> 58.9 (93.0) MB, 16.6 / 0 ms [allocation failure].
[62598:0x102004600]    27432 ms: Scavenge 69.2 (93.0) -> 66.3 (98.0) MB, 14.0 / 0 ms [allocation failure].
[62598:0x102004600]    27449 ms: Scavenge 74.7 (98.0) -> 72.3 (106.0) MB, 15.6 / 0 ms [allocation failure].
[62598:0x102004600]    27467 ms: Scavenge 82.0 (106.0) -> 79.2 (112.0) MB, 15.1 / 0 ms [allocation failure].
[62598:0x102004600]    27484 ms: Scavenge 88.0 (112.0) -> 85.5 (119.0) MB, 15.5 / 0 ms [allocation failure].
[62598:0x102004600]    27501 ms: Scavenge 95.0 (119.0) -> 92.3 (125.0) MB, 15.1 / 0 ms [allocation failure].
[62598:0x102004600]    27519 ms: Scavenge 101.2 (125.0) -> 98.7 (132.0) MB, 15.7 / 0 ms [allocation failure].
[62598:0x102004600]    27537 ms: Scavenge 108.0 (132.0) -> 105.3 (138.0) MB, 15.8 / 0 ms [allocation failure].
[62598:0x102004600]    27557 ms: Scavenge 114.4 (138.0) -> 111.8 (145.0) MB, 17.8 / 0 ms [allocation failure].
[62598:0x102004600]    27577 ms: Scavenge 121.1 (145.0) -> 118.4 (152.0) MB, 17.7 / 0 ms [allocation failure].
[62598:0x102004600]    27595 ms: Scavenge 127.6 (152.0) -> 125.0 (159.0) MB, 16.0 / 0 ms [allocation failure].
[62598:0x102004600]    27620 ms: Scavenge 134.2 (159.0) -> 131.6 (165.0) MB, 17.5 / 0 ms (+ 5.1 ms in 148 steps since last GC) [allocation failure].
[62598:0x102004600]    27645 ms: Scavenge 140.7 (165.0) -> 138.1 (172.0) MB, 17.6 / 0 ms (+ 5.3 ms in 146 steps since last GC) [allocation failure].
[62598:0x102004600]    27670 ms: Scavenge 147.3 (172.0) -> 144.7 (179.0) MB, 17.4 / 0 ms (+ 5.7 ms in 148 steps since last GC) [allocation failure].
[62598:0x102004600]    27688 ms: Mark-sweep 151.5 (179.0) -> 35.2 (71.0) MB, 12.2 / 0 ms (+ 20.0 ms in 550 steps since start of marking, biggest step 0.1 ms) [GC interrupt] [GC in old space requested].
[62598:0x102004600]    27705 ms: Scavenge 46.0 (71.0) -> 42.9 (74.0) MB, 14.4 / 0 ms [allocation failure].
[62598:0x102004600]    27725 ms: Scavenge 50.9 (74.0) -> 48.6 (82.0) MB, 17.2 / 0 ms [allocation failure].
[62598:0x102004600]    27743 ms: Scavenge 58.6 (82.0) -> 55.7 (88.0) MB, 16.1 / 0 ms [allocation failure].
[62598:0x102004600]    27764 ms: Scavenge 64.3 (88.0) -> 61.9 (95.0) MB, 19.1 / 0 ms [allocation failure].
[62598:0x102004600]    27783 ms: Scavenge 71.5 (95.0) -> 68.7 (101.0) MB, 15.9 / 0 ms [allocation failure].
[62598:0x102004600]    27801 ms: Scavenge 77.6 (101.0) -> 75.1 (108.0) MB, 15.9 / 0 ms [allocation failure].
[62598:0x102004600]    27818 ms: Scavenge 84.5 (108.0) -> 81.8 (115.0) MB, 15.2 / 0 ms [allocation failure].
[62598:0x102004600]    27835 ms: Scavenge 90.8 (115.0) -> 88.3 (121.0) MB, 15.2 / 0 ms [allocation failure].
[62598:0x102004600]    27853 ms: Scavenge 97.6 (121.0) -> 94.9 (128.0) MB, 15.3 / 0 ms [allocation failure].
[62598:0x102004600]    27870 ms: Scavenge 104.0 (128.0) -> 101.4 (135.0) MB, 15.6 / 0 ms [allocation failure].
[62598:0x102004600]    27888 ms: Scavenge 110.6 (135.0) -> 108.0 (141.0) MB, 15.3 / 0 ms [allocation failure].
[62598:0x102004600]    27909 ms: Scavenge 117.1 (141.0) -> 114.5 (148.0) MB, 18.7 / 0 ms [allocation failure].
[62598:0x102004600]    27930 ms: Scavenge 123.7 (148.0) -> 121.1 (155.0) MB, 17.0 / 0 ms [allocation failure].
[62598:0x102004600]    27948 ms: Scavenge 130.3 (155.0) -> 127.7 (161.0) MB, 16.0 / 0 ms [allocation failure].
[62598:0x102004600]    27972 ms: Scavenge 136.9 (161.0) -> 134.2 (168.0) MB, 16.6 / 0 ms (+ 5.1 ms in 147 steps since last GC) [allocation failure].
[62598:0x102004600]    27996 ms: Scavenge 143.4 (168.0) -> 140.8 (175.0) MB, 17.2 / 0 ms (+ 5.3 ms in 147 steps since last GC) [allocation failure].
[62598:0x102004600]    28021 ms: Scavenge 150.0 (175.0) -> 147.4 (181.0) MB, 16.9 / 0 ms (+ 5.5 ms in 147 steps since last GC) [allocation failure].
[62598:0x102004600]    28045 ms: Scavenge 156.5 (181.0) -> 153.9 (188.0) MB, 16.8 / 0 ms (+ 5.1 ms in 147 steps since last GC) [allocation failure].
[62598:0x102004600]    28065 ms: Mark-sweep 161.2 (188.0) -> 44.7 (80.0) MB, 14.4 / 0 ms (+ 24.8 ms in 703 steps since start of marking, biggest step 0.1 ms) [GC interrupt] [GC in old space requested].
[62598:0x102004600]    28083 ms: Scavenge 55.2 (80.0) -> 52.2 (84.0) MB, 14.3 / 0 ms [allocation failure].
[62598:0x102004600]    28102 ms: Scavenge 60.4 (84.0) -> 58.1 (91.0) MB, 16.8 / 0 ms [allocation failure].
[62598:0x102004600]    28119 ms: Scavenge 67.9 (91.0) -> 65.1 (97.0) MB, 14.9 / 0 ms [allocation failure].
[62598:0x102004600]    28138 ms: Scavenge 73.8 (97.0) -> 71.3 (104.0) MB, 17.2 / 0 ms [allocation failure].
[62598:0x102004600]    28170 ms: Scavenge 80.8 (104.0) -> 78.1 (111.0) MB, 29.5 / 0 ms [allocation failure].
[62598:0x102004600]    28189 ms: Scavenge 87.1 (111.0) -> 84.5 (118.0) MB, 16.3 / 0 ms [allocation failure].
[62598:0x102004600]    28208 ms: Scavenge 93.9 (118.0) -> 91.2 (124.0) MB, 16.3 / 0 ms [allocation failure].
[62598:0x102004600]    28226 ms: Scavenge 100.3 (124.0) -> 97.7 (131.0) MB, 16.4 / 0 ms [allocation failure].
[62598:0x102004600]    28244 ms: Scavenge 106.9 (131.0) -> 104.3 (137.0) MB, 15.4 / 0 ms [allocation failure].
[62598:0x102004600]    28263 ms: Scavenge 113.4 (137.0) -> 110.8 (144.0) MB, 17.5 / 0 ms [allocation failure].
[62598:0x102004600]    28284 ms: Scavenge 120.0 (144.0) -> 117.4 (151.0) MB, 18.7 / 0 ms [allocation failure].
[62598:0x102004600]    28304 ms: Scavenge 126.6 (151.0) -> 123.9 (158.0) MB, 17.2 / 0 ms [allocation failure].
[62598:0x102004600]    28323 ms: Scavenge 133.1 (158.0) -> 130.5 (164.0) MB, 17.4 / 0 ms [allocation failure].
[62598:0x102004600]    28342 ms: Scavenge 139.7 (164.0) -> 137.1 (171.0) MB, 16.1 / 0 ms [allocation failure].
[62598:0x102004600]    28359 ms: Scavenge 146.3 (171.0) -> 143.6 (177.0) MB, 15.7 / 0 ms [allocation failure].
[62598:0x102004600]    28377 ms: Scavenge 152.8 (177.0) -> 150.2 (184.0) MB, 15.4 / 0 ms [allocation failure].
[62598:0x102004600]    28394 ms: Scavenge 159.4 (184.0) -> 156.8 (191.0) MB, 15.2 / 0 ms [allocation failure].
[62598:0x102004600]    28412 ms: Scavenge 165.9 (191.0) -> 163.3 (197.0) MB, 15.2 / 0 ms [allocation failure].
[62598:0x102004600]    28430 ms: Scavenge 172.5 (197.0) -> 169.9 (204.0) MB, 16.2 / 0 ms [allocation failure].
[62598:0x102004600]    28454 ms: Scavenge 179.1 (204.0) -> 176.4 (211.0) MB, 16.5 / 0 ms (+ 5.0 ms in 147 steps since last GC) [allocation failure].
[62598:0x102004600]    28479 ms: Scavenge 185.6 (211.0) -> 183.0 (217.0) MB, 17.3 / 0 ms (+ 5.4 ms in 147 steps since last GC) [allocation failure].
[62598:0x102004600]    28504 ms: Scavenge 192.2 (217.0) -> 189.6 (224.0) MB, 17.8 / 0 ms (+ 5.4 ms in 147 steps since last GC) [allocation failure].
[62598:0x102004600]    28532 ms: Scavenge 198.7 (224.0) -> 196.1 (231.0) MB, 19.4 / 0 ms (+ 5.7 ms in 147 steps since last GC) [allocation failure].
[62598:0x102004600]    28559 ms: Scavenge 205.3 (231.0) -> 202.7 (237.0) MB, 18.0 / 0 ms (+ 6.7 ms in 146 steps since last GC) [allocation failure].
[62598:0x102004600]    28585 ms: Scavenge 211.9 (237.0) -> 209.2 (244.0) MB, 17.9 / 0 ms (+ 5.8 ms in 147 steps since last GC) [allocation failure].
[62598:0x102004600]    28598 ms: Mark-sweep 212.2 (244.0) -> 58.8 (98.0) MB, 10.9 / 0 ms (+ 35.7 ms in 928 steps since start of marking, biggest step 0.1 ms) [GC interrupt] [GC in old space requested].
[62598:0x102004600]    28615 ms: Scavenge 72.4 (98.0) -> 68.5 (98.0) MB, 12.7 / 0 ms [allocation failure].
[62598:0x102004600]    28635 ms: Scavenge 74.5 (98.0) -> 72.8 (108.0) MB, 18.3 / 0 ms [allocation failure].
[62598:0x102004600]    28652 ms: Scavenge 84.2 (108.0) -> 81.0 (112.0) MB, 14.0 / 0 ms [allocation failure].
[62598:0x102004600]    28672 ms: Scavenge 88.6 (112.0) -> 86.4 (120.0) MB, 18.6 / 0 ms [allocation failure].
[62598:0x102004600]    28693 ms: Scavenge 96.7 (120.0) -> 93.8 (126.0) MB, 16.9 / 0 ms [allocation failure].
[62598:0x102004600]    28711 ms: Scavenge 102.1 (126.0) -> 99.8 (133.0) MB, 16.1 / 0 ms [allocation failure].
[62598:0x102004600]    28728 ms: Scavenge 109.5 (133.0) -> 106.7 (140.0) MB, 14.7 / 0 ms [allocation failure].
[62598:0x102004600]    28746 ms: Scavenge 115.5 (140.0) -> 113.0 (147.0) MB, 15.8 / 0 ms [allocation failure].
[62598:0x102004600]    28765 ms: Scavenge 122.5 (147.0) -> 119.8 (153.0) MB, 16.6 / 0 ms [allocation failure].
[62598:0x102004600]    28784 ms: Scavenge 128.7 (153.0) -> 126.2 (160.0) MB, 16.8 / 0 ms [allocation failure].
[62598:0x102004600]    28804 ms: Scavenge 135.5 (160.0) -> 132.8 (166.0) MB, 17.7 / 0 ms [allocation failure].
[62598:0x102004600]    28822 ms: Scavenge 141.9 (166.0) -> 139.3 (173.0) MB, 16.4 / 0 ms [allocation failure].
[62598:0x102004600]    28841 ms: Scavenge 148.6 (173.0) -> 145.9 (180.0) MB, 16.5 / 0 ms [allocation failure].
[62598:0x102004600]    28859 ms: Scavenge 155.1 (180.0) -> 152.5 (187.0) MB, 16.0 / 0 ms [allocation failure].
[62598:0x102004600]    28877 ms: Scavenge 161.7 (187.0) -> 159.1 (193.0) MB, 15.6 / 0 ms [allocation failure].
[62598:0x102004600]    28895 ms: Scavenge 168.2 (193.0) -> 165.6 (200.0) MB, 16.0 / 0 ms [allocation failure].
[62598:0x102004600]    28913 ms: Scavenge 174.8 (200.0) -> 172.2 (206.0) MB, 16.0 / 0 ms [allocation failure].
[62598:0x102004600]    28934 ms: Scavenge 181.3 (206.0) -> 178.7 (213.0) MB, 18.0 / 0 ms [allocation failure].
[62598:0x102004600]    28953 ms: Scavenge 187.9 (213.0) -> 185.3 (220.0) MB, 17.0 / 0 ms [allocation failure].
[62598:0x102004600]    28971 ms: Scavenge 194.5 (220.0) -> 191.8 (226.0) MB, 16.5 / 0 ms [allocation failure].
[62598:0x102004600]    28990 ms: Scavenge 201.0 (226.0) -> 198.4 (233.0) MB, 16.5 / 0 ms [allocation failure].
[62598:0x102004600]    29009 ms: Scavenge 207.6 (233.0) -> 205.0 (240.0) MB, 16.8 / 0 ms [allocation failure].
[62598:0x102004600]    29029 ms: Scavenge 214.2 (240.0) -> 211.5 (246.0) MB, 17.5 / 0 ms [allocation failure].
[62598:0x102004600]    29047 ms: Scavenge 220.7 (246.0) -> 218.1 (253.0) MB, 16.2 / 0 ms [allocation failure].
[62598:0x102004600]    29065 ms: Scavenge 227.3 (253.0) -> 224.7 (260.0) MB, 15.9 / 0 ms [allocation failure].
[62598:0x102004600]    29084 ms: Scavenge 233.8 (260.0) -> 231.2 (266.0) MB, 16.4 / 0 ms [allocation failure].
[62598:0x102004600]    29105 ms: Scavenge 240.4 (266.0) -> 237.8 (273.0) MB, 19.5 / 0 ms [allocation failure].
[62598:0x102004600]    29131 ms: Scavenge 247.0 (273.0) -> 244.3 (280.0) MB, 17.4 / 0 ms (+ 5.9 ms in 147 steps since last GC) [allocation failure].
[62598:0x102004600]    29157 ms: Scavenge 253.5 (280.0) -> 250.9 (286.0) MB, 18.2 / 0 ms (+ 5.5 ms in 147 steps since last GC) [allocation failure].
[62598:0x102004600]    29183 ms: Scavenge 260.1 (286.0) -> 257.5 (293.0) MB, 18.1 / 0 ms (+ 5.4 ms in 147 steps since last GC) [allocation failure].
[62598:0x102004600]    29191 ms: Mark-sweep 259.2 (293.0) -> 29.8 (69.0) MB, 7.1 / 0 ms (+ 17.6 ms in 467 steps since start of marking, biggest step 0.4 ms) [GC interrupt] [GC in old space requested].
[62598:0x102004600]    29208 ms: Scavenge 44.3 (69.0) -> 40.2 (69.0) MB, 13.4 / 0 ms [allocation failure].
[62598:0x102004600]    29229 ms: Scavenge 45.6 (69.0) -> 44.0 (79.0) MB, 19.8 / 0 ms [allocation failure].
[62598:0x102004600]    29246 ms: Scavenge 55.9 (79.0) -> 52.5 (83.0) MB, 13.6 / 0 ms [allocation failure].
[62598:0x102004600]    29266 ms: Scavenge 59.8 (83.0) -> 57.7 (92.0) MB, 18.7 / 0 ms [allocation failure].
[62598:0x102004600]    29284 ms: Scavenge 68.3 (92.0) -> 65.2 (97.0) MB, 14.8 / 0 ms [allocation failure].
[62598:0x102004600]    29303 ms: Scavenge 73.4 (97.0) -> 71.1 (104.0) MB, 17.7 / 0 ms [allocation failure].
[62598:0x102004600]    29321 ms: Scavenge 81.0 (104.0) -> 78.2 (110.0) MB, 15.0 / 0 ms [allocation failure].
[62598:0x102004600]    29339 ms: Scavenge 86.8 (110.0) -> 84.4 (118.0) MB, 16.5 / 0 ms [allocation failure].
[62598:0x102004600]    29357 ms: Scavenge 93.9 (118.0) -> 91.2 (124.0) MB, 15.5 / 0 ms [allocation failure].
[62598:0x102004600]    29375 ms: Scavenge 100.1 (124.0) -> 97.6 (131.0) MB, 16.3 / 0 ms [allocation failure].
[62598:0x102004600]    29393 ms: Scavenge 106.9 (131.0) -> 104.2 (137.0) MB, 15.8 / 0 ms [allocation failure].
[62598:0x102004600]    29412 ms: Scavenge 113.3 (137.0) -> 110.7 (144.0) MB, 16.5 / 0 ms [allocation failure].
[62598:0x102004600]    29430 ms: Scavenge 120.0 (144.0) -> 117.3 (151.0) MB, 15.5 / 0 ms [allocation failure].
[62598:0x102004600]    29450 ms: Scavenge 126.5 (151.0) -> 123.9 (157.0) MB, 18.3 / 0 ms [allocation failure].
[62598:0x102004600]    29475 ms: Scavenge 133.1 (157.0) -> 130.5 (164.0) MB, 17.1 / 0 ms (+ 5.8 ms in 148 steps since last GC) [allocation failure].
[62598:0x102004600]    29502 ms: Scavenge 139.6 (164.0) -> 137.0 (171.0) MB, 19.1 / 0 ms (+ 5.3 ms in 146 steps since last GC) [allocation failure].
[62598:0x102004600]    29529 ms: Scavenge 146.2 (171.0) -> 143.6 (177.0) MB, 18.4 / 0 ms (+ 5.9 ms in 147 steps since last GC) [allocation failure].
[62598:0x102004600]    29540 ms: Mark-sweep 146.6 (177.0) -> 31.3 (69.0) MB, 8.8 / 0 ms (+ 18.9 ms in 489 steps since start of marking, biggest step 0.1 ms) [GC interrupt] [GC in old space requested].
[62598:0x102004600]    29556 ms: Scavenge 44.9 (69.0) -> 41.0 (70.0) MB, 12.1 / 0 ms [allocation failure].
[62598:0x102004600]    29577 ms: Scavenge 47.0 (70.0) -> 45.3 (80.0) MB, 19.4 / 0 ms [allocation failure].
[62598:0x102004600]    29594 ms: Scavenge 56.7 (80.0) -> 53.5 (84.0) MB, 14.8 / 0 ms [allocation failure].
[62598:0x102004600]    29615 ms: Scavenge 61.0 (84.0) -> 58.9 (93.0) MB, 19.0 / 0 ms [allocation failure].
[62598:0x102004600]    29632 ms: Scavenge 69.2 (93.0) -> 66.2 (98.0) MB, 14.9 / 0 ms [allocation failure].
[62598:0x102004600]    29651 ms: Scavenge 74.6 (98.0) -> 72.2 (106.0) MB, 16.6 / 0 ms [allocation failure].
[62598:0x102004600]    29669 ms: Scavenge 82.0 (106.0) -> 79.2 (112.0) MB, 15.7 / 0 ms [allocation failure].
[62598:0x102004600]    29689 ms: Scavenge 88.0 (112.0) -> 85.5 (119.0) MB, 18.3 / 0 ms [allocation failure].
[62598:0x102004600]    29711 ms: Scavenge 95.0 (119.0) -> 92.2 (125.0) MB, 18.5 / 0 ms [allocation failure].
[62598:0x102004600]    29729 ms: Scavenge 101.2 (125.0) -> 98.6 (132.0) MB, 16.6 / 0 ms [allocation failure].
[62598:0x102004600]    29751 ms: Scavenge 108.0 (132.0) -> 105.3 (138.0) MB, 19.3 / 0 ms [allocation failure].
[62598:0x102004600]    29769 ms: Scavenge 114.4 (138.0) -> 111.8 (145.0) MB, 16.1 / 0 ms [allocation failure].
[62598:0x102004600]    29788 ms: Scavenge 121.1 (145.0) -> 118.4 (152.0) MB, 16.5 / 0 ms [allocation failure].
[62598:0x102004600]    29806 ms: Scavenge 127.5 (152.0) -> 124.9 (159.0) MB, 16.1 / 0 ms [allocation failure].
[62598:0x102004600]    29830 ms: Scavenge 134.2 (159.0) -> 131.5 (165.0) MB, 16.6 / 0 ms (+ 5.2 ms in 148 steps since last GC) [allocation failure].
[62598:0x102004600]    29866 ms: Scavenge 140.7 (165.0) -> 138.1 (172.0) MB, 28.0 / 0 ms (+ 5.3 ms in 146 steps since last GC) [allocation failure].
[62598:0x102004600]    29891 ms: Scavenge 147.3 (172.0) -> 144.6 (179.0) MB, 17.0 / 0 ms (+ 5.9 ms in 147 steps since last GC) [allocation failure].
[62598:0x102004600]    29911 ms: Mark-sweep 151.6 (179.0) -> 35.2 (71.0) MB, 14.4 / 0 ms (+ 20.3 ms in 550 steps since start of marking, biggest step 0.1 ms) [GC interrupt] [GC in old space requested].
[62598:0x102004600]    29928 ms: Scavenge 46.0 (71.0) -> 42.8 (74.0) MB, 14.0 / 0 ms [allocation failure].
[62598:0x102004600]    29947 ms: Scavenge 50.9 (74.0) -> 48.6 (82.0) MB, 16.6 / 0 ms [allocation failure].
[62598:0x102004600]    29964 ms: Scavenge 58.6 (82.0) -> 55.7 (88.0) MB, 14.8 / 0 ms [allocation failure].
[62598:0x102004600]    29983 ms: Scavenge 64.3 (88.0) -> 61.9 (95.0) MB, 16.8 / 0 ms [allocation failure].
[62598:0x102004600]    30001 ms: Scavenge 71.5 (95.0) -> 68.7 (101.0) MB, 15.7 / 0 ms [allocation failure].
[62598:0x102004600]    30019 ms: Scavenge 77.6 (101.0) -> 75.1 (108.0) MB, 16.4 / 0 ms [allocation failure].
[62598:0x102004600]    30037 ms: Scavenge 84.5 (108.0) -> 81.8 (114.0) MB, 15.5 / 0 ms [allocation failure].
[62598:0x102004600]    30059 ms: Scavenge 90.8 (114.0) -> 88.2 (121.0) MB, 19.4 / 0 ms [allocation failure].
[62598:0x102004600]    30078 ms: Scavenge 97.5 (121.0) -> 94.9 (128.0) MB, 17.0 / 0 ms [allocation failure].
[62598:0x102004600]    30097 ms: Scavenge 104.0 (128.0) -> 101.4 (135.0) MB, 17.0 / 0 ms [allocation failure].
[62598:0x102004600]    30115 ms: Scavenge 110.6 (135.0) -> 108.0 (141.0) MB, 16.0 / 0 ms [allocation failure].
[62598:0x102004600]    30135 ms: Scavenge 117.1 (141.0) -> 114.5 (148.0) MB, 17.5 / 0 ms [allocation failure].
[62598:0x102004600]    30153 ms: Scavenge 123.7 (148.0) -> 121.1 (155.0) MB, 16.1 / 0 ms [allocation failure].
[62598:0x102004600]    30172 ms: Scavenge 130.3 (155.0) -> 127.7 (161.0) MB, 16.5 / 0 ms [allocation failure].
[62598:0x102004600]    30199 ms: Scavenge 136.8 (161.0) -> 134.2 (168.0) MB, 19.4 / 0 ms (+ 5.4 ms in 147 steps since last GC) [allocation failure].
[62598:0x102004600]    30227 ms: Scavenge 143.4 (168.0) -> 140.8 (175.0) MB, 20.1 / 0 ms (+ 5.4 ms in 147 steps since last GC) [allocation failure].
[62598:0x102004600]    30254 ms: Scavenge 150.0 (175.0) -> 147.3 (181.0) MB, 19.7 / 0 ms (+ 5.7 ms in 147 steps since last GC) [allocation failure].
[62598:0x102004600]    30282 ms: Scavenge 156.5 (181.0) -> 153.9 (188.0) MB, 19.4 / 0 ms (+ 5.4 ms in 147 steps since last GC) [allocation failure].
[62598:0x102004600]    30300 ms: Mark-sweep 161.2 (188.0) -> 44.7 (80.0) MB, 13.1 / 0 ms (+ 25.9 ms in 703 steps since start of marking, biggest step 0.1 ms) [GC interrupt] [GC in old space requested].
[62598:0x102004600]    30318 ms: Scavenge 55.2 (80.0) -> 52.2 (84.0) MB, 14.8 / 0 ms [allocation failure].
[62598:0x102004600]    30338 ms: Scavenge 60.4 (84.0) -> 58.1 (91.0) MB, 17.3 / 0 ms [allocation failure].
[62598:0x102004600]    30355 ms: Scavenge 67.9 (91.0) -> 65.1 (97.0) MB, 15.1 / 0 ms [allocation failure].
[62598:0x102004600]    30374 ms: Scavenge 73.8 (97.0) -> 71.3 (104.0) MB, 16.6 / 0 ms [allocation failure].
[62598:0x102004600]    30392 ms: Scavenge 80.8 (104.0) -> 78.1 (111.0) MB, 15.8 / 0 ms [allocation failure].
[62598:0x102004600]    30410 ms: Scavenge 87.1 (111.0) -> 84.5 (118.0) MB, 16.5 / 0 ms [allocation failure].
[62598:0x102004600]    30430 ms: Scavenge 93.9 (118.0) -> 91.2 (124.0) MB, 16.7 / 0 ms [allocation failure].
[62598:0x102004600]    30450 ms: Scavenge 100.3 (124.0) -> 97.7 (131.0) MB, 17.7 / 0 ms [allocation failure].
[62598:0x102004600]    30469 ms: Scavenge 106.9 (131.0) -> 104.3 (137.0) MB, 17.4 / 0 ms [allocation failure].
[62598:0x102004600]    30489 ms: Scavenge 113.4 (137.0) -> 110.8 (144.0) MB, 17.2 / 0 ms [allocation failure].
[62598:0x102004600]    30510 ms: Scavenge 120.0 (144.0) -> 117.4 (151.0) MB, 18.5 / 0 ms [allocation failure].
[62598:0x102004600]    30528 ms: Scavenge 126.6 (151.0) -> 123.9 (158.0) MB, 16.1 / 0 ms [allocation failure].
[62598:0x102004600]    30546 ms: Scavenge 133.1 (158.0) -> 130.5 (164.0) MB, 16.4 / 0 ms [allocation failure].
[62598:0x102004600]    30565 ms: Scavenge 139.7 (164.0) -> 137.1 (171.0) MB, 16.2 / 0 ms [allocation failure].
[62598:0x102004600]    30583 ms: Scavenge 146.3 (171.0) -> 143.6 (177.0) MB, 16.1 / 0 ms [allocation failure].
[62598:0x102004600]    30601 ms: Scavenge 152.8 (177.0) -> 150.2 (184.0) MB, 16.0 / 0 ms [allocation failure].
[62598:0x102004600]    30620 ms: Scavenge 159.4 (184.0) -> 156.8 (191.0) MB, 16.7 / 0 ms [allocation failure].
[62598:0x102004600]    30639 ms: Scavenge 165.9 (191.0) -> 163.3 (197.0) MB, 17.0 / 0 ms [allocation failure].
[62598:0x102004600]    30658 ms: Scavenge 172.5 (197.0) -> 169.9 (204.0) MB, 16.5 / 0 ms [allocation failure].
[62598:0x102004600]    30684 ms: Scavenge 179.1 (204.0) -> 176.4 (211.0) MB, 18.2 / 0 ms (+ 5.1 ms in 146 steps since last GC) [allocation failure].
[62598:0x102004600]    30710 ms: Scavenge 185.6 (211.0) -> 183.0 (217.0) MB, 18.1 / 0 ms (+ 5.9 ms in 147 steps since last GC) [allocation failure].
[62598:0x102004600]    30735 ms: Scavenge 192.2 (217.0) -> 189.6 (224.0) MB, 17.7 / 0 ms (+ 5.4 ms in 147 steps since last GC) [allocation failure].
[62598:0x102004600]    30761 ms: Scavenge 198.7 (224.0) -> 196.1 (231.0) MB, 17.8 / 0 ms (+ 6.0 ms in 147 steps since last GC) [allocation failure].
[62598:0x102004600]    30788 ms: Scavenge 205.3 (231.0) -> 202.7 (237.0) MB, 17.7 / 0 ms (+ 6.5 ms in 147 steps since last GC) [allocation failure].
[62598:0x102004600]    30814 ms: Scavenge 211.9 (237.0) -> 209.2 (244.0) MB, 18.1 / 0 ms (+ 5.9 ms in 147 steps since last GC) [allocation failure].
[62598:0x102004600]    30828 ms: Mark-sweep 212.8 (244.0) -> 59.2 (98.0) MB, 10.4 / 0 ms (+ 37.0 ms in 934 steps since start of marking, biggest step 0.1 ms) [GC interrupt] [GC in old space requested].
[62598:0x102004600]    30844 ms: Scavenge 72.4 (98.0) -> 68.6 (98.0) MB, 13.0 / 0 ms [allocation failure].
[62598:0x102004600]    30865 ms: Scavenge 74.9 (98.0) -> 73.1 (108.0) MB, 19.0 / 0 ms [allocation failure].
[62598:0x102004600]    30882 ms: Scavenge 84.4 (108.0) -> 81.1 (113.0) MB, 14.0 / 0 ms [allocation failure].
[62598:0x102004600]    30901 ms: Scavenge 88.9 (113.0) -> 86.7 (121.0) MB, 17.8 / 0 ms [allocation failure].
[62598:0x102004600]    30920 ms: Scavenge 96.9 (121.0) -> 94.0 (126.0) MB, 16.0 / 0 ms [allocation failure].
[62598:0x102004600]    30943 ms: Scavenge 102.4 (126.0) -> 100.0 (134.0) MB, 21.2 / 0 ms [allocation failure].
[62598:0x102004600]    30961 ms: Scavenge 109.7 (134.0) -> 106.9 (140.0) MB, 15.3 / 0 ms [allocation failure].
[62598:0x102004600]    30979 ms: Scavenge 115.7 (140.0) -> 113.2 (147.0) MB, 16.3 / 0 ms [allocation failure].
[62598:0x102004600]    31000 ms: Scavenge 122.7 (147.0) -> 120.0 (153.0) MB, 18.1 / 0 ms [allocation failure].
[62598:0x102004600]    31019 ms: Scavenge 129.0 (153.0) -> 126.4 (160.0) MB, 16.9 / 0 ms [allocation failure].
[62598:0x102004600]    31038 ms: Scavenge 135.7 (160.0) -> 133.1 (167.0) MB, 16.6 / 0 ms [allocation failure].
[62598:0x102004600]    31057 ms: Scavenge 142.1 (167.0) -> 139.6 (173.0) MB, 16.9 / 0 ms [allocation failure].
[62598:0x102004600]    31075 ms: Scavenge 148.8 (173.0) -> 146.2 (180.0) MB, 16.1 / 0 ms [allocation failure].
[62598:0x102004600]    31094 ms: Scavenge 155.3 (180.0) -> 152.7 (187.0) MB, 16.3 / 0 ms [allocation failure].
[62598:0x102004600]    31112 ms: Scavenge 161.9 (187.0) -> 159.3 (193.0) MB, 16.1 / 0 ms [allocation failure].
[62598:0x102004600]    31130 ms: Scavenge 168.4 (193.0) -> 165.8 (200.0) MB, 15.6 / 0 ms [allocation failure].
[62598:0x102004600]    31148 ms: Scavenge 175.0 (200.0) -> 172.4 (207.0) MB, 16.0 / 0 ms [allocation failure].
[62598:0x102004600]    31167 ms: Scavenge 181.6 (207.0) -> 178.9 (213.0) MB, 16.3 / 0 ms [allocation failure].
[62598:0x102004600]    31185 ms: Scavenge 188.1 (213.0) -> 185.5 (220.0) MB, 16.0 / 0 ms [allocation failure].
[62598:0x102004600]    31203 ms: Scavenge 194.7 (220.0) -> 192.1 (227.0) MB, 16.3 / 0 ms [allocation failure].
[62598:0x102004600]    31222 ms: Scavenge 201.3 (227.0) -> 198.6 (233.0) MB, 16.2 / 0 ms [allocation failure].
[62598:0x102004600]    31240 ms: Scavenge 207.8 (233.0) -> 205.2 (240.0) MB, 16.4 / 0 ms [allocation failure].
[62598:0x102004600]    31258 ms: Scavenge 214.4 (240.0) -> 211.8 (247.0) MB, 16.1 / 0 ms [allocation failure].
[62598:0x102004600]    31278 ms: Scavenge 220.9 (247.0) -> 218.3 (253.0) MB, 17.2 / 0 ms [allocation failure].
[62598:0x102004600]    31299 ms: Scavenge 227.5 (253.0) -> 224.9 (260.0) MB, 18.4 / 0 ms [allocation failure].
[62598:0x102004600]    31319 ms: Scavenge 234.1 (260.0) -> 231.4 (267.0) MB, 17.7 / 0 ms [allocation failure].
[62598:0x102004600]    31340 ms: Scavenge 240.6 (267.0) -> 238.0 (273.0) MB, 19.0 / 0 ms [allocation failure].
[62598:0x102004600]    31366 ms: Scavenge 247.2 (273.0) -> 244.6 (280.0) MB, 17.4 / 0 ms (+ 6.2 ms in 147 steps since last GC) [allocation failure].
[62598:0x102004600]    31392 ms: Scavenge 253.7 (280.0) -> 251.1 (287.0) MB, 17.9 / 0 ms (+ 5.3 ms in 147 steps since last GC) [allocation failure].
[62598:0x102004600]    31417 ms: Scavenge 260.3 (287.0) -> 257.7 (293.0) MB, 17.3 / 0 ms (+ 5.5 ms in 147 steps since last GC) [allocation failure].
[62598:0x102004600]    31426 ms: Mark-sweep 260.1 (293.0) -> 30.6 (69.0) MB, 7.8 / 0 ms (+ 18.2 ms in 479 steps since start of marking, biggest step 0.2 ms) [GC interrupt] [GC in old space requested].
[62598:0x102004600]    31443 ms: Scavenge 44.6 (69.0) -> 40.5 (69.0) MB, 13.2 / 0 ms [allocation failure].
[62598:0x102004600]    31467 ms: Scavenge 46.3 (69.0) -> 44.7 (79.0) MB, 22.0 / 0 ms [allocation failure].
[62598:0x102004600]    31484 ms: Scavenge 56.3 (79.0) -> 53.0 (84.0) MB, 14.8 / 0 ms [allocation failure].
[62598:0x102004600]    31507 ms: Scavenge 60.4 (84.0) -> 58.3 (92.0) MB, 20.3 / 0 ms [allocation failure].
[62598:0x102004600]    31524 ms: Scavenge 68.7 (92.0) -> 65.7 (97.0) MB, 15.3 / 0 ms [allocation failure].
[62598:0x102004600]    31546 ms: Scavenge 74.0 (97.0) -> 71.7 (105.0) MB, 18.9 / 0 ms [allocation failure].
[62598:0x102004600]    31564 ms: Scavenge 81.5 (105.0) -> 78.7 (111.0) MB, 15.8 / 0 ms [allocation failure].
[62598:0x102004600]    31583 ms: Scavenge 87.4 (111.0) -> 84.9 (118.0) MB, 16.4 / 0 ms [allocation failure].
[62598:0x102004600]    31601 ms: Scavenge 94.4 (118.0) -> 91.7 (124.0) MB, 15.9 / 0 ms [allocation failure].
[62598:0x102004600]    31620 ms: Scavenge 100.7 (124.0) -> 98.1 (131.0) MB, 16.7 / 0 ms [allocation failure].
[62598:0x102004600]    31642 ms: Scavenge 107.5 (131.0) -> 104.8 (138.0) MB, 19.8 / 0 ms [allocation failure].
[62598:0x102004600]    31660 ms: Scavenge 113.8 (138.0) -> 111.3 (145.0) MB, 16.4 / 0 ms [allocation failure].
[62598:0x102004600]    31679 ms: Scavenge 120.5 (145.0) -> 117.9 (151.0) MB, 16.6 / 0 ms [allocation failure].
[62598:0x102004600]    31702 ms: Scavenge 127.0 (151.0) -> 124.4 (158.0) MB, 20.3 / 0 ms [allocation failure].
[62598:0x102004600]    31728 ms: Scavenge 133.6 (158.0) -> 131.0 (165.0) MB, 18.9 / 0 ms (+ 5.2 ms in 148 steps since last GC) [allocation failure].
[62598:0x102004600]    31753 ms: Scavenge 140.1 (165.0) -> 137.5 (171.0) MB, 17.4 / 0 ms (+ 5.8 ms in 146 steps since last GC) [allocation failure].
[62598:0x102004600]    31779 ms: Scavenge 146.7 (171.0) -> 144.1 (178.0) MB, 17.7 / 0 ms (+ 5.6 ms in 147 steps since last GC) [allocation failure].
[62598:0x102004600]    31795 ms: Mark-sweep 149.0 (178.0) -> 33.2 (70.0) MB, 11.9 / 0 ms (+ 19.3 ms in 520 steps since start of marking, biggest step 0.1 ms) [GC interrupt] [GC in old space requested].
[62598:0x102004600]    31812 ms: Scavenge 45.4 (70.0) -> 41.9 (72.0) MB, 13.9 / 0 ms [allocation failure].
[62598:0x102004600]    31832 ms: Scavenge 48.9 (72.0) -> 46.9 (81.0) MB, 18.7 / 0 ms [allocation failure].
[62598:0x102004600]    31851 ms: Scavenge 57.6 (81.0) -> 54.6 (86.0) MB, 15.5 / 0 ms [allocation failure].
[62598:0x102004600]    31873 ms: Scavenge 62.7 (86.0) -> 60.3 (94.0) MB, 20.3 / 0 ms [allocation failure].
[62598:0x102004600]    31891 ms: Scavenge 70.3 (94.0) -> 67.5 (100.0) MB, 15.0 / 0 ms [allocation failure].
[62598:0x102004600]    31911 ms: Scavenge 76.1 (100.0) -> 73.6 (107.0) MB, 17.4 / 0 ms [allocation failure].
[62598:0x102004600]    31933 ms: Scavenge 83.2 (107.0) -> 80.5 (113.0) MB, 19.9 / 0 ms [allocation failure].
[62598:0x102004600]    31952 ms: Scavenge 89.4 (113.0) -> 86.8 (120.0) MB, 16.4 / 0 ms [allocation failure].
[62598:0x102004600]    31970 ms: Scavenge 96.2 (120.0) -> 93.5 (126.0) MB, 15.8 / 0 ms [allocation failure].
[62598:0x102004600]    31988 ms: Scavenge 102.6 (126.0) -> 100.0 (133.0) MB, 16.1 / 0 ms [allocation failure].
[62598:0x102004600]    32007 ms: Scavenge 109.3 (133.0) -> 106.6 (140.0) MB, 17.3 / 0 ms [allocation failure].
[62598:0x102004600]    32025 ms: Scavenge 115.7 (140.0) -> 113.1 (147.0) MB, 16.0 / 0 ms [allocation failure].
[62598:0x102004600]    32045 ms: Scavenge 122.4 (147.0) -> 119.7 (153.0) MB, 17.8 / 0 ms [allocation failure].
[62598:0x102004600]    32064 ms: Scavenge 128.9 (153.0) -> 126.3 (160.0) MB, 16.3 / 0 ms [allocation failure].
[62598:0x102004600]    32088 ms: Scavenge 135.5 (160.0) -> 132.9 (167.0) MB, 16.8 / 0 ms (+ 5.2 ms in 147 steps since last GC) [allocation failure].
[62598:0x102004600]    32115 ms: Scavenge 142.0 (167.0) -> 139.4 (173.0) MB, 18.5 / 0 ms (+ 5.7 ms in 147 steps since last GC) [allocation failure].
[62598:0x102004600]    32140 ms: Scavenge 148.6 (173.0) -> 146.0 (180.0) MB, 17.4 / 0 ms (+ 5.8 ms in 147 steps since last GC) [allocation failure].
[62598:0x102004600]    32165 ms: Scavenge 155.1 (180.0) -> 152.5 (187.0) MB, 17.3 / 0 ms (+ 5.1 ms in 147 steps since last GC) [allocation failure].
[62598:0x102004600]    32175 ms: Mark-sweep 154.7 (187.0) -> 39.7 (79.0) MB, 7.8 / 0 ms (+ 23.1 ms in 623 steps since start of marking, biggest step 0.1 ms) [GC interrupt] [GC in old space requested].
[62598:0x102004600]    32191 ms: Scavenge 53.8 (79.0) -> 49.8 (79.0) MB, 12.2 / 0 ms [allocation failure].
[62598:0x102004600]    32211 ms: Scavenge 55.4 (79.0) -> 53.8 (89.0) MB, 18.2 / 0 ms [allocation failure].
[62598:0x102004600]    32226 ms: Scavenge 65.5 (89.0) -> 62.2 (93.0) MB, 13.1 / 0 ms [allocation failure].
[62598:0x102004600]    32245 ms: Scavenge 69.5 (93.0) -> 67.4 (101.0) MB, 17.2 / 0 ms [allocation failure].
[62598:0x102004600]    32265 ms: Scavenge 77.9 (101.0) -> 74.9 (107.0) MB, 18.0 / 0 ms [allocation failure].
[62598:0x102004600]    32283 ms: Scavenge 83.2 (107.0) -> 80.8 (114.0) MB, 16.1 / 0 ms [allocation failure].
[62598:0x102004600]    32301 ms: Scavenge 90.7 (114.0) -> 87.9 (120.0) MB, 15.3 / 0 ms [allocation failure].
[62598:0x102004600]    32319 ms: Scavenge 96.6 (120.0) -> 94.1 (127.0) MB, 16.2 / 0 ms [allocation failure].
[62598:0x102004600]    32337 ms: Scavenge 103.6 (127.0) -> 100.9 (134.0) MB, 15.7 / 0 ms [allocation failure].
[62598:0x102004600]    32355 ms: Scavenge 109.8 (134.0) -> 107.3 (141.0) MB, 15.7 / 0 ms [allocation failure].
[62598:0x102004600]    32373 ms: Scavenge 116.6 (141.0) -> 113.9 (147.0) MB, 15.4 / 0 ms [allocation failure].
[62598:0x102004600]    32391 ms: Scavenge 123.0 (147.0) -> 120.4 (154.0) MB, 15.2 / 0 ms [allocation failure].
[62598:0x102004600]    32408 ms: Scavenge 129.7 (154.0) -> 127.0 (161.0) MB, 15.2 / 0 ms [allocation failure].
[62598:0x102004600]    32426 ms: Scavenge 136.2 (161.0) -> 133.6 (167.0) MB, 15.7 / 0 ms [allocation failure].
[62598:0x102004600]    32445 ms: Scavenge 142.8 (167.0) -> 140.2 (174.0) MB, 16.4 / 0 ms [allocation failure].
[62598:0x102004600]    32467 ms: Scavenge 149.3 (174.0) -> 146.7 (181.0) MB, 19.1 / 0 ms [allocation failure].
[62598:0x102004600]    32486 ms: Scavenge 155.9 (181.0) -> 153.3 (187.0) MB, 15.7 / 0 ms [allocation failure].
[62598:0x102004600]    32504 ms: Scavenge 162.4 (187.0) -> 159.8 (194.0) MB, 15.9 / 0 ms [allocation failure].
[62598:0x102004600]    32529 ms: Scavenge 169.0 (194.0) -> 166.4 (201.0) MB, 18.1 / 0 ms (+ 5.2 ms in 147 steps since last GC) [allocation failure].
[62598:0x102004600]    32553 ms: Scavenge 175.6 (201.0) -> 172.9 (207.0) MB, 16.9 / 0 ms (+ 5.1 ms in 146 steps since last GC) [allocation failure].
[62598:0x102004600]    32567 ms: Mark-sweep 177.6 (207.0) -> 23.7 (61.0) MB, 9.4 / 0 ms (+ 13.0 ms in 367 steps since start of marking, biggest step 0.1 ms) [GC interrupt] [GC in old space requested].
[62598:0x102004600]    32583 ms: Scavenge 36.1 (61.0) -> 32.5 (62.0) MB, 12.7 / 0 ms [allocation failure].
[62598:0x102004600]    32601 ms: Scavenge 39.4 (62.0) -> 37.5 (71.0) MB, 17.0 / 0 ms [allocation failure].
[62598:0x102004600]    32617 ms: Scavenge 48.3 (71.0) -> 45.2 (76.0) MB, 13.5 / 0 ms [allocation failure].
[62598:0x102004600]    32635 ms: Scavenge 53.2 (76.0) -> 50.9 (84.0) MB, 16.7 / 0 ms [allocation failure].
[62598:0x102004600]    32653 ms: Scavenge 60.9 (84.0) -> 58.1 (90.0) MB, 14.8 / 0 ms [allocation failure].
[62598:0x102004600]    32670 ms: Scavenge 66.7 (90.0) -> 64.2 (97.0) MB, 15.3 / 0 ms [allocation failure].
[62598:0x102004600]    32687 ms: Scavenge 73.8 (97.0) -> 71.1 (103.0) MB, 15.0 / 0 ms [allocation failure].
[62598:0x102004600]    32705 ms: Scavenge 80.0 (103.0) -> 77.4 (110.0) MB, 15.7 / 0 ms [allocation failure].
[62598:0x102004600]    32722 ms: Scavenge 86.8 (110.0) -> 84.1 (117.0) MB, 15.8 / 0 ms [allocation failure].
[62598:0x102004600]    32741 ms: Scavenge 93.2 (117.0) -> 90.6 (124.0) MB, 16.2 / 0 ms [allocation failure].
[62598:0x102004600]    32764 ms: Scavenge 99.9 (124.0) -> 97.2 (130.0) MB, 16.2 / 0 ms (+ 5.1 ms in 149 steps since last GC) [allocation failure].
[62598:0x102004600]    32788 ms: Scavenge 106.3 (130.0) -> 103.7 (137.0) MB, 16.9 / 0 ms (+ 5.2 ms in 145 steps since last GC) [allocation failure].
[62598:0x102004600]    32813 ms: Scavenge 113.0 (137.0) -> 110.3 (144.0) MB, 17.2 / 0 ms (+ 5.4 ms in 148 steps since last GC) [allocation failure].
[62598:0x102004600]    32848 ms: Scavenge 119.5 (144.0) -> 116.9 (150.0) MB, 23.6 / 0 ms (+ 7.8 ms in 146 steps since last GC) [allocation failure].
[62598:0x102004600]    32879 ms: Scavenge 126.1 (150.0) -> 123.4 (157.0) MB, 22.6 / 0 ms (+ 5.8 ms in 148 steps since last GC) [allocation failure].
[62598:0x102004600]    32888 ms: Mark-sweep 125.3 (157.0) -> 48.5 (88.0) MB, 7.7 / 0 ms (+ 30.7 ms in 764 steps since start of marking, biggest step 0.1 ms) [GC interrupt] [GC in old space requested].
[62598:0x102004600]    32903 ms: Scavenge 62.9 (88.0) -> 58.8 (88.0) MB, 10.6 / 0 ms [allocation failure].
[62598:0x102004600]    32923 ms: Scavenge 64.2 (88.0) -> 62.7 (98.0) MB, 18.9 / 0 ms [allocation failure].
[62598:0x102004600]    32940 ms: Scavenge 74.5 (98.0) -> 71.1 (102.0) MB, 13.4 / 0 ms [allocation failure].
[62598:0x102004600]    32959 ms: Scavenge 78.4 (102.0) -> 76.3 (110.0) MB, 17.2 / 0 ms [allocation failure].
[62598:0x102004600]    32982 ms: Scavenge 86.9 (110.0) -> 83.9 (116.0) MB, 19.7 / 0 ms [allocation failure].
[62598:0x102004600]    33005 ms: Scavenge 92.1 (116.0) -> 89.7 (123.0) MB, 20.3 / 0 ms [allocation failure].
[62598:0x102004600]    33023 ms: Scavenge 99.6 (123.0) -> 96.8 (129.0) MB, 15.8 / 0 ms [allocation failure].
[62598:0x102004600]    33044 ms: Scavenge 105.5 (129.0) -> 103.0 (137.0) MB, 17.5 / 0 ms [allocation failure].
[62598:0x102004600]    33062 ms: Scavenge 112.5 (137.0) -> 109.8 (143.0) MB, 15.8 / 0 ms [allocation failure].
[62598:0x102004600]    33080 ms: Scavenge 118.8 (143.0) -> 116.2 (150.0) MB, 16.3 / 0 ms [allocation failure].
[62598:0x102004600]    33099 ms: Scavenge 125.6 (150.0) -> 122.9 (156.0) MB, 16.0 / 0 ms [allocation failure].
[62598:0x102004600]    33117 ms: Scavenge 131.9 (156.0) -> 129.4 (163.0) MB, 16.0 / 0 ms [allocation failure].
[62598:0x102004600]    33135 ms: Scavenge 138.6 (163.0) -> 136.0 (170.0) MB, 16.4 / 0 ms [allocation failure].
[62598:0x102004600]    33153 ms: Scavenge 145.1 (170.0) -> 142.5 (176.0) MB, 15.9 / 0 ms [allocation failure].
[62598:0x102004600]    33171 ms: Scavenge 151.7 (176.0) -> 149.1 (183.0) MB, 16.1 / 0 ms [allocation failure].
[62598:0x102004600]    33189 ms: Scavenge 158.2 (183.0) -> 155.6 (190.0) MB, 15.5 / 0 ms [allocation failure].
[62598:0x102004600]    33214 ms: Scavenge 164.8 (190.0) -> 162.2 (196.0) MB, 22.9 / 0 ms [allocation failure].
[62598:0x102004600]    33232 ms: Scavenge 171.4 (196.0) -> 168.8 (203.0) MB, 15.7 / 0 ms [allocation failure].
[62598:0x102004600]    33250 ms: Scavenge 178.0 (203.0) -> 175.3 (210.0) MB, 15.7 / 0 ms [allocation failure].
[62598:0x102004600]    33272 ms: Scavenge 184.5 (210.0) -> 181.9 (216.0) MB, 19.8 / 0 ms [allocation failure].
[62598:0x102004600]    33290 ms: Scavenge 191.1 (216.0) -> 188.4 (223.0) MB, 15.6 / 0 ms [allocation failure].
[62598:0x102004600]    33311 ms: Scavenge 197.6 (223.0) -> 195.0 (230.0) MB, 17.8 / 0 ms [allocation failure].
[62598:0x102004600]    33329 ms: Scavenge 204.2 (230.0) -> 201.6 (236.0) MB, 15.5 / 0 ms [allocation failure].
[62598:0x102004600]    33354 ms: Scavenge 210.7 (236.0) -> 208.1 (243.0) MB, 16.9 / 0 ms (+ 5.3 ms in 146 steps since last GC) [allocation failure].
[62598:0x102004600]    33386 ms: Scavenge 217.3 (243.0) -> 214.7 (250.0) MB, 21.3 / 0 ms (+ 7.8 ms in 147 steps since last GC) [allocation failure].
[62598:0x102004600]    33417 ms: Scavenge 223.9 (250.0) -> 221.2 (256.0) MB, 22.0 / 0 ms (+ 6.5 ms in 147 steps since last GC) [allocation failure].
[62598:0x102004600]    33439 ms: Mark-sweep 229.9 (256.0) -> 36.7 (71.0) MB, 14.8 / 0 ms (+ 24.5 ms in 575 steps since start of marking, biggest step 0.2 ms) [GC interrupt] [GC in old space requested].
[62598:0x102004600]    33460 ms: Scavenge 46.3 (71.0) -> 43.5 (75.0) MB, 18.2 / 0 ms [allocation failure].
[62598:0x102004600]    33479 ms: Scavenge 52.4 (75.0) -> 49.9 (82.0) MB, 17.3 / 0 ms [allocation failure].
[62598:0x102004600]    33497 ms: Scavenge 59.2 (82.0) -> 56.6 (89.0) MB, 15.6 / 0 ms [allocation failure].
[62598:0x102004600]    33514 ms: Scavenge 65.6 (89.0) -> 63.0 (96.0) MB, 15.1 / 0 ms [allocation failure].
[62598:0x102004600]    33532 ms: Scavenge 72.3 (96.0) -> 69.7 (102.0) MB, 15.7 / 0 ms [allocation failure].
[62598:0x102004600]    33550 ms: Scavenge 78.8 (102.0) -> 76.2 (109.0) MB, 15.7 / 0 ms [allocation failure].
[62598:0x102004600]    33570 ms: Scavenge 85.4 (109.0) -> 82.8 (116.0) MB, 18.2 / 0 ms [allocation failure].
[62598:0x102004600]    33589 ms: Scavenge 91.9 (116.0) -> 89.3 (122.0) MB, 15.8 / 0 ms [allocation failure].
[62598:0x102004600]    33607 ms: Scavenge 98.5 (122.0) -> 95.9 (129.0) MB, 16.0 / 0 ms [allocation failure].
[62598:0x102004600]    33629 ms: Scavenge 105.0 (129.0) -> 102.4 (136.0) MB, 20.6 / 0 ms [allocation failure].
[62598:0x102004600]    33653 ms: Scavenge 111.6 (136.0) -> 109.0 (142.0) MB, 20.7 / 0 ms [allocation failure].
[62598:0x102004600]    33678 ms: Scavenge 118.2 (142.0) -> 115.5 (149.0) MB, 23.1 / 0 ms [allocation failure].
[62598:0x102004600]    33701 ms: Scavenge 124.7 (149.0) -> 122.1 (156.0) MB, 20.0 / 0 ms [allocation failure].
[62598:0x102004600]    33721 ms: Scavenge 131.3 (156.0) -> 128.7 (162.0) MB, 18.4 / 0 ms [allocation failure].
[62598:0x102004600]    33748 ms: Scavenge 137.9 (162.0) -> 135.2 (169.0) MB, 18.6 / 0 ms (+ 5.8 ms in 147 steps since last GC) [allocation failure].
[62598:0x102004600]    33774 ms: Scavenge 144.4 (169.0) -> 141.8 (176.0) MB, 17.5 / 0 ms (+ 5.8 ms in 147 steps since last GC) [allocation failure].
[62598:0x102004600]    33806 ms: Scavenge 151.0 (176.0) -> 148.4 (182.0) MB, 24.2 / 0 ms (+ 5.3 ms in 146 steps since last GC) [allocation failure].
[62598:0x102004600]    33831 ms: Scavenge 157.5 (182.0) -> 154.9 (189.0) MB, 17.2 / 0 ms (+ 6.2 ms in 147 steps since last GC) [allocation failure].
[62598:0x102004600]    33856 ms: Scavenge 164.1 (189.0) -> 161.5 (196.0) MB, 17.1 / 0 ms (+ 5.1 ms in 147 steps since last GC) [allocation failure].
[62598:0x102004600]    33867 ms: Mark-sweep 163.5 (196.0) -> 48.5 (88.0) MB, 8.8 / 0 ms (+ 29.5 ms in 765 steps since start of marking, biggest step 0.2 ms) [GC interrupt] [GC in old space requested].
[62598:0x102004600]    33882 ms: Scavenge 62.8 (88.0) -> 58.7 (88.0) MB, 11.1 / 0 ms [allocation failure].
[62598:0x102004600]    33908 ms: Scavenge 64.2 (88.0) -> 62.7 (98.0) MB, 24.7 / 0 ms [allocation failure].
[62598:0x102004600]    33927 ms: Scavenge 74.4 (98.0) -> 71.1 (102.0) MB, 15.9 / 0 ms [allocation failure].
[62598:0x102004600]    33950 ms: Scavenge 78.4 (102.0) -> 76.3 (110.0) MB, 21.1 / 0 ms [allocation failure].
[62598:0x102004600]    33971 ms: Scavenge 86.8 (110.0) -> 83.8 (116.0) MB, 16.9 / 0 ms [allocation failure].
[62598:0x102004600]    33994 ms: Scavenge 92.1 (116.0) -> 89.7 (123.0) MB, 21.4 / 0 ms [allocation failure].
[62598:0x102004600]    34016 ms: Scavenge 99.6 (123.0) -> 96.7 (129.0) MB, 18.9 / 0 ms [allocation failure].
[62598:0x102004600]    34040 ms: Scavenge 105.4 (129.0) -> 103.0 (137.0) MB, 21.8 / 0 ms [allocation failure].
[62598:0x102004600]    34059 ms: Scavenge 112.5 (137.0) -> 109.8 (143.0) MB, 16.2 / 0 ms [allocation failure].
[62598:0x102004600]    34077 ms: Scavenge 118.7 (143.0) -> 116.2 (150.0) MB, 16.0 / 0 ms [allocation failure].
[62598:0x102004600]    34095 ms: Scavenge 125.5 (150.0) -> 122.8 (156.0) MB, 15.2 / 0 ms [allocation failure].
[62598:0x102004600]    34113 ms: Scavenge 131.9 (156.0) -> 129.3 (163.0) MB, 16.3 / 0 ms [allocation failure].
[62598:0x102004600]    34132 ms: Scavenge 138.6 (163.0) -> 135.9 (170.0) MB, 16.8 / 0 ms [allocation failure].
[62598:0x102004600]    34152 ms: Scavenge 145.1 (170.0) -> 142.4 (176.0) MB, 17.8 / 0 ms [allocation failure].
[62598:0x102004600]    34174 ms: Scavenge 151.7 (176.0) -> 149.0 (183.0) MB, 19.6 / 0 ms [allocation failure].
[62598:0x102004600]    34193 ms: Scavenge 158.2 (183.0) -> 155.6 (190.0) MB, 16.2 / 0 ms [allocation failure].
[62598:0x102004600]    34212 ms: Scavenge 164.8 (190.0) -> 162.2 (196.0) MB, 17.0 / 0 ms [allocation failure].
[62598:0x102004600]    34230 ms: Scavenge 171.3 (196.0) -> 168.7 (203.0) MB, 15.4 / 0 ms [allocation failure].
[62598:0x102004600]    34251 ms: Scavenge 177.9 (203.0) -> 175.3 (210.0) MB, 17.5 / 0 ms [allocation failure].
[62598:0x102004600]    34269 ms: Scavenge 184.5 (210.0) -> 181.8 (216.0) MB, 16.0 / 0 ms [allocation failure].
[62598:0x102004600]    34286 ms: Scavenge 191.0 (216.0) -> 188.4 (223.0) MB, 15.3 / 0 ms [allocation failure].
[62598:0x102004600]    34305 ms: Scavenge 197.6 (223.0) -> 195.0 (230.0) MB, 16.0 / 0 ms [allocation failure].
[62598:0x102004600]    34329 ms: Scavenge 204.1 (230.0) -> 201.5 (236.0) MB, 17.0 / 0 ms (+ 4.9 ms in 147 steps since last GC) [allocation failure].
[62598:0x102004600]    34343 ms: Mark-sweep 205.2 (236.0) -> 13.4 (51.0) MB, 9.6 / 0 ms (+ 7.6 ms in 203 steps since start of marking, biggest step 0.1 ms) [GC interrupt] [GC in old space requested].
[62598:0x102004600]    34359 ms: Scavenge 26.5 (51.0) -> 22.8 (52.0) MB, 12.6 / 0 ms [allocation failure].
[62598:0x102004600]    34382 ms: Scavenge 29.2 (52.0) -> 27.3 (61.0) MB, 21.5 / 0 ms [allocation failure].
[62598:0x102004600]    34399 ms: Scavenge 38.5 (61.0) -> 35.3 (66.0) MB, 13.9 / 0 ms [allocation failure].
[62598:0x102004600]    34418 ms: Scavenge 43.1 (66.0) -> 40.9 (74.0) MB, 17.2 / 0 ms [allocation failure].
[62598:0x102004600]    34436 ms: Scavenge 51.1 (74.0) -> 48.1 (80.0) MB, 14.6 / 0 ms [allocation failure].
[62598:0x102004600]    34453 ms: Scavenge 56.6 (80.0) -> 54.2 (87.0) MB, 16.0 / 0 ms [allocation failure].
[62598:0x102004600]    34480 ms: Scavenge 63.9 (87.0) -> 61.1 (93.0) MB, 16.6 / 0 ms (+ 6.8 ms in 156 steps since last GC) [allocation failure].
[62598:0x102004600]    34508 ms: Scavenge 69.9 (93.0) -> 67.4 (100.0) MB, 21.0 / 0 ms (+ 5.3 ms in 140 steps since last GC) [allocation failure].
[62598:0x102004600]    34533 ms: Scavenge 76.9 (100.0) -> 74.2 (107.0) MB, 17.3 / 0 ms (+ 5.6 ms in 152 steps since last GC) [allocation failure].
[62598:0x102004600]    34559 ms: Scavenge 83.2 (107.0) -> 80.6 (114.0) MB, 17.2 / 0 ms (+ 5.8 ms in 143 steps since last GC) [allocation failure].
[62598:0x102004600]    34588 ms: Scavenge 89.9 (114.0) -> 87.3 (120.0) MB, 21.6 / 0 ms (+ 5.7 ms in 149 steps since last GC) [allocation failure].
[62598:0x102004600]    34610 ms: Mark-sweep 94.9 (120.0) -> 54.7 (90.0) MB, 14.3 / 0 ms (+ 34.6 ms in 862 steps since start of marking, biggest step 0.1 ms) [GC interrupt] [GC in old space requested].
[62598:0x102004600]    34628 ms: Scavenge 64.9 (90.0) -> 61.9 (94.0) MB, 15.4 / 0 ms [allocation failure].
[62598:0x102004600]    34652 ms: Scavenge 70.3 (94.0) -> 67.9 (101.0) MB, 21.4 / 0 ms [allocation failure].
[62598:0x102004600]    34674 ms: Scavenge 77.6 (101.0) -> 74.9 (107.0) MB, 17.7 / 0 ms [allocation failure].
[62598:0x102004600]    34691 ms: Scavenge 83.7 (107.0) -> 81.2 (114.0) MB, 15.6 / 0 ms [allocation failure].
[62598:0x102004600]    34709 ms: Scavenge 90.6 (114.0) -> 87.9 (121.0) MB, 15.4 / 0 ms [allocation failure].
[62598:0x102004600]    34727 ms: Scavenge 96.9 (121.0) -> 94.3 (128.0) MB, 15.7 / 0 ms [allocation failure].
[62598:0x102004600]    34744 ms: Scavenge 103.7 (128.0) -> 101.0 (134.0) MB, 15.6 / 0 ms [allocation failure].
[62598:0x102004600]    34763 ms: Scavenge 110.1 (134.0) -> 107.5 (141.0) MB, 15.9 / 0 ms [allocation failure].
[62598:0x102004600]    34787 ms: Scavenge 116.7 (141.0) -> 114.1 (148.0) MB, 22.1 / 0 ms [allocation failure].
[62598:0x102004600]    34810 ms: Scavenge 123.2 (148.0) -> 120.6 (154.0) MB, 20.2 / 0 ms [allocation failure].
[62598:0x102004600]    34830 ms: Scavenge 129.8 (154.0) -> 127.2 (161.0) MB, 17.8 / 0 ms [allocation failure].
[62598:0x102004600]    34853 ms: Scavenge 136.4 (161.0) -> 133.7 (168.0) MB, 20.2 / 0 ms [allocation failure].
[62598:0x102004600]    34873 ms: Scavenge 142.9 (168.0) -> 140.3 (174.0) MB, 18.1 / 0 ms [allocation failure].
[62598:0x102004600]    34891 ms: Scavenge 149.5 (174.0) -> 146.9 (181.0) MB, 15.5 / 0 ms [allocation failure].
[62598:0x102004600]    34909 ms: Scavenge 156.1 (181.0) -> 153.4 (188.0) MB, 15.3 / 0 ms [allocation failure].
[62598:0x102004600]    34927 ms: Scavenge 162.6 (188.0) -> 160.0 (194.0) MB, 15.5 / 0 ms [allocation failure].
[62598:0x102004600]    34945 ms: Scavenge 169.2 (194.0) -> 166.6 (201.0) MB, 16.1 / 0 ms [allocation failure].
[62598:0x102004600]    34964 ms: Scavenge 175.7 (201.0) -> 173.1 (208.0) MB, 16.1 / 0 ms [allocation failure].
[62598:0x102004600]    34987 ms: Scavenge 182.3 (208.0) -> 179.7 (214.0) MB, 20.1 / 0 ms [allocation failure].
[62598:0x102004600]    35009 ms: Scavenge 188.9 (214.0) -> 186.2 (221.0) MB, 19.0 / 0 ms [allocation failure].
[62598:0x102004600]    35033 ms: Scavenge 195.4 (221.0) -> 192.8 (228.0) MB, 20.7 / 0 ms [allocation failure].
[62598:0x102004600]    35052 ms: Scavenge 202.0 (228.0) -> 199.4 (234.0) MB, 16.2 / 0 ms [allocation failure].
[62598:0x102004600]    35070 ms: Scavenge 208.5 (234.0) -> 205.9 (241.0) MB, 15.7 / 0 ms [allocation failure].
[62598:0x102004600]    35094 ms: Scavenge 215.1 (241.0) -> 212.5 (248.0) MB, 17.1 / 0 ms (+ 5.1 ms in 147 steps since last GC) [allocation failure].
[62598:0x102004600]    35119 ms: Scavenge 221.7 (248.0) -> 219.0 (254.0) MB, 17.6 / 0 ms (+ 5.7 ms in 147 steps since last GC) [allocation failure].
[62598:0x102004600]    35147 ms: Scavenge 228.2 (254.0) -> 225.6 (261.0) MB, 19.6 / 0 ms (+ 5.4 ms in 147 steps since last GC) [allocation failure].
[62598:0x102004600]    35177 ms: Scavenge 234.8 (261.0) -> 232.2 (268.0) MB, 20.8 / 0 ms (+ 6.8 ms in 147 steps since last GC) [allocation failure].
[62598:0x102004600]    35209 ms: Scavenge 241.3 (268.0) -> 238.7 (274.0) MB, 23.5 / 0 ms (+ 6.4 ms in 147 steps since last GC) [allocation failure].
[62598:0x102004600]    35224 ms: Mark-sweep 243.6 (274.0) -> 51.5 (89.0) MB, 10.6 / 0 ms (+ 32.3 ms in 813 steps since start of marking, biggest step 0.2 ms) [GC interrupt] [GC in old space requested].
[62598:0x102004600]    35241 ms: Scavenge 63.7 (89.0) -> 60.2 (91.0) MB, 13.8 / 0 ms [allocation failure].
[62598:0x102004600]    35262 ms: Scavenge 67.2 (91.0) -> 65.2 (99.0) MB, 18.8 / 0 ms [allocation failure].
[62598:0x102004600]    35283 ms: Scavenge 76.0 (99.0) -> 72.9 (104.0) MB, 17.8 / 0 ms [allocation failure].
[62598:0x102004600]    35302 ms: Scavenge 81.0 (104.0) -> 78.7 (112.0) MB, 17.5 / 0 ms [allocation failure].
[62598:0x102004600]    35320 ms: Scavenge 88.6 (112.0) -> 85.8 (118.0) MB, 15.7 / 0 ms [allocation failure].
[62598:0x102004600]    35340 ms: Scavenge 94.4 (118.0) -> 91.9 (125.0) MB, 17.3 / 0 ms [allocation failure].
[62598:0x102004600]    35360 ms: Scavenge 101.5 (125.0) -> 98.8 (132.0) MB, 16.8 / 0 ms [allocation failure].
[62598:0x102004600]    35382 ms: Scavenge 107.7 (132.0) -> 105.1 (139.0) MB, 19.0 / 0 ms [allocation failure].
[62598:0x102004600]    35403 ms: Scavenge 114.5 (139.0) -> 111.9 (145.0) MB, 18.6 / 0 ms [allocation failure].
[62598:0x102004600]    35422 ms: Scavenge 120.9 (145.0) -> 118.3 (152.0) MB, 16.8 / 0 ms [allocation failure].
[62598:0x102004600]    35444 ms: Scavenge 127.6 (152.0) -> 124.9 (158.0) MB, 19.4 / 0 ms [allocation failure].
[62598:0x102004600]    35463 ms: Scavenge 134.1 (158.0) -> 131.5 (165.0) MB, 17.1 / 0 ms [allocation failure].
[62598:0x102004600]    35482 ms: Scavenge 140.7 (165.0) -> 138.1 (172.0) MB, 15.9 / 0 ms [allocation failure].
[62598:0x102004600]    35501 ms: Scavenge 147.2 (172.0) -> 144.6 (178.0) MB, 17.1 / 0 ms [allocation failure].
[62598:0x102004600]    35519 ms: Scavenge 153.8 (178.0) -> 151.2 (185.0) MB, 15.9 / 0 ms [allocation failure].
[62598:0x102004600]    35538 ms: Scavenge 160.3 (185.0) -> 157.7 (192.0) MB, 17.1 / 0 ms [allocation failure].
[62598:0x102004600]    35556 ms: Scavenge 166.9 (192.0) -> 164.3 (198.0) MB, 15.3 / 0 ms [allocation failure].
[62598:0x102004600]    35573 ms: Scavenge 173.5 (198.0) -> 170.8 (205.0) MB, 15.3 / 0 ms [allocation failure].
[62598:0x102004600]    35591 ms: Scavenge 180.0 (205.0) -> 177.4 (212.0) MB, 15.8 / 0 ms [allocation failure].
[62598:0x102004600]    35609 ms: Scavenge 186.6 (212.0) -> 184.0 (218.0) MB, 15.8 / 0 ms [allocation failure].
[62598:0x102004600]    35627 ms: Scavenge 193.1 (218.0) -> 190.5 (225.0) MB, 16.2 / 0 ms [allocation failure].
[62598:0x102004600]    35646 ms: Scavenge 199.7 (225.0) -> 197.1 (232.0) MB, 16.3 / 0 ms [allocation failure].
[62598:0x102004600]    35664 ms: Scavenge 206.3 (232.0) -> 203.6 (238.0) MB, 15.9 / 0 ms [allocation failure].
[62598:0x102004600]    35689 ms: Scavenge 212.8 (238.0) -> 210.2 (245.0) MB, 17.6 / 0 ms (+ 5.7 ms in 146 steps since last GC) [allocation failure].
[62598:0x102004600]    35716 ms: Scavenge 219.4 (245.0) -> 216.8 (252.0) MB, 18.4 / 0 ms (+ 5.9 ms in 147 steps since last GC) [allocation failure].
[62598:0x102004600]    35747 ms: Scavenge 225.9 (252.0) -> 223.3 (258.0) MB, 22.8 / 0 ms (+ 6.0 ms in 147 steps since last GC) [allocation failure].
[62598:0x102004600]    35781 ms: Scavenge 232.5 (258.0) -> 229.9 (265.0) MB, 26.0 / 0 ms (+ 5.5 ms in 147 steps since last GC) [allocation failure].
[62598:0x102004600]    35801 ms: Mark-sweep 236.6 (265.0) -> 44.0 (80.0) MB, 14.6 / 0 ms (+ 27.2 ms in 692 steps since start of marking, biggest step 0.1 ms) [GC interrupt] [GC in old space requested].
[62598:0x102004600]    35820 ms: Scavenge 54.9 (80.0) -> 51.7 (83.0) MB, 14.7 / 0 ms [allocation failure].
[62598:0x102004600]    35846 ms: Scavenge 59.7 (83.0) -> 57.4 (91.0) MB, 24.3 / 0 ms [allocation failure].
[62598:0x102004600]    35867 ms: Scavenge 67.5 (91.0) -> 64.6 (97.0) MB, 18.1 / 0 ms [allocation failure].
[62598:0x102004600]    35894 ms: Scavenge 73.1 (97.0) -> 70.7 (104.0) MB, 24.8 / 0 ms [allocation failure].
[62598:0x102004600]    35912 ms: Scavenge 80.4 (104.0) -> 77.6 (110.0) MB, 15.5 / 0 ms [allocation failure].
[62598:0x102004600]    35935 ms: Scavenge 86.5 (110.0) -> 83.9 (117.0) MB, 20.6 / 0 ms [allocation failure].
[62598:0x102004600]    35957 ms: Scavenge 93.3 (117.0) -> 90.7 (123.0) MB, 19.7 / 0 ms [allocation failure].
[62598:0x102004600]    35976 ms: Scavenge 99.7 (123.0) -> 97.1 (130.0) MB, 16.5 / 0 ms [allocation failure].
[62598:0x102004600]    35997 ms: Scavenge 106.4 (130.0) -> 103.7 (137.0) MB, 18.4 / 0 ms [allocation failure].
[62598:0x102004600]    36017 ms: Scavenge 112.8 (137.0) -> 110.2 (144.0) MB, 17.4 / 0 ms [allocation failure].
[62598:0x102004600]    36036 ms: Scavenge 119.5 (144.0) -> 116.8 (150.0) MB, 16.5 / 0 ms [allocation failure].
[62598:0x102004600]    36055 ms: Scavenge 126.0 (150.0) -> 123.4 (157.0) MB, 17.0 / 0 ms [allocation failure].
[62598:0x102004600]    36076 ms: Scavenge 132.6 (157.0) -> 130.0 (164.0) MB, 19.1 / 0 ms [allocation failure].
[62598:0x102004600]    36097 ms: Scavenge 139.1 (164.0) -> 136.5 (170.0) MB, 18.5 / 0 ms [allocation failure].
[62598:0x102004600]    36116 ms: Scavenge 145.7 (170.0) -> 143.1 (177.0) MB, 15.9 / 0 ms [allocation failure].
[62598:0x102004600]    36135 ms: Scavenge 152.2 (177.0) -> 149.6 (184.0) MB, 16.8 / 0 ms [allocation failure].
[62598:0x102004600]    36159 ms: Scavenge 158.8 (184.0) -> 156.2 (190.0) MB, 22.0 / 0 ms [allocation failure].
[62598:0x102004600]    36179 ms: Scavenge 165.4 (190.0) -> 162.7 (197.0) MB, 17.4 / 0 ms [allocation failure].
[62598:0x102004600]    36203 ms: Scavenge 171.9 (197.0) -> 169.3 (204.0) MB, 20.9 / 0 ms [allocation failure].
[62598:0x102004600]    36232 ms: Scavenge 178.5 (204.0) -> 175.9 (210.0) MB, 21.2 / 0 ms (+ 5.6 ms in 146 steps since last GC) [allocation failure].
[62598:0x102004600]    36266 ms: Scavenge 185.1 (210.0) -> 182.4 (217.0) MB, 23.8 / 0 ms (+ 7.2 ms in 147 steps since last GC) [allocation failure].
[62598:0x102004600]    36299 ms: Scavenge 191.6 (217.0) -> 189.0 (224.0) MB, 23.5 / 0 ms (+ 6.7 ms in 147 steps since last GC) [allocation failure].
[62598:0x102004600]    36328 ms: Scavenge 198.2 (224.0) -> 195.6 (230.0) MB, 21.5 / 0 ms (+ 6.0 ms in 147 steps since last GC) [allocation failure].
[62598:0x102004600]    36356 ms: Scavenge 204.7 (230.0) -> 202.1 (237.0) MB, 17.9 / 0 ms (+ 6.7 ms in 147 steps since last GC) [allocation failure].
[62598:0x102004600]    36387 ms: Scavenge 211.3 (237.0) -> 208.7 (244.0) MB, 22.9 / 0 ms (+ 6.2 ms in 147 steps since last GC) [allocation failure].
[62598:0x102004600]    36398 ms: Mark-sweep 210.3 (244.0) -> 57.3 (98.0) MB, 9.5 / 0 ms (+ 39.0 ms in 905 steps since start of marking, biggest step 0.2 ms) [GC interrupt] [GC in old space requested].
[62598:0x102004600]    36415 ms: Scavenge 71.8 (98.0) -> 67.7 (98.0) MB, 12.1 / 0 ms [allocation failure].
[62598:0x102004600]    36442 ms: Scavenge 73.0 (98.0) -> 71.5 (107.0) MB, 25.6 / 0 ms [allocation failure].
[62598:0x102004600]    36459 ms: Scavenge 83.4 (107.0) -> 80.0 (111.0) MB, 13.8 / 0 ms [allocation failure].
[62598:0x102004600]    36480 ms: Scavenge 87.2 (111.0) -> 85.2 (120.0) MB, 19.0 / 0 ms [allocation failure].
[62598:0x102004600]    36500 ms: Scavenge 95.8 (120.0) -> 92.7 (125.0) MB, 15.8 / 0 ms [allocation failure].
[62598:0x102004600]    36519 ms: Scavenge 100.9 (125.0) -> 98.6 (132.0) MB, 17.5 / 0 ms [allocation failure].
[62598:0x102004600]    36537 ms: Scavenge 108.5 (132.0) -> 105.6 (138.0) MB, 15.2 / 0 ms [allocation failure].
[62598:0x102004600]    36555 ms: Scavenge 114.3 (138.0) -> 111.8 (146.0) MB, 16.5 / 0 ms [allocation failure].
[62598:0x102004600]    36576 ms: Scavenge 121.4 (146.0) -> 118.7 (152.0) MB, 18.8 / 0 ms [allocation failure].
[62598:0x102004600]    36598 ms: Scavenge 127.6 (152.0) -> 125.0 (159.0) MB, 19.0 / 0 ms [allocation failure].
[62598:0x102004600]    36618 ms: Scavenge 134.4 (159.0) -> 131.7 (165.0) MB, 17.9 / 0 ms [allocation failure].
[62598:0x102004600]    36641 ms: Scavenge 140.8 (165.0) -> 138.2 (172.0) MB, 20.9 / 0 ms [allocation failure].
[62598:0x102004600]    36662 ms: Scavenge 147.5 (172.0) -> 144.8 (179.0) MB, 18.0 / 0 ms [allocation failure].
[62598:0x102004600]    36684 ms: Scavenge 153.9 (179.0) -> 151.3 (185.0) MB, 19.9 / 0 ms [allocation failure].
[62598:0x102004600]    36705 ms: Scavenge 160.6 (185.0) -> 157.9 (192.0) MB, 18.4 / 0 ms [allocation failure].
[62598:0x102004600]    36727 ms: Scavenge 167.1 (192.0) -> 164.5 (199.0) MB, 19.7 / 0 ms [allocation failure].
[62598:0x102004600]    36752 ms: Scavenge 173.7 (199.0) -> 171.0 (205.0) MB, 22.7 / 0 ms [allocation failure].
[62598:0x102004600]    36777 ms: Scavenge 180.2 (205.0) -> 177.6 (212.0) MB, 22.1 / 0 ms [allocation failure].
[62598:0x102004600]    36799 ms: Scavenge 186.8 (212.0) -> 184.2 (219.0) MB, 19.6 / 0 ms [allocation failure].
[62598:0x102004600]    36818 ms: Scavenge 193.3 (219.0) -> 190.7 (225.0) MB, 16.4 / 0 ms [allocation failure].
[62598:0x102004600]    36839 ms: Scavenge 199.9 (225.0) -> 197.3 (232.0) MB, 18.8 / 0 ms [allocation failure].
[62598:0x102004600]    36866 ms: Scavenge 206.5 (232.0) -> 203.8 (239.0) MB, 23.5 / 0 ms [allocation failure].
[62598:0x102004600]    36888 ms: Scavenge 213.0 (239.0) -> 210.4 (245.0) MB, 19.9 / 0 ms [allocation failure].
[62598:0x102004600]    36911 ms: Scavenge 219.6 (245.0) -> 217.0 (252.0) MB, 19.2 / 0 ms [allocation failure].
[62598:0x102004600]    36934 ms: Scavenge 226.2 (252.0) -> 223.5 (259.0) MB, 21.1 / 0 ms [allocation failure].
[62598:0x102004600]    36954 ms: Scavenge 232.7 (259.0) -> 230.1 (265.0) MB, 17.5 / 0 ms [allocation failure].
[62598:0x102004600]    36976 ms: Scavenge 239.3 (265.0) -> 236.6 (272.0) MB, 19.6 / 0 ms [allocation failure].
[62598:0x102004600]    37004 ms: Scavenge 245.8 (272.0) -> 243.2 (279.0) MB, 20.2 / 0 ms (+ 5.7 ms in 147 steps since last GC) [allocation failure].
[62598:0x102004600]    37032 ms: Scavenge 252.4 (279.0) -> 249.8 (285.0) MB, 19.6 / 0 ms (+ 5.4 ms in 147 steps since last GC) [allocation failure].
[62598:0x102004600]    37052 ms: Mark-sweep 256.4 (285.0) -> 25.6 (61.0) MB, 13.6 / 0 ms (+ 15.6 ms in 398 steps since start of marking, biggest step 0.2 ms) [GC interrupt] [GC in old space requested].
[62598:0x102004600]    37072 ms: Scavenge 36.6 (61.0) -> 33.5 (64.0) MB, 17.1 / 0 ms [allocation failure].
[62598:0x102004600]    37093 ms: Scavenge 41.4 (64.0) -> 39.1 (72.0) MB, 18.6 / 0 ms [allocation failure].
[62598:0x102004600]    37116 ms: Scavenge 49.2 (72.0) -> 46.3 (78.0) MB, 18.6 / 0 ms [allocation failure].
[62598:0x102004600]    37137 ms: Scavenge 54.8 (78.0) -> 52.4 (85.0) MB, 18.4 / 0 ms [allocation failure].
[62598:0x102004600]    37158 ms: Scavenge 62.1 (85.0) -> 59.3 (91.0) MB, 19.0 / 0 ms [allocation failure].
[62598:0x102004600]    37177 ms: Scavenge 68.2 (91.0) -> 65.6 (98.0) MB, 16.6 / 0 ms [allocation failure].
[62598:0x102004600]    37200 ms: Scavenge 75.1 (98.0) -> 72.4 (105.0) MB, 20.1 / 0 ms [allocation failure].
[62598:0x102004600]    37220 ms: Scavenge 81.4 (105.0) -> 78.8 (112.0) MB, 17.0 / 0 ms [allocation failure].
[62598:0x102004600]    37238 ms: Scavenge 88.1 (112.0) -> 85.4 (118.0) MB, 16.1 / 0 ms [allocation failure].
[62598:0x102004600]    37259 ms: Scavenge 94.5 (118.0) -> 91.9 (125.0) MB, 18.2 / 0 ms [allocation failure].
[62598:0x102004600]    37287 ms: Scavenge 101.2 (125.0) -> 98.6 (132.0) MB, 20.2 / 0 ms (+ 5.8 ms in 148 steps since last GC) [allocation failure].
[62598:0x102004600]    37317 ms: Scavenge 107.7 (132.0) -> 105.1 (138.0) MB, 19.0 / 0 ms (+ 7.9 ms in 146 steps since last GC) [allocation failure].
[62598:0x102004600]    37345 ms: Scavenge 114.3 (138.0) -> 111.7 (145.0) MB, 19.2 / 0 ms (+ 6.3 ms in 148 steps since last GC) [allocation failure].
[62598:0x102004600]    37379 ms: Scavenge 120.8 (145.0) -> 118.2 (152.0) MB, 24.7 / 0 ms (+ 6.8 ms in 146 steps since last GC) [allocation failure].
[62598:0x102004600]    37409 ms: Scavenge 127.4 (152.0) -> 124.8 (158.0) MB, 20.6 / 0 ms (+ 6.7 ms in 147 steps since last GC) [allocation failure].
[62598:0x102004600]    37429 ms: Mark-sweep 131.7 (158.0) -> 53.5 (89.0) MB, 14.0 / 0 ms (+ 37.5 ms in 844 steps since start of marking, biggest step 0.2 ms) [GC interrupt] [GC in old space requested].
[62598:0x102004600]    37448 ms: Scavenge 64.2 (89.0) -> 61.1 (93.0) MB, 14.9 / 0 ms [allocation failure].
[62598:0x102004600]    37475 ms: Scavenge 69.2 (93.0) -> 66.9 (100.0) MB, 24.8 / 0 ms [allocation failure].
[62598:0x102004600]    37495 ms: Scavenge 76.9 (100.0) -> 74.0 (106.0) MB, 17.1 / 0 ms [allocation failure].
[62598:0x102004600]    37515 ms: Scavenge 82.6 (106.0) -> 80.2 (113.0) MB, 18.2 / 0 ms [allocation failure].
[62598:0x102004600]    37538 ms: Scavenge 89.8 (113.0) -> 87.0 (120.0) MB, 19.3 / 0 ms [allocation failure].
[62598:0x102004600]    37558 ms: Scavenge 95.9 (120.0) -> 93.4 (127.0) MB, 16.9 / 0 ms [allocation failure].
[62598:0x102004600]    37581 ms: Scavenge 102.8 (127.0) -> 100.1 (133.0) MB, 20.6 / 0 ms [allocation failure].
[62598:0x102004600]    37600 ms: Scavenge 109.1 (133.0) -> 106.5 (140.0) MB, 17.2 / 0 ms [allocation failure].
[62598:0x102004600]    37619 ms: Scavenge 115.8 (140.0) -> 113.2 (146.0) MB, 16.9 / 0 ms [allocation failure].
[62598:0x102004600]    37639 ms: Scavenge 122.3 (146.0) -> 119.7 (153.0) MB, 17.6 / 0 ms [allocation failure].
[62598:0x102004600]    37661 ms: Scavenge 128.9 (153.0) -> 126.3 (160.0) MB, 18.7 / 0 ms [allocation failure].
[62598:0x102004600]    37684 ms: Scavenge 135.4 (160.0) -> 132.8 (167.0) MB, 19.8 / 0 ms [allocation failure].
[62598:0x102004600]    37704 ms: Scavenge 142.0 (167.0) -> 139.4 (173.0) MB, 18.2 / 0 ms [allocation failure].
[62598:0x102004600]    37727 ms: Scavenge 148.6 (173.0) -> 145.9 (180.0) MB, 20.7 / 0 ms [allocation failure].
[62598:0x102004600]    37750 ms: Scavenge 155.1 (180.0) -> 152.5 (187.0) MB, 19.8 / 0 ms [allocation failure].
[62598:0x102004600]    37769 ms: Scavenge 161.7 (187.0) -> 159.1 (193.0) MB, 16.9 / 0 ms [allocation failure].
[62598:0x102004600]    37790 ms: Scavenge 168.3 (193.0) -> 165.6 (200.0) MB, 18.1 / 0 ms [allocation failure].
[62598:0x102004600]    37812 ms: Scavenge 174.8 (200.0) -> 172.2 (207.0) MB, 18.8 / 0 ms [allocation failure].
[62598:0x102004600]    37837 ms: Scavenge 181.4 (207.0) -> 178.8 (213.0) MB, 20.6 / 0 ms [allocation failure].
[62598:0x102004600]    37858 ms: Scavenge 187.9 (213.0) -> 185.3 (220.0) MB, 18.7 / 0 ms [allocation failure].
[62598:0x102004600]    37877 ms: Scavenge 194.5 (220.0) -> 191.9 (227.0) MB, 16.5 / 0 ms [allocation failure].
[62598:0x102004600]    37899 ms: Scavenge 201.1 (227.0) -> 198.4 (233.0) MB, 20.2 / 0 ms [allocation failure].
[62598:0x102004600]    37921 ms: Scavenge 207.6 (233.0) -> 205.0 (240.0) MB, 19.4 / 0 ms [allocation failure].
[62598:0x102004600]    37957 ms: Scavenge 214.2 (240.0) -> 211.6 (247.0) MB, 25.1 / 0 ms (+ 7.9 ms in 147 steps since last GC) [allocation failure].
[62598:0x102004600]    37985 ms: Scavenge 220.7 (247.0) -> 218.1 (253.0) MB, 17.8 / 0 ms (+ 7.0 ms in 147 steps since last GC) [allocation failure].
[62598:0x102004600]    38011 ms: Scavenge 227.3 (253.0) -> 224.7 (260.0) MB, 18.1 / 0 ms (+ 5.8 ms in 147 steps since last GC) [allocation failure].
[62598:0x102004600]    38038 ms: Scavenge 233.9 (260.0) -> 231.2 (267.0) MB, 18.0 / 0 ms (+ 6.6 ms in 147 steps since last GC) [allocation failure].
[62598:0x102004600]    38067 ms: Scavenge 240.4 (267.0) -> 237.8 (273.0) MB, 20.9 / 0 ms (+ 5.4 ms in 147 steps since last GC) [allocation failure].
[62598:0x102004600]    38079 ms: Mark-sweep 239.8 (273.0) -> 48.5 (88.0) MB, 9.5 / 0 ms (+ 34.2 ms in 765 steps since start of marking, biggest step 0.2 ms) [GC interrupt] [GC in old space requested].
[62598:0x102004600]    38095 ms: Scavenge 62.8 (88.0) -> 58.7 (88.0) MB, 12.6 / 0 ms [allocation failure].
[62598:0x102004600]    38116 ms: Scavenge 64.2 (88.0) -> 62.7 (98.0) MB, 19.3 / 0 ms [allocation failure].
[62598:0x102004600]    38139 ms: Scavenge 74.5 (98.0) -> 71.1 (102.0) MB, 17.7 / 0 ms [allocation failure].
[62598:0x102004600]    38161 ms: Scavenge 78.4 (102.0) -> 76.3 (110.0) MB, 19.3 / 0 ms [allocation failure].
[62598:0x102004600]    38179 ms: Scavenge 86.8 (110.0) -> 83.8 (116.0) MB, 15.9 / 0 ms [allocation failure].
[62598:0x102004600]    38199 ms: Scavenge 92.1 (116.0) -> 89.7 (123.0) MB, 17.7 / 0 ms [allocation failure].
[62598:0x102004600]    38224 ms: Scavenge 99.6 (123.0) -> 96.8 (129.0) MB, 22.5 / 0 ms [allocation failure].
[62598:0x102004600]    38251 ms: Scavenge 105.5 (129.0) -> 103.0 (137.0) MB, 24.8 / 0 ms [allocation failure].
[62598:0x102004600]    38272 ms: Scavenge 112.5 (137.0) -> 109.8 (143.0) MB, 18.6 / 0 ms [allocation failure].
[62598:0x102004600]    38298 ms: Scavenge 118.7 (143.0) -> 116.2 (150.0) MB, 23.3 / 0 ms [allocation failure].
[62598:0x102004600]    38320 ms: Scavenge 125.5 (150.0) -> 122.9 (156.0) MB, 19.7 / 0 ms [allocation failure].
[62598:0x102004600]    38342 ms: Scavenge 131.9 (156.0) -> 129.3 (163.0) MB, 19.1 / 0 ms [allocation failure].
[62598:0x102004600]    38361 ms: Scavenge 138.6 (163.0) -> 136.0 (170.0) MB, 15.8 / 0 ms [allocation failure].
[62598:0x102004600]    38383 ms: Scavenge 145.1 (170.0) -> 142.5 (176.0) MB, 18.9 / 0 ms [allocation failure].
[62598:0x102004600]    38404 ms: Scavenge 151.7 (176.0) -> 149.1 (183.0) MB, 18.6 / 0 ms [allocation failure].
[62598:0x102004600]    38427 ms: Scavenge 158.2 (183.0) -> 155.6 (190.0) MB, 21.0 / 0 ms [allocation failure].
[62598:0x102004600]    38454 ms: Scavenge 164.8 (190.0) -> 162.2 (196.0) MB, 23.9 / 0 ms [allocation failure].
[62598:0x102004600]    38476 ms: Scavenge 171.3 (196.0) -> 168.7 (203.0) MB, 19.0 / 0 ms [allocation failure].
[62598:0x102004600]    38501 ms: Scavenge 177.9 (203.0) -> 175.3 (210.0) MB, 22.8 / 0 ms [allocation failure].
[62598:0x102004600]    38524 ms: Scavenge 184.5 (210.0) -> 181.8 (216.0) MB, 20.5 / 0 ms [allocation failure].
[62598:0x102004600]    38543 ms: Scavenge 191.0 (216.0) -> 188.4 (223.0) MB, 16.8 / 0 ms [allocation failure].
[62598:0x102004600]    38564 ms: Scavenge 197.6 (223.0) -> 195.0 (230.0) MB, 17.2 / 0 ms [allocation failure].
[62598:0x102004600]    38590 ms: Scavenge 204.2 (230.0) -> 201.5 (236.0) MB, 17.4 / 0 ms (+ 6.0 ms in 146 steps since last GC) [allocation failure].
[62598:0x102004600]    38603 ms: Mark-sweep 205.2 (236.0) -> 13.4 (51.0) MB, 9.1 / 0 ms (+ 8.4 ms in 203 steps since start of marking, biggest step 0.1 ms) [GC interrupt] [GC in old space requested].
[62598:0x102004600]    38620 ms: Scavenge 26.6 (51.0) -> 22.8 (52.0) MB, 13.2 / 0 ms [allocation failure].
[62598:0x102004600]    38645 ms: Scavenge 29.2 (52.0) -> 27.3 (61.0) MB, 23.5 / 0 ms [allocation failure].
[62598:0x102004600]    38662 ms: Scavenge 38.5 (61.0) -> 35.3 (66.0) MB, 14.2 / 0 ms [allocation failure].
[62598:0x102004600]    38682 ms: Scavenge 43.1 (66.0) -> 40.9 (74.0) MB, 17.9 / 0 ms [allocation failure].
[62598:0x102004600]    38702 ms: Scavenge 51.1 (74.0) -> 48.2 (80.0) MB, 16.6 / 0 ms [allocation failure].
[62598:0x102004600]    38722 ms: Scavenge 56.6 (80.0) -> 54.2 (87.0) MB, 17.6 / 0 ms [allocation failure].
[62598:0x102004600]    38747 ms: Scavenge 63.9 (87.0) -> 61.1 (93.0) MB, 17.3 / 0 ms (+ 5.5 ms in 155 steps since last GC) [allocation failure].
[62598:0x102004600]    38778 ms: Scavenge 69.9 (93.0) -> 67.4 (100.0) MB, 22.8 / 0 ms (+ 5.8 ms in 141 steps since last GC) [allocation failure].
[62598:0x102004600]    38804 ms: Scavenge 76.9 (100.0) -> 74.2 (107.0) MB, 17.9 / 0 ms (+ 5.6 ms in 151 steps since last GC) [allocation failure].
[62598:0x102004600]    38832 ms: Scavenge 83.2 (107.0) -> 80.6 (114.0) MB, 19.7 / 0 ms (+ 6.4 ms in 144 steps since last GC) [allocation failure].
[62598:0x102004600]    38858 ms: Scavenge 89.9 (114.0) -> 87.3 (120.0) MB, 17.8 / 0 ms (+ 5.6 ms in 149 steps since last GC) [allocation failure].
[62598:0x102004600]    38879 ms: Mark-sweep 94.9 (120.0) -> 54.6 (90.0) MB, 14.3 / 0 ms (+ 33.7 ms in 861 steps since start of marking, biggest step 0.2 ms) [GC interrupt] [GC in old space requested].
[62598:0x102004600]    38898 ms: Scavenge 64.9 (90.0) -> 61.9 (94.0) MB, 16.1 / 0 ms [allocation failure].
[62598:0x102004600]    38917 ms: Scavenge 70.3 (94.0) -> 67.9 (101.0) MB, 16.8 / 0 ms [allocation failure].
[62598:0x102004600]    38935 ms: Scavenge 77.6 (101.0) -> 74.8 (107.0) MB, 15.8 / 0 ms [allocation failure].
[62598:0x102004600]    38954 ms: Scavenge 83.6 (107.0) -> 81.1 (114.0) MB, 16.6 / 0 ms [allocation failure].
[62598:0x102004600]    38971 ms: Scavenge 90.6 (114.0) -> 87.9 (121.0) MB, 15.3 / 0 ms [allocation failure].
[62598:0x102004600]    38989 ms: Scavenge 96.9 (121.0) -> 94.3 (128.0) MB, 16.0 / 0 ms [allocation failure].
[62598:0x102004600]    39009 ms: Scavenge 103.6 (128.0) -> 101.0 (134.0) MB, 17.2 / 0 ms [allocation failure].
[62598:0x102004600]    39027 ms: Scavenge 110.0 (134.0) -> 107.4 (141.0) MB, 16.3 / 0 ms [allocation failure].
[62598:0x102004600]    39047 ms: Scavenge 116.7 (141.0) -> 114.1 (148.0) MB, 17.6 / 0 ms [allocation failure].
[62598:0x102004600]    39067 ms: Scavenge 123.2 (148.0) -> 120.6 (154.0) MB, 17.9 / 0 ms [allocation failure].
[62598:0x102004600]    39088 ms: Scavenge 129.8 (154.0) -> 127.2 (161.0) MB, 18.5 / 0 ms [allocation failure].
[62598:0x102004600]    39107 ms: Scavenge 136.3 (161.0) -> 133.7 (168.0) MB, 17.3 / 0 ms [allocation failure].
[62598:0x102004600]    39125 ms: Scavenge 142.9 (168.0) -> 140.3 (174.0) MB, 15.7 / 0 ms [allocation failure].
[62598:0x102004600]    39144 ms: Scavenge 149.5 (174.0) -> 146.8 (181.0) MB, 16.6 / 0 ms [allocation failure].
[62598:0x102004600]    39162 ms: Scavenge 156.0 (181.0) -> 153.4 (188.0) MB, 16.7 / 0 ms [allocation failure].
[62598:0x102004600]    39180 ms: Scavenge 162.6 (188.0) -> 160.0 (194.0) MB, 15.8 / 0 ms [allocation failure].
[62598:0x102004600]    39200 ms: Scavenge 169.2 (194.0) -> 166.5 (201.0) MB, 17.9 / 0 ms [allocation failure].
[62598:0x102004600]    39219 ms: Scavenge 175.7 (201.0) -> 173.1 (208.0) MB, 16.3 / 0 ms [allocation failure].
[62598:0x102004600]    39240 ms: Scavenge 182.3 (208.0) -> 179.6 (214.0) MB, 17.8 / 0 ms [allocation failure].
[62598:0x102004600]    39262 ms: Scavenge 188.8 (214.0) -> 186.2 (221.0) MB, 19.6 / 0 ms [allocation failure].
[62598:0x102004600]    39286 ms: Scavenge 195.4 (221.0) -> 192.8 (228.0) MB, 21.1 / 0 ms [allocation failure].
[62598:0x102004600]    39305 ms: Scavenge 202.0 (228.0) -> 199.3 (234.0) MB, 16.3 / 0 ms [allocation failure].
[62598:0x102004600]    39326 ms: Scavenge 208.5 (234.0) -> 205.9 (241.0) MB, 18.8 / 0 ms [allocation failure].
[62598:0x102004600]    39357 ms: Scavenge 215.1 (241.0) -> 212.5 (248.0) MB, 23.6 / 0 ms (+ 5.7 ms in 147 steps since last GC) [allocation failure].
[62598:0x102004600]    39386 ms: Scavenge 221.6 (248.0) -> 219.0 (254.0) MB, 18.5 / 0 ms (+ 7.2 ms in 147 steps since last GC) [allocation failure].
[62598:0x102004600]    39413 ms: Scavenge 228.2 (254.0) -> 225.6 (261.0) MB, 18.5 / 0 ms (+ 6.7 ms in 147 steps since last GC) [allocation failure].
[62598:0x102004600]    39441 ms: Scavenge 234.8 (261.0) -> 232.1 (268.0) MB, 18.5 / 0 ms (+ 6.5 ms in 147 steps since last GC) [allocation failure].
[62598:0x102004600]    39467 ms: Scavenge 241.3 (268.0) -> 238.7 (274.0) MB, 18.9 / 0 ms (+ 5.3 ms in 147 steps since last GC) [allocation failure].
[62598:0x102004600]    39484 ms: Mark-sweep 243.7 (274.0) -> 51.5 (89.0) MB, 12.2 / 0 ms (+ 34.3 ms in 813 steps since start of marking, biggest step 0.2 ms) [GC interrupt] [GC in old space requested].
[62598:0x102004600]    39503 ms: Scavenge 63.7 (89.0) -> 60.2 (91.0) MB, 15.4 / 0 ms [allocation failure].
[62598:0x102004600]    39522 ms: Scavenge 67.3 (91.0) -> 65.2 (99.0) MB, 17.7 / 0 ms [allocation failure].
[62598:0x102004600]    39540 ms: Scavenge 76.0 (99.0) -> 72.9 (105.0) MB, 15.5 / 0 ms [allocation failure].
[62598:0x102004600]    39558 ms: Scavenge 81.0 (105.0) -> 78.7 (112.0) MB, 16.4 / 0 ms [allocation failure].
[62598:0x102004600]    39576 ms: Scavenge 88.6 (112.0) -> 85.8 (118.0) MB, 15.2 / 0 ms [allocation failure].
[62598:0x102004600]    39596 ms: Scavenge 94.4 (118.0) -> 92.0 (125.0) MB, 17.8 / 0 ms [allocation failure].
[62598:0x102004600]    39614 ms: Scavenge 101.5 (125.0) -> 98.8 (132.0) MB, 15.5 / 0 ms [allocation failure].
[62598:0x102004600]    39631 ms: Scavenge 107.7 (132.0) -> 105.2 (139.0) MB, 15.5 / 0 ms [allocation failure].
[62598:0x102004600]    39651 ms: Scavenge 114.5 (139.0) -> 111.9 (145.0) MB, 17.4 / 0 ms [allocation failure].
[62598:0x102004600]    39669 ms: Scavenge 120.9 (145.0) -> 118.3 (152.0) MB, 15.8 / 0 ms [allocation failure].
[62598:0x102004600]    39686 ms: Scavenge 127.6 (152.0) -> 125.0 (158.0) MB, 15.5 / 0 ms [allocation failure].
[62598:0x102004600]    39707 ms: Scavenge 134.1 (158.0) -> 131.5 (165.0) MB, 18.6 / 0 ms [allocation failure].
[62598:0x102004600]    39726 ms: Scavenge 140.7 (165.0) -> 138.1 (172.0) MB, 16.5 / 0 ms [allocation failure].
[62598:0x102004600]    39744 ms: Scavenge 147.2 (172.0) -> 144.6 (178.0) MB, 16.1 / 0 ms [allocation failure].
[62598:0x102004600]    39762 ms: Scavenge 153.8 (178.0) -> 151.2 (185.0) MB, 15.7 / 0 ms [allocation failure].
[62598:0x102004600]    39781 ms: Scavenge 160.3 (185.0) -> 157.7 (192.0) MB, 16.9 / 0 ms [allocation failure].
[62598:0x102004600]    39799 ms: Scavenge 166.9 (192.0) -> 164.3 (198.0) MB, 15.9 / 0 ms [allocation failure].
[62598:0x102004600]    39817 ms: Scavenge 173.5 (198.0) -> 170.8 (205.0) MB, 15.7 / 0 ms [allocation failure].
[62598:0x102004600]    39835 ms: Scavenge 180.0 (205.0) -> 177.4 (212.0) MB, 16.1 / 0 ms [allocation failure].
[62598:0x102004600]    39853 ms: Scavenge 186.6 (212.0) -> 184.0 (218.0) MB, 15.9 / 0 ms [allocation failure].
[62598:0x102004600]    39871 ms: Scavenge 193.2 (218.0) -> 190.5 (225.0) MB, 15.6 / 0 ms [allocation failure].
[62598:0x102004600]    39889 ms: Scavenge 199.7 (225.0) -> 197.1 (232.0) MB, 15.7 / 0 ms [allocation failure].
[62598:0x102004600]    39907 ms: Scavenge 206.3 (232.0) -> 203.7 (238.0) MB, 15.5 / 0 ms [allocation failure].
[62598:0x102004600]    39930 ms: Scavenge 212.8 (238.0) -> 210.2 (245.0) MB, 16.4 / 0 ms (+ 5.0 ms in 147 steps since last GC) [allocation failure].
[62598:0x102004600]    39956 ms: Scavenge 219.4 (245.0) -> 216.8 (252.0) MB, 18.0 / 0 ms (+ 5.3 ms in 147 steps since last GC) [allocation failure].
[62598:0x102004600]    39980 ms: Scavenge 226.0 (252.0) -> 223.3 (258.0) MB, 17.0 / 0 ms (+ 5.6 ms in 146 steps since last GC) [allocation failure].
[62598:0x102004600]    40018 ms: Scavenge 232.5 (258.0) -> 229.9 (265.0) MB, 27.2 / 0 ms (+ 6.9 ms in 147 steps since last GC) [allocation failure].
[62598:0x102004600]    40037 ms: Mark-sweep 236.0 (265.0) -> 43.6 (80.0) MB, 13.1 / 0 ms (+ 27.4 ms in 684 steps since start of marking, biggest step 0.2 ms) [GC interrupt] [GC in old space requested].
[62598:0x102004600]    40056 ms: Scavenge 54.9 (80.0) -> 51.6 (82.0) MB, 15.1 / 0 ms [allocation failure].
[62598:0x102004600]    40077 ms: Scavenge 59.3 (82.0) -> 57.1 (91.0) MB, 19.4 / 0 ms [allocation failure].
[62598:0x102004600]    40095 ms: Scavenge 67.4 (91.0) -> 64.4 (96.0) MB, 15.4 / 0 ms [allocation failure].
[62598:0x102004600]    40115 ms: Scavenge 72.8 (96.0) -> 70.4 (104.0) MB, 17.3 / 0 ms [allocation failure].
[62598:0x102004600]    40136 ms: Scavenge 80.2 (104.0) -> 77.4 (110.0) MB, 17.9 / 0 ms [allocation failure].
[62598:0x102004600]    40155 ms: Scavenge 86.2 (110.0) -> 83.7 (117.0) MB, 16.6 / 0 ms [allocation failure].
[62598:0x102004600]    40174 ms: Scavenge 93.2 (117.0) -> 90.4 (123.0) MB, 16.2 / 0 ms [allocation failure].
[62598:0x102004600]    40195 ms: Scavenge 99.4 (123.0) -> 96.9 (130.0) MB, 18.8 / 0 ms [allocation failure].
[62598:0x102004600]    40213 ms: Scavenge 106.2 (130.0) -> 103.5 (137.0) MB, 16.3 / 0 ms [allocation failure].
[62598:0x102004600]    40232 ms: Scavenge 112.6 (137.0) -> 110.0 (143.0) MB, 16.1 / 0 ms [allocation failure].
[62598:0x102004600]    40250 ms: Scavenge 119.3 (143.0) -> 116.6 (150.0) MB, 15.9 / 0 ms [allocation failure].
[62598:0x102004600]    40268 ms: Scavenge 125.8 (150.0) -> 123.2 (157.0) MB, 15.5 / 0 ms [allocation failure].
[62598:0x102004600]    40286 ms: Scavenge 132.4 (157.0) -> 129.7 (163.0) MB, 15.8 / 0 ms [allocation failure].
[62598:0x102004600]    40306 ms: Scavenge 138.9 (163.0) -> 136.3 (170.0) MB, 18.3 / 0 ms [allocation failure].
[62598:0x102004600]    40333 ms: Scavenge 145.5 (170.0) -> 142.9 (177.0) MB, 23.2 / 0 ms [allocation failure].
[62598:0x102004600]    40353 ms: Scavenge 152.0 (177.0) -> 149.4 (183.0) MB, 16.7 / 0 ms [allocation failure].
[62598:0x102004600]    40371 ms: Scavenge 158.6 (183.0) -> 156.0 (190.0) MB, 15.5 / 0 ms [allocation failure].
[62598:0x102004600]    40390 ms: Scavenge 165.2 (190.0) -> 162.5 (197.0) MB, 15.8 / 0 ms [allocation failure].
[62598:0x102004600]    40408 ms: Scavenge 171.7 (197.0) -> 169.1 (203.0) MB, 15.5 / 0 ms [allocation failure].
[62598:0x102004600]    40432 ms: Scavenge 178.3 (203.0) -> 175.7 (210.0) MB, 16.9 / 0 ms (+ 5.5 ms in 147 steps since last GC) [allocation failure].
[62598:0x102004600]    40457 ms: Scavenge 184.8 (210.0) -> 182.2 (217.0) MB, 17.2 / 0 ms (+ 5.7 ms in 147 steps since last GC) [allocation failure].
[62598:0x102004600]    40483 ms: Scavenge 191.4 (217.0) -> 188.8 (223.0) MB, 17.2 / 0 ms (+ 6.2 ms in 147 steps since last GC) [allocation failure].
[62598:0x102004600]    40513 ms: Scavenge 198.0 (223.0) -> 195.3 (230.0) MB, 21.3 / 0 ms (+ 6.3 ms in 147 steps since last GC) [allocation failure].
[62598:0x102004600]    40539 ms: Scavenge 204.5 (230.0) -> 201.9 (237.0) MB, 17.5 / 0 ms (+ 5.3 ms in 146 steps since last GC) [allocation failure].
[62598:0x102004600]    40564 ms: Scavenge 211.1 (237.0) -> 208.5 (243.0) MB, 17.4 / 0 ms (+ 5.5 ms in 147 steps since last GC) [allocation failure].
[62598:0x102004600]    40573 ms: Mark-sweep 209.3 (243.0) -> 56.5 (97.0) MB, 7.7 / 0 ms (+ 34.9 ms in 894 steps since start of marking, biggest step 0.2 ms) [GC interrupt] [GC in old space requested].
[62598:0x102004600]    40589 ms: Scavenge 71.6 (97.0) -> 67.3 (97.0) MB, 11.6 / 0 ms [allocation failure].
[62598:0x102004600]    40609 ms: Scavenge 72.3 (97.0) -> 70.8 (107.0) MB, 19.5 / 0 ms [allocation failure].
[62598:0x102004600]    40627 ms: Scavenge 83.0 (107.0) -> 79.6 (110.0) MB, 14.3 / 0 ms [allocation failure].
[62598:0x102004600]    40647 ms: Scavenge 86.6 (110.0) -> 84.6 (119.0) MB, 18.4 / 0 ms [allocation failure].
[62598:0x102004600]    40667 ms: Scavenge 95.3 (119.0) -> 92.2 (124.0) MB, 15.4 / 0 ms [allocation failure].
[62598:0x102004600]    40687 ms: Scavenge 100.3 (124.0) -> 98.0 (132.0) MB, 18.0 / 0 ms [allocation failure].
[62598:0x102004600]    40707 ms: Scavenge 108.0 (132.0) -> 105.1 (138.0) MB, 16.3 / 0 ms [allocation failure].
[62598:0x102004600]    40727 ms: Scavenge 113.8 (138.0) -> 111.3 (145.0) MB, 17.6 / 0 ms [allocation failure].
[62598:0x102004600]    40745 ms: Scavenge 120.9 (145.0) -> 118.1 (151.0) MB, 15.9 / 0 ms [allocation failure].
[62598:0x102004600]    40768 ms: Scavenge 127.0 (151.0) -> 124.5 (158.0) MB, 21.2 / 0 ms [allocation failure].
[62598:0x102004600]    40788 ms: Scavenge 133.9 (158.0) -> 131.2 (165.0) MB, 17.5 / 0 ms [allocation failure].
[62598:0x102004600]    40809 ms: Scavenge 140.2 (165.0) -> 137.7 (172.0) MB, 18.1 / 0 ms [allocation failure].
[62598:0x102004600]    40831 ms: Scavenge 146.9 (172.0) -> 144.3 (178.0) MB, 19.5 / 0 ms [allocation failure].
[62598:0x102004600]    40851 ms: Scavenge 153.4 (178.0) -> 150.8 (185.0) MB, 17.8 / 0 ms [allocation failure].
[62598:0x102004600]    40874 ms: Scavenge 160.0 (185.0) -> 157.4 (191.0) MB, 20.8 / 0 ms [allocation failure].
[62598:0x102004600]    40898 ms: Scavenge 166.5 (191.0) -> 163.9 (198.0) MB, 21.0 / 0 ms [allocation failure].
[62598:0x102004600]    40917 ms: Scavenge 173.1 (198.0) -> 170.5 (205.0) MB, 16.5 / 0 ms [allocation failure].
[62598:0x102004600]    40939 ms: Scavenge 179.7 (205.0) -> 177.1 (211.0) MB, 18.9 / 0 ms [allocation failure].
[62598:0x102004600]    40962 ms: Scavenge 186.3 (211.0) -> 183.6 (218.0) MB, 20.0 / 0 ms [allocation failure].
[62598:0x102004600]    40987 ms: Scavenge 192.8 (218.0) -> 190.2 (225.0) MB, 21.7 / 0 ms [allocation failure].
[62598:0x102004600]    41012 ms: Scavenge 199.4 (225.0) -> 196.8 (231.0) MB, 21.3 / 0 ms [allocation failure].
[62598:0x102004600]    41033 ms: Scavenge 205.9 (231.0) -> 203.3 (238.0) MB, 19.3 / 0 ms [allocation failure].
[62598:0x102004600]    41051 ms: Scavenge 212.5 (238.0) -> 209.9 (245.0) MB, 16.0 / 0 ms [allocation failure].
[62598:0x102004600]    41073 ms: Scavenge 219.1 (245.0) -> 216.4 (251.0) MB, 18.0 / 0 ms [allocation failure].
[62598:0x102004600]    41093 ms: Scavenge 225.6 (251.0) -> 223.0 (258.0) MB, 17.3 / 0 ms [allocation failure].
[62598:0x102004600]    41111 ms: Scavenge 232.2 (258.0) -> 229.6 (265.0) MB, 16.2 / 0 ms [allocation failure].
[62598:0x102004600]    41128 ms: Scavenge 238.7 (265.0) -> 236.1 (271.0) MB, 15.2 / 0 ms [allocation failure].
[62598:0x102004600]    41151 ms: Scavenge 245.3 (271.0) -> 242.7 (278.0) MB, 15.7 / 0 ms (+ 5.1 ms in 147 steps since last GC) [allocation failure].
[62598:0x102004600]    41180 ms: Scavenge 251.9 (278.0) -> 249.2 (285.0) MB, 20.0 / 0 ms (+ 6.0 ms in 147 steps since last GC) [allocation failure].
[62598:0x102004600]    41193 ms: Mark-sweep 253.9 (285.0) -> 23.7 (61.0) MB, 10.1 / 0 ms (+ 13.7 ms in 367 steps since start of marking, biggest step 0.1 ms) [GC interrupt] [GC in old space requested].
[62598:0x102004600]    41212 ms: Scavenge 36.1 (61.0) -> 32.5 (62.0) MB, 15.1 / 0 ms [allocation failure].
[62598:0x102004600]    41232 ms: Scavenge 39.4 (62.0) -> 37.5 (71.0) MB, 17.9 / 0 ms [allocation failure].
[62598:0x102004600]    41248 ms: Scavenge 48.3 (71.0) -> 45.2 (76.0) MB, 13.9 / 0 ms [allocation failure].
[62598:0x102004600]    41266 ms: Scavenge 53.2 (76.0) -> 50.9 (84.0) MB, 16.6 / 0 ms [allocation failure].
[62598:0x102004600]    41284 ms: Scavenge 60.9 (84.0) -> 58.1 (90.0) MB, 14.9 / 0 ms [allocation failure].
[62598:0x102004600]    41303 ms: Scavenge 66.7 (90.0) -> 64.2 (97.0) MB, 17.1 / 0 ms [allocation failure].
[62598:0x102004600]    41321 ms: Scavenge 73.8 (97.0) -> 71.1 (103.0) MB, 15.4 / 0 ms [allocation failure].
[62598:0x102004600]    41339 ms: Scavenge 80.0 (103.0) -> 77.4 (110.0) MB, 16.7 / 0 ms [allocation failure].
[62598:0x102004600]    41362 ms: Scavenge 86.8 (110.0) -> 84.1 (117.0) MB, 20.7 / 0 ms [allocation failure].
[62598:0x102004600]    41388 ms: Scavenge 93.2 (117.0) -> 90.6 (124.0) MB, 23.8 / 0 ms [allocation failure].
[62598:0x102004600]    41416 ms: Scavenge 99.9 (124.0) -> 97.2 (130.0) MB, 18.8 / 0 ms (+ 6.1 ms in 148 steps since last GC) [allocation failure].
[62598:0x102004600]    41442 ms: Scavenge 106.3 (130.0) -> 103.7 (137.0) MB, 17.0 / 0 ms (+ 6.5 ms in 146 steps since last GC) [allocation failure].
[62598:0x102004600]    41470 ms: Scavenge 113.0 (137.0) -> 110.3 (144.0) MB, 19.6 / 0 ms (+ 5.5 ms in 148 steps since last GC) [allocation failure].
[62598:0x102004600]    41502 ms: Scavenge 119.5 (144.0) -> 116.9 (150.0) MB, 22.5 / 0 ms (+ 7.0 ms in 146 steps since last GC) [allocation failure].
[62598:0x102004600]    41526 ms: Scavenge 126.1 (150.0) -> 123.4 (157.0) MB, 16.6 / 0 ms (+ 5.2 ms in 147 steps since last GC) [allocation failure].
[62598:0x102004600]    41537 ms: Mark-sweep 125.3 (157.0) -> 48.5 (88.0) MB, 8.9 / 0 ms (+ 31.5 ms in 764 steps since start of marking, biggest step 0.2 ms) [GC interrupt] [GC in old space requested].
[62598:0x102004600]    41552 ms: Scavenge 62.9 (88.0) -> 58.8 (88.0) MB, 10.4 / 0 ms [allocation failure].
[62598:0x102004600]    41574 ms: Scavenge 64.2 (88.0) -> 62.7 (98.0) MB, 20.9 / 0 ms [allocation failure].
[62598:0x102004600]    41591 ms: Scavenge 74.5 (98.0) -> 71.1 (102.0) MB, 13.5 / 0 ms [allocation failure].
[62598:0x102004600]    41612 ms: Scavenge 78.4 (102.0) -> 76.3 (110.0) MB, 19.3 / 0 ms [allocation failure].
[62598:0x102004600]    41629 ms: Scavenge 86.9 (110.0) -> 83.9 (116.0) MB, 14.1 / 0 ms [allocation failure].
[62598:0x102004600]    41647 ms: Scavenge 92.1 (116.0) -> 89.7 (123.0) MB, 15.9 / 0 ms [allocation failure].
[62598:0x102004600]    41665 ms: Scavenge 99.6 (123.0) -> 96.8 (129.0) MB, 16.1 / 0 ms [allocation failure].
[62598:0x102004600]    41689 ms: Scavenge 105.5 (129.0) -> 103.0 (137.0) MB, 22.5 / 0 ms [allocation failure].
[62598:0x102004600]    41714 ms: Scavenge 112.5 (137.0) -> 109.8 (143.0) MB, 21.8 / 0 ms [allocation failure].
[62598:0x102004600]    41737 ms: Scavenge 118.8 (143.0) -> 116.2 (150.0) MB, 21.3 / 0 ms [allocation failure].
[62598:0x102004600]    41754 ms: Scavenge 125.6 (150.0) -> 122.9 (156.0) MB, 15.1 / 0 ms [allocation failure].
[62598:0x102004600]    41773 ms: Scavenge 131.9 (156.0) -> 129.4 (163.0) MB, 16.2 / 0 ms [allocation failure].
[62598:0x102004600]    41793 ms: Scavenge 138.6 (163.0) -> 136.0 (170.0) MB, 17.9 / 0 ms [allocation failure].
[62598:0x102004600]    41811 ms: Scavenge 145.1 (170.0) -> 142.5 (176.0) MB, 15.8 / 0 ms [allocation failure].
[62598:0x102004600]    41830 ms: Scavenge 151.7 (176.0) -> 149.1 (183.0) MB, 15.9 / 0 ms [allocation failure].
[62598:0x102004600]    41847 ms: Scavenge 158.2 (183.0) -> 155.6 (190.0) MB, 15.8 / 0 ms [allocation failure].
[62598:0x102004600]    41874 ms: Scavenge 164.8 (190.0) -> 162.2 (196.0) MB, 24.4 / 0 ms [allocation failure].
[62598:0x102004600]    41892 ms: Scavenge 171.4 (196.0) -> 168.8 (203.0) MB, 15.8 / 0 ms [allocation failure].
[62598:0x102004600]    41911 ms: Scavenge 178.0 (203.0) -> 175.3 (210.0) MB, 15.7 / 0 ms [allocation failure].
[62598:0x102004600]    41930 ms: Scavenge 184.5 (210.0) -> 181.9 (216.0) MB, 16.0 / 0 ms [allocation failure].
[62598:0x102004600]    41948 ms: Scavenge 191.1 (216.0) -> 188.4 (223.0) MB, 15.7 / 0 ms [allocation failure].
[62598:0x102004600]    41965 ms: Scavenge 197.6 (223.0) -> 195.0 (230.0) MB, 15.3 / 0 ms [allocation failure].
[62598:0x102004600]    41982 ms: Scavenge 204.2 (230.0) -> 201.6 (236.0) MB, 15.2 / 0 ms [allocation failure].
[62598:0x102004600]    42011 ms: Scavenge 210.7 (236.0) -> 208.1 (243.0) MB, 20.8 / 0 ms (+ 5.3 ms in 147 steps since last GC) [allocation failure].
[62598:0x102004600]    42042 ms: Scavenge 217.3 (243.0) -> 214.7 (250.0) MB, 22.6 / 0 ms (+ 6.3 ms in 147 steps since last GC) [allocation failure].
[62598:0x102004600]    42074 ms: Scavenge 223.9 (250.0) -> 221.2 (256.0) MB, 22.7 / 0 ms (+ 6.7 ms in 147 steps since last GC) [allocation failure].
[62598:0x102004600]    42095 ms: Mark-sweep 229.9 (256.0) -> 36.7 (71.0) MB, 13.9 / 0 ms (+ 23.1 ms in 576 steps since start of marking, biggest step 0.2 ms) [GC interrupt] [GC in old space requested].
[62598:0x102004600]    42117 ms: Scavenge 46.3 (71.0) -> 43.5 (75.0) MB, 20.0 / 0 ms [allocation failure].
[62598:0x102004600]    42137 ms: Scavenge 52.4 (75.0) -> 49.9 (82.0) MB, 17.6 / 0 ms [allocation failure].
[62598:0x102004600]    42157 ms: Scavenge 59.2 (82.0) -> 56.6 (89.0) MB, 17.7 / 0 ms [allocation failure].
[62598:0x102004600]    42177 ms: Scavenge 65.6 (89.0) -> 63.0 (96.0) MB, 17.3 / 0 ms [allocation failure].
[62598:0x102004600]    42196 ms: Scavenge 72.3 (96.0) -> 69.7 (102.0) MB, 16.7 / 0 ms [allocation failure].
[62598:0x102004600]    42215 ms: Scavenge 78.8 (102.0) -> 76.2 (109.0) MB, 16.2 / 0 ms [allocation failure].
[62598:0x102004600]    42232 ms: Scavenge 85.4 (109.0) -> 82.8 (116.0) MB, 15.6 / 0 ms [allocation failure].
[62598:0x102004600]    42250 ms: Scavenge 91.9 (116.0) -> 89.3 (122.0) MB, 15.6 / 0 ms [allocation failure].
[62598:0x102004600]    42269 ms: Scavenge 98.5 (122.0) -> 95.9 (129.0) MB, 15.9 / 0 ms [allocation failure].
[62598:0x102004600]    42287 ms: Scavenge 105.0 (129.0) -> 102.4 (136.0) MB, 15.7 / 0 ms [allocation failure].
[62598:0x102004600]    42309 ms: Scavenge 111.6 (136.0) -> 109.0 (142.0) MB, 19.8 / 0 ms [allocation failure].
[62598:0x102004600]    42327 ms: Scavenge 118.2 (142.0) -> 115.5 (149.0) MB, 16.0 / 0 ms [allocation failure].
[62598:0x102004600]    42345 ms: Scavenge 124.7 (149.0) -> 122.1 (156.0) MB, 16.2 / 0 ms [allocation failure].
[62598:0x102004600]    42363 ms: Scavenge 131.3 (156.0) -> 128.7 (162.0) MB, 16.2 / 0 ms [allocation failure].
[62598:0x102004600]    42395 ms: Scavenge 137.9 (162.0) -> 135.2 (169.0) MB, 22.9 / 0 ms (+ 5.7 ms in 146 steps since last GC) [allocation failure].
[62598:0x102004600]    42425 ms: Scavenge 144.4 (169.0) -> 141.8 (176.0) MB, 21.8 / 0 ms (+ 6.5 ms in 147 steps since last GC) [allocation failure].
[62598:0x102004600]    42452 ms: Scavenge 151.0 (176.0) -> 148.4 (182.0) MB, 17.5 / 0 ms (+ 6.1 ms in 147 steps since last GC) [allocation failure].
[62598:0x102004600]    42478 ms: Scavenge 157.5 (182.0) -> 154.9 (189.0) MB, 18.8 / 0 ms (+ 5.4 ms in 147 steps since last GC) [allocation failure].
[62598:0x102004600]    42506 ms: Scavenge 164.1 (189.0) -> 161.5 (196.0) MB, 20.3 / 0 ms (+ 5.4 ms in 147 steps since last GC) [allocation failure].
[62598:0x102004600]    42517 ms: Mark-sweep 163.5 (196.0) -> 48.5 (88.0) MB, 8.7 / 0 ms (+ 30.5 ms in 765 steps since start of marking, biggest step 0.2 ms) [GC interrupt] [GC in old space requested].
[62598:0x102004600]    42534 ms: Scavenge 62.8 (88.0) -> 58.7 (88.0) MB, 13.2 / 0 ms [allocation failure].
[62598:0x102004600]    42554 ms: Scavenge 64.2 (88.0) -> 62.7 (98.0) MB, 18.6 / 0 ms [allocation failure].
[62598:0x102004600]    42570 ms: Scavenge 74.4 (98.0) -> 71.1 (102.0) MB, 13.1 / 0 ms [allocation failure].
[62598:0x102004600]    42589 ms: Scavenge 78.4 (102.0) -> 76.3 (110.0) MB, 16.5 / 0 ms [allocation failure].
[62598:0x102004600]    42605 ms: Scavenge 86.8 (110.0) -> 83.8 (116.0) MB, 13.8 / 0 ms [allocation failure].
[62598:0x102004600]    42623 ms: Scavenge 92.1 (116.0) -> 89.7 (123.0) MB, 16.2 / 0 ms [allocation failure].
[62598:0x102004600]    42640 ms: Scavenge 99.6 (123.0) -> 96.7 (129.0) MB, 14.7 / 0 ms [allocation failure].
[62598:0x102004600]    42661 ms: Scavenge 105.4 (129.0) -> 103.0 (137.0) MB, 18.8 / 0 ms [allocation failure].
[62598:0x102004600]    42680 ms: Scavenge 112.5 (137.0) -> 109.8 (143.0) MB, 16.1 / 0 ms [allocation failure].
[62598:0x102004600]    42698 ms: Scavenge 118.7 (143.0) -> 116.2 (150.0) MB, 15.5 / 0 ms [allocation failure].
[62598:0x102004600]    42719 ms: Scavenge 125.5 (150.0) -> 122.8 (156.0) MB, 19.0 / 0 ms [allocation failure].
[62598:0x102004600]    42740 ms: Scavenge 131.9 (156.0) -> 129.3 (163.0) MB, 19.0 / 0 ms [allocation failure].
[62598:0x102004600]    42759 ms: Scavenge 138.6 (163.0) -> 135.9 (170.0) MB, 15.8 / 0 ms [allocation failure].
[62598:0x102004600]    42781 ms: Scavenge 145.1 (170.0) -> 142.4 (176.0) MB, 18.8 / 0 ms [allocation failure].
[62598:0x102004600]    42799 ms: Scavenge 151.7 (176.0) -> 149.0 (183.0) MB, 15.7 / 0 ms [allocation failure].
[62598:0x102004600]    42817 ms: Scavenge 158.2 (183.0) -> 155.6 (190.0) MB, 16.0 / 0 ms [allocation failure].
[62598:0x102004600]    42835 ms: Scavenge 164.8 (190.0) -> 162.2 (196.0) MB, 15.5 / 0 ms [allocation failure].
[62598:0x102004600]    42857 ms: Scavenge 171.3 (196.0) -> 168.7 (203.0) MB, 19.9 / 0 ms [allocation failure].
[62598:0x102004600]    42878 ms: Scavenge 177.9 (203.0) -> 175.3 (210.0) MB, 18.7 / 0 ms [allocation failure].
[62598:0x102004600]    42903 ms: Scavenge 184.5 (210.0) -> 181.8 (216.0) MB, 21.8 / 0 ms [allocation failure].
[62598:0x102004600]    42922 ms: Scavenge 191.0 (216.0) -> 188.4 (223.0) MB, 16.1 / 0 ms [allocation failure].
[62598:0x102004600]    42940 ms: Scavenge 197.6 (223.0) -> 195.0 (230.0) MB, 16.3 / 0 ms [allocation failure].
[62598:0x102004600]    42964 ms: Scavenge 204.1 (230.0) -> 201.5 (236.0) MB, 17.1 / 0 ms (+ 4.9 ms in 147 steps since last GC) [allocation failure].
[62598:0x102004600]    42976 ms: Mark-sweep 205.2 (236.0) -> 13.4 (51.0) MB, 8.5 / 0 ms (+ 6.8 ms in 203 steps since start of marking, biggest step 0.2 ms) [GC interrupt] [GC in old space requested].
[62598:0x102004600]    42992 ms: Scavenge 26.5 (51.0) -> 22.8 (52.0) MB, 13.0 / 0 ms [allocation failure].
[62598:0x102004600]    43018 ms: Scavenge 29.2 (52.0) -> 27.3 (61.0) MB, 24.5 / 0 ms [allocation failure].
[62598:0x102004600]    43037 ms: Scavenge 38.5 (61.0) -> 35.3 (66.0) MB, 15.4 / 0 ms [allocation failure].
[62598:0x102004600]    43062 ms: Scavenge 43.1 (66.0) -> 40.9 (74.0) MB, 23.7 / 0 ms [allocation failure].
[62598:0x102004600]    43082 ms: Scavenge 51.1 (74.0) -> 48.1 (80.0) MB, 17.3 / 0 ms [allocation failure].
[62598:0x102004600]    43106 ms: Scavenge 56.6 (80.0) -> 54.2 (87.0) MB, 21.8 / 0 ms [allocation failure].
[62598:0x102004600]    43137 ms: Scavenge 63.9 (87.0) -> 61.1 (93.0) MB, 21.2 / 0 ms (+ 6.4 ms in 155 steps since last GC) [allocation failure].
[62598:0x102004600]    43169 ms: Scavenge 69.9 (93.0) -> 67.4 (100.0) MB, 24.1 / 0 ms (+ 6.1 ms in 141 steps since last GC) [allocation failure].
[62598:0x102004600]    43194 ms: Scavenge 76.9 (100.0) -> 74.2 (107.0) MB, 17.1 / 0 ms (+ 5.5 ms in 151 steps since last GC) [allocation failure].
[62598:0x102004600]    43224 ms: Scavenge 83.2 (107.0) -> 80.6 (114.0) MB, 20.1 / 0 ms (+ 7.1 ms in 144 steps since last GC) [allocation failure].
[62598:0x102004600]    43249 ms: Scavenge 89.9 (114.0) -> 87.2 (120.0) MB, 17.0 / 0 ms (+ 5.4 ms in 149 steps since last GC) [allocation failure].
[62598:0x102004600]    43269 ms: Mark-sweep 94.9 (120.0) -> 54.6 (90.0) MB, 13.6 / 0 ms (+ 34.8 ms in 862 steps since start of marking, biggest step 0.1 ms) [GC interrupt] [GC in old space requested].
[62598:0x102004600]    43287 ms: Scavenge 64.8 (90.0) -> 61.9 (94.0) MB, 15.2 / 0 ms [allocation failure].
[62598:0x102004600]    43309 ms: Scavenge 70.3 (94.0) -> 67.9 (101.0) MB, 20.5 / 0 ms [allocation failure].
[62598:0x102004600]    43330 ms: Scavenge 77.6 (101.0) -> 74.9 (107.0) MB, 18.6 / 0 ms [allocation failure].
[62598:0x102004600]    43354 ms: Scavenge 83.7 (107.0) -> 81.2 (114.0) MB, 21.0 / 0 ms [allocation failure].
[62598:0x102004600]    43373 ms: Scavenge 90.6 (114.0) -> 87.9 (121.0) MB, 17.3 / 0 ms [allocation failure].
[62598:0x102004600]    43398 ms: Scavenge 96.9 (121.0) -> 94.3 (128.0) MB, 21.3 / 0 ms [allocation failure].
[62598:0x102004600]    43416 ms: Scavenge 103.7 (128.0) -> 101.0 (134.0) MB, 15.6 / 0 ms [allocation failure].
[62598:0x102004600]    43435 ms: Scavenge 110.1 (134.0) -> 107.5 (141.0) MB, 16.1 / 0 ms [allocation failure].
[62598:0x102004600]    43454 ms: Scavenge 116.7 (141.0) -> 114.1 (148.0) MB, 16.7 / 0 ms [allocation failure].
[62598:0x102004600]    43473 ms: Scavenge 123.2 (148.0) -> 120.6 (154.0) MB, 17.0 / 0 ms [allocation failure].
[62598:0x102004600]    43490 ms: Scavenge 129.8 (154.0) -> 127.2 (161.0) MB, 15.2 / 0 ms [allocation failure].
[62598:0x102004600]    43509 ms: Scavenge 136.4 (161.0) -> 133.7 (168.0) MB, 16.4 / 0 ms [allocation failure].
[62598:0x102004600]    43527 ms: Scavenge 142.9 (168.0) -> 140.3 (174.0) MB, 15.5 / 0 ms [allocation failure].
[62598:0x102004600]    43549 ms: Scavenge 149.5 (174.0) -> 146.9 (181.0) MB, 20.0 / 0 ms [allocation failure].
[62598:0x102004600]    43571 ms: Scavenge 156.1 (181.0) -> 153.4 (188.0) MB, 19.9 / 0 ms [allocation failure].
[62598:0x102004600]    43588 ms: Scavenge 162.6 (188.0) -> 160.0 (194.0) MB, 15.1 / 0 ms [allocation failure].
[62598:0x102004600]    43607 ms: Scavenge 169.2 (194.0) -> 166.6 (201.0) MB, 15.7 / 0 ms [allocation failure].
[62598:0x102004600]    43631 ms: Scavenge 175.7 (201.0) -> 173.1 (208.0) MB, 22.1 / 0 ms [allocation failure].
[62598:0x102004600]    43654 ms: Scavenge 182.3 (208.0) -> 179.7 (214.0) MB, 20.1 / 0 ms [allocation failure].
[62598:0x102004600]    43675 ms: Scavenge 188.9 (214.0) -> 186.2 (221.0) MB, 17.9 / 0 ms [allocation failure].
[62598:0x102004600]    43694 ms: Scavenge 195.4 (221.0) -> 192.8 (228.0) MB, 16.4 / 0 ms [allocation failure].
[62598:0x102004600]    43711 ms: Scavenge 202.0 (228.0) -> 199.4 (234.0) MB, 15.2 / 0 ms [allocation failure].
[62598:0x102004600]    43729 ms: Scavenge 208.5 (234.0) -> 205.9 (241.0) MB, 15.8 / 0 ms [allocation failure].
[62598:0x102004600]    43753 ms: Scavenge 215.1 (241.0) -> 212.5 (248.0) MB, 16.4 / 0 ms (+ 5.4 ms in 147 steps since last GC) [allocation failure].
[62598:0x102004600]    43779 ms: Scavenge 221.7 (248.0) -> 219.0 (254.0) MB, 17.9 / 0 ms (+ 5.8 ms in 147 steps since last GC) [allocation failure].
[62598:0x102004600]    43808 ms: Scavenge 228.2 (254.0) -> 225.6 (261.0) MB, 19.6 / 0 ms (+ 6.5 ms in 147 steps since last GC) [allocation failure].
[62598:0x102004600]    43833 ms: Scavenge 234.8 (261.0) -> 232.2 (268.0) MB, 17.0 / 0 ms (+ 5.7 ms in 147 steps since last GC) [allocation failure].
[62598:0x102004600]    43858 ms: Scavenge 241.3 (268.0) -> 238.7 (274.0) MB, 17.3 / 0 ms (+ 5.3 ms in 147 steps since last GC) [allocation failure].
[62598:0x102004600]    43874 ms: Mark-sweep 243.6 (274.0) -> 51.5 (89.0) MB, 12.0 / 0 ms (+ 31.3 ms in 812 steps since start of marking, biggest step 0.2 ms) [GC interrupt] [GC in old space requested].
[62598:0x102004600]    43892 ms: Scavenge 63.7 (89.0) -> 60.2 (91.0) MB, 14.8 / 0 ms [allocation failure].
[62598:0x102004600]    43919 ms: Scavenge 67.2 (91.0) -> 65.2 (99.0) MB, 24.8 / 0 ms [allocation failure].
[62598:0x102004600]    43936 ms: Scavenge 76.0 (99.0) -> 72.9 (104.0) MB, 14.8 / 0 ms [allocation failure].
[62598:0x102004600]    43955 ms: Scavenge 81.0 (104.0) -> 78.7 (112.0) MB, 16.8 / 0 ms [allocation failure].
[62598:0x102004600]    43974 ms: Scavenge 88.6 (112.0) -> 85.8 (118.0) MB, 15.9 / 0 ms [allocation failure].
[62598:0x102004600]    44001 ms: Scavenge 94.4 (118.0) -> 91.9 (125.0) MB, 24.1 / 0 ms [allocation failure].
[62598:0x102004600]    44022 ms: Scavenge 101.5 (125.0) -> 98.8 (132.0) MB, 17.4 / 0 ms [allocation failure].
[62598:0x102004600]    44040 ms: Scavenge 107.7 (132.0) -> 105.1 (139.0) MB, 16.4 / 0 ms [allocation failure].
[62598:0x102004600]    44060 ms: Scavenge 114.5 (139.0) -> 111.9 (145.0) MB, 16.9 / 0 ms [allocation failure].
[62598:0x102004600]    44078 ms: Scavenge 120.9 (145.0) -> 118.3 (152.0) MB, 15.7 / 0 ms [allocation failure].
[62598:0x102004600]    44100 ms: Scavenge 127.6 (152.0) -> 124.9 (158.0) MB, 19.4 / 0 ms [allocation failure].
[62598:0x102004600]    44118 ms: Scavenge 134.1 (158.0) -> 131.5 (165.0) MB, 16.6 / 0 ms [allocation failure].
[62598:0x102004600]    44137 ms: Scavenge 140.7 (165.0) -> 138.1 (172.0) MB, 16.1 / 0 ms [allocation failure].
[62598:0x102004600]    44155 ms: Scavenge 147.2 (172.0) -> 144.6 (178.0) MB, 16.1 / 0 ms [allocation failure].
[62598:0x102004600]    44174 ms: Scavenge 153.8 (178.0) -> 151.2 (185.0) MB, 16.1 / 0 ms [allocation failure].
[62598:0x102004600]    44191 ms: Scavenge 160.3 (185.0) -> 157.7 (192.0) MB, 15.3 / 0 ms [allocation failure].
[62598:0x102004600]    44210 ms: Scavenge 166.9 (192.0) -> 164.3 (198.0) MB, 16.6 / 0 ms [allocation failure].
[62598:0x102004600]    44233 ms: Scavenge 173.5 (198.0) -> 170.8 (205.0) MB, 20.0 / 0 ms [allocation failure].
[62598:0x102004600]    44252 ms: Scavenge 180.0 (205.0) -> 177.4 (212.0) MB, 16.7 / 0 ms [allocation failure].
[62598:0x102004600]    44270 ms: Scavenge 186.6 (212.0) -> 184.0 (218.0) MB, 16.2 / 0 ms [allocation failure].
[62598:0x102004600]    44288 ms: Scavenge 193.1 (218.0) -> 190.5 (225.0) MB, 16.1 / 0 ms [allocation failure].
[62598:0x102004600]    44306 ms: Scavenge 199.7 (225.0) -> 197.1 (232.0) MB, 15.7 / 0 ms [allocation failure].
[62598:0x102004600]    44324 ms: Scavenge 206.3 (232.0) -> 203.6 (238.0) MB, 15.9 / 0 ms [allocation failure].
[62598:0x102004600]    44349 ms: Scavenge 212.8 (238.0) -> 210.2 (245.0) MB, 17.9 / 0 ms (+ 5.1 ms in 147 steps since last GC) [allocation failure].
[62598:0x102004600]    44376 ms: Scavenge 219.4 (245.0) -> 216.8 (252.0) MB, 18.9 / 0 ms (+ 5.7 ms in 147 steps since last GC) [allocation failure].
[62598:0x102004600]    44405 ms: Scavenge 225.9 (252.0) -> 223.3 (258.0) MB, 19.9 / 0 ms (+ 6.2 ms in 147 steps since last GC) [allocation failure].
[62598:0x102004600]    44429 ms: Scavenge 232.5 (258.0) -> 229.9 (265.0) MB, 17.3 / 0 ms (+ 5.4 ms in 147 steps since last GC) [allocation failure].
[62598:0x102004600]    44446 ms: Mark-sweep 236.0 (265.0) -> 43.6 (80.0) MB, 11.9 / 0 ms (+ 25.7 ms in 684 steps since start of marking, biggest step 0.1 ms) [GC interrupt] [GC in old space requested].
[62598:0x102004600]    44464 ms: Scavenge 54.9 (80.0) -> 51.6 (82.0) MB, 14.0 / 0 ms [allocation failure].
[62598:0x102004600]    44483 ms: Scavenge 59.3 (82.0) -> 57.1 (91.0) MB, 16.8 / 0 ms [allocation failure].
[62598:0x102004600]    44499 ms: Scavenge 67.4 (91.0) -> 64.4 (96.0) MB, 14.4 / 0 ms [allocation failure].
[62598:0x102004600]    44517 ms: Scavenge 72.8 (96.0) -> 70.4 (104.0) MB, 15.9 / 0 ms [allocation failure].
[62598:0x102004600]    44534 ms: Scavenge 80.2 (104.0) -> 77.4 (110.0) MB, 14.9 / 0 ms [allocation failure].
[62598:0x102004600]    44552 ms: Scavenge 86.2 (110.0) -> 83.7 (117.0) MB, 15.5 / 0 ms [allocation failure].
[62598:0x102004600]    44570 ms: Scavenge 93.1 (117.0) -> 90.4 (123.0) MB, 15.7 / 0 ms [allocation failure].
[62598:0x102004600]    44588 ms: Scavenge 99.4 (123.0) -> 96.8 (130.0) MB, 16.1 / 0 ms [allocation failure].
[62598:0x102004600]    44606 ms: Scavenge 106.2 (130.0) -> 103.5 (137.0) MB, 16.2 / 0 ms [allocation failure].
[62598:0x102004600]    44625 ms: Scavenge 112.6 (137.0) -> 110.0 (143.0) MB, 16.2 / 0 ms [allocation failure].
[62598:0x102004600]    44642 ms: Scavenge 119.3 (143.0) -> 116.6 (150.0) MB, 15.1 / 0 ms [allocation failure].
[62598:0x102004600]    44659 ms: Scavenge 125.7 (150.0) -> 123.1 (157.0) MB, 15.5 / 0 ms [allocation failure].
[62598:0x102004600]    44678 ms: Scavenge 132.4 (157.0) -> 129.7 (163.0) MB, 16.2 / 0 ms [allocation failure].
[62598:0x102004600]    44697 ms: Scavenge 138.9 (163.0) -> 136.3 (170.0) MB, 16.5 / 0 ms [allocation failure].
[62598:0x102004600]    44715 ms: Scavenge 145.5 (170.0) -> 142.8 (177.0) MB, 15.9 / 0 ms [allocation failure].
[62598:0x102004600]    44733 ms: Scavenge 152.0 (177.0) -> 149.4 (183.0) MB, 15.8 / 0 ms [allocation failure].
[62598:0x102004600]    44751 ms: Scavenge 158.6 (183.0) -> 156.0 (190.0) MB, 15.7 / 0 ms [allocation failure].
[62598:0x102004600]    44768 ms: Scavenge 165.1 (190.0) -> 162.5 (197.0) MB, 14.8 / 0 ms [allocation failure].
[62598:0x102004600]    44785 ms: Scavenge 171.7 (197.0) -> 169.1 (203.0) MB, 15.0 / 0 ms [allocation failure].
[62598:0x102004600]    44813 ms: Scavenge 178.3 (203.0) -> 175.6 (210.0) MB, 17.9 / 0 ms (+ 7.5 ms in 147 steps since last GC) [allocation failure].
[62598:0x102004600]    44838 ms: Scavenge 184.8 (210.0) -> 182.2 (217.0) MB, 16.8 / 0 ms (+ 5.6 ms in 147 steps since last GC) [allocation failure].
[62598:0x102004600]    44863 ms: Scavenge 191.4 (217.0) -> 188.8 (223.0) MB, 17.4 / 0 ms (+ 5.5 ms in 147 steps since last GC) [allocation failure].
[62598:0x102004600]    44892 ms: Scavenge 197.9 (223.0) -> 195.3 (230.0) MB, 20.0 / 0 ms (+ 6.6 ms in 147 steps since last GC) [allocation failure].
[62598:0x102004600]    44923 ms: Scavenge 204.5 (230.0) -> 201.9 (237.0) MB, 23.2 / 0 ms (+ 5.6 ms in 147 steps since last GC) [allocation failure].
[62598:0x102004600]    44952 ms: Scavenge 211.1 (237.0) -> 208.4 (243.0) MB, 20.1 / 0 ms (+ 6.4 ms in 147 steps since last GC) [allocation failure].
[62598:0x102004600]    44960 ms: Mark-sweep 208.8 (243.0) -> 56.1 (97.0) MB, 7.4 / 0 ms (+ 37.3 ms in 886 steps since start of marking, biggest step 0.1 ms) [GC interrupt] [GC in old space requested].
[62598:0x102004600]    44979 ms: Scavenge 71.6 (97.0) -> 67.2 (97.0) MB, 14.5 / 0 ms [allocation failure].
[62598:0x102004600]    45010 ms: Scavenge 71.9 (97.0) -> 70.5 (106.0) MB, 29.5 / 0 ms [allocation failure].
[62598:0x102004600]    45027 ms: Scavenge 82.9 (106.0) -> 79.4 (110.0) MB, 13.2 / 0 ms [allocation failure].
[62598:0x102004600]    45048 ms: Scavenge 86.3 (110.0) -> 84.3 (119.0) MB, 19.2 / 0 ms [allocation failure].
[62598:0x102004600]    45067 ms: Scavenge 95.1 (119.0) -> 92.0 (124.0) MB, 15.8 / 0 ms [allocation failure].
[62598:0x102004600]    45092 ms: Scavenge 100.1 (124.0) -> 97.8 (132.0) MB, 22.9 / 0 ms [allocation failure].
[62598:0x102004600]    45111 ms: Scavenge 107.8 (132.0) -> 104.9 (138.0) MB, 16.3 / 0 ms [allocation failure].
[62598:0x102004600]    45130 ms: Scavenge 113.5 (138.0) -> 111.1 (145.0) MB, 16.1 / 0 ms [allocation failure].
[62598:0x102004600]    45152 ms: Scavenge 120.7 (145.0) -> 117.9 (151.0) MB, 20.5 / 0 ms [allocation failure].
[62598:0x102004600]    45172 ms: Scavenge 126.8 (151.0) -> 124.3 (158.0) MB, 17.7 / 0 ms [allocation failure].
[62598:0x102004600]    45191 ms: Scavenge 133.7 (158.0) -> 131.0 (164.0) MB, 16.1 / 0 ms [allocation failure].
[62598:0x102004600]    45212 ms: Scavenge 140.0 (164.0) -> 137.4 (171.0) MB, 18.6 / 0 ms [allocation failure].
[62598:0x102004600]    45233 ms: Scavenge 146.7 (171.0) -> 144.1 (178.0) MB, 18.5 / 0 ms [allocation failure].
[62598:0x102004600]    45252 ms: Scavenge 153.2 (178.0) -> 150.6 (185.0) MB, 16.6 / 0 ms [allocation failure].
[62598:0x102004600]    45275 ms: Scavenge 159.8 (185.0) -> 157.2 (191.0) MB, 21.0 / 0 ms [allocation failure].
[62598:0x102004600]    45296 ms: Scavenge 166.3 (191.0) -> 163.7 (198.0) MB, 18.3 / 0 ms [allocation failure].
[62598:0x102004600]    45314 ms: Scavenge 172.9 (198.0) -> 170.3 (205.0) MB, 15.6 / 0 ms [allocation failure].
[62598:0x102004600]    45332 ms: Scavenge 179.5 (205.0) -> 176.8 (211.0) MB, 15.6 / 0 ms [allocation failure].
[62598:0x102004600]    45354 ms: Scavenge 186.0 (211.0) -> 183.4 (218.0) MB, 19.9 / 0 ms [allocation failure].
[62598:0x102004600]    45372 ms: Scavenge 192.6 (218.0) -> 190.0 (225.0) MB, 16.0 / 0 ms [allocation failure].
[62598:0x102004600]    45390 ms: Scavenge 199.2 (225.0) -> 196.5 (231.0) MB, 15.1 / 0 ms [allocation failure].
[62598:0x102004600]    45407 ms: Scavenge 205.7 (231.0) -> 203.1 (238.0) MB, 15.4 / 0 ms [allocation failure].
[62598:0x102004600]    45425 ms: Scavenge 212.3 (238.0) -> 209.6 (245.0) MB, 15.8 / 0 ms [allocation failure].
[62598:0x102004600]    45442 ms: Scavenge 218.8 (245.0) -> 216.2 (251.0) MB, 15.6 / 0 ms [allocation failure].
[62598:0x102004600]    45460 ms: Scavenge 225.4 (251.0) -> 222.8 (258.0) MB, 15.7 / 0 ms [allocation failure].
[62598:0x102004600]    45479 ms: Scavenge 232.0 (258.0) -> 229.3 (265.0) MB, 16.3 / 0 ms [allocation failure].
[62598:0x102004600]    45497 ms: Scavenge 238.5 (265.0) -> 235.9 (271.0) MB, 15.8 / 0 ms [allocation failure].
[62598:0x102004600]    45520 ms: Scavenge 245.1 (271.0) -> 242.5 (278.0) MB, 16.4 / 0 ms (+ 5.0 ms in 147 steps since last GC) [allocation failure].
[62598:0x102004600]    45544 ms: Scavenge 251.6 (278.0) -> 249.0 (285.0) MB, 16.9 / 0 ms (+ 4.8 ms in 147 steps since last GC) [allocation failure].
[62598:0x102004600]    45556 ms: Mark-sweep 252.9 (285.0) -> 23.0 (61.0) MB, 8.9 / 0 ms (+ 12.0 ms in 355 steps since start of marking, biggest step 0.2 ms) [GC interrupt] [GC in old space requested].
[62598:0x102004600]    45573 ms: Scavenge 35.9 (61.0) -> 32.2 (62.0) MB, 13.8 / 0 ms [allocation failure].
[62598:0x102004600]    45599 ms: Scavenge 38.7 (62.0) -> 36.8 (71.0) MB, 24.0 / 0 ms [allocation failure].
[62598:0x102004600]    45615 ms: Scavenge 47.9 (71.0) -> 44.7 (76.0) MB, 13.4 / 0 ms [allocation failure].
[62598:0x102004600]    45638 ms: Scavenge 52.6 (76.0) -> 50.3 (84.0) MB, 21.2 / 0 ms [allocation failure].
[62598:0x102004600]    45658 ms: Scavenge 60.5 (84.0) -> 57.6 (89.0) MB, 17.2 / 0 ms [allocation failure].
[62598:0x102004600]    45679 ms: Scavenge 66.1 (89.0) -> 63.7 (97.0) MB, 19.3 / 0 ms [allocation failure].
[62598:0x102004600]    45702 ms: Scavenge 73.3 (97.0) -> 70.6 (103.0) MB, 19.5 / 0 ms [allocation failure].
[62598:0x102004600]    45725 ms: Scavenge 79.4 (103.0) -> 76.9 (110.0) MB, 21.4 / 0 ms [allocation failure].
[62598:0x102004600]    45747 ms: Scavenge 86.3 (110.0) -> 83.6 (116.0) MB, 19.1 / 0 ms [allocation failure].
[62598:0x102004600]    45769 ms: Scavenge 92.6 (116.0) -> 90.1 (123.0) MB, 19.8 / 0 ms [allocation failure].
[62598:0x102004600]    45805 ms: Scavenge 99.4 (123.0) -> 96.7 (130.0) MB, 24.9 / 0 ms (+ 7.4 ms in 149 steps since last GC) [allocation failure].
[62598:0x102004600]    45831 ms: Scavenge 105.8 (130.0) -> 103.2 (136.0) MB, 17.2 / 0 ms (+ 6.5 ms in 145 steps since last GC) [allocation failure].
[62598:0x102004600]    45860 ms: Scavenge 112.5 (136.0) -> 109.8 (143.0) MB, 20.0 / 0 ms (+ 6.6 ms in 148 steps since last GC) [allocation failure].
[62598:0x102004600]    45885 ms: Scavenge 118.9 (143.0) -> 116.3 (150.0) MB, 17.1 / 0 ms (+ 5.1 ms in 146 steps since last GC) [allocation failure].
[62598:0x102004600]    45907 ms: Mark-sweep 125.5 (150.0) -> 46.6 (81.0) MB, 15.5 / 0 ms (+ 30.6 ms in 733 steps since start of marking, biggest step 0.1 ms) [GC interrupt] [GC in old space requested].
[62598:0x102004600]    45925 ms: Scavenge 55.8 (81.0) -> 53.1 (86.0) MB, 15.4 / 0 ms [allocation failure].
[62598:0x102004600]    45950 ms: Scavenge 62.3 (86.0) -> 59.7 (92.0) MB, 22.7 / 0 ms [allocation failure].
[62598:0x102004600]    45973 ms: Scavenge 68.9 (92.0) -> 66.3 (99.0) MB, 20.7 / 0 ms [allocation failure].
[62598:0x102004600]    45995 ms: Scavenge 75.4 (99.0) -> 72.8 (106.0) MB, 20.0 / 0 ms [allocation failure].
[62598:0x102004600]    46018 ms: Scavenge 82.0 (106.0) -> 79.4 (112.0) MB, 19.9 / 0 ms [allocation failure].
[62598:0x102004600]    46040 ms: Scavenge 88.6 (112.0) -> 85.9 (119.0) MB, 19.3 / 0 ms [allocation failure].
[62598:0x102004600]    46064 ms: Scavenge 95.1 (119.0) -> 92.5 (126.0) MB, 21.6 / 0 ms [allocation failure].
[62598:0x102004600]    46082 ms: Scavenge 101.7 (126.0) -> 99.1 (132.0) MB, 15.7 / 0 ms [allocation failure].
[62598:0x102004600]    46100 ms: Scavenge 108.2 (132.0) -> 105.6 (139.0) MB, 16.1 / 0 ms [allocation failure].
[62598:0x102004600]    46118 ms: Scavenge 114.8 (139.0) -> 112.2 (146.0) MB, 15.8 / 0 ms [allocation failure].
[62598:0x102004600]    46136 ms: Scavenge 121.4 (146.0) -> 118.7 (152.0) MB, 15.5 / 0 ms [allocation failure].
[62598:0x102004600]    46154 ms: Scavenge 127.9 (152.0) -> 125.3 (159.0) MB, 15.9 / 0 ms [allocation failure].
[62598:0x102004600]    46172 ms: Scavenge 134.5 (159.0) -> 131.9 (166.0) MB, 15.7 / 0 ms [allocation failure].
[62598:0x102004600]    46191 ms: Scavenge 141.0 (166.0) -> 138.4 (172.0) MB, 17.3 / 0 ms [allocation failure].
[62598:0x102004600]    46210 ms: Scavenge 147.6 (172.0) -> 145.0 (179.0) MB, 16.3 / 0 ms [allocation failure].
[62598:0x102004600]    46228 ms: Scavenge 154.2 (179.0) -> 151.5 (186.0) MB, 15.8 / 0 ms [allocation failure].
[62598:0x102004600]    46246 ms: Scavenge 160.7 (186.0) -> 158.1 (192.0) MB, 15.7 / 0 ms [allocation failure].
[62598:0x102004600]    46265 ms: Scavenge 167.3 (192.0) -> 164.7 (199.0) MB, 17.4 / 0 ms [allocation failure].
[62598:0x102004600]    46283 ms: Scavenge 173.9 (199.0) -> 171.2 (206.0) MB, 15.4 / 0 ms [allocation failure].
[62598:0x102004600]    46309 ms: Scavenge 180.4 (206.0) -> 177.8 (212.0) MB, 19.5 / 0 ms (+ 4.9 ms in 147 steps since last GC) [allocation failure].
[62598:0x102004600]    46335 ms: Scavenge 187.0 (212.0) -> 184.3 (219.0) MB, 17.2 / 0 ms (+ 6.2 ms in 147 steps since last GC) [allocation failure].
[62598:0x102004600]    46360 ms: Scavenge 193.5 (219.0) -> 190.9 (226.0) MB, 16.9 / 0 ms (+ 5.6 ms in 146 steps since last GC) [allocation failure].
[62598:0x102004600]    46385 ms: Scavenge 200.1 (226.0) -> 197.5 (232.0) MB, 16.5 / 0 ms (+ 5.8 ms in 147 steps since last GC) [allocation failure].
[62598:0x102004600]    46409 ms: Scavenge 206.7 (232.0) -> 204.0 (239.0) MB, 16.5 / 0 ms (+ 5.7 ms in 147 steps since last GC) [allocation failure].
[62598:0x102004600]    46434 ms: Scavenge 213.2 (239.0) -> 210.6 (246.0) MB, 16.8 / 0 ms (+ 5.4 ms in 147 steps since last GC) [allocation failure].
[62598:0x102004600]    46456 ms: Mark-sweep 218.6 (246.0) -> 63.8 (100.0) MB, 16.1 / 0 ms (+ 37.7 ms in 1008 steps since start of marking, biggest step 0.1 ms) [GC interrupt] [GC in old space requested].
[62598:0x102004600]    46476 ms: Scavenge 73.8 (100.0) -> 70.9 (103.0) MB, 17.0 / 0 ms [allocation failure].
[62598:0x102004600]    46494 ms: Scavenge 79.5 (103.0) -> 77.0 (110.0) MB, 16.0 / 0 ms [allocation failure].
[62598:0x102004600]    46511 ms: Scavenge 86.6 (110.0) -> 83.9 (116.0) MB, 15.1 / 0 ms [allocation failure].
[62598:0x102004600]    46529 ms: Scavenge 92.8 (116.0) -> 90.2 (123.0) MB, 15.7 / 0 ms [allocation failure].
[62598:0x102004600]    46549 ms: Scavenge 99.6 (123.0) -> 96.9 (130.0) MB, 17.4 / 0 ms [allocation failure].
[62598:0x102004600]    46570 ms: Scavenge 106.0 (130.0) -> 103.4 (137.0) MB, 19.0 / 0 ms [allocation failure].
[62598:0x102004600]    46593 ms: Scavenge 112.7 (137.0) -> 110.0 (143.0) MB, 20.4 / 0 ms [allocation failure].
[62598:0x102004600]    46615 ms: Scavenge 119.1 (143.0) -> 116.5 (150.0) MB, 20.1 / 0 ms [allocation failure].
[62598:0x102004600]    46638 ms: Scavenge 125.8 (150.0) -> 123.1 (157.0) MB, 20.1 / 0 ms [allocation failure].
[62598:0x102004600]    46658 ms: Scavenge 132.3 (157.0) -> 129.7 (163.0) MB, 17.8 / 0 ms [allocation failure].
[62598:0x102004600]    46676 ms: Scavenge 138.9 (163.0) -> 136.3 (170.0) MB, 16.1 / 0 ms [allocation failure].
[62598:0x102004600]    46694 ms: Scavenge 145.4 (170.0) -> 142.8 (177.0) MB, 16.1 / 0 ms [allocation failure].
[62598:0x102004600]    46715 ms: Scavenge 152.0 (177.0) -> 149.4 (183.0) MB, 18.6 / 0 ms [allocation failure].
[62598:0x102004600]    46734 ms: Scavenge 158.5 (183.0) -> 155.9 (190.0) MB, 16.4 / 0 ms [allocation failure].
[62598:0x102004600]    46752 ms: Scavenge 165.1 (190.0) -> 162.5 (197.0) MB, 15.7 / 0 ms [allocation failure].
[62598:0x102004600]    46770 ms: Scavenge 171.7 (197.0) -> 169.0 (203.0) MB, 15.9 / 0 ms [allocation failure].
[62598:0x102004600]    46788 ms: Scavenge 178.2 (203.0) -> 175.6 (210.0) MB, 15.6 / 0 ms [allocation failure].
[62598:0x102004600]    46805 ms: Scavenge 184.8 (210.0) -> 182.2 (217.0) MB, 15.4 / 0 ms [allocation failure].
[62598:0x102004600]    46823 ms: Scavenge 191.4 (217.0) -> 188.7 (223.0) MB, 15.5 / 0 ms [allocation failure].
[62598:0x102004600]    46841 ms: Scavenge 197.9 (223.0) -> 195.3 (230.0) MB, 16.0 / 0 ms [allocation failure].
[62598:0x102004600]    46863 ms: Scavenge 204.5 (230.0) -> 201.9 (237.0) MB, 19.0 / 0 ms [allocation failure].
[62598:0x102004600]    46895 ms: Scavenge 211.0 (237.0) -> 208.4 (243.0) MB, 29.5 / 0 ms [allocation failure].
[62598:0x102004600]    46921 ms: Scavenge 217.6 (243.0) -> 215.0 (250.0) MB, 24.1 / 0 ms [allocation failure].
[62598:0x102004600]    46955 ms: Scavenge 224.2 (250.0) -> 221.5 (257.0) MB, 29.9 / 0 ms [allocation failure].
[62598:0x102004600]    46981 ms: Scavenge 230.7 (257.0) -> 228.1 (263.0) MB, 22.6 / 0 ms [allocation failure].
[62598:0x102004600]    47001 ms: Scavenge 237.3 (263.0) -> 234.7 (270.0) MB, 18.0 / 0 ms [allocation failure].
[62598:0x102004600]    47023 ms: Scavenge 243.8 (270.0) -> 241.2 (277.0) MB, 18.6 / 0 ms [allocation failure].
[62598:0x102004600]    47049 ms: Scavenge 250.4 (277.0) -> 247.8 (283.0) MB, 18.2 / 0 ms (+ 5.8 ms in 146 steps since last GC) [allocation failure].
[62598:0x102004600]    47074 ms: Scavenge 257.0 (283.0) -> 254.3 (290.0) MB, 17.0 / 0 ms (+ 5.7 ms in 147 steps since last GC) [allocation failure].
[62598:0x102004600]    47100 ms: Scavenge 263.5 (290.0) -> 260.9 (297.0) MB, 17.1 / 0 ms (+ 5.7 ms in 147 steps since last GC) [allocation failure].
[62598:0x102004600]    47127 ms: Scavenge 270.1 (297.0) -> 267.5 (303.0) MB, 20.2 / 0 ms (+ 5.1 ms in 147 steps since last GC) [allocation failure].
[62598:0x102004600]    47141 ms: Mark-sweep 271.7 (303.0) -> 41.6 (79.0) MB, 9.9 / 0 ms (+ 24.7 ms in 654 steps since start of marking, biggest step 0.2 ms) [GC interrupt] [GC in old space requested].
[62598:0x102004600]    47160 ms: Scavenge 54.3 (79.0) -> 50.7 (80.0) MB, 14.8 / 0 ms [allocation failure].
[62598:0x102004600]    47183 ms: Scavenge 57.3 (80.0) -> 55.4 (90.0) MB, 21.0 / 0 ms [allocation failure].
[62598:0x102004600]    47202 ms: Scavenge 66.4 (90.0) -> 63.3 (95.0) MB, 15.9 / 0 ms [allocation failure].
[62598:0x102004600]    47222 ms: Scavenge 71.2 (95.0) -> 68.9 (103.0) MB, 18.1 / 0 ms [allocation failure].
[62598:0x102004600]    47242 ms: Scavenge 79.0 (103.0) -> 76.1 (108.0) MB, 17.6 / 0 ms [allocation failure].
[62598:0x102004600]    47264 ms: Scavenge 84.7 (108.0) -> 82.2 (116.0) MB, 19.9 / 0 ms [allocation failure].
[62598:0x102004600]    47282 ms: Scavenge 91.9 (116.0) -> 89.1 (122.0) MB, 15.8 / 0 ms [allocation failure].
[62598:0x102004600]    47302 ms: Scavenge 98.0 (122.0) -> 95.5 (129.0) MB, 18.0 / 0 ms [allocation failure].
[62598:0x102004600]    47321 ms: Scavenge 104.9 (129.0) -> 102.2 (135.0) MB, 16.5 / 0 ms [allocation failure].
[62598:0x102004600]    47340 ms: Scavenge 111.2 (135.0) -> 108.6 (142.0) MB, 17.0 / 0 ms [allocation failure].
[62598:0x102004600]    47360 ms: Scavenge 117.9 (142.0) -> 115.3 (149.0) MB, 17.4 / 0 ms [allocation failure].
[62598:0x102004600]    47379 ms: Scavenge 124.4 (149.0) -> 121.8 (155.0) MB, 16.7 / 0 ms [allocation failure].
[62598:0x102004600]    47398 ms: Scavenge 131.0 (155.0) -> 128.4 (162.0) MB, 16.4 / 0 ms [allocation failure].
[62598:0x102004600]    47416 ms: Scavenge 137.5 (162.0) -> 134.9 (169.0) MB, 16.5 / 0 ms [allocation failure].
[62598:0x102004600]    47437 ms: Scavenge 144.1 (169.0) -> 141.5 (175.0) MB, 18.7 / 0 ms [allocation failure].
[62598:0x102004600]    47457 ms: Scavenge 150.7 (175.0) -> 148.0 (182.0) MB, 17.6 / 0 ms [allocation failure].
[62598:0x102004600]    47476 ms: Scavenge 157.2 (182.0) -> 154.6 (189.0) MB, 16.3 / 0 ms [allocation failure].
[62598:0x102004600]    47495 ms: Scavenge 163.8 (189.0) -> 161.2 (195.0) MB, 16.8 / 0 ms [allocation failure].
[62598:0x102004600]    47520 ms: Scavenge 170.4 (195.0) -> 167.7 (202.0) MB, 17.2 / 0 ms (+ 5.4 ms in 147 steps since last GC) [allocation failure].
[62598:0x102004600]    47545 ms: Scavenge 176.9 (202.0) -> 174.3 (209.0) MB, 18.1 / 0 ms (+ 5.3 ms in 147 steps since last GC) [allocation failure].
[62598:0x102004600]    47570 ms: Mark-sweep 183.4 (209.0) -> 28.3 (63.0) MB, 17.0 / 0 ms (+ 16.4 ms in 440 steps since start of marking, biggest step 0.1 ms) [GC interrupt] [GC in old space requested].
[62598:0x102004600]    47590 ms: Scavenge 37.4 (63.0) -> 34.8 (67.0) MB, 17.1 / 0 ms [allocation failure].
[62598:0x102004600]    47612 ms: Scavenge 44.0 (67.0) -> 41.3 (74.0) MB, 18.8 / 0 ms [allocation failure].
[62598:0x102004600]    47631 ms: Scavenge 50.5 (74.0) -> 47.9 (80.0) MB, 16.4 / 0 ms [allocation failure].
[62598:0x102004600]    47649 ms: Scavenge 57.1 (80.0) -> 54.5 (87.0) MB, 16.4 / 0 ms [allocation failure].
[62598:0x102004600]    47674 ms: Scavenge 63.6 (87.0) -> 61.0 (94.0) MB, 22.3 / 0 ms [allocation failure].
[62598:0x102004600]    47693 ms: Scavenge 70.2 (94.0) -> 67.6 (100.0) MB, 16.9 / 0 ms [allocation failure].
[62598:0x102004600]    47714 ms: Scavenge 76.8 (100.0) -> 74.1 (107.0) MB, 18.7 / 0 ms [allocation failure].
[62598:0x102004600]    47733 ms: Scavenge 83.3 (107.0) -> 80.7 (114.0) MB, 16.6 / 0 ms [allocation failure].
[62598:0x102004600]    47752 ms: Scavenge 89.9 (114.0) -> 87.3 (120.0) MB, 16.1 / 0 ms [allocation failure].
[62598:0x102004600]    47773 ms: Scavenge 96.4 (120.0) -> 93.8 (127.0) MB, 18.4 / 0 ms [allocation failure].
[62598:0x102004600]    47800 ms: Scavenge 103.0 (127.0) -> 100.4 (134.0) MB, 19.3 / 0 ms (+ 5.3 ms in 147 steps since last GC) [allocation failure].
[62598:0x102004600]    47831 ms: Scavenge 109.6 (134.0) -> 106.9 (140.0) MB, 22.4 / 0 ms (+ 6.0 ms in 147 steps since last GC) [allocation failure].
[62598:0x102004600]    47859 ms: Scavenge 116.1 (140.0) -> 113.5 (147.0) MB, 19.5 / 0 ms (+ 6.0 ms in 146 steps since last GC) [allocation failure].
[62598:0x102004600]    47885 ms: Scavenge 122.7 (147.0) -> 120.1 (154.0) MB, 17.6 / 0 ms (+ 6.2 ms in 147 steps since last GC) [allocation failure].
[62598:0x102004600]    47911 ms: Scavenge 129.2 (154.0) -> 126.6 (160.0) MB, 17.7 / 0 ms (+ 6.2 ms in 147 steps since last GC) [allocation failure].
[62598:0x102004600]    47936 ms: Scavenge 135.8 (160.0) -> 133.2 (167.0) MB, 17.2 / 0 ms (+ 5.9 ms in 147 steps since last GC) [allocation failure].
[62598:0x102004600]    47952 ms: Mark-sweep 137.5 (167.0) -> 60.0 (98.0) MB, 11.9 / 0 ms (+ 37.9 ms in 948 steps since start of marking, biggest step 0.2 ms) [GC interrupt] [GC in old space requested].
[62598:0x102004600]    47967 ms: Scavenge 72.6 (98.0) -> 69.0 (99.0) MB, 11.8 / 0 ms [allocation failure].
[62598:0x102004600]    47990 ms: Scavenge 75.7 (99.0) -> 73.8 (108.0) MB, 20.7 / 0 ms [allocation failure].
[62598:0x102004600]    48007 ms: Scavenge 84.7 (108.0) -> 81.6 (113.0) MB, 14.9 / 0 ms [allocation failure].
[62598:0x102004600]    48026 ms: Scavenge 89.5 (113.0) -> 87.3 (121.0) MB, 17.3 / 0 ms [allocation failure].
[62598:0x102004600]    48044 ms: Scavenge 97.3 (121.0) -> 94.5 (127.0) MB, 15.3 / 0 ms [allocation failure].
[62598:0x102004600]    48068 ms: Scavenge 103.0 (127.0) -> 100.6 (134.0) MB, 22.1 / 0 ms [allocation failure].
[62598:0x102004600]    48091 ms: Scavenge 110.2 (134.0) -> 107.5 (140.0) MB, 20.1 / 0 ms [allocation failure].
[62598:0x102004600]    48116 ms: Scavenge 116.3 (140.0) -> 113.8 (147.0) MB, 22.0 / 0 ms [allocation failure].
[62598:0x102004600]    48137 ms: Scavenge 123.2 (147.0) -> 120.5 (154.0) MB, 18.7 / 0 ms [allocation failure].
[62598:0x102004600]    48160 ms: Scavenge 129.5 (154.0) -> 126.9 (161.0) MB, 19.9 / 0 ms [allocation failure].
[62598:0x102004600]    48178 ms: Scavenge 136.3 (161.0) -> 133.6 (167.0) MB, 15.9 / 0 ms [allocation failure].
[62598:0x102004600]    48197 ms: Scavenge 142.7 (167.0) -> 140.1 (174.0) MB, 16.8 / 0 ms [allocation failure].
[62598:0x102004600]    48218 ms: Scavenge 149.3 (174.0) -> 146.7 (181.0) MB, 18.1 / 0 ms [allocation failure].
[62598:0x102004600]    48239 ms: Scavenge 155.8 (181.0) -> 153.2 (187.0) MB, 18.7 / 0 ms [allocation failure].
[62598:0x102004600]    48258 ms: Scavenge 162.4 (187.0) -> 159.8 (194.0) MB, 17.4 / 0 ms [allocation failure].
[62598:0x102004600]    48277 ms: Scavenge 169.0 (194.0) -> 166.4 (201.0) MB, 16.5 / 0 ms [allocation failure].
[62598:0x102004600]    48295 ms: Scavenge 175.6 (201.0) -> 172.9 (207.0) MB, 16.4 / 0 ms [allocation failure].
[62598:0x102004600]    48315 ms: Scavenge 182.1 (207.0) -> 179.5 (214.0) MB, 17.1 / 0 ms [allocation failure].
[62598:0x102004600]    48334 ms: Scavenge 188.7 (214.0) -> 186.0 (221.0) MB, 16.7 / 0 ms [allocation failure].
[62598:0x102004600]    48353 ms: Scavenge 195.2 (221.0) -> 192.6 (227.0) MB, 16.4 / 0 ms [allocation failure].
[62598:0x102004600]    48372 ms: Scavenge 201.8 (227.0) -> 199.2 (234.0) MB, 16.9 / 0 ms [allocation failure].
[62598:0x102004600]    48390 ms: Scavenge 208.4 (234.0) -> 205.7 (241.0) MB, 16.2 / 0 ms [allocation failure].
[62598:0x102004600]    48410 ms: Scavenge 214.9 (241.0) -> 212.3 (247.0) MB, 17.7 / 0 ms [allocation failure].
[62598:0x102004600]    48429 ms: Scavenge 221.5 (247.0) -> 218.8 (254.0) MB, 16.3 / 0 ms [allocation failure].
[62598:0x102004600]    48448 ms: Scavenge 228.0 (254.0) -> 225.4 (261.0) MB, 16.6 / 0 ms [allocation failure].
[62598:0x102004600]    48469 ms: Scavenge 234.6 (261.0) -> 232.0 (267.0) MB, 18.4 / 0 ms [allocation failure].
[62598:0x102004600]    48487 ms: Scavenge 241.2 (267.0) -> 238.5 (274.0) MB, 16.1 / 0 ms [allocation failure].
[62598:0x102004600]    48511 ms: Scavenge 247.7 (274.0) -> 245.1 (281.0) MB, 16.7 / 0 ms (+ 5.3 ms in 147 steps since last GC) [allocation failure].
[62598:0x102004600]    48536 ms: Scavenge 254.3 (281.0) -> 251.7 (287.0) MB, 17.1 / 0 ms (+ 5.3 ms in 147 steps since last GC) [allocation failure].
[62598:0x102004600]    48561 ms: Scavenge 260.8 (287.0) -> 258.2 (294.0) MB, 17.1 / 0 ms (+ 5.5 ms in 147 steps since last GC) [allocation failure].
[62598:0x102004600]    48573 ms: Mark-sweep 262.1 (294.0) -> 32.1 (69.0) MB, 9.7 / 0 ms (+ 18.1 ms in 501 steps since start of marking, biggest step 0.2 ms) [GC interrupt] [GC in old space requested].
[62598:0x102004600]    48592 ms: Scavenge 45.1 (69.0) -> 41.4 (71.0) MB, 15.0 / 0 ms [allocation failure].
[62598:0x102004600]    48612 ms: Scavenge 47.8 (71.0) -> 46.0 (80.0) MB, 18.6 / 0 ms [allocation failure].
[62598:0x102004600]    48629 ms: Scavenge 57.1 (80.0) -> 53.9 (85.0) MB, 14.6 / 0 ms [allocation failure].
[62598:0x102004600]    48651 ms: Scavenge 61.7 (85.0) -> 59.5 (93.0) MB, 19.6 / 0 ms [allocation failure].
[62598:0x102004600]    48670 ms: Scavenge 69.7 (93.0) -> 66.8 (99.0) MB, 17.0 / 0 ms [allocation failure].
[62598:0x102004600]    48692 ms: Scavenge 75.3 (99.0) -> 72.8 (106.0) MB, 19.4 / 0 ms [allocation failure].
[62598:0x102004600]    48710 ms: Scavenge 82.5 (106.0) -> 79.7 (112.0) MB, 15.8 / 0 ms [allocation failure].
[62598:0x102004600]    48732 ms: Scavenge 88.6 (112.0) -> 86.1 (119.0) MB, 19.0 / 0 ms [allocation failure].
[62598:0x102004600]    48751 ms: Scavenge 95.5 (119.0) -> 92.8 (126.0) MB, 16.6 / 0 ms [allocation failure].
[62598:0x102004600]    48768 ms: Scavenge 101.8 (126.0) -> 99.2 (132.0) MB, 15.7 / 0 ms [allocation failure].
[62598:0x102004600]    48789 ms: Scavenge 108.5 (132.0) -> 105.9 (139.0) MB, 18.0 / 0 ms [allocation failure].
[62598:0x102004600]    48807 ms: Scavenge 115.0 (139.0) -> 112.4 (146.0) MB, 16.5 / 0 ms [allocation failure].
[62598:0x102004600]    48826 ms: Scavenge 121.6 (146.0) -> 119.0 (152.0) MB, 16.0 / 0 ms [allocation failure].
[62598:0x102004600]    48844 ms: Scavenge 128.1 (152.0) -> 125.5 (159.0) MB, 15.7 / 0 ms [allocation failure].
[62598:0x102004600]    48868 ms: Scavenge 134.7 (159.0) -> 132.1 (166.0) MB, 16.5 / 0 ms (+ 5.7 ms in 147 steps since last GC) [allocation failure].
[62598:0x102004600]    48896 ms: Scavenge 141.3 (166.0) -> 138.6 (172.0) MB, 20.5 / 0 ms (+ 5.5 ms in 147 steps since last GC) [allocation failure].
[62598:0x102004600]    48923 ms: Scavenge 147.8 (172.0) -> 145.2 (179.0) MB, 18.6 / 0 ms (+ 5.6 ms in 147 steps since last GC) [allocation failure].
[62598:0x102004600]    48948 ms: Scavenge 154.4 (179.0) -> 151.8 (186.0) MB, 17.2 / 0 ms (+ 5.7 ms in 146 steps since last GC) [allocation failure].
[62598:0x102004600]    48957 ms: Mark-sweep 151.9 (186.0) -> 37.4 (78.0) MB, 8.7 / 0 ms (+ 22.5 ms in 588 steps since start of marking, biggest step 0.1 ms) [GC interrupt] [GC in old space requested].
[62598:0x102004600]    48976 ms: Scavenge 53.1 (78.0) -> 48.6 (78.0) MB, 13.7 / 0 ms [allocation failure].
[62598:0x102004600]    48997 ms: Scavenge 53.2 (78.0) -> 51.9 (88.0) MB, 20.6 / 0 ms [allocation failure].
[62598:0x102004600]    49014 ms: Scavenge 64.3 (88.0) -> 60.8 (91.0) MB, 13.4 / 0 ms [allocation failure].
[62598:0x102004600]    49035 ms: Scavenge 67.6 (91.0) -> 65.7 (100.0) MB, 19.2 / 0 ms [allocation failure].
[62598:0x102004600]    49052 ms: Scavenge 76.5 (100.0) -> 73.4 (105.0) MB, 15.4 / 0 ms [allocation failure].
[62598:0x102004600]    49072 ms: Scavenge 81.4 (105.0) -> 79.1 (113.0) MB, 17.8 / 0 ms [allocation failure].
[62598:0x102004600]    49089 ms: Scavenge 89.2 (113.0) -> 86.3 (119.0) MB, 14.7 / 0 ms [allocation failure].
[62598:0x102004600]    49109 ms: Scavenge 94.9 (119.0) -> 92.4 (126.0) MB, 17.7 / 0 ms [allocation failure].
[62598:0x102004600]    49128 ms: Scavenge 102.0 (126.0) -> 99.3 (132.0) MB, 17.2 / 0 ms [allocation failure].
[62598:0x102004600]    49148 ms: Scavenge 108.2 (132.0) -> 105.6 (139.0) MB, 17.2 / 0 ms [allocation failure].
[62598:0x102004600]    49166 ms: Scavenge 115.0 (139.0) -> 112.4 (146.0) MB, 16.1 / 0 ms [allocation failure].
[62598:0x102004600]    49184 ms: Scavenge 121.4 (146.0) -> 118.8 (152.0) MB, 16.0 / 0 ms [allocation failure].
[62598:0x102004600]    49202 ms: Scavenge 128.1 (152.0) -> 125.4 (159.0) MB, 15.8 / 0 ms [allocation failure].
[62598:0x102004600]    49221 ms: Scavenge 134.6 (159.0) -> 131.9 (166.0) MB, 16.5 / 0 ms [allocation failure].
[62598:0x102004600]    49239 ms: Scavenge 141.2 (166.0) -> 138.6 (172.0) MB, 15.9 / 0 ms [allocation failure].
[62598:0x102004600]    49258 ms: Scavenge 147.7 (172.0) -> 145.1 (179.0) MB, 16.7 / 0 ms [allocation failure].
[62598:0x102004600]    49278 ms: Scavenge 154.3 (179.0) -> 151.7 (186.0) MB, 17.5 / 0 ms [allocation failure].
[62598:0x102004600]    49296 ms: Scavenge 160.8 (186.0) -> 158.2 (192.0) MB, 16.0 / 0 ms [allocation failure].
[62598:0x102004600]    49319 ms: Scavenge 167.4 (192.0) -> 164.8 (199.0) MB, 16.3 / 0 ms (+ 5.1 ms in 147 steps since last GC) [allocation failure].
[62598:0x102004600]    49341 ms: Mark-sweep 173.4 (199.0) -> 18.4 (53.0) MB, 15.3 / 0 ms (+ 9.7 ms in 283 steps since start of marking, biggest step 0.1 ms) [GC interrupt] [GC in old space requested].
[62598:0x102004600]    49360 ms: Scavenge 27.9 (53.0) -> 25.2 (57.0) MB, 15.6 / 0 ms [allocation failure].
[62598:0x102004600]    49378 ms: Scavenge 34.1 (57.0) -> 31.6 (64.0) MB, 16.5 / 0 ms [allocation failure].
[62598:0x102004600]    49396 ms: Scavenge 40.9 (64.0) -> 38.2 (70.0) MB, 15.8 / 0 ms [allocation failure].
[62598:0x102004600]    49414 ms: Scavenge 47.3 (70.0) -> 44.7 (77.0) MB, 15.9 / 0 ms [allocation failure].
[62598:0x102004600]    49433 ms: Scavenge 54.0 (77.0) -> 51.3 (84.0) MB, 16.2 / 0 ms [allocation failure].
[62598:0x102004600]    49457 ms: Scavenge 60.5 (84.0) -> 57.9 (90.0) MB, 21.5 / 0 ms [allocation failure].
[62598:0x102004600]    49483 ms: Scavenge 67.1 (90.0) -> 64.4 (97.0) MB, 17.2 / 0 ms (+ 6.0 ms in 147 steps since last GC) [allocation failure].
[62598:0x102004600]    49512 ms: Scavenge 73.6 (97.0) -> 71.0 (104.0) MB, 20.3 / 0 ms (+ 6.1 ms in 147 steps since last GC) [allocation failure].
[62598:0x102004600]    49538 ms: Scavenge 80.2 (104.0) -> 77.6 (110.0) MB, 18.0 / 0 ms (+ 5.8 ms in 147 steps since last GC) [allocation failure].
[62598:0x102004600]    49564 ms: Scavenge 86.7 (110.0) -> 84.1 (117.0) MB, 17.5 / 0 ms (+ 6.4 ms in 147 steps since last GC) [allocation failure].
[62598:0x102004600]    49590 ms: Scavenge 93.3 (117.0) -> 90.7 (124.0) MB, 17.6 / 0 ms (+ 6.3 ms in 147 steps since last GC) [allocation failure].
[62598:0x102004600]    49616 ms: Scavenge 99.9 (124.0) -> 97.2 (130.0) MB, 17.9 / 0 ms (+ 5.4 ms in 146 steps since last GC) [allocation failure].
[62598:0x102004600]    49651 ms: Scavenge 106.4 (130.0) -> 103.8 (137.0) MB, 27.9 / 0 ms (+ 5.5 ms in 147 steps since last GC) [allocation failure].
[62598:0x102004600]    49663 ms: Mark-sweep 104.0 (137.0) -> 65.8 (107.0) MB, 10.5 / 0 ms (+ 41.9 ms in 1032 steps since start of marking, biggest step 0.2 ms) [GC interrupt] [GC in old space requested].
[62598:0x102004600]    49683 ms: Scavenge 81.4 (107.0) -> 76.9 (107.0) MB, 15.8 / 0 ms [allocation failure].
[62598:0x102004600]    49710 ms: Scavenge 81.6 (107.0) -> 80.2 (116.0) MB, 25.9 / 0 ms [allocation failure].
[62598:0x102004600]    49727 ms: Scavenge 92.7 (116.0) -> 89.1 (120.0) MB, 13.7 / 0 ms [allocation failure].
[62598:0x102004600]    49748 ms: Scavenge 96.0 (120.0) -> 94.0 (129.0) MB, 19.5 / 0 ms [allocation failure].
[62598:0x102004600]    49765 ms: Scavenge 104.9 (129.0) -> 101.8 (134.0) MB, 14.3 / 0 ms [allocation failure].
[62598:0x102004600]    49786 ms: Scavenge 109.8 (134.0) -> 107.5 (142.0) MB, 18.3 / 0 ms [allocation failure].
[62598:0x102004600]    49804 ms: Scavenge 117.5 (142.0) -> 114.7 (147.0) MB, 15.6 / 0 ms [allocation failure].
[62598:0x102004600]    49822 ms: Scavenge 123.2 (147.0) -> 120.8 (155.0) MB, 16.5 / 0 ms [allocation failure].
[62598:0x102004600]    49840 ms: Scavenge 130.4 (155.0) -> 127.7 (161.0) MB, 15.8 / 0 ms [allocation failure].
[62598:0x102004600]    49858 ms: Scavenge 136.5 (161.0) -> 134.0 (168.0) MB, 15.6 / 0 ms [allocation failure].
[62598:0x102004600]    49876 ms: Scavenge 143.4 (168.0) -> 140.7 (174.0) MB, 16.3 / 0 ms [allocation failure].
[62598:0x102004600]    49896 ms: Scavenge 149.7 (174.0) -> 147.2 (181.0) MB, 17.4 / 0 ms [allocation failure].
[62598:0x102004600]    49914 ms: Scavenge 156.5 (181.0) -> 153.8 (188.0) MB, 16.3 / 0 ms [allocation failure].
[62598:0x102004600]    49935 ms: Scavenge 162.9 (188.0) -> 160.3 (194.0) MB, 18.8 / 0 ms [allocation failure].
[62598:0x102004600]    49956 ms: Scavenge 169.6 (194.0) -> 166.9 (201.0) MB, 18.5 / 0 ms [allocation failure].
[62598:0x102004600]    49975 ms: Scavenge 176.1 (201.0) -> 173.4 (208.0) MB, 16.7 / 0 ms [allocation failure].
[62598:0x102004600]    49996 ms: Scavenge 182.7 (208.0) -> 180.0 (214.0) MB, 16.9 / 0 ms [allocation failure].
[62598:0x102004600]    50016 ms: Scavenge 189.2 (214.0) -> 186.6 (221.0) MB, 17.9 / 0 ms [allocation failure].
[62598:0x102004600]    50035 ms: Scavenge 195.8 (221.0) -> 193.1 (228.0) MB, 16.7 / 0 ms [allocation failure].
[62598:0x102004600]    50054 ms: Scavenge 202.3 (228.0) -> 199.7 (234.0) MB, 17.3 / 0 ms [allocation failure].
[62598:0x102004600]    50074 ms: Scavenge 208.9 (234.0) -> 206.3 (241.0) MB, 17.1 / 0 ms [allocation failure].
[62598:0x102004600]    50095 ms: Scavenge 215.4 (241.0) -> 212.8 (248.0) MB, 18.9 / 0 ms [allocation failure].
[62598:0x102004600]    50116 ms: Scavenge 222.0 (248.0) -> 219.4 (254.0) MB, 18.6 / 0 ms [allocation failure].
[62598:0x102004600]    50136 ms: Scavenge 228.6 (254.0) -> 225.9 (261.0) MB, 17.3 / 0 ms [allocation failure].
[62598:0x102004600]    50154 ms: Scavenge 235.1 (261.0) -> 232.5 (268.0) MB, 16.5 / 0 ms [allocation failure].
[62598:0x102004600]    50174 ms: Scavenge 241.7 (268.0) -> 239.1 (274.0) MB, 17.9 / 0 ms [allocation failure].
[62598:0x102004600]    50194 ms: Scavenge 248.2 (274.0) -> 245.6 (281.0) MB, 17.7 / 0 ms [allocation failure].
[62598:0x102004600]    50220 ms: Scavenge 254.8 (281.0) -> 252.2 (288.0) MB, 22.6 / 0 ms [allocation failure].
[62598:0x102004600]    50239 ms: Scavenge 261.4 (288.0) -> 258.7 (294.0) MB, 16.5 / 0 ms [allocation failure].
[62598:0x102004600]    50260 ms: Scavenge 267.9 (294.0) -> 265.3 (301.0) MB, 19.2 / 0 ms [allocation failure].
[62598:0x102004600]    50281 ms: Scavenge 274.5 (301.0) -> 271.9 (308.0) MB, 18.4 / 0 ms [allocation failure].
[62598:0x102004600]    50310 ms: Scavenge 281.0 (308.0) -> 278.4 (314.0) MB, 21.6 / 0 ms (+ 5.3 ms in 147 steps since last GC) [allocation failure].
[62598:0x102004600]    50328 ms: Mark-sweep 283.9 (314.0) -> 15.3 (51.0) MB, 12.9 / 0 ms (+ 8.6 ms in 233 steps since start of marking, biggest step 0.2 ms) [GC interrupt] [GC in old space requested].
[62598:0x102004600]    50356 ms: Scavenge 27.2 (51.0) -> 23.8 (54.0) MB, 23.4 / 0 ms [allocation failure].
[62598:0x102004600]    50379 ms: Scavenge 31.1 (54.0) -> 29.0 (62.0) MB, 20.8 / 0 ms [allocation failure].
[62598:0x102004600]    50401 ms: Scavenge 39.5 (62.0) -> 36.5 (68.0) MB, 18.1 / 0 ms [allocation failure].
[62598:0x102004600]    50422 ms: Scavenge 44.7 (68.0) -> 42.4 (75.0) MB, 19.0 / 0 ms [allocation failure].
[62598:0x102004600]    50441 ms: Scavenge 52.2 (75.0) -> 49.4 (81.0) MB, 16.5 / 0 ms [allocation failure].
[62598:0x102004600]    50467 ms: Scavenge 58.1 (81.0) -> 55.6 (88.0) MB, 23.8 / 0 ms [allocation failure].
[62598:0x102004600]    50497 ms: Scavenge 65.2 (88.0) -> 62.4 (95.0) MB, 20.8 / 0 ms (+ 6.3 ms in 153 steps since last GC) [allocation failure].
[62598:0x102004600]    50532 ms: Scavenge 71.4 (95.0) -> 68.8 (102.0) MB, 23.9 / 0 ms (+ 7.6 ms in 143 steps since last GC) [allocation failure].
[62598:0x102004600]    50559 ms: Scavenge 78.2 (102.0) -> 75.5 (108.0) MB, 18.0 / 0 ms (+ 6.5 ms in 149 steps since last GC) [allocation failure].
[62598:0x102004600]    50586 ms: Scavenge 84.6 (108.0) -> 82.0 (115.0) MB, 18.0 / 0 ms (+ 6.3 ms in 145 steps since last GC) [allocation failure].
[62598:0x102004600]    50614 ms: Scavenge 91.3 (115.0) -> 88.6 (122.0) MB, 19.6 / 0 ms (+ 6.0 ms in 148 steps since last GC) [allocation failure].
[62598:0x102004600]    50640 ms: Scavenge 97.7 (122.0) -> 95.1 (128.0) MB, 18.2 / 0 ms (+ 5.6 ms in 146 steps since last GC) [allocation failure].
[62598:0x102004600]    50665 ms: Mark-sweep 98.7 (128.0) -> 59.6 (99.0) MB, 22.2 / 0 ms (+ 40.6 ms in 941 steps since start of marking, biggest step 0.1 ms) [GC interrupt] [GC in old space requested].
[62598:0x102004600]    50681 ms: Scavenge 72.7 (99.0) -> 68.9 (99.0) MB, 11.7 / 0 ms [allocation failure].
[62598:0x102004600]    50704 ms: Scavenge 75.3 (99.0) -> 73.5 (108.0) MB, 21.9 / 0 ms [allocation failure].
[62598:0x102004600]    50723 ms: Scavenge 84.7 (108.0) -> 81.5 (113.0) MB, 15.3 / 0 ms [allocation failure].
[62598:0x102004600]    50742 ms: Scavenge 89.2 (113.0) -> 87.0 (121.0) MB, 17.6 / 0 ms [allocation failure].
[62598:0x102004600]    50759 ms: Scavenge 97.2 (121.0) -> 94.3 (127.0) MB, 14.7 / 0 ms [allocation failure].
[62598:0x102004600]    50780 ms: Scavenge 102.8 (127.0) -> 100.4 (134.0) MB, 19.0 / 0 ms [allocation failure].
[62598:0x102004600]    50799 ms: Scavenge 110.1 (134.0) -> 107.3 (140.0) MB, 16.0 / 0 ms [allocation failure].
[62598:0x102004600]    50821 ms: Scavenge 116.1 (140.0) -> 113.6 (147.0) MB, 19.9 / 0 ms [allocation failure].
[62598:0x102004600]    50839 ms: Scavenge 123.0 (147.0) -> 120.3 (154.0) MB, 16.4 / 0 ms [allocation failure].
[62598:0x102004600]    50859 ms: Scavenge 129.3 (154.0) -> 126.8 (160.0) MB, 17.2 / 0 ms [allocation failure].
[62598:0x102004600]    50877 ms: Scavenge 136.1 (160.0) -> 133.4 (167.0) MB, 16.0 / 0 ms [allocation failure].
[62598:0x102004600]    50896 ms: Scavenge 142.5 (167.0) -> 139.9 (174.0) MB, 16.7 / 0 ms [allocation failure].
[62598:0x102004600]    50915 ms: Scavenge 149.2 (174.0) -> 146.5 (180.0) MB, 16.3 / 0 ms [allocation failure].
[62598:0x102004600]    50934 ms: Scavenge 155.7 (180.0) -> 153.0 (187.0) MB, 17.2 / 0 ms [allocation failure].
[62598:0x102004600]    50952 ms: Scavenge 162.3 (187.0) -> 159.6 (194.0) MB, 16.1 / 0 ms [allocation failure].
[62598:0x102004600]    50972 ms: Scavenge 168.8 (194.0) -> 166.2 (200.0) MB, 17.5 / 0 ms [allocation failure].
[62598:0x102004600]    50992 ms: Scavenge 175.4 (200.0) -> 172.7 (207.0) MB, 17.1 / 0 ms [allocation failure].
[62598:0x102004600]    51014 ms: Scavenge 181.9 (207.0) -> 179.3 (214.0) MB, 20.5 / 0 ms [allocation failure].
[62598:0x102004600]    51036 ms: Scavenge 188.5 (214.0) -> 185.9 (220.0) MB, 19.4 / 0 ms [allocation failure].
[62598:0x102004600]    51055 ms: Scavenge 195.0 (220.0) -> 192.4 (227.0) MB, 16.7 / 0 ms [allocation failure].
[62598:0x102004600]    51073 ms: Scavenge 201.6 (227.0) -> 199.0 (234.0) MB, 15.8 / 0 ms [allocation failure].
[62598:0x102004600]    51093 ms: Scavenge 208.2 (234.0) -> 205.5 (240.0) MB, 17.4 / 0 ms [allocation failure].
[62598:0x102004600]    51121 ms: Scavenge 214.7 (240.0) -> 212.1 (247.0) MB, 25.8 / 0 ms [allocation failure].
[62598:0x102004600]    51141 ms: Scavenge 221.3 (247.0) -> 218.7 (254.0) MB, 18.2 / 0 ms [allocation failure].
[62598:0x102004600]    51161 ms: Scavenge 227.8 (254.0) -> 225.2 (260.0) MB, 16.7 / 0 ms [allocation failure].
[62598:0x102004600]    51179 ms: Scavenge 234.4 (260.0) -> 231.8 (267.0) MB, 16.5 / 0 ms [allocation failure].
[62598:0x102004600]    51198 ms: Scavenge 241.0 (267.0) -> 238.3 (274.0) MB, 16.8 / 0 ms [allocation failure].
[62598:0x102004600]    51227 ms: Scavenge 247.5 (274.0) -> 244.9 (280.0) MB, 20.4 / 0 ms (+ 5.6 ms in 147 steps since last GC) [allocation failure].
[62598:0x102004600]    51252 ms: Scavenge 254.1 (280.0) -> 251.5 (287.0) MB, 17.8 / 0 ms (+ 5.3 ms in 147 steps since last GC) [allocation failure].
[62598:0x102004600]    51279 ms: Scavenge 260.7 (287.0) -> 258.0 (294.0) MB, 18.6 / 0 ms (+ 5.8 ms in 147 steps since last GC) [allocation failure].
[62598:0x102004600]    51292 ms: Mark-sweep 261.6 (294.0) -> 31.7 (69.0) MB, 9.7 / 0 ms (+ 18.7 ms in 497 steps since start of marking, biggest step 0.2 ms) [GC interrupt] [GC in old space requested].
[62598:0x102004600]    51314 ms: Scavenge 44.9 (69.0) -> 41.1 (70.0) MB, 17.7 / 0 ms [allocation failure].
[62598:0x102004600]    51336 ms: Scavenge 47.5 (70.0) -> 45.6 (80.0) MB, 20.3 / 0 ms [allocation failure].
[62598:0x102004600]    51353 ms: Scavenge 56.9 (80.0) -> 53.7 (85.0) MB, 14.5 / 0 ms [allocation failure].
[62598:0x102004600]    51375 ms: Scavenge 61.4 (85.0) -> 59.2 (93.0) MB, 20.5 / 0 ms [allocation failure].
[62598:0x102004600]    51394 ms: Scavenge 69.4 (93.0) -> 66.5 (98.0) MB, 15.9 / 0 ms [allocation failure].
[62598:0x102004600]    51414 ms: Scavenge 74.9 (98.0) -> 72.5 (106.0) MB, 17.8 / 0 ms [allocation failure].
[62598:0x102004600]    51432 ms: Scavenge 82.2 (106.0) -> 79.5 (112.0) MB, 15.7 / 0 ms [allocation failure].
[62598:0x102004600]    51452 ms: Scavenge 88.3 (112.0) -> 85.7 (119.0) MB, 17.9 / 0 ms [allocation failure].
[62598:0x102004600]    51472 ms: Scavenge 95.2 (119.0) -> 92.5 (125.0) MB, 17.2 / 0 ms [allocation failure].
[62598:0x102004600]    51498 ms: Scavenge 101.5 (125.0) -> 98.9 (132.0) MB, 23.0 / 0 ms [allocation failure].
[62598:0x102004600]    51519 ms: Scavenge 108.2 (132.0) -> 105.6 (139.0) MB, 19.1 / 0 ms [allocation failure].
[62598:0x102004600]    51541 ms: Scavenge 114.7 (139.0) -> 112.1 (145.0) MB, 19.8 / 0 ms [allocation failure].
[62598:0x102004600]    51576 ms: Scavenge 121.3 (145.0) -> 118.7 (152.0) MB, 31.8 / 0 ms [allocation failure].
[62598:0x102004600]    51597 ms: Scavenge 127.8 (152.0) -> 125.2 (159.0) MB, 17.3 / 0 ms [allocation failure].
[62598:0x102004600]    51624 ms: Scavenge 134.4 (159.0) -> 131.8 (165.0) MB, 19.8 / 0 ms (+ 5.2 ms in 147 steps since last GC) [allocation failure].
[62598:0x102004600]    51655 ms: Scavenge 141.0 (165.0) -> 138.3 (172.0) MB, 21.6 / 0 ms (+ 6.6 ms in 147 steps since last GC) [allocation failure].
[62598:0x102004600]    51686 ms: Scavenge 147.5 (172.0) -> 144.9 (179.0) MB, 20.4 / 0 ms (+ 7.5 ms in 147 steps since last GC) [allocation failure].
[62598:0x102004600]    51709 ms: Mark-sweep 152.9 (179.0) -> 36.3 (71.0) MB, 15.9 / 0 ms (+ 24.1 ms in 570 steps since start of marking, biggest step 0.1 ms) [GC interrupt] [GC in old space requested].
[62598:0x102004600]    51732 ms: Scavenge 46.2 (71.0) -> 43.3 (75.0) MB, 19.2 / 0 ms [allocation failure].
[62598:0x102004600]    51754 ms: Scavenge 52.0 (75.0) -> 49.5 (82.0) MB, 19.0 / 0 ms [allocation failure].
[62598:0x102004600]    51776 ms: Scavenge 59.1 (82.0) -> 56.3 (89.0) MB, 19.2 / 0 ms [allocation failure].
[62598:0x102004600]    51797 ms: Scavenge 65.2 (89.0) -> 62.7 (95.0) MB, 19.3 / 0 ms [allocation failure].
[62598:0x102004600]    51817 ms: Scavenge 72.1 (95.0) -> 69.4 (102.0) MB, 17.5 / 0 ms [allocation failure].
[62598:0x102004600]    51839 ms: Scavenge 78.4 (102.0) -> 75.9 (109.0) MB, 19.0 / 0 ms [allocation failure].
[62598:0x102004600]    51859 ms: Scavenge 85.2 (109.0) -> 82.5 (115.0) MB, 17.4 / 0 ms [allocation failure].
[62598:0x102004600]    51885 ms: Scavenge 91.6 (115.0) -> 89.0 (122.0) MB, 23.8 / 0 ms [allocation failure].
[62598:0x102004600]    51907 ms: Scavenge 98.2 (122.0) -> 95.6 (129.0) MB, 19.7 / 0 ms [allocation failure].
[62598:0x102004600]    51926 ms: Scavenge 104.8 (129.0) -> 102.1 (135.0) MB, 16.6 / 0 ms [allocation failure].
[62598:0x102004600]    51946 ms: Scavenge 111.3 (135.0) -> 108.7 (142.0) MB, 18.1 / 0 ms [allocation failure].
[62598:0x102004600]    51968 ms: Scavenge 117.9 (142.0) -> 115.3 (149.0) MB, 19.4 / 0 ms [allocation failure].
[62598:0x102004600]    51987 ms: Scavenge 124.5 (149.0) -> 121.8 (155.0) MB, 17.1 / 0 ms [allocation failure].
[62598:0x102004600]    52007 ms: Scavenge 131.0 (155.0) -> 128.4 (162.0) MB, 17.4 / 0 ms [allocation failure].
[62598:0x102004600]    52042 ms: Scavenge 137.6 (162.0) -> 135.0 (169.0) MB, 32.2 / 0 ms [allocation failure].
[62598:0x102004600]    52072 ms: Scavenge 144.1 (169.0) -> 141.5 (175.0) MB, 19.0 / 0 ms (+ 7.5 ms in 146 steps since last GC) [allocation failure].
[62598:0x102004600]    52100 ms: Scavenge 150.7 (175.0) -> 148.1 (182.0) MB, 20.0 / 0 ms (+ 5.5 ms in 147 steps since last GC) [allocation failure].
[62598:0x102004600]    52130 ms: Scavenge 157.3 (182.0) -> 154.6 (189.0) MB, 19.9 / 0 ms (+ 7.3 ms in 147 steps since last GC) [allocation failure].
[62598:0x102004600]    52157 ms: Scavenge 163.8 (189.0) -> 161.2 (195.0) MB, 18.1 / 0 ms (+ 6.3 ms in 147 steps since last GC) [allocation failure].
[62598:0x102004600]    52185 ms: Scavenge 170.4 (195.0) -> 167.8 (202.0) MB, 18.8 / 0 ms (+ 6.2 ms in 147 steps since last GC) [allocation failure].
[62598:0x102004600]    52213 ms: Scavenge 176.9 (202.0) -> 174.3 (209.0) MB, 20.0 / 0 ms (+ 5.7 ms in 147 steps since last GC) [allocation failure].
[62598:0x102004600]    52239 ms: Scavenge 183.5 (209.0) -> 180.9 (215.0) MB, 17.7 / 0 ms (+ 5.9 ms in 147 steps since last GC) [allocation failure].
[62598:0x102004600]    52249 ms: Mark-sweep 181.8 (215.0) -> 67.1 (107.0) MB, 9.4 / 0 ms (+ 45.6 ms in 1039 steps since start of marking, biggest step 0.2 ms) [GC interrupt] [GC in old space requested].
[62598:0x102004600]    52267 ms: Scavenge 82.2 (107.0) -> 77.9 (107.0) MB, 12.8 / 0 ms [allocation failure].
[62598:0x102004600]    52290 ms: Scavenge 82.8 (107.0) -> 81.4 (117.0) MB, 21.6 / 0 ms [allocation failure].
[62598:0x102004600]    52307 ms: Scavenge 93.6 (117.0) -> 90.1 (121.0) MB, 13.9 / 0 ms [allocation failure].
[62598:0x102004600]    52327 ms: Scavenge 97.1 (121.0) -> 95.1 (130.0) MB, 18.5 / 0 ms [allocation failure].
[62598:0x102004600]    52345 ms: Scavenge 105.9 (130.0) -> 102.8 (135.0) MB, 15.2 / 0 ms [allocation failure].
[62598:0x102004600]    52365 ms: Scavenge 110.9 (135.0) -> 108.6 (143.0) MB, 17.5 / 0 ms [allocation failure].
[62598:0x102004600]    52383 ms: Scavenge 118.5 (143.0) -> 115.7 (149.0) MB, 15.4 / 0 ms [allocation failure].
[62598:0x102004600]    52404 ms: Scavenge 124.3 (149.0) -> 121.9 (156.0) MB, 19.3 / 0 ms [allocation failure].
[62598:0x102004600]    52423 ms: Scavenge 131.4 (156.0) -> 128.7 (162.0) MB, 16.5 / 0 ms [allocation failure].
[62598:0x102004600]    52442 ms: Scavenge 137.6 (162.0) -> 135.1 (169.0) MB, 16.5 / 0 ms [allocation failure].
[62598:0x102004600]    52469 ms: Scavenge 144.5 (169.0) -> 141.8 (175.0) MB, 25.0 / 0 ms [allocation failure].
[62598:0x102004600]    52497 ms: Scavenge 150.8 (175.0) -> 148.2 (182.0) MB, 24.8 / 0 ms [allocation failure].
[62598:0x102004600]    52518 ms: Scavenge 157.5 (182.0) -> 154.9 (189.0) MB, 18.0 / 0 ms [allocation failure].
[62598:0x102004600]    52538 ms: Scavenge 164.0 (189.0) -> 161.4 (196.0) MB, 17.2 / 0 ms [allocation failure].
[62598:0x102004600]    52559 ms: Scavenge 170.6 (196.0) -> 168.0 (202.0) MB, 19.0 / 0 ms [allocation failure].
[62598:0x102004600]    52586 ms: Scavenge 177.1 (202.0) -> 174.5 (209.0) MB, 24.6 / 0 ms [allocation failure].
[62598:0x102004600]    52612 ms: Scavenge 183.7 (209.0) -> 181.1 (216.0) MB, 23.4 / 0 ms [allocation failure].
[62598:0x102004600]    52635 ms: Scavenge 190.2 (216.0) -> 187.6 (222.0) MB, 19.6 / 0 ms [allocation failure].
[62598:0x102004600]    52656 ms: Scavenge 196.8 (222.0) -> 194.2 (229.0) MB, 18.5 / 0 ms [allocation failure].
[62598:0x102004600]    52681 ms: Scavenge 203.4 (229.0) -> 200.7 (236.0) MB, 22.2 / 0 ms [allocation failure].
[62598:0x102004600]    52708 ms: Scavenge 209.9 (236.0) -> 207.3 (242.0) MB, 21.0 / 0 ms [allocation failure].
[62598:0x102004600]    52732 ms: Scavenge 216.5 (242.0) -> 213.9 (249.0) MB, 21.9 / 0 ms [allocation failure].
[62598:0x102004600]    52755 ms: Scavenge 223.1 (249.0) -> 220.4 (256.0) MB, 20.7 / 0 ms [allocation failure].
[62598:0x102004600]    52776 ms: Scavenge 229.6 (256.0) -> 227.0 (262.0) MB, 18.3 / 0 ms [allocation failure].
[62598:0x102004600]    52798 ms: Scavenge 236.2 (262.0) -> 233.6 (269.0) MB, 19.6 / 0 ms [allocation failure].
[62598:0x102004600]    52825 ms: Scavenge 242.7 (269.0) -> 240.1 (276.0) MB, 24.9 / 0 ms [allocation failure].
[62598:0x102004600]    52847 ms: Scavenge 249.3 (276.0) -> 246.7 (282.0) MB, 19.0 / 0 ms [allocation failure].
[62598:0x102004600]    52867 ms: Scavenge 255.9 (282.0) -> 253.2 (289.0) MB, 17.8 / 0 ms [allocation failure].
[62598:0x102004600]    52886 ms: Scavenge 262.4 (289.0) -> 259.8 (296.0) MB, 16.8 / 0 ms [allocation failure].
[62598:0x102004600]    52906 ms: Scavenge 269.0 (296.0) -> 266.4 (302.0) MB, 17.5 / 0 ms [allocation failure].
[62598:0x102004600]    52925 ms: Scavenge 275.5 (302.0) -> 272.9 (309.0) MB, 16.6 / 0 ms [allocation failure].
[62598:0x102004600]    52963 ms: Scavenge 282.1 (309.0) -> 279.5 (316.0) MB, 20.5 / 0 ms (+ 14.7 ms in 147 steps since last GC) [allocation failure].
[62598:0x102004600]    52988 ms: Scavenge 288.7 (316.0) -> 286.0 (322.0) MB, 18.1 / 0 ms (+ 4.9 ms in 146 steps since last GC) [allocation failure].
[62598:0x102004600]    52994 ms: Mark-sweep 286.2 (322.0) -> 19.1 (59.0) MB, 6.3 / 0 ms (+ 19.5 ms in 294 steps since start of marking, biggest step 8.4 ms) [GC interrupt] [GC in old space requested].
[62598:0x102004600]    53014 ms: Scavenge 34.8 (59.0) -> 30.3 (59.0) MB, 15.5 / 0 ms [allocation failure].
[62598:0x102004600]    53042 ms: Scavenge 34.9 (59.0) -> 33.6 (69.0) MB, 26.4 / 0 ms [allocation failure].
[62598:0x102004600]    53061 ms: Scavenge 46.0 (69.0) -> 42.5 (72.0) MB, 16.6 / 0 ms [allocation failure].
[62598:0x102004600]    53084 ms: Scavenge 49.3 (72.0) -> 47.4 (81.0) MB, 20.8 / 0 ms [allocation failure].
[62598:0x102004600]    53102 ms: Scavenge 58.2 (81.0) -> 55.1 (86.0) MB, 15.6 / 0 ms [allocation failure].
[62598:0x102004600]    53121 ms: Scavenge 63.1 (86.0) -> 60.8 (94.0) MB, 17.0 / 0 ms [allocation failure].
[62598:0x102004600]    53139 ms: Scavenge 70.9 (94.0) -> 68.0 (100.0) MB, 15.6 / 0 ms [allocation failure].
[62598:0x102004600]    53158 ms: Scavenge 76.6 (100.0) -> 74.1 (107.0) MB, 16.7 / 0 ms [allocation failure].
[62598:0x102004600]    53176 ms: Scavenge 83.7 (107.0) -> 81.0 (114.0) MB, 15.9 / 0 ms [allocation failure].
[62598:0x102004600]    53195 ms: Scavenge 89.9 (114.0) -> 87.3 (121.0) MB, 16.4 / 0 ms [allocation failure].
[62598:0x102004600]    53221 ms: Scavenge 96.7 (121.0) -> 94.1 (127.0) MB, 18.4 / 0 ms (+ 5.3 ms in 150 steps since last GC) [allocation failure].
[62598:0x102004600]    53247 ms: Scavenge 103.1 (127.0) -> 100.5 (134.0) MB, 18.3 / 0 ms (+ 5.5 ms in 144 steps since last GC) [allocation failure].
[62598:0x102004600]    53273 ms: Scavenge 109.8 (134.0) -> 107.1 (140.0) MB, 18.0 / 0 ms (+ 5.9 ms in 149 steps since last GC) [allocation failure].
[62598:0x102004600]    53300 ms: Scavenge 116.2 (140.0) -> 113.6 (147.0) MB, 19.5 / 0 ms (+ 5.0 ms in 146 steps since last GC) [allocation failure].
[62598:0x102004600]    53308 ms: Mark-sweep 113.8 (147.0) -> 37.4 (78.0) MB, 7.7 / 0 ms (+ 21.8 ms in 589 steps since start of marking, biggest step 0.1 ms) [GC interrupt] [GC in old space requested].
